============================= test session starts =============================
platform win32 -- Python 3.13.5, pytest-8.3.4, pluggy-1.6.0
rootdir: C:\Users\Neevetha N\Downloads\pulseboard-redesigned\pulseboard\backend
configfile: pytest.ini
testpaths: app/tests
plugins: anyio-4.15.1, asyncio-0.25.1
asyncio: mode=Mode.AUTO, asyncio_default_fixture_loop_scope=function
collected 160 items

app\tests\test_auth.py EEEEEEEEEEEEEEEEEEEEE                             [ 13%]
app\tests\test_csv_safety.py EEEEEEEEEEEEEEE                             [ 22%]
app\tests\test_email_templates.py EEEEEE                                 [ 26%]
app\tests\test_propagation_engine.py EEEEE                               [ 29%]
app\tests\test_rate_limit.py EEEEEEE                                     [ 33%]
app\tests\test_risk_engine.py EEEEEEEE                                   [ 38%]
app\tests\test_security_headers.py EEEEEEEE                              [ 43%]
app\tests\test_sentiment_engine.py EEEEEEEEEEEE                          [ 51%]
app\tests\test_ssrf.py EEEEEEEEEEEEEEEEEEEEEEEEEEEEEEEEEEEEEEE           [ 75%]
app\tests\test_topic_service.py EEEEEEEEEEEEEE                           [ 84%]
app\tests\test_trend_engine.py EEEEEEEEEEE                               [ 91%]
app\tests\test_websocket.py EEEEEEEEEEEEEE                               [100%]

=================================== ERRORS ====================================
_ ERROR at setup of TestRegistration.test_first_registered_user_becomes_admin _
.venv\Lib\site-packages\sqlalchemy\engine\base.py:146: in __init__
    self._dbapi_connection = engine.raw_connection()
.venv\Lib\site-packages\sqlalchemy\engine\base.py:3302: in raw_connection
    return self.pool.connect()
.venv\Lib\site-packages\sqlalchemy\pool\base.py:449: in connect
    return _ConnectionFairy._checkout(self)
.venv\Lib\site-packages\sqlalchemy\pool\base.py:1263: in _checkout
    fairy = _ConnectionRecord.checkout(pool)
.venv\Lib\site-packages\sqlalchemy\pool\base.py:712: in checkout
    rec = pool._do_get()
.venv\Lib\site-packages\sqlalchemy\pool\impl.py:179: in _do_get
    with util.safe_reraise():
.venv\Lib\site-packages\sqlalchemy\util\langhelpers.py:146: in __exit__
    raise exc_value.with_traceback(exc_tb)
.venv\Lib\site-packages\sqlalchemy\pool\impl.py:177: in _do_get
    return self._create_connection()
.venv\Lib\site-packages\sqlalchemy\pool\base.py:390: in _create_connection
    return _ConnectionRecord(self)
.venv\Lib\site-packages\sqlalchemy\pool\base.py:674: in __init__
    self.__connect()
.venv\Lib\site-packages\sqlalchemy\pool\base.py:900: in __connect
    with util.safe_reraise():
.venv\Lib\site-packages\sqlalchemy\util\langhelpers.py:146: in __exit__
    raise exc_value.with_traceback(exc_tb)
.venv\Lib\site-packages\sqlalchemy\pool\base.py:896: in __connect
    self.dbapi_connection = connection = pool._invoke_creator(self)
.venv\Lib\site-packages\sqlalchemy\engine\create.py:643: in connect
    return dialect.connect(*cargs, **cparams)
.venv\Lib\site-packages\sqlalchemy\engine\default.py:621: in connect
    return self.loaded_dbapi.connect(*cargs, **cparams)
.venv\Lib\site-packages\psycopg2\__init__.py:135: in connect
    conn = _connect(dsn, connection_factory=connection_factory, **kwasync)
E   psycopg2.OperationalError: connection to server at "localhost" (::1), port 5432 failed: FATAL:  database "pulseboard_test" does not exist

The above exception was the direct cause of the following exception:
app\tests\conftest.py:49: in _create_schema
    Base.metadata.drop_all(bind=sync_engine)
.venv\Lib\site-packages\sqlalchemy\sql\schema.py:5896: in drop_all
    bind._run_ddl_visitor(
.venv\Lib\site-packages\sqlalchemy\engine\base.py:3252: in _run_ddl_visitor
    with self.begin() as conn:
..\..\..\..\AppData\Local\Programs\Python\Python313\Lib\contextlib.py:141: in __enter__
    return next(self.gen)
.venv\Lib\site-packages\sqlalchemy\engine\base.py:3242: in begin
    with self.connect() as conn:
.venv\Lib\site-packages\sqlalchemy\engine\base.py:3278: in connect
    return self._connection_cls(self)
.venv\Lib\site-packages\sqlalchemy\engine\base.py:148: in __init__
    Connection._handle_dbapi_exception_noconnection(
.venv\Lib\site-packages\sqlalchemy\engine\base.py:2442: in _handle_dbapi_exception_noconnection
    raise sqlalchemy_exception.with_traceback(exc_info[2]) from e
.venv\Lib\site-packages\sqlalchemy\engine\base.py:146: in __init__
    self._dbapi_connection = engine.raw_connection()
.venv\Lib\site-packages\sqlalchemy\engine\base.py:3302: in raw_connection
    return self.pool.connect()
.venv\Lib\site-packages\sqlalchemy\pool\base.py:449: in connect
    return _ConnectionFairy._checkout(self)
.venv\Lib\site-packages\sqlalchemy\pool\base.py:1263: in _checkout
    fairy = _ConnectionRecord.checkout(pool)
.venv\Lib\site-packages\sqlalchemy\pool\base.py:712: in checkout
    rec = pool._do_get()
.venv\Lib\site-packages\sqlalchemy\pool\impl.py:179: in _do_get
    with util.safe_reraise():
.venv\Lib\site-packages\sqlalchemy\util\langhelpers.py:146: in __exit__
    raise exc_value.with_traceback(exc_tb)
.venv\Lib\site-packages\sqlalchemy\pool\impl.py:177: in _do_get
    return self._create_connection()
.venv\Lib\site-packages\sqlalchemy\pool\base.py:390: in _create_connection
    return _ConnectionRecord(self)
.venv\Lib\site-packages\sqlalchemy\pool\base.py:674: in __init__
    self.__connect()
.venv\Lib\site-packages\sqlalchemy\pool\base.py:900: in __connect
    with util.safe_reraise():
.venv\Lib\site-packages\sqlalchemy\util\langhelpers.py:146: in __exit__
    raise exc_value.with_traceback(exc_tb)
.venv\Lib\site-packages\sqlalchemy\pool\base.py:896: in __connect
    self.dbapi_connection = connection = pool._invoke_creator(self)
.venv\Lib\site-packages\sqlalchemy\engine\create.py:643: in connect
    return dialect.connect(*cargs, **cparams)
.venv\Lib\site-packages\sqlalchemy\engine\default.py:621: in connect
    return self.loaded_dbapi.connect(*cargs, **cparams)
.venv\Lib\site-packages\psycopg2\__init__.py:135: in connect
    conn = _connect(dsn, connection_factory=connection_factory, **kwasync)
E   sqlalchemy.exc.OperationalError: (psycopg2.OperationalError) connection to server at "localhost" (::1), port 5432 failed: FATAL:  database "pulseboard_test" does not exist
E   
E   (Background on this error at: https://sqlalche.me/e/20/e3q8)
__ ERROR at setup of TestRegistration.test_second_registered_user_is_viewer ___
.venv\Lib\site-packages\sqlalchemy\engine\base.py:146: in __init__
    self._dbapi_connection = engine.raw_connection()
.venv\Lib\site-packages\sqlalchemy\engine\base.py:3302: in raw_connection
    return self.pool.connect()
.venv\Lib\site-packages\sqlalchemy\pool\base.py:449: in connect
    return _ConnectionFairy._checkout(self)
.venv\Lib\site-packages\sqlalchemy\pool\base.py:1263: in _checkout
    fairy = _ConnectionRecord.checkout(pool)
.venv\Lib\site-packages\sqlalchemy\pool\base.py:712: in checkout
    rec = pool._do_get()
.venv\Lib\site-packages\sqlalchemy\pool\impl.py:179: in _do_get
    with util.safe_reraise():
.venv\Lib\site-packages\sqlalchemy\util\langhelpers.py:146: in __exit__
    raise exc_value.with_traceback(exc_tb)
.venv\Lib\site-packages\sqlalchemy\pool\impl.py:177: in _do_get
    return self._create_connection()
.venv\Lib\site-packages\sqlalchemy\pool\base.py:390: in _create_connection
    return _ConnectionRecord(self)
.venv\Lib\site-packages\sqlalchemy\pool\base.py:674: in __init__
    self.__connect()
.venv\Lib\site-packages\sqlalchemy\pool\base.py:900: in __connect
    with util.safe_reraise():
.venv\Lib\site-packages\sqlalchemy\util\langhelpers.py:146: in __exit__
    raise exc_value.with_traceback(exc_tb)
.venv\Lib\site-packages\sqlalchemy\pool\base.py:896: in __connect
    self.dbapi_connection = connection = pool._invoke_creator(self)
.venv\Lib\site-packages\sqlalchemy\engine\create.py:643: in connect
    return dialect.connect(*cargs, **cparams)
.venv\Lib\site-packages\sqlalchemy\engine\default.py:621: in connect
    return self.loaded_dbapi.connect(*cargs, **cparams)
.venv\Lib\site-packages\psycopg2\__init__.py:135: in connect
    conn = _connect(dsn, connection_factory=connection_factory, **kwasync)
E   psycopg2.OperationalError: connection to server at "localhost" (::1), port 5432 failed: FATAL:  database "pulseboard_test" does not exist

The above exception was the direct cause of the following exception:
app\tests\conftest.py:49: in _create_schema
    Base.metadata.drop_all(bind=sync_engine)
.venv\Lib\site-packages\sqlalchemy\sql\schema.py:5896: in drop_all
    bind._run_ddl_visitor(
.venv\Lib\site-packages\sqlalchemy\engine\base.py:3252: in _run_ddl_visitor
    with self.begin() as conn:
..\..\..\..\AppData\Local\Programs\Python\Python313\Lib\contextlib.py:141: in __enter__
    return next(self.gen)
.venv\Lib\site-packages\sqlalchemy\engine\base.py:3242: in begin
    with self.connect() as conn:
.venv\Lib\site-packages\sqlalchemy\engine\base.py:3278: in connect
    return self._connection_cls(self)
.venv\Lib\site-packages\sqlalchemy\engine\base.py:148: in __init__
    Connection._handle_dbapi_exception_noconnection(
.venv\Lib\site-packages\sqlalchemy\engine\base.py:2442: in _handle_dbapi_exception_noconnection
    raise sqlalchemy_exception.with_traceback(exc_info[2]) from e
.venv\Lib\site-packages\sqlalchemy\engine\base.py:146: in __init__
    self._dbapi_connection = engine.raw_connection()
.venv\Lib\site-packages\sqlalchemy\engine\base.py:3302: in raw_connection
    return self.pool.connect()
.venv\Lib\site-packages\sqlalchemy\pool\base.py:449: in connect
    return _ConnectionFairy._checkout(self)
.venv\Lib\site-packages\sqlalchemy\pool\base.py:1263: in _checkout
    fairy = _ConnectionRecord.checkout(pool)
.venv\Lib\site-packages\sqlalchemy\pool\base.py:712: in checkout
    rec = pool._do_get()
.venv\Lib\site-packages\sqlalchemy\pool\impl.py:179: in _do_get
    with util.safe_reraise():
.venv\Lib\site-packages\sqlalchemy\util\langhelpers.py:146: in __exit__
    raise exc_value.with_traceback(exc_tb)
.venv\Lib\site-packages\sqlalchemy\pool\impl.py:177: in _do_get
    return self._create_connection()
.venv\Lib\site-packages\sqlalchemy\pool\base.py:390: in _create_connection
    return _ConnectionRecord(self)
.venv\Lib\site-packages\sqlalchemy\pool\base.py:674: in __init__
    self.__connect()
.venv\Lib\site-packages\sqlalchemy\pool\base.py:900: in __connect
    with util.safe_reraise():
.venv\Lib\site-packages\sqlalchemy\util\langhelpers.py:146: in __exit__
    raise exc_value.with_traceback(exc_tb)
.venv\Lib\site-packages\sqlalchemy\pool\base.py:896: in __connect
    self.dbapi_connection = connection = pool._invoke_creator(self)
.venv\Lib\site-packages\sqlalchemy\engine\create.py:643: in connect
    return dialect.connect(*cargs, **cparams)
.venv\Lib\site-packages\sqlalchemy\engine\default.py:621: in connect
    return self.loaded_dbapi.connect(*cargs, **cparams)
.venv\Lib\site-packages\psycopg2\__init__.py:135: in connect
    conn = _connect(dsn, connection_factory=connection_factory, **kwasync)
E   sqlalchemy.exc.OperationalError: (psycopg2.OperationalError) connection to server at "localhost" (::1), port 5432 failed: FATAL:  database "pulseboard_test" does not exist
E   
E   (Background on this error at: https://sqlalche.me/e/20/e3q8)
_____ ERROR at setup of TestRegistration.test_duplicate_email_is_rejected _____
.venv\Lib\site-packages\sqlalchemy\engine\base.py:146: in __init__
    self._dbapi_connection = engine.raw_connection()
.venv\Lib\site-packages\sqlalchemy\engine\base.py:3302: in raw_connection
    return self.pool.connect()
.venv\Lib\site-packages\sqlalchemy\pool\base.py:449: in connect
    return _ConnectionFairy._checkout(self)
.venv\Lib\site-packages\sqlalchemy\pool\base.py:1263: in _checkout
    fairy = _ConnectionRecord.checkout(pool)
.venv\Lib\site-packages\sqlalchemy\pool\base.py:712: in checkout
    rec = pool._do_get()
.venv\Lib\site-packages\sqlalchemy\pool\impl.py:179: in _do_get
    with util.safe_reraise():
.venv\Lib\site-packages\sqlalchemy\util\langhelpers.py:146: in __exit__
    raise exc_value.with_traceback(exc_tb)
.venv\Lib\site-packages\sqlalchemy\pool\impl.py:177: in _do_get
    return self._create_connection()
.venv\Lib\site-packages\sqlalchemy\pool\base.py:390: in _create_connection
    return _ConnectionRecord(self)
.venv\Lib\site-packages\sqlalchemy\pool\base.py:674: in __init__
    self.__connect()
.venv\Lib\site-packages\sqlalchemy\pool\base.py:900: in __connect
    with util.safe_reraise():
.venv\Lib\site-packages\sqlalchemy\util\langhelpers.py:146: in __exit__
    raise exc_value.with_traceback(exc_tb)
.venv\Lib\site-packages\sqlalchemy\pool\base.py:896: in __connect
    self.dbapi_connection = connection = pool._invoke_creator(self)
.venv\Lib\site-packages\sqlalchemy\engine\create.py:643: in connect
    return dialect.connect(*cargs, **cparams)
.venv\Lib\site-packages\sqlalchemy\engine\default.py:621: in connect
    return self.loaded_dbapi.connect(*cargs, **cparams)
.venv\Lib\site-packages\psycopg2\__init__.py:135: in connect
    conn = _connect(dsn, connection_factory=connection_factory, **kwasync)
E   psycopg2.OperationalError: connection to server at "localhost" (::1), port 5432 failed: FATAL:  database "pulseboard_test" does not exist

The above exception was the direct cause of the following exception:
app\tests\conftest.py:49: in _create_schema
    Base.metadata.drop_all(bind=sync_engine)
.venv\Lib\site-packages\sqlalchemy\sql\schema.py:5896: in drop_all
    bind._run_ddl_visitor(
.venv\Lib\site-packages\sqlalchemy\engine\base.py:3252: in _run_ddl_visitor
    with self.begin() as conn:
..\..\..\..\AppData\Local\Programs\Python\Python313\Lib\contextlib.py:141: in __enter__
    return next(self.gen)
.venv\Lib\site-packages\sqlalchemy\engine\base.py:3242: in begin
    with self.connect() as conn:
.venv\Lib\site-packages\sqlalchemy\engine\base.py:3278: in connect
    return self._connection_cls(self)
.venv\Lib\site-packages\sqlalchemy\engine\base.py:148: in __init__
    Connection._handle_dbapi_exception_noconnection(
.venv\Lib\site-packages\sqlalchemy\engine\base.py:2442: in _handle_dbapi_exception_noconnection
    raise sqlalchemy_exception.with_traceback(exc_info[2]) from e
.venv\Lib\site-packages\sqlalchemy\engine\base.py:146: in __init__
    self._dbapi_connection = engine.raw_connection()
.venv\Lib\site-packages\sqlalchemy\engine\base.py:3302: in raw_connection
    return self.pool.connect()
.venv\Lib\site-packages\sqlalchemy\pool\base.py:449: in connect
    return _ConnectionFairy._checkout(self)
.venv\Lib\site-packages\sqlalchemy\pool\base.py:1263: in _checkout
    fairy = _ConnectionRecord.checkout(pool)
.venv\Lib\site-packages\sqlalchemy\pool\base.py:712: in checkout
    rec = pool._do_get()
.venv\Lib\site-packages\sqlalchemy\pool\impl.py:179: in _do_get
    with util.safe_reraise():
.venv\Lib\site-packages\sqlalchemy\util\langhelpers.py:146: in __exit__
    raise exc_value.with_traceback(exc_tb)
.venv\Lib\site-packages\sqlalchemy\pool\impl.py:177: in _do_get
    return self._create_connection()
.venv\Lib\site-packages\sqlalchemy\pool\base.py:390: in _create_connection
    return _ConnectionRecord(self)
.venv\Lib\site-packages\sqlalchemy\pool\base.py:674: in __init__
    self.__connect()
.venv\Lib\site-packages\sqlalchemy\pool\base.py:900: in __connect
    with util.safe_reraise():
.venv\Lib\site-packages\sqlalchemy\util\langhelpers.py:146: in __exit__
    raise exc_value.with_traceback(exc_tb)
.venv\Lib\site-packages\sqlalchemy\pool\base.py:896: in __connect
    self.dbapi_connection = connection = pool._invoke_creator(self)
.venv\Lib\site-packages\sqlalchemy\engine\create.py:643: in connect
    return dialect.connect(*cargs, **cparams)
.venv\Lib\site-packages\sqlalchemy\engine\default.py:621: in connect
    return self.loaded_dbapi.connect(*cargs, **cparams)
.venv\Lib\site-packages\psycopg2\__init__.py:135: in connect
    conn = _connect(dsn, connection_factory=connection_factory, **kwasync)
E   sqlalchemy.exc.OperationalError: (psycopg2.OperationalError) connection to server at "localhost" (::1), port 5432 failed: FATAL:  database "pulseboard_test" does not exist
E   
E   (Background on this error at: https://sqlalche.me/e/20/e3q8)
_ ERROR at setup of TestRegistration.test_password_is_never_stored_in_plaintext _
.venv\Lib\site-packages\sqlalchemy\engine\base.py:146: in __init__
    self._dbapi_connection = engine.raw_connection()
.venv\Lib\site-packages\sqlalchemy\engine\base.py:3302: in raw_connection
    return self.pool.connect()
.venv\Lib\site-packages\sqlalchemy\pool\base.py:449: in connect
    return _ConnectionFairy._checkout(self)
.venv\Lib\site-packages\sqlalchemy\pool\base.py:1263: in _checkout
    fairy = _ConnectionRecord.checkout(pool)
.venv\Lib\site-packages\sqlalchemy\pool\base.py:712: in checkout
    rec = pool._do_get()
.venv\Lib\site-packages\sqlalchemy\pool\impl.py:179: in _do_get
    with util.safe_reraise():
.venv\Lib\site-packages\sqlalchemy\util\langhelpers.py:146: in __exit__
    raise exc_value.with_traceback(exc_tb)
.venv\Lib\site-packages\sqlalchemy\pool\impl.py:177: in _do_get
    return self._create_connection()
.venv\Lib\site-packages\sqlalchemy\pool\base.py:390: in _create_connection
    return _ConnectionRecord(self)
.venv\Lib\site-packages\sqlalchemy\pool\base.py:674: in __init__
    self.__connect()
.venv\Lib\site-packages\sqlalchemy\pool\base.py:900: in __connect
    with util.safe_reraise():
.venv\Lib\site-packages\sqlalchemy\util\langhelpers.py:146: in __exit__
    raise exc_value.with_traceback(exc_tb)
.venv\Lib\site-packages\sqlalchemy\pool\base.py:896: in __connect
    self.dbapi_connection = connection = pool._invoke_creator(self)
.venv\Lib\site-packages\sqlalchemy\engine\create.py:643: in connect
    return dialect.connect(*cargs, **cparams)
.venv\Lib\site-packages\sqlalchemy\engine\default.py:621: in connect
    return self.loaded_dbapi.connect(*cargs, **cparams)
.venv\Lib\site-packages\psycopg2\__init__.py:135: in connect
    conn = _connect(dsn, connection_factory=connection_factory, **kwasync)
E   psycopg2.OperationalError: connection to server at "localhost" (::1), port 5432 failed: FATAL:  database "pulseboard_test" does not exist

The above exception was the direct cause of the following exception:
app\tests\conftest.py:49: in _create_schema
    Base.metadata.drop_all(bind=sync_engine)
.venv\Lib\site-packages\sqlalchemy\sql\schema.py:5896: in drop_all
    bind._run_ddl_visitor(
.venv\Lib\site-packages\sqlalchemy\engine\base.py:3252: in _run_ddl_visitor
    with self.begin() as conn:
..\..\..\..\AppData\Local\Programs\Python\Python313\Lib\contextlib.py:141: in __enter__
    return next(self.gen)
.venv\Lib\site-packages\sqlalchemy\engine\base.py:3242: in begin
    with self.connect() as conn:
.venv\Lib\site-packages\sqlalchemy\engine\base.py:3278: in connect
    return self._connection_cls(self)
.venv\Lib\site-packages\sqlalchemy\engine\base.py:148: in __init__
    Connection._handle_dbapi_exception_noconnection(
.venv\Lib\site-packages\sqlalchemy\engine\base.py:2442: in _handle_dbapi_exception_noconnection
    raise sqlalchemy_exception.with_traceback(exc_info[2]) from e
.venv\Lib\site-packages\sqlalchemy\engine\base.py:146: in __init__
    self._dbapi_connection = engine.raw_connection()
.venv\Lib\site-packages\sqlalchemy\engine\base.py:3302: in raw_connection
    return self.pool.connect()
.venv\Lib\site-packages\sqlalchemy\pool\base.py:449: in connect
    return _ConnectionFairy._checkout(self)
.venv\Lib\site-packages\sqlalchemy\pool\base.py:1263: in _checkout
    fairy = _ConnectionRecord.checkout(pool)
.venv\Lib\site-packages\sqlalchemy\pool\base.py:712: in checkout
    rec = pool._do_get()
.venv\Lib\site-packages\sqlalchemy\pool\impl.py:179: in _do_get
    with util.safe_reraise():
.venv\Lib\site-packages\sqlalchemy\util\langhelpers.py:146: in __exit__
    raise exc_value.with_traceback(exc_tb)
.venv\Lib\site-packages\sqlalchemy\pool\impl.py:177: in _do_get
    return self._create_connection()
.venv\Lib\site-packages\sqlalchemy\pool\base.py:390: in _create_connection
    return _ConnectionRecord(self)
.venv\Lib\site-packages\sqlalchemy\pool\base.py:674: in __init__
    self.__connect()
.venv\Lib\site-packages\sqlalchemy\pool\base.py:900: in __connect
    with util.safe_reraise():
.venv\Lib\site-packages\sqlalchemy\util\langhelpers.py:146: in __exit__
    raise exc_value.with_traceback(exc_tb)
.venv\Lib\site-packages\sqlalchemy\pool\base.py:896: in __connect
    self.dbapi_connection = connection = pool._invoke_creator(self)
.venv\Lib\site-packages\sqlalchemy\engine\create.py:643: in connect
    return dialect.connect(*cargs, **cparams)
.venv\Lib\site-packages\sqlalchemy\engine\default.py:621: in connect
    return self.loaded_dbapi.connect(*cargs, **cparams)
.venv\Lib\site-packages\psycopg2\__init__.py:135: in connect
    conn = _connect(dsn, connection_factory=connection_factory, **kwasync)
E   sqlalchemy.exc.OperationalError: (psycopg2.OperationalError) connection to server at "localhost" (::1), port 5432 failed: FATAL:  database "pulseboard_test" does not exist
E   
E   (Background on this error at: https://sqlalche.me/e/20/e3q8)
__ ERROR at setup of TestRegistration.test_weak_password_rejected_by_schema ___
.venv\Lib\site-packages\sqlalchemy\engine\base.py:146: in __init__
    self._dbapi_connection = engine.raw_connection()
.venv\Lib\site-packages\sqlalchemy\engine\base.py:3302: in raw_connection
    return self.pool.connect()
.venv\Lib\site-packages\sqlalchemy\pool\base.py:449: in connect
    return _ConnectionFairy._checkout(self)
.venv\Lib\site-packages\sqlalchemy\pool\base.py:1263: in _checkout
    fairy = _ConnectionRecord.checkout(pool)
.venv\Lib\site-packages\sqlalchemy\pool\base.py:712: in checkout
    rec = pool._do_get()
.venv\Lib\site-packages\sqlalchemy\pool\impl.py:179: in _do_get
    with util.safe_reraise():
.venv\Lib\site-packages\sqlalchemy\util\langhelpers.py:146: in __exit__
    raise exc_value.with_traceback(exc_tb)
.venv\Lib\site-packages\sqlalchemy\pool\impl.py:177: in _do_get
    return self._create_connection()
.venv\Lib\site-packages\sqlalchemy\pool\base.py:390: in _create_connection
    return _ConnectionRecord(self)
.venv\Lib\site-packages\sqlalchemy\pool\base.py:674: in __init__
    self.__connect()
.venv\Lib\site-packages\sqlalchemy\pool\base.py:900: in __connect
    with util.safe_reraise():
.venv\Lib\site-packages\sqlalchemy\util\langhelpers.py:146: in __exit__
    raise exc_value.with_traceback(exc_tb)
.venv\Lib\site-packages\sqlalchemy\pool\base.py:896: in __connect
    self.dbapi_connection = connection = pool._invoke_creator(self)
.venv\Lib\site-packages\sqlalchemy\engine\create.py:643: in connect
    return dialect.connect(*cargs, **cparams)
.venv\Lib\site-packages\sqlalchemy\engine\default.py:621: in connect
    return self.loaded_dbapi.connect(*cargs, **cparams)
.venv\Lib\site-packages\psycopg2\__init__.py:135: in connect
    conn = _connect(dsn, connection_factory=connection_factory, **kwasync)
E   psycopg2.OperationalError: connection to server at "localhost" (::1), port 5432 failed: FATAL:  database "pulseboard_test" does not exist

The above exception was the direct cause of the following exception:
app\tests\conftest.py:49: in _create_schema
    Base.metadata.drop_all(bind=sync_engine)
.venv\Lib\site-packages\sqlalchemy\sql\schema.py:5896: in drop_all
    bind._run_ddl_visitor(
.venv\Lib\site-packages\sqlalchemy\engine\base.py:3252: in _run_ddl_visitor
    with self.begin() as conn:
..\..\..\..\AppData\Local\Programs\Python\Python313\Lib\contextlib.py:141: in __enter__
    return next(self.gen)
.venv\Lib\site-packages\sqlalchemy\engine\base.py:3242: in begin
    with self.connect() as conn:
.venv\Lib\site-packages\sqlalchemy\engine\base.py:3278: in connect
    return self._connection_cls(self)
.venv\Lib\site-packages\sqlalchemy\engine\base.py:148: in __init__
    Connection._handle_dbapi_exception_noconnection(
.venv\Lib\site-packages\sqlalchemy\engine\base.py:2442: in _handle_dbapi_exception_noconnection
    raise sqlalchemy_exception.with_traceback(exc_info[2]) from e
.venv\Lib\site-packages\sqlalchemy\engine\base.py:146: in __init__
    self._dbapi_connection = engine.raw_connection()
.venv\Lib\site-packages\sqlalchemy\engine\base.py:3302: in raw_connection
    return self.pool.connect()
.venv\Lib\site-packages\sqlalchemy\pool\base.py:449: in connect
    return _ConnectionFairy._checkout(self)
.venv\Lib\site-packages\sqlalchemy\pool\base.py:1263: in _checkout
    fairy = _ConnectionRecord.checkout(pool)
.venv\Lib\site-packages\sqlalchemy\pool\base.py:712: in checkout
    rec = pool._do_get()
.venv\Lib\site-packages\sqlalchemy\pool\impl.py:179: in _do_get
    with util.safe_reraise():
.venv\Lib\site-packages\sqlalchemy\util\langhelpers.py:146: in __exit__
    raise exc_value.with_traceback(exc_tb)
.venv\Lib\site-packages\sqlalchemy\pool\impl.py:177: in _do_get
    return self._create_connection()
.venv\Lib\site-packages\sqlalchemy\pool\base.py:390: in _create_connection
    return _ConnectionRecord(self)
.venv\Lib\site-packages\sqlalchemy\pool\base.py:674: in __init__
    self.__connect()
.venv\Lib\site-packages\sqlalchemy\pool\base.py:900: in __connect
    with util.safe_reraise():
.venv\Lib\site-packages\sqlalchemy\util\langhelpers.py:146: in __exit__
    raise exc_value.with_traceback(exc_tb)
.venv\Lib\site-packages\sqlalchemy\pool\base.py:896: in __connect
    self.dbapi_connection = connection = pool._invoke_creator(self)
.venv\Lib\site-packages\sqlalchemy\engine\create.py:643: in connect
    return dialect.connect(*cargs, **cparams)
.venv\Lib\site-packages\sqlalchemy\engine\default.py:621: in connect
    return self.loaded_dbapi.connect(*cargs, **cparams)
.venv\Lib\site-packages\psycopg2\__init__.py:135: in connect
    conn = _connect(dsn, connection_factory=connection_factory, **kwasync)
E   sqlalchemy.exc.OperationalError: (psycopg2.OperationalError) connection to server at "localhost" (::1), port 5432 failed: FATAL:  database "pulseboard_test" does not exist
E   
E   (Background on this error at: https://sqlalche.me/e/20/e3q8)
_ ERROR at setup of TestLoginAndMe.test_login_with_correct_credentials_returns_tokens _
.venv\Lib\site-packages\sqlalchemy\engine\base.py:146: in __init__
    self._dbapi_connection = engine.raw_connection()
.venv\Lib\site-packages\sqlalchemy\engine\base.py:3302: in raw_connection
    return self.pool.connect()
.venv\Lib\site-packages\sqlalchemy\pool\base.py:449: in connect
    return _ConnectionFairy._checkout(self)
.venv\Lib\site-packages\sqlalchemy\pool\base.py:1263: in _checkout
    fairy = _ConnectionRecord.checkout(pool)
.venv\Lib\site-packages\sqlalchemy\pool\base.py:712: in checkout
    rec = pool._do_get()
.venv\Lib\site-packages\sqlalchemy\pool\impl.py:179: in _do_get
    with util.safe_reraise():
.venv\Lib\site-packages\sqlalchemy\util\langhelpers.py:146: in __exit__
    raise exc_value.with_traceback(exc_tb)
.venv\Lib\site-packages\sqlalchemy\pool\impl.py:177: in _do_get
    return self._create_connection()
.venv\Lib\site-packages\sqlalchemy\pool\base.py:390: in _create_connection
    return _ConnectionRecord(self)
.venv\Lib\site-packages\sqlalchemy\pool\base.py:674: in __init__
    self.__connect()
.venv\Lib\site-packages\sqlalchemy\pool\base.py:900: in __connect
    with util.safe_reraise():
.venv\Lib\site-packages\sqlalchemy\util\langhelpers.py:146: in __exit__
    raise exc_value.with_traceback(exc_tb)
.venv\Lib\site-packages\sqlalchemy\pool\base.py:896: in __connect
    self.dbapi_connection = connection = pool._invoke_creator(self)
.venv\Lib\site-packages\sqlalchemy\engine\create.py:643: in connect
    return dialect.connect(*cargs, **cparams)
.venv\Lib\site-packages\sqlalchemy\engine\default.py:621: in connect
    return self.loaded_dbapi.connect(*cargs, **cparams)
.venv\Lib\site-packages\psycopg2\__init__.py:135: in connect
    conn = _connect(dsn, connection_factory=connection_factory, **kwasync)
E   psycopg2.OperationalError: connection to server at "localhost" (::1), port 5432 failed: FATAL:  database "pulseboard_test" does not exist

The above exception was the direct cause of the following exception:
app\tests\conftest.py:49: in _create_schema
    Base.metadata.drop_all(bind=sync_engine)
.venv\Lib\site-packages\sqlalchemy\sql\schema.py:5896: in drop_all
    bind._run_ddl_visitor(
.venv\Lib\site-packages\sqlalchemy\engine\base.py:3252: in _run_ddl_visitor
    with self.begin() as conn:
..\..\..\..\AppData\Local\Programs\Python\Python313\Lib\contextlib.py:141: in __enter__
    return next(self.gen)
.venv\Lib\site-packages\sqlalchemy\engine\base.py:3242: in begin
    with self.connect() as conn:
.venv\Lib\site-packages\sqlalchemy\engine\base.py:3278: in connect
    return self._connection_cls(self)
.venv\Lib\site-packages\sqlalchemy\engine\base.py:148: in __init__
    Connection._handle_dbapi_exception_noconnection(
.venv\Lib\site-packages\sqlalchemy\engine\base.py:2442: in _handle_dbapi_exception_noconnection
    raise sqlalchemy_exception.with_traceback(exc_info[2]) from e
.venv\Lib\site-packages\sqlalchemy\engine\base.py:146: in __init__
    self._dbapi_connection = engine.raw_connection()
.venv\Lib\site-packages\sqlalchemy\engine\base.py:3302: in raw_connection
    return self.pool.connect()
.venv\Lib\site-packages\sqlalchemy\pool\base.py:449: in connect
    return _ConnectionFairy._checkout(self)
.venv\Lib\site-packages\sqlalchemy\pool\base.py:1263: in _checkout
    fairy = _ConnectionRecord.checkout(pool)
.venv\Lib\site-packages\sqlalchemy\pool\base.py:712: in checkout
    rec = pool._do_get()
.venv\Lib\site-packages\sqlalchemy\pool\impl.py:179: in _do_get
    with util.safe_reraise():
.venv\Lib\site-packages\sqlalchemy\util\langhelpers.py:146: in __exit__
    raise exc_value.with_traceback(exc_tb)
.venv\Lib\site-packages\sqlalchemy\pool\impl.py:177: in _do_get
    return self._create_connection()
.venv\Lib\site-packages\sqlalchemy\pool\base.py:390: in _create_connection
    return _ConnectionRecord(self)
.venv\Lib\site-packages\sqlalchemy\pool\base.py:674: in __init__
    self.__connect()
.venv\Lib\site-packages\sqlalchemy\pool\base.py:900: in __connect
    with util.safe_reraise():
.venv\Lib\site-packages\sqlalchemy\util\langhelpers.py:146: in __exit__
    raise exc_value.with_traceback(exc_tb)
.venv\Lib\site-packages\sqlalchemy\pool\base.py:896: in __connect
    self.dbapi_connection = connection = pool._invoke_creator(self)
.venv\Lib\site-packages\sqlalchemy\engine\create.py:643: in connect
    return dialect.connect(*cargs, **cparams)
.venv\Lib\site-packages\sqlalchemy\engine\default.py:621: in connect
    return self.loaded_dbapi.connect(*cargs, **cparams)
.venv\Lib\site-packages\psycopg2\__init__.py:135: in connect
    conn = _connect(dsn, connection_factory=connection_factory, **kwasync)
E   sqlalchemy.exc.OperationalError: (psycopg2.OperationalError) connection to server at "localhost" (::1), port 5432 failed: FATAL:  database "pulseboard_test" does not exist
E   
E   (Background on this error at: https://sqlalche.me/e/20/e3q8)
____ ERROR at setup of TestLoginAndMe.test_login_with_wrong_password_fails ____
.venv\Lib\site-packages\sqlalchemy\engine\base.py:146: in __init__
    self._dbapi_connection = engine.raw_connection()
.venv\Lib\site-packages\sqlalchemy\engine\base.py:3302: in raw_connection
    return self.pool.connect()
.venv\Lib\site-packages\sqlalchemy\pool\base.py:449: in connect
    return _ConnectionFairy._checkout(self)
.venv\Lib\site-packages\sqlalchemy\pool\base.py:1263: in _checkout
    fairy = _ConnectionRecord.checkout(pool)
.venv\Lib\site-packages\sqlalchemy\pool\base.py:712: in checkout
    rec = pool._do_get()
.venv\Lib\site-packages\sqlalchemy\pool\impl.py:179: in _do_get
    with util.safe_reraise():
.venv\Lib\site-packages\sqlalchemy\util\langhelpers.py:146: in __exit__
    raise exc_value.with_traceback(exc_tb)
.venv\Lib\site-packages\sqlalchemy\pool\impl.py:177: in _do_get
    return self._create_connection()
.venv\Lib\site-packages\sqlalchemy\pool\base.py:390: in _create_connection
    return _ConnectionRecord(self)
.venv\Lib\site-packages\sqlalchemy\pool\base.py:674: in __init__
    self.__connect()
.venv\Lib\site-packages\sqlalchemy\pool\base.py:900: in __connect
    with util.safe_reraise():
.venv\Lib\site-packages\sqlalchemy\util\langhelpers.py:146: in __exit__
    raise exc_value.with_traceback(exc_tb)
.venv\Lib\site-packages\sqlalchemy\pool\base.py:896: in __connect
    self.dbapi_connection = connection = pool._invoke_creator(self)
.venv\Lib\site-packages\sqlalchemy\engine\create.py:643: in connect
    return dialect.connect(*cargs, **cparams)
.venv\Lib\site-packages\sqlalchemy\engine\default.py:621: in connect
    return self.loaded_dbapi.connect(*cargs, **cparams)
.venv\Lib\site-packages\psycopg2\__init__.py:135: in connect
    conn = _connect(dsn, connection_factory=connection_factory, **kwasync)
E   psycopg2.OperationalError: connection to server at "localhost" (::1), port 5432 failed: FATAL:  database "pulseboard_test" does not exist

The above exception was the direct cause of the following exception:
app\tests\conftest.py:49: in _create_schema
    Base.metadata.drop_all(bind=sync_engine)
.venv\Lib\site-packages\sqlalchemy\sql\schema.py:5896: in drop_all
    bind._run_ddl_visitor(
.venv\Lib\site-packages\sqlalchemy\engine\base.py:3252: in _run_ddl_visitor
    with self.begin() as conn:
..\..\..\..\AppData\Local\Programs\Python\Python313\Lib\contextlib.py:141: in __enter__
    return next(self.gen)
.venv\Lib\site-packages\sqlalchemy\engine\base.py:3242: in begin
    with self.connect() as conn:
.venv\Lib\site-packages\sqlalchemy\engine\base.py:3278: in connect
    return self._connection_cls(self)
.venv\Lib\site-packages\sqlalchemy\engine\base.py:148: in __init__
    Connection._handle_dbapi_exception_noconnection(
.venv\Lib\site-packages\sqlalchemy\engine\base.py:2442: in _handle_dbapi_exception_noconnection
    raise sqlalchemy_exception.with_traceback(exc_info[2]) from e
.venv\Lib\site-packages\sqlalchemy\engine\base.py:146: in __init__
    self._dbapi_connection = engine.raw_connection()
.venv\Lib\site-packages\sqlalchemy\engine\base.py:3302: in raw_connection
    return self.pool.connect()
.venv\Lib\site-packages\sqlalchemy\pool\base.py:449: in connect
    return _ConnectionFairy._checkout(self)
.venv\Lib\site-packages\sqlalchemy\pool\base.py:1263: in _checkout
    fairy = _ConnectionRecord.checkout(pool)
.venv\Lib\site-packages\sqlalchemy\pool\base.py:712: in checkout
    rec = pool._do_get()
.venv\Lib\site-packages\sqlalchemy\pool\impl.py:179: in _do_get
    with util.safe_reraise():
.venv\Lib\site-packages\sqlalchemy\util\langhelpers.py:146: in __exit__
    raise exc_value.with_traceback(exc_tb)
.venv\Lib\site-packages\sqlalchemy\pool\impl.py:177: in _do_get
    return self._create_connection()
.venv\Lib\site-packages\sqlalchemy\pool\base.py:390: in _create_connection
    return _ConnectionRecord(self)
.venv\Lib\site-packages\sqlalchemy\pool\base.py:674: in __init__
    self.__connect()
.venv\Lib\site-packages\sqlalchemy\pool\base.py:900: in __connect
    with util.safe_reraise():
.venv\Lib\site-packages\sqlalchemy\util\langhelpers.py:146: in __exit__
    raise exc_value.with_traceback(exc_tb)
.venv\Lib\site-packages\sqlalchemy\pool\base.py:896: in __connect
    self.dbapi_connection = connection = pool._invoke_creator(self)
.venv\Lib\site-packages\sqlalchemy\engine\create.py:643: in connect
    return dialect.connect(*cargs, **cparams)
.venv\Lib\site-packages\sqlalchemy\engine\default.py:621: in connect
    return self.loaded_dbapi.connect(*cargs, **cparams)
.venv\Lib\site-packages\psycopg2\__init__.py:135: in connect
    conn = _connect(dsn, connection_factory=connection_factory, **kwasync)
E   sqlalchemy.exc.OperationalError: (psycopg2.OperationalError) connection to server at "localhost" (::1), port 5432 failed: FATAL:  database "pulseboard_test" does not exist
E   
E   (Background on this error at: https://sqlalche.me/e/20/e3q8)
_ ERROR at setup of TestLoginAndMe.test_login_with_unknown_email_fails_same_as_wrong_password _
.venv\Lib\site-packages\sqlalchemy\engine\base.py:146: in __init__
    self._dbapi_connection = engine.raw_connection()
.venv\Lib\site-packages\sqlalchemy\engine\base.py:3302: in raw_connection
    return self.pool.connect()
.venv\Lib\site-packages\sqlalchemy\pool\base.py:449: in connect
    return _ConnectionFairy._checkout(self)
.venv\Lib\site-packages\sqlalchemy\pool\base.py:1263: in _checkout
    fairy = _ConnectionRecord.checkout(pool)
.venv\Lib\site-packages\sqlalchemy\pool\base.py:712: in checkout
    rec = pool._do_get()
.venv\Lib\site-packages\sqlalchemy\pool\impl.py:179: in _do_get
    with util.safe_reraise():
.venv\Lib\site-packages\sqlalchemy\util\langhelpers.py:146: in __exit__
    raise exc_value.with_traceback(exc_tb)
.venv\Lib\site-packages\sqlalchemy\pool\impl.py:177: in _do_get
    return self._create_connection()
.venv\Lib\site-packages\sqlalchemy\pool\base.py:390: in _create_connection
    return _ConnectionRecord(self)
.venv\Lib\site-packages\sqlalchemy\pool\base.py:674: in __init__
    self.__connect()
.venv\Lib\site-packages\sqlalchemy\pool\base.py:900: in __connect
    with util.safe_reraise():
.venv\Lib\site-packages\sqlalchemy\util\langhelpers.py:146: in __exit__
    raise exc_value.with_traceback(exc_tb)
.venv\Lib\site-packages\sqlalchemy\pool\base.py:896: in __connect
    self.dbapi_connection = connection = pool._invoke_creator(self)
.venv\Lib\site-packages\sqlalchemy\engine\create.py:643: in connect
    return dialect.connect(*cargs, **cparams)
.venv\Lib\site-packages\sqlalchemy\engine\default.py:621: in connect
    return self.loaded_dbapi.connect(*cargs, **cparams)
.venv\Lib\site-packages\psycopg2\__init__.py:135: in connect
    conn = _connect(dsn, connection_factory=connection_factory, **kwasync)
E   psycopg2.OperationalError: connection to server at "localhost" (::1), port 5432 failed: FATAL:  database "pulseboard_test" does not exist

The above exception was the direct cause of the following exception:
app\tests\conftest.py:49: in _create_schema
    Base.metadata.drop_all(bind=sync_engine)
.venv\Lib\site-packages\sqlalchemy\sql\schema.py:5896: in drop_all
    bind._run_ddl_visitor(
.venv\Lib\site-packages\sqlalchemy\engine\base.py:3252: in _run_ddl_visitor
    with self.begin() as conn:
..\..\..\..\AppData\Local\Programs\Python\Python313\Lib\contextlib.py:141: in __enter__
    return next(self.gen)
.venv\Lib\site-packages\sqlalchemy\engine\base.py:3242: in begin
    with self.connect() as conn:
.venv\Lib\site-packages\sqlalchemy\engine\base.py:3278: in connect
    return self._connection_cls(self)
.venv\Lib\site-packages\sqlalchemy\engine\base.py:148: in __init__
    Connection._handle_dbapi_exception_noconnection(
.venv\Lib\site-packages\sqlalchemy\engine\base.py:2442: in _handle_dbapi_exception_noconnection
    raise sqlalchemy_exception.with_traceback(exc_info[2]) from e
.venv\Lib\site-packages\sqlalchemy\engine\base.py:146: in __init__
    self._dbapi_connection = engine.raw_connection()
.venv\Lib\site-packages\sqlalchemy\engine\base.py:3302: in raw_connection
    return self.pool.connect()
.venv\Lib\site-packages\sqlalchemy\pool\base.py:449: in connect
    return _ConnectionFairy._checkout(self)
.venv\Lib\site-packages\sqlalchemy\pool\base.py:1263: in _checkout
    fairy = _ConnectionRecord.checkout(pool)
.venv\Lib\site-packages\sqlalchemy\pool\base.py:712: in checkout
    rec = pool._do_get()
.venv\Lib\site-packages\sqlalchemy\pool\impl.py:179: in _do_get
    with util.safe_reraise():
.venv\Lib\site-packages\sqlalchemy\util\langhelpers.py:146: in __exit__
    raise exc_value.with_traceback(exc_tb)
.venv\Lib\site-packages\sqlalchemy\pool\impl.py:177: in _do_get
    return self._create_connection()
.venv\Lib\site-packages\sqlalchemy\pool\base.py:390: in _create_connection
    return _ConnectionRecord(self)
.venv\Lib\site-packages\sqlalchemy\pool\base.py:674: in __init__
    self.__connect()
.venv\Lib\site-packages\sqlalchemy\pool\base.py:900: in __connect
    with util.safe_reraise():
.venv\Lib\site-packages\sqlalchemy\util\langhelpers.py:146: in __exit__
    raise exc_value.with_traceback(exc_tb)
.venv\Lib\site-packages\sqlalchemy\pool\base.py:896: in __connect
    self.dbapi_connection = connection = pool._invoke_creator(self)
.venv\Lib\site-packages\sqlalchemy\engine\create.py:643: in connect
    return dialect.connect(*cargs, **cparams)
.venv\Lib\site-packages\sqlalchemy\engine\default.py:621: in connect
    return self.loaded_dbapi.connect(*cargs, **cparams)
.venv\Lib\site-packages\psycopg2\__init__.py:135: in connect
    conn = _connect(dsn, connection_factory=connection_factory, **kwasync)
E   sqlalchemy.exc.OperationalError: (psycopg2.OperationalError) connection to server at "localhost" (::1), port 5432 failed: FATAL:  database "pulseboard_test" does not exist
E   
E   (Background on this error at: https://sqlalche.me/e/20/e3q8)
________ ERROR at setup of TestLoginAndMe.test_me_without_token_is_401 ________
.venv\Lib\site-packages\sqlalchemy\engine\base.py:146: in __init__
    self._dbapi_connection = engine.raw_connection()
.venv\Lib\site-packages\sqlalchemy\engine\base.py:3302: in raw_connection
    return self.pool.connect()
.venv\Lib\site-packages\sqlalchemy\pool\base.py:449: in connect
    return _ConnectionFairy._checkout(self)
.venv\Lib\site-packages\sqlalchemy\pool\base.py:1263: in _checkout
    fairy = _ConnectionRecord.checkout(pool)
.venv\Lib\site-packages\sqlalchemy\pool\base.py:712: in checkout
    rec = pool._do_get()
.venv\Lib\site-packages\sqlalchemy\pool\impl.py:179: in _do_get
    with util.safe_reraise():
.venv\Lib\site-packages\sqlalchemy\util\langhelpers.py:146: in __exit__
    raise exc_value.with_traceback(exc_tb)
.venv\Lib\site-packages\sqlalchemy\pool\impl.py:177: in _do_get
    return self._create_connection()
.venv\Lib\site-packages\sqlalchemy\pool\base.py:390: in _create_connection
    return _ConnectionRecord(self)
.venv\Lib\site-packages\sqlalchemy\pool\base.py:674: in __init__
    self.__connect()
.venv\Lib\site-packages\sqlalchemy\pool\base.py:900: in __connect
    with util.safe_reraise():
.venv\Lib\site-packages\sqlalchemy\util\langhelpers.py:146: in __exit__
    raise exc_value.with_traceback(exc_tb)
.venv\Lib\site-packages\sqlalchemy\pool\base.py:896: in __connect
    self.dbapi_connection = connection = pool._invoke_creator(self)
.venv\Lib\site-packages\sqlalchemy\engine\create.py:643: in connect
    return dialect.connect(*cargs, **cparams)
.venv\Lib\site-packages\sqlalchemy\engine\default.py:621: in connect
    return self.loaded_dbapi.connect(*cargs, **cparams)
.venv\Lib\site-packages\psycopg2\__init__.py:135: in connect
    conn = _connect(dsn, connection_factory=connection_factory, **kwasync)
E   psycopg2.OperationalError: connection to server at "localhost" (::1), port 5432 failed: FATAL:  database "pulseboard_test" does not exist

The above exception was the direct cause of the following exception:
app\tests\conftest.py:49: in _create_schema
    Base.metadata.drop_all(bind=sync_engine)
.venv\Lib\site-packages\sqlalchemy\sql\schema.py:5896: in drop_all
    bind._run_ddl_visitor(
.venv\Lib\site-packages\sqlalchemy\engine\base.py:3252: in _run_ddl_visitor
    with self.begin() as conn:
..\..\..\..\AppData\Local\Programs\Python\Python313\Lib\contextlib.py:141: in __enter__
    return next(self.gen)
.venv\Lib\site-packages\sqlalchemy\engine\base.py:3242: in begin
    with self.connect() as conn:
.venv\Lib\site-packages\sqlalchemy\engine\base.py:3278: in connect
    return self._connection_cls(self)
.venv\Lib\site-packages\sqlalchemy\engine\base.py:148: in __init__
    Connection._handle_dbapi_exception_noconnection(
.venv\Lib\site-packages\sqlalchemy\engine\base.py:2442: in _handle_dbapi_exception_noconnection
    raise sqlalchemy_exception.with_traceback(exc_info[2]) from e
.venv\Lib\site-packages\sqlalchemy\engine\base.py:146: in __init__
    self._dbapi_connection = engine.raw_connection()
.venv\Lib\site-packages\sqlalchemy\engine\base.py:3302: in raw_connection
    return self.pool.connect()
.venv\Lib\site-packages\sqlalchemy\pool\base.py:449: in connect
    return _ConnectionFairy._checkout(self)
.venv\Lib\site-packages\sqlalchemy\pool\base.py:1263: in _checkout
    fairy = _ConnectionRecord.checkout(pool)
.venv\Lib\site-packages\sqlalchemy\pool\base.py:712: in checkout
    rec = pool._do_get()
.venv\Lib\site-packages\sqlalchemy\pool\impl.py:179: in _do_get
    with util.safe_reraise():
.venv\Lib\site-packages\sqlalchemy\util\langhelpers.py:146: in __exit__
    raise exc_value.with_traceback(exc_tb)
.venv\Lib\site-packages\sqlalchemy\pool\impl.py:177: in _do_get
    return self._create_connection()
.venv\Lib\site-packages\sqlalchemy\pool\base.py:390: in _create_connection
    return _ConnectionRecord(self)
.venv\Lib\site-packages\sqlalchemy\pool\base.py:674: in __init__
    self.__connect()
.venv\Lib\site-packages\sqlalchemy\pool\base.py:900: in __connect
    with util.safe_reraise():
.venv\Lib\site-packages\sqlalchemy\util\langhelpers.py:146: in __exit__
    raise exc_value.with_traceback(exc_tb)
.venv\Lib\site-packages\sqlalchemy\pool\base.py:896: in __connect
    self.dbapi_connection = connection = pool._invoke_creator(self)
.venv\Lib\site-packages\sqlalchemy\engine\create.py:643: in connect
    return dialect.connect(*cargs, **cparams)
.venv\Lib\site-packages\sqlalchemy\engine\default.py:621: in connect
    return self.loaded_dbapi.connect(*cargs, **cparams)
.venv\Lib\site-packages\psycopg2\__init__.py:135: in connect
    conn = _connect(dsn, connection_factory=connection_factory, **kwasync)
E   sqlalchemy.exc.OperationalError: (psycopg2.OperationalError) connection to server at "localhost" (::1), port 5432 failed: FATAL:  database "pulseboard_test" does not exist
E   
E   (Background on this error at: https://sqlalche.me/e/20/e3q8)
_____ ERROR at setup of TestLoginAndMe.test_me_with_garbage_token_is_401 ______
.venv\Lib\site-packages\sqlalchemy\engine\base.py:146: in __init__
    self._dbapi_connection = engine.raw_connection()
.venv\Lib\site-packages\sqlalchemy\engine\base.py:3302: in raw_connection
    return self.pool.connect()
.venv\Lib\site-packages\sqlalchemy\pool\base.py:449: in connect
    return _ConnectionFairy._checkout(self)
.venv\Lib\site-packages\sqlalchemy\pool\base.py:1263: in _checkout
    fairy = _ConnectionRecord.checkout(pool)
.venv\Lib\site-packages\sqlalchemy\pool\base.py:712: in checkout
    rec = pool._do_get()
.venv\Lib\site-packages\sqlalchemy\pool\impl.py:179: in _do_get
    with util.safe_reraise():
.venv\Lib\site-packages\sqlalchemy\util\langhelpers.py:146: in __exit__
    raise exc_value.with_traceback(exc_tb)
.venv\Lib\site-packages\sqlalchemy\pool\impl.py:177: in _do_get
    return self._create_connection()
.venv\Lib\site-packages\sqlalchemy\pool\base.py:390: in _create_connection
    return _ConnectionRecord(self)
.venv\Lib\site-packages\sqlalchemy\pool\base.py:674: in __init__
    self.__connect()
.venv\Lib\site-packages\sqlalchemy\pool\base.py:900: in __connect
    with util.safe_reraise():
.venv\Lib\site-packages\sqlalchemy\util\langhelpers.py:146: in __exit__
    raise exc_value.with_traceback(exc_tb)
.venv\Lib\site-packages\sqlalchemy\pool\base.py:896: in __connect
    self.dbapi_connection = connection = pool._invoke_creator(self)
.venv\Lib\site-packages\sqlalchemy\engine\create.py:643: in connect
    return dialect.connect(*cargs, **cparams)
.venv\Lib\site-packages\sqlalchemy\engine\default.py:621: in connect
    return self.loaded_dbapi.connect(*cargs, **cparams)
.venv\Lib\site-packages\psycopg2\__init__.py:135: in connect
    conn = _connect(dsn, connection_factory=connection_factory, **kwasync)
E   psycopg2.OperationalError: connection to server at "localhost" (::1), port 5432 failed: FATAL:  database "pulseboard_test" does not exist

The above exception was the direct cause of the following exception:
app\tests\conftest.py:49: in _create_schema
    Base.metadata.drop_all(bind=sync_engine)
.venv\Lib\site-packages\sqlalchemy\sql\schema.py:5896: in drop_all
    bind._run_ddl_visitor(
.venv\Lib\site-packages\sqlalchemy\engine\base.py:3252: in _run_ddl_visitor
    with self.begin() as conn:
..\..\..\..\AppData\Local\Programs\Python\Python313\Lib\contextlib.py:141: in __enter__
    return next(self.gen)
.venv\Lib\site-packages\sqlalchemy\engine\base.py:3242: in begin
    with self.connect() as conn:
.venv\Lib\site-packages\sqlalchemy\engine\base.py:3278: in connect
    return self._connection_cls(self)
.venv\Lib\site-packages\sqlalchemy\engine\base.py:148: in __init__
    Connection._handle_dbapi_exception_noconnection(
.venv\Lib\site-packages\sqlalchemy\engine\base.py:2442: in _handle_dbapi_exception_noconnection
    raise sqlalchemy_exception.with_traceback(exc_info[2]) from e
.venv\Lib\site-packages\sqlalchemy\engine\base.py:146: in __init__
    self._dbapi_connection = engine.raw_connection()
.venv\Lib\site-packages\sqlalchemy\engine\base.py:3302: in raw_connection
    return self.pool.connect()
.venv\Lib\site-packages\sqlalchemy\pool\base.py:449: in connect
    return _ConnectionFairy._checkout(self)
.venv\Lib\site-packages\sqlalchemy\pool\base.py:1263: in _checkout
    fairy = _ConnectionRecord.checkout(pool)
.venv\Lib\site-packages\sqlalchemy\pool\base.py:712: in checkout
    rec = pool._do_get()
.venv\Lib\site-packages\sqlalchemy\pool\impl.py:179: in _do_get
    with util.safe_reraise():
.venv\Lib\site-packages\sqlalchemy\util\langhelpers.py:146: in __exit__
    raise exc_value.with_traceback(exc_tb)
.venv\Lib\site-packages\sqlalchemy\pool\impl.py:177: in _do_get
    return self._create_connection()
.venv\Lib\site-packages\sqlalchemy\pool\base.py:390: in _create_connection
    return _ConnectionRecord(self)
.venv\Lib\site-packages\sqlalchemy\pool\base.py:674: in __init__
    self.__connect()
.venv\Lib\site-packages\sqlalchemy\pool\base.py:900: in __connect
    with util.safe_reraise():
.venv\Lib\site-packages\sqlalchemy\util\langhelpers.py:146: in __exit__
    raise exc_value.with_traceback(exc_tb)
.venv\Lib\site-packages\sqlalchemy\pool\base.py:896: in __connect
    self.dbapi_connection = connection = pool._invoke_creator(self)
.venv\Lib\site-packages\sqlalchemy\engine\create.py:643: in connect
    return dialect.connect(*cargs, **cparams)
.venv\Lib\site-packages\sqlalchemy\engine\default.py:621: in connect
    return self.loaded_dbapi.connect(*cargs, **cparams)
.venv\Lib\site-packages\psycopg2\__init__.py:135: in connect
    conn = _connect(dsn, connection_factory=connection_factory, **kwasync)
E   sqlalchemy.exc.OperationalError: (psycopg2.OperationalError) connection to server at "localhost" (::1), port 5432 failed: FATAL:  database "pulseboard_test" does not exist
E   
E   (Background on this error at: https://sqlalche.me/e/20/e3q8)
_ ERROR at setup of TestLoginAndMe.test_me_with_valid_token_returns_current_user _
.venv\Lib\site-packages\sqlalchemy\engine\base.py:146: in __init__
    self._dbapi_connection = engine.raw_connection()
.venv\Lib\site-packages\sqlalchemy\engine\base.py:3302: in raw_connection
    return self.pool.connect()
.venv\Lib\site-packages\sqlalchemy\pool\base.py:449: in connect
    return _ConnectionFairy._checkout(self)
.venv\Lib\site-packages\sqlalchemy\pool\base.py:1263: in _checkout
    fairy = _ConnectionRecord.checkout(pool)
.venv\Lib\site-packages\sqlalchemy\pool\base.py:712: in checkout
    rec = pool._do_get()
.venv\Lib\site-packages\sqlalchemy\pool\impl.py:179: in _do_get
    with util.safe_reraise():
.venv\Lib\site-packages\sqlalchemy\util\langhelpers.py:146: in __exit__
    raise exc_value.with_traceback(exc_tb)
.venv\Lib\site-packages\sqlalchemy\pool\impl.py:177: in _do_get
    return self._create_connection()
.venv\Lib\site-packages\sqlalchemy\pool\base.py:390: in _create_connection
    return _ConnectionRecord(self)
.venv\Lib\site-packages\sqlalchemy\pool\base.py:674: in __init__
    self.__connect()
.venv\Lib\site-packages\sqlalchemy\pool\base.py:900: in __connect
    with util.safe_reraise():
.venv\Lib\site-packages\sqlalchemy\util\langhelpers.py:146: in __exit__
    raise exc_value.with_traceback(exc_tb)
.venv\Lib\site-packages\sqlalchemy\pool\base.py:896: in __connect
    self.dbapi_connection = connection = pool._invoke_creator(self)
.venv\Lib\site-packages\sqlalchemy\engine\create.py:643: in connect
    return dialect.connect(*cargs, **cparams)
.venv\Lib\site-packages\sqlalchemy\engine\default.py:621: in connect
    return self.loaded_dbapi.connect(*cargs, **cparams)
.venv\Lib\site-packages\psycopg2\__init__.py:135: in connect
    conn = _connect(dsn, connection_factory=connection_factory, **kwasync)
E   psycopg2.OperationalError: connection to server at "localhost" (::1), port 5432 failed: FATAL:  database "pulseboard_test" does not exist

The above exception was the direct cause of the following exception:
app\tests\conftest.py:49: in _create_schema
    Base.metadata.drop_all(bind=sync_engine)
.venv\Lib\site-packages\sqlalchemy\sql\schema.py:5896: in drop_all
    bind._run_ddl_visitor(
.venv\Lib\site-packages\sqlalchemy\engine\base.py:3252: in _run_ddl_visitor
    with self.begin() as conn:
..\..\..\..\AppData\Local\Programs\Python\Python313\Lib\contextlib.py:141: in __enter__
    return next(self.gen)
.venv\Lib\site-packages\sqlalchemy\engine\base.py:3242: in begin
    with self.connect() as conn:
.venv\Lib\site-packages\sqlalchemy\engine\base.py:3278: in connect
    return self._connection_cls(self)
.venv\Lib\site-packages\sqlalchemy\engine\base.py:148: in __init__
    Connection._handle_dbapi_exception_noconnection(
.venv\Lib\site-packages\sqlalchemy\engine\base.py:2442: in _handle_dbapi_exception_noconnection
    raise sqlalchemy_exception.with_traceback(exc_info[2]) from e
.venv\Lib\site-packages\sqlalchemy\engine\base.py:146: in __init__
    self._dbapi_connection = engine.raw_connection()
.venv\Lib\site-packages\sqlalchemy\engine\base.py:3302: in raw_connection
    return self.pool.connect()
.venv\Lib\site-packages\sqlalchemy\pool\base.py:449: in connect
    return _ConnectionFairy._checkout(self)
.venv\Lib\site-packages\sqlalchemy\pool\base.py:1263: in _checkout
    fairy = _ConnectionRecord.checkout(pool)
.venv\Lib\site-packages\sqlalchemy\pool\base.py:712: in checkout
    rec = pool._do_get()
.venv\Lib\site-packages\sqlalchemy\pool\impl.py:179: in _do_get
    with util.safe_reraise():
.venv\Lib\site-packages\sqlalchemy\util\langhelpers.py:146: in __exit__
    raise exc_value.with_traceback(exc_tb)
.venv\Lib\site-packages\sqlalchemy\pool\impl.py:177: in _do_get
    return self._create_connection()
.venv\Lib\site-packages\sqlalchemy\pool\base.py:390: in _create_connection
    return _ConnectionRecord(self)
.venv\Lib\site-packages\sqlalchemy\pool\base.py:674: in __init__
    self.__connect()
.venv\Lib\site-packages\sqlalchemy\pool\base.py:900: in __connect
    with util.safe_reraise():
.venv\Lib\site-packages\sqlalchemy\util\langhelpers.py:146: in __exit__
    raise exc_value.with_traceback(exc_tb)
.venv\Lib\site-packages\sqlalchemy\pool\base.py:896: in __connect
    self.dbapi_connection = connection = pool._invoke_creator(self)
.venv\Lib\site-packages\sqlalchemy\engine\create.py:643: in connect
    return dialect.connect(*cargs, **cparams)
.venv\Lib\site-packages\sqlalchemy\engine\default.py:621: in connect
    return self.loaded_dbapi.connect(*cargs, **cparams)
.venv\Lib\site-packages\psycopg2\__init__.py:135: in connect
    conn = _connect(dsn, connection_factory=connection_factory, **kwasync)
E   sqlalchemy.exc.OperationalError: (psycopg2.OperationalError) connection to server at "localhost" (::1), port 5432 failed: FATAL:  database "pulseboard_test" does not exist
E   
E   (Background on this error at: https://sqlalche.me/e/20/e3q8)
___ ERROR at setup of TestRefreshTokens.test_refresh_returns_new_token_pair ___
.venv\Lib\site-packages\sqlalchemy\engine\base.py:146: in __init__
    self._dbapi_connection = engine.raw_connection()
.venv\Lib\site-packages\sqlalchemy\engine\base.py:3302: in raw_connection
    return self.pool.connect()
.venv\Lib\site-packages\sqlalchemy\pool\base.py:449: in connect
    return _ConnectionFairy._checkout(self)
.venv\Lib\site-packages\sqlalchemy\pool\base.py:1263: in _checkout
    fairy = _ConnectionRecord.checkout(pool)
.venv\Lib\site-packages\sqlalchemy\pool\base.py:712: in checkout
    rec = pool._do_get()
.venv\Lib\site-packages\sqlalchemy\pool\impl.py:179: in _do_get
    with util.safe_reraise():
.venv\Lib\site-packages\sqlalchemy\util\langhelpers.py:146: in __exit__
    raise exc_value.with_traceback(exc_tb)
.venv\Lib\site-packages\sqlalchemy\pool\impl.py:177: in _do_get
    return self._create_connection()
.venv\Lib\site-packages\sqlalchemy\pool\base.py:390: in _create_connection
    return _ConnectionRecord(self)
.venv\Lib\site-packages\sqlalchemy\pool\base.py:674: in __init__
    self.__connect()
.venv\Lib\site-packages\sqlalchemy\pool\base.py:900: in __connect
    with util.safe_reraise():
.venv\Lib\site-packages\sqlalchemy\util\langhelpers.py:146: in __exit__
    raise exc_value.with_traceback(exc_tb)
.venv\Lib\site-packages\sqlalchemy\pool\base.py:896: in __connect
    self.dbapi_connection = connection = pool._invoke_creator(self)
.venv\Lib\site-packages\sqlalchemy\engine\create.py:643: in connect
    return dialect.connect(*cargs, **cparams)
.venv\Lib\site-packages\sqlalchemy\engine\default.py:621: in connect
    return self.loaded_dbapi.connect(*cargs, **cparams)
.venv\Lib\site-packages\psycopg2\__init__.py:135: in connect
    conn = _connect(dsn, connection_factory=connection_factory, **kwasync)
E   psycopg2.OperationalError: connection to server at "localhost" (::1), port 5432 failed: FATAL:  database "pulseboard_test" does not exist

The above exception was the direct cause of the following exception:
app\tests\conftest.py:49: in _create_schema
    Base.metadata.drop_all(bind=sync_engine)
.venv\Lib\site-packages\sqlalchemy\sql\schema.py:5896: in drop_all
    bind._run_ddl_visitor(
.venv\Lib\site-packages\sqlalchemy\engine\base.py:3252: in _run_ddl_visitor
    with self.begin() as conn:
..\..\..\..\AppData\Local\Programs\Python\Python313\Lib\contextlib.py:141: in __enter__
    return next(self.gen)
.venv\Lib\site-packages\sqlalchemy\engine\base.py:3242: in begin
    with self.connect() as conn:
.venv\Lib\site-packages\sqlalchemy\engine\base.py:3278: in connect
    return self._connection_cls(self)
.venv\Lib\site-packages\sqlalchemy\engine\base.py:148: in __init__
    Connection._handle_dbapi_exception_noconnection(
.venv\Lib\site-packages\sqlalchemy\engine\base.py:2442: in _handle_dbapi_exception_noconnection
    raise sqlalchemy_exception.with_traceback(exc_info[2]) from e
.venv\Lib\site-packages\sqlalchemy\engine\base.py:146: in __init__
    self._dbapi_connection = engine.raw_connection()
.venv\Lib\site-packages\sqlalchemy\engine\base.py:3302: in raw_connection
    return self.pool.connect()
.venv\Lib\site-packages\sqlalchemy\pool\base.py:449: in connect
    return _ConnectionFairy._checkout(self)
.venv\Lib\site-packages\sqlalchemy\pool\base.py:1263: in _checkout
    fairy = _ConnectionRecord.checkout(pool)
.venv\Lib\site-packages\sqlalchemy\pool\base.py:712: in checkout
    rec = pool._do_get()
.venv\Lib\site-packages\sqlalchemy\pool\impl.py:179: in _do_get
    with util.safe_reraise():
.venv\Lib\site-packages\sqlalchemy\util\langhelpers.py:146: in __exit__
    raise exc_value.with_traceback(exc_tb)
.venv\Lib\site-packages\sqlalchemy\pool\impl.py:177: in _do_get
    return self._create_connection()
.venv\Lib\site-packages\sqlalchemy\pool\base.py:390: in _create_connection
    return _ConnectionRecord(self)
.venv\Lib\site-packages\sqlalchemy\pool\base.py:674: in __init__
    self.__connect()
.venv\Lib\site-packages\sqlalchemy\pool\base.py:900: in __connect
    with util.safe_reraise():
.venv\Lib\site-packages\sqlalchemy\util\langhelpers.py:146: in __exit__
    raise exc_value.with_traceback(exc_tb)
.venv\Lib\site-packages\sqlalchemy\pool\base.py:896: in __connect
    self.dbapi_connection = connection = pool._invoke_creator(self)
.venv\Lib\site-packages\sqlalchemy\engine\create.py:643: in connect
    return dialect.connect(*cargs, **cparams)
.venv\Lib\site-packages\sqlalchemy\engine\default.py:621: in connect
    return self.loaded_dbapi.connect(*cargs, **cparams)
.venv\Lib\site-packages\psycopg2\__init__.py:135: in connect
    conn = _connect(dsn, connection_factory=connection_factory, **kwasync)
E   sqlalchemy.exc.OperationalError: (psycopg2.OperationalError) connection to server at "localhost" (::1), port 5432 failed: FATAL:  database "pulseboard_test" does not exist
E   
E   (Background on this error at: https://sqlalche.me/e/20/e3q8)
_ ERROR at setup of TestRefreshTokens.test_new_access_token_from_refresh_works_on_protected_route _
.venv\Lib\site-packages\sqlalchemy\engine\base.py:146: in __init__
    self._dbapi_connection = engine.raw_connection()
.venv\Lib\site-packages\sqlalchemy\engine\base.py:3302: in raw_connection
    return self.pool.connect()
.venv\Lib\site-packages\sqlalchemy\pool\base.py:449: in connect
    return _ConnectionFairy._checkout(self)
.venv\Lib\site-packages\sqlalchemy\pool\base.py:1263: in _checkout
    fairy = _ConnectionRecord.checkout(pool)
.venv\Lib\site-packages\sqlalchemy\pool\base.py:712: in checkout
    rec = pool._do_get()
.venv\Lib\site-packages\sqlalchemy\pool\impl.py:179: in _do_get
    with util.safe_reraise():
.venv\Lib\site-packages\sqlalchemy\util\langhelpers.py:146: in __exit__
    raise exc_value.with_traceback(exc_tb)
.venv\Lib\site-packages\sqlalchemy\pool\impl.py:177: in _do_get
    return self._create_connection()
.venv\Lib\site-packages\sqlalchemy\pool\base.py:390: in _create_connection
    return _ConnectionRecord(self)
.venv\Lib\site-packages\sqlalchemy\pool\base.py:674: in __init__
    self.__connect()
.venv\Lib\site-packages\sqlalchemy\pool\base.py:900: in __connect
    with util.safe_reraise():
.venv\Lib\site-packages\sqlalchemy\util\langhelpers.py:146: in __exit__
    raise exc_value.with_traceback(exc_tb)
.venv\Lib\site-packages\sqlalchemy\pool\base.py:896: in __connect
    self.dbapi_connection = connection = pool._invoke_creator(self)
.venv\Lib\site-packages\sqlalchemy\engine\create.py:643: in connect
    return dialect.connect(*cargs, **cparams)
.venv\Lib\site-packages\sqlalchemy\engine\default.py:621: in connect
    return self.loaded_dbapi.connect(*cargs, **cparams)
.venv\Lib\site-packages\psycopg2\__init__.py:135: in connect
    conn = _connect(dsn, connection_factory=connection_factory, **kwasync)
E   psycopg2.OperationalError: connection to server at "localhost" (::1), port 5432 failed: FATAL:  database "pulseboard_test" does not exist

The above exception was the direct cause of the following exception:
app\tests\conftest.py:49: in _create_schema
    Base.metadata.drop_all(bind=sync_engine)
.venv\Lib\site-packages\sqlalchemy\sql\schema.py:5896: in drop_all
    bind._run_ddl_visitor(
.venv\Lib\site-packages\sqlalchemy\engine\base.py:3252: in _run_ddl_visitor
    with self.begin() as conn:
..\..\..\..\AppData\Local\Programs\Python\Python313\Lib\contextlib.py:141: in __enter__
    return next(self.gen)
.venv\Lib\site-packages\sqlalchemy\engine\base.py:3242: in begin
    with self.connect() as conn:
.venv\Lib\site-packages\sqlalchemy\engine\base.py:3278: in connect
    return self._connection_cls(self)
.venv\Lib\site-packages\sqlalchemy\engine\base.py:148: in __init__
    Connection._handle_dbapi_exception_noconnection(
.venv\Lib\site-packages\sqlalchemy\engine\base.py:2442: in _handle_dbapi_exception_noconnection
    raise sqlalchemy_exception.with_traceback(exc_info[2]) from e
.venv\Lib\site-packages\sqlalchemy\engine\base.py:146: in __init__
    self._dbapi_connection = engine.raw_connection()
.venv\Lib\site-packages\sqlalchemy\engine\base.py:3302: in raw_connection
    return self.pool.connect()
.venv\Lib\site-packages\sqlalchemy\pool\base.py:449: in connect
    return _ConnectionFairy._checkout(self)
.venv\Lib\site-packages\sqlalchemy\pool\base.py:1263: in _checkout
    fairy = _ConnectionRecord.checkout(pool)
.venv\Lib\site-packages\sqlalchemy\pool\base.py:712: in checkout
    rec = pool._do_get()
.venv\Lib\site-packages\sqlalchemy\pool\impl.py:179: in _do_get
    with util.safe_reraise():
.venv\Lib\site-packages\sqlalchemy\util\langhelpers.py:146: in __exit__
    raise exc_value.with_traceback(exc_tb)
.venv\Lib\site-packages\sqlalchemy\pool\impl.py:177: in _do_get
    return self._create_connection()
.venv\Lib\site-packages\sqlalchemy\pool\base.py:390: in _create_connection
    return _ConnectionRecord(self)
.venv\Lib\site-packages\sqlalchemy\pool\base.py:674: in __init__
    self.__connect()
.venv\Lib\site-packages\sqlalchemy\pool\base.py:900: in __connect
    with util.safe_reraise():
.venv\Lib\site-packages\sqlalchemy\util\langhelpers.py:146: in __exit__
    raise exc_value.with_traceback(exc_tb)
.venv\Lib\site-packages\sqlalchemy\pool\base.py:896: in __connect
    self.dbapi_connection = connection = pool._invoke_creator(self)
.venv\Lib\site-packages\sqlalchemy\engine\create.py:643: in connect
    return dialect.connect(*cargs, **cparams)
.venv\Lib\site-packages\sqlalchemy\engine\default.py:621: in connect
    return self.loaded_dbapi.connect(*cargs, **cparams)
.venv\Lib\site-packages\psycopg2\__init__.py:135: in connect
    conn = _connect(dsn, connection_factory=connection_factory, **kwasync)
E   sqlalchemy.exc.OperationalError: (psycopg2.OperationalError) connection to server at "localhost" (::1), port 5432 failed: FATAL:  database "pulseboard_test" does not exist
E   
E   (Background on this error at: https://sqlalche.me/e/20/e3q8)
_ ERROR at setup of TestRefreshTokens.test_reusing_a_rotated_refresh_token_fails _
.venv\Lib\site-packages\sqlalchemy\engine\base.py:146: in __init__
    self._dbapi_connection = engine.raw_connection()
.venv\Lib\site-packages\sqlalchemy\engine\base.py:3302: in raw_connection
    return self.pool.connect()
.venv\Lib\site-packages\sqlalchemy\pool\base.py:449: in connect
    return _ConnectionFairy._checkout(self)
.venv\Lib\site-packages\sqlalchemy\pool\base.py:1263: in _checkout
    fairy = _ConnectionRecord.checkout(pool)
.venv\Lib\site-packages\sqlalchemy\pool\base.py:712: in checkout
    rec = pool._do_get()
.venv\Lib\site-packages\sqlalchemy\pool\impl.py:179: in _do_get
    with util.safe_reraise():
.venv\Lib\site-packages\sqlalchemy\util\langhelpers.py:146: in __exit__
    raise exc_value.with_traceback(exc_tb)
.venv\Lib\site-packages\sqlalchemy\pool\impl.py:177: in _do_get
    return self._create_connection()
.venv\Lib\site-packages\sqlalchemy\pool\base.py:390: in _create_connection
    return _ConnectionRecord(self)
.venv\Lib\site-packages\sqlalchemy\pool\base.py:674: in __init__
    self.__connect()
.venv\Lib\site-packages\sqlalchemy\pool\base.py:900: in __connect
    with util.safe_reraise():
.venv\Lib\site-packages\sqlalchemy\util\langhelpers.py:146: in __exit__
    raise exc_value.with_traceback(exc_tb)
.venv\Lib\site-packages\sqlalchemy\pool\base.py:896: in __connect
    self.dbapi_connection = connection = pool._invoke_creator(self)
.venv\Lib\site-packages\sqlalchemy\engine\create.py:643: in connect
    return dialect.connect(*cargs, **cparams)
.venv\Lib\site-packages\sqlalchemy\engine\default.py:621: in connect
    return self.loaded_dbapi.connect(*cargs, **cparams)
.venv\Lib\site-packages\psycopg2\__init__.py:135: in connect
    conn = _connect(dsn, connection_factory=connection_factory, **kwasync)
E   psycopg2.OperationalError: connection to server at "localhost" (::1), port 5432 failed: FATAL:  database "pulseboard_test" does not exist

The above exception was the direct cause of the following exception:
app\tests\conftest.py:49: in _create_schema
    Base.metadata.drop_all(bind=sync_engine)
.venv\Lib\site-packages\sqlalchemy\sql\schema.py:5896: in drop_all
    bind._run_ddl_visitor(
.venv\Lib\site-packages\sqlalchemy\engine\base.py:3252: in _run_ddl_visitor
    with self.begin() as conn:
..\..\..\..\AppData\Local\Programs\Python\Python313\Lib\contextlib.py:141: in __enter__
    return next(self.gen)
.venv\Lib\site-packages\sqlalchemy\engine\base.py:3242: in begin
    with self.connect() as conn:
.venv\Lib\site-packages\sqlalchemy\engine\base.py:3278: in connect
    return self._connection_cls(self)
.venv\Lib\site-packages\sqlalchemy\engine\base.py:148: in __init__
    Connection._handle_dbapi_exception_noconnection(
.venv\Lib\site-packages\sqlalchemy\engine\base.py:2442: in _handle_dbapi_exception_noconnection
    raise sqlalchemy_exception.with_traceback(exc_info[2]) from e
.venv\Lib\site-packages\sqlalchemy\engine\base.py:146: in __init__
    self._dbapi_connection = engine.raw_connection()
.venv\Lib\site-packages\sqlalchemy\engine\base.py:3302: in raw_connection
    return self.pool.connect()
.venv\Lib\site-packages\sqlalchemy\pool\base.py:449: in connect
    return _ConnectionFairy._checkout(self)
.venv\Lib\site-packages\sqlalchemy\pool\base.py:1263: in _checkout
    fairy = _ConnectionRecord.checkout(pool)
.venv\Lib\site-packages\sqlalchemy\pool\base.py:712: in checkout
    rec = pool._do_get()
.venv\Lib\site-packages\sqlalchemy\pool\impl.py:179: in _do_get
    with util.safe_reraise():
.venv\Lib\site-packages\sqlalchemy\util\langhelpers.py:146: in __exit__
    raise exc_value.with_traceback(exc_tb)
.venv\Lib\site-packages\sqlalchemy\pool\impl.py:177: in _do_get
    return self._create_connection()
.venv\Lib\site-packages\sqlalchemy\pool\base.py:390: in _create_connection
    return _ConnectionRecord(self)
.venv\Lib\site-packages\sqlalchemy\pool\base.py:674: in __init__
    self.__connect()
.venv\Lib\site-packages\sqlalchemy\pool\base.py:900: in __connect
    with util.safe_reraise():
.venv\Lib\site-packages\sqlalchemy\util\langhelpers.py:146: in __exit__
    raise exc_value.with_traceback(exc_tb)
.venv\Lib\site-packages\sqlalchemy\pool\base.py:896: in __connect
    self.dbapi_connection = connection = pool._invoke_creator(self)
.venv\Lib\site-packages\sqlalchemy\engine\create.py:643: in connect
    return dialect.connect(*cargs, **cparams)
.venv\Lib\site-packages\sqlalchemy\engine\default.py:621: in connect
    return self.loaded_dbapi.connect(*cargs, **cparams)
.venv\Lib\site-packages\psycopg2\__init__.py:135: in connect
    conn = _connect(dsn, connection_factory=connection_factory, **kwasync)
E   sqlalchemy.exc.OperationalError: (psycopg2.OperationalError) connection to server at "localhost" (::1), port 5432 failed: FATAL:  database "pulseboard_test" does not exist
E   
E   (Background on this error at: https://sqlalche.me/e/20/e3q8)
_ ERROR at setup of TestRefreshTokens.test_reuse_detection_revokes_the_newly_issued_token_too _
.venv\Lib\site-packages\sqlalchemy\engine\base.py:146: in __init__
    self._dbapi_connection = engine.raw_connection()
.venv\Lib\site-packages\sqlalchemy\engine\base.py:3302: in raw_connection
    return self.pool.connect()
.venv\Lib\site-packages\sqlalchemy\pool\base.py:449: in connect
    return _ConnectionFairy._checkout(self)
.venv\Lib\site-packages\sqlalchemy\pool\base.py:1263: in _checkout
    fairy = _ConnectionRecord.checkout(pool)
.venv\Lib\site-packages\sqlalchemy\pool\base.py:712: in checkout
    rec = pool._do_get()
.venv\Lib\site-packages\sqlalchemy\pool\impl.py:179: in _do_get
    with util.safe_reraise():
.venv\Lib\site-packages\sqlalchemy\util\langhelpers.py:146: in __exit__
    raise exc_value.with_traceback(exc_tb)
.venv\Lib\site-packages\sqlalchemy\pool\impl.py:177: in _do_get
    return self._create_connection()
.venv\Lib\site-packages\sqlalchemy\pool\base.py:390: in _create_connection
    return _ConnectionRecord(self)
.venv\Lib\site-packages\sqlalchemy\pool\base.py:674: in __init__
    self.__connect()
.venv\Lib\site-packages\sqlalchemy\pool\base.py:900: in __connect
    with util.safe_reraise():
.venv\Lib\site-packages\sqlalchemy\util\langhelpers.py:146: in __exit__
    raise exc_value.with_traceback(exc_tb)
.venv\Lib\site-packages\sqlalchemy\pool\base.py:896: in __connect
    self.dbapi_connection = connection = pool._invoke_creator(self)
.venv\Lib\site-packages\sqlalchemy\engine\create.py:643: in connect
    return dialect.connect(*cargs, **cparams)
.venv\Lib\site-packages\sqlalchemy\engine\default.py:621: in connect
    return self.loaded_dbapi.connect(*cargs, **cparams)
.venv\Lib\site-packages\psycopg2\__init__.py:135: in connect
    conn = _connect(dsn, connection_factory=connection_factory, **kwasync)
E   psycopg2.OperationalError: connection to server at "localhost" (::1), port 5432 failed: FATAL:  database "pulseboard_test" does not exist

The above exception was the direct cause of the following exception:
app\tests\conftest.py:49: in _create_schema
    Base.metadata.drop_all(bind=sync_engine)
.venv\Lib\site-packages\sqlalchemy\sql\schema.py:5896: in drop_all
    bind._run_ddl_visitor(
.venv\Lib\site-packages\sqlalchemy\engine\base.py:3252: in _run_ddl_visitor
    with self.begin() as conn:
..\..\..\..\AppData\Local\Programs\Python\Python313\Lib\contextlib.py:141: in __enter__
    return next(self.gen)
.venv\Lib\site-packages\sqlalchemy\engine\base.py:3242: in begin
    with self.connect() as conn:
.venv\Lib\site-packages\sqlalchemy\engine\base.py:3278: in connect
    return self._connection_cls(self)
.venv\Lib\site-packages\sqlalchemy\engine\base.py:148: in __init__
    Connection._handle_dbapi_exception_noconnection(
.venv\Lib\site-packages\sqlalchemy\engine\base.py:2442: in _handle_dbapi_exception_noconnection
    raise sqlalchemy_exception.with_traceback(exc_info[2]) from e
.venv\Lib\site-packages\sqlalchemy\engine\base.py:146: in __init__
    self._dbapi_connection = engine.raw_connection()
.venv\Lib\site-packages\sqlalchemy\engine\base.py:3302: in raw_connection
    return self.pool.connect()
.venv\Lib\site-packages\sqlalchemy\pool\base.py:449: in connect
    return _ConnectionFairy._checkout(self)
.venv\Lib\site-packages\sqlalchemy\pool\base.py:1263: in _checkout
    fairy = _ConnectionRecord.checkout(pool)
.venv\Lib\site-packages\sqlalchemy\pool\base.py:712: in checkout
    rec = pool._do_get()
.venv\Lib\site-packages\sqlalchemy\pool\impl.py:179: in _do_get
    with util.safe_reraise():
.venv\Lib\site-packages\sqlalchemy\util\langhelpers.py:146: in __exit__
    raise exc_value.with_traceback(exc_tb)
.venv\Lib\site-packages\sqlalchemy\pool\impl.py:177: in _do_get
    return self._create_connection()
.venv\Lib\site-packages\sqlalchemy\pool\base.py:390: in _create_connection
    return _ConnectionRecord(self)
.venv\Lib\site-packages\sqlalchemy\pool\base.py:674: in __init__
    self.__connect()
.venv\Lib\site-packages\sqlalchemy\pool\base.py:900: in __connect
    with util.safe_reraise():
.venv\Lib\site-packages\sqlalchemy\util\langhelpers.py:146: in __exit__
    raise exc_value.with_traceback(exc_tb)
.venv\Lib\site-packages\sqlalchemy\pool\base.py:896: in __connect
    self.dbapi_connection = connection = pool._invoke_creator(self)
.venv\Lib\site-packages\sqlalchemy\engine\create.py:643: in connect
    return dialect.connect(*cargs, **cparams)
.venv\Lib\site-packages\sqlalchemy\engine\default.py:621: in connect
    return self.loaded_dbapi.connect(*cargs, **cparams)
.venv\Lib\site-packages\psycopg2\__init__.py:135: in connect
    conn = _connect(dsn, connection_factory=connection_factory, **kwasync)
E   sqlalchemy.exc.OperationalError: (psycopg2.OperationalError) connection to server at "localhost" (::1), port 5432 failed: FATAL:  database "pulseboard_test" does not exist
E   
E   (Background on this error at: https://sqlalche.me/e/20/e3q8)
____ ERROR at setup of TestRefreshTokens.test_unknown_refresh_token_fails _____
.venv\Lib\site-packages\sqlalchemy\engine\base.py:146: in __init__
    self._dbapi_connection = engine.raw_connection()
.venv\Lib\site-packages\sqlalchemy\engine\base.py:3302: in raw_connection
    return self.pool.connect()
.venv\Lib\site-packages\sqlalchemy\pool\base.py:449: in connect
    return _ConnectionFairy._checkout(self)
.venv\Lib\site-packages\sqlalchemy\pool\base.py:1263: in _checkout
    fairy = _ConnectionRecord.checkout(pool)
.venv\Lib\site-packages\sqlalchemy\pool\base.py:712: in checkout
    rec = pool._do_get()
.venv\Lib\site-packages\sqlalchemy\pool\impl.py:179: in _do_get
    with util.safe_reraise():
.venv\Lib\site-packages\sqlalchemy\util\langhelpers.py:146: in __exit__
    raise exc_value.with_traceback(exc_tb)
.venv\Lib\site-packages\sqlalchemy\pool\impl.py:177: in _do_get
    return self._create_connection()
.venv\Lib\site-packages\sqlalchemy\pool\base.py:390: in _create_connection
    return _ConnectionRecord(self)
.venv\Lib\site-packages\sqlalchemy\pool\base.py:674: in __init__
    self.__connect()
.venv\Lib\site-packages\sqlalchemy\pool\base.py:900: in __connect
    with util.safe_reraise():
.venv\Lib\site-packages\sqlalchemy\util\langhelpers.py:146: in __exit__
    raise exc_value.with_traceback(exc_tb)
.venv\Lib\site-packages\sqlalchemy\pool\base.py:896: in __connect
    self.dbapi_connection = connection = pool._invoke_creator(self)
.venv\Lib\site-packages\sqlalchemy\engine\create.py:643: in connect
    return dialect.connect(*cargs, **cparams)
.venv\Lib\site-packages\sqlalchemy\engine\default.py:621: in connect
    return self.loaded_dbapi.connect(*cargs, **cparams)
.venv\Lib\site-packages\psycopg2\__init__.py:135: in connect
    conn = _connect(dsn, connection_factory=connection_factory, **kwasync)
E   psycopg2.OperationalError: connection to server at "localhost" (::1), port 5432 failed: FATAL:  database "pulseboard_test" does not exist

The above exception was the direct cause of the following exception:
app\tests\conftest.py:49: in _create_schema
    Base.metadata.drop_all(bind=sync_engine)
.venv\Lib\site-packages\sqlalchemy\sql\schema.py:5896: in drop_all
    bind._run_ddl_visitor(
.venv\Lib\site-packages\sqlalchemy\engine\base.py:3252: in _run_ddl_visitor
    with self.begin() as conn:
..\..\..\..\AppData\Local\Programs\Python\Python313\Lib\contextlib.py:141: in __enter__
    return next(self.gen)
.venv\Lib\site-packages\sqlalchemy\engine\base.py:3242: in begin
    with self.connect() as conn:
.venv\Lib\site-packages\sqlalchemy\engine\base.py:3278: in connect
    return self._connection_cls(self)
.venv\Lib\site-packages\sqlalchemy\engine\base.py:148: in __init__
    Connection._handle_dbapi_exception_noconnection(
.venv\Lib\site-packages\sqlalchemy\engine\base.py:2442: in _handle_dbapi_exception_noconnection
    raise sqlalchemy_exception.with_traceback(exc_info[2]) from e
.venv\Lib\site-packages\sqlalchemy\engine\base.py:146: in __init__
    self._dbapi_connection = engine.raw_connection()
.venv\Lib\site-packages\sqlalchemy\engine\base.py:3302: in raw_connection
    return self.pool.connect()
.venv\Lib\site-packages\sqlalchemy\pool\base.py:449: in connect
    return _ConnectionFairy._checkout(self)
.venv\Lib\site-packages\sqlalchemy\pool\base.py:1263: in _checkout
    fairy = _ConnectionRecord.checkout(pool)
.venv\Lib\site-packages\sqlalchemy\pool\base.py:712: in checkout
    rec = pool._do_get()
.venv\Lib\site-packages\sqlalchemy\pool\impl.py:179: in _do_get
    with util.safe_reraise():
.venv\Lib\site-packages\sqlalchemy\util\langhelpers.py:146: in __exit__
    raise exc_value.with_traceback(exc_tb)
.venv\Lib\site-packages\sqlalchemy\pool\impl.py:177: in _do_get
    return self._create_connection()
.venv\Lib\site-packages\sqlalchemy\pool\base.py:390: in _create_connection
    return _ConnectionRecord(self)
.venv\Lib\site-packages\sqlalchemy\pool\base.py:674: in __init__
    self.__connect()
.venv\Lib\site-packages\sqlalchemy\pool\base.py:900: in __connect
    with util.safe_reraise():
.venv\Lib\site-packages\sqlalchemy\util\langhelpers.py:146: in __exit__
    raise exc_value.with_traceback(exc_tb)
.venv\Lib\site-packages\sqlalchemy\pool\base.py:896: in __connect
    self.dbapi_connection = connection = pool._invoke_creator(self)
.venv\Lib\site-packages\sqlalchemy\engine\create.py:643: in connect
    return dialect.connect(*cargs, **cparams)
.venv\Lib\site-packages\sqlalchemy\engine\default.py:621: in connect
    return self.loaded_dbapi.connect(*cargs, **cparams)
.venv\Lib\site-packages\psycopg2\__init__.py:135: in connect
    conn = _connect(dsn, connection_factory=connection_factory, **kwasync)
E   sqlalchemy.exc.OperationalError: (psycopg2.OperationalError) connection to server at "localhost" (::1), port 5432 failed: FATAL:  database "pulseboard_test" does not exist
E   
E   (Background on this error at: https://sqlalche.me/e/20/e3q8)
_____ ERROR at setup of TestLogout.test_logout_revokes_the_refresh_token ______
.venv\Lib\site-packages\sqlalchemy\engine\base.py:146: in __init__
    self._dbapi_connection = engine.raw_connection()
.venv\Lib\site-packages\sqlalchemy\engine\base.py:3302: in raw_connection
    return self.pool.connect()
.venv\Lib\site-packages\sqlalchemy\pool\base.py:449: in connect
    return _ConnectionFairy._checkout(self)
.venv\Lib\site-packages\sqlalchemy\pool\base.py:1263: in _checkout
    fairy = _ConnectionRecord.checkout(pool)
.venv\Lib\site-packages\sqlalchemy\pool\base.py:712: in checkout
    rec = pool._do_get()
.venv\Lib\site-packages\sqlalchemy\pool\impl.py:179: in _do_get
    with util.safe_reraise():
.venv\Lib\site-packages\sqlalchemy\util\langhelpers.py:146: in __exit__
    raise exc_value.with_traceback(exc_tb)
.venv\Lib\site-packages\sqlalchemy\pool\impl.py:177: in _do_get
    return self._create_connection()
.venv\Lib\site-packages\sqlalchemy\pool\base.py:390: in _create_connection
    return _ConnectionRecord(self)
.venv\Lib\site-packages\sqlalchemy\pool\base.py:674: in __init__
    self.__connect()
.venv\Lib\site-packages\sqlalchemy\pool\base.py:900: in __connect
    with util.safe_reraise():
.venv\Lib\site-packages\sqlalchemy\util\langhelpers.py:146: in __exit__
    raise exc_value.with_traceback(exc_tb)
.venv\Lib\site-packages\sqlalchemy\pool\base.py:896: in __connect
    self.dbapi_connection = connection = pool._invoke_creator(self)
.venv\Lib\site-packages\sqlalchemy\engine\create.py:643: in connect
    return dialect.connect(*cargs, **cparams)
.venv\Lib\site-packages\sqlalchemy\engine\default.py:621: in connect
    return self.loaded_dbapi.connect(*cargs, **cparams)
.venv\Lib\site-packages\psycopg2\__init__.py:135: in connect
    conn = _connect(dsn, connection_factory=connection_factory, **kwasync)
E   psycopg2.OperationalError: connection to server at "localhost" (::1), port 5432 failed: FATAL:  database "pulseboard_test" does not exist

The above exception was the direct cause of the following exception:
app\tests\conftest.py:49: in _create_schema
    Base.metadata.drop_all(bind=sync_engine)
.venv\Lib\site-packages\sqlalchemy\sql\schema.py:5896: in drop_all
    bind._run_ddl_visitor(
.venv\Lib\site-packages\sqlalchemy\engine\base.py:3252: in _run_ddl_visitor
    with self.begin() as conn:
..\..\..\..\AppData\Local\Programs\Python\Python313\Lib\contextlib.py:141: in __enter__
    return next(self.gen)
.venv\Lib\site-packages\sqlalchemy\engine\base.py:3242: in begin
    with self.connect() as conn:
.venv\Lib\site-packages\sqlalchemy\engine\base.py:3278: in connect
    return self._connection_cls(self)
.venv\Lib\site-packages\sqlalchemy\engine\base.py:148: in __init__
    Connection._handle_dbapi_exception_noconnection(
.venv\Lib\site-packages\sqlalchemy\engine\base.py:2442: in _handle_dbapi_exception_noconnection
    raise sqlalchemy_exception.with_traceback(exc_info[2]) from e
.venv\Lib\site-packages\sqlalchemy\engine\base.py:146: in __init__
    self._dbapi_connection = engine.raw_connection()
.venv\Lib\site-packages\sqlalchemy\engine\base.py:3302: in raw_connection
    return self.pool.connect()
.venv\Lib\site-packages\sqlalchemy\pool\base.py:449: in connect
    return _ConnectionFairy._checkout(self)
.venv\Lib\site-packages\sqlalchemy\pool\base.py:1263: in _checkout
    fairy = _ConnectionRecord.checkout(pool)
.venv\Lib\site-packages\sqlalchemy\pool\base.py:712: in checkout
    rec = pool._do_get()
.venv\Lib\site-packages\sqlalchemy\pool\impl.py:179: in _do_get
    with util.safe_reraise():
.venv\Lib\site-packages\sqlalchemy\util\langhelpers.py:146: in __exit__
    raise exc_value.with_traceback(exc_tb)
.venv\Lib\site-packages\sqlalchemy\pool\impl.py:177: in _do_get
    return self._create_connection()
.venv\Lib\site-packages\sqlalchemy\pool\base.py:390: in _create_connection
    return _ConnectionRecord(self)
.venv\Lib\site-packages\sqlalchemy\pool\base.py:674: in __init__
    self.__connect()
.venv\Lib\site-packages\sqlalchemy\pool\base.py:900: in __connect
    with util.safe_reraise():
.venv\Lib\site-packages\sqlalchemy\util\langhelpers.py:146: in __exit__
    raise exc_value.with_traceback(exc_tb)
.venv\Lib\site-packages\sqlalchemy\pool\base.py:896: in __connect
    self.dbapi_connection = connection = pool._invoke_creator(self)
.venv\Lib\site-packages\sqlalchemy\engine\create.py:643: in connect
    return dialect.connect(*cargs, **cparams)
.venv\Lib\site-packages\sqlalchemy\engine\default.py:621: in connect
    return self.loaded_dbapi.connect(*cargs, **cparams)
.venv\Lib\site-packages\psycopg2\__init__.py:135: in connect
    conn = _connect(dsn, connection_factory=connection_factory, **kwasync)
E   sqlalchemy.exc.OperationalError: (psycopg2.OperationalError) connection to server at "localhost" (::1), port 5432 failed: FATAL:  database "pulseboard_test" does not exist
E   
E   (Background on this error at: https://sqlalche.me/e/20/e3q8)
__ ERROR at setup of TestLogout.test_logout_is_idempotent_for_unknown_tokens __
.venv\Lib\site-packages\sqlalchemy\engine\base.py:146: in __init__
    self._dbapi_connection = engine.raw_connection()
.venv\Lib\site-packages\sqlalchemy\engine\base.py:3302: in raw_connection
    return self.pool.connect()
.venv\Lib\site-packages\sqlalchemy\pool\base.py:449: in connect
    return _ConnectionFairy._checkout(self)
.venv\Lib\site-packages\sqlalchemy\pool\base.py:1263: in _checkout
    fairy = _ConnectionRecord.checkout(pool)
.venv\Lib\site-packages\sqlalchemy\pool\base.py:712: in checkout
    rec = pool._do_get()
.venv\Lib\site-packages\sqlalchemy\pool\impl.py:179: in _do_get
    with util.safe_reraise():
.venv\Lib\site-packages\sqlalchemy\util\langhelpers.py:146: in __exit__
    raise exc_value.with_traceback(exc_tb)
.venv\Lib\site-packages\sqlalchemy\pool\impl.py:177: in _do_get
    return self._create_connection()
.venv\Lib\site-packages\sqlalchemy\pool\base.py:390: in _create_connection
    return _ConnectionRecord(self)
.venv\Lib\site-packages\sqlalchemy\pool\base.py:674: in __init__
    self.__connect()
.venv\Lib\site-packages\sqlalchemy\pool\base.py:900: in __connect
    with util.safe_reraise():
.venv\Lib\site-packages\sqlalchemy\util\langhelpers.py:146: in __exit__
    raise exc_value.with_traceback(exc_tb)
.venv\Lib\site-packages\sqlalchemy\pool\base.py:896: in __connect
    self.dbapi_connection = connection = pool._invoke_creator(self)
.venv\Lib\site-packages\sqlalchemy\engine\create.py:643: in connect
    return dialect.connect(*cargs, **cparams)
.venv\Lib\site-packages\sqlalchemy\engine\default.py:621: in connect
    return self.loaded_dbapi.connect(*cargs, **cparams)
.venv\Lib\site-packages\psycopg2\__init__.py:135: in connect
    conn = _connect(dsn, connection_factory=connection_factory, **kwasync)
E   psycopg2.OperationalError: connection to server at "localhost" (::1), port 5432 failed: FATAL:  database "pulseboard_test" does not exist

The above exception was the direct cause of the following exception:
app\tests\conftest.py:49: in _create_schema
    Base.metadata.drop_all(bind=sync_engine)
.venv\Lib\site-packages\sqlalchemy\sql\schema.py:5896: in drop_all
    bind._run_ddl_visitor(
.venv\Lib\site-packages\sqlalchemy\engine\base.py:3252: in _run_ddl_visitor
    with self.begin() as conn:
..\..\..\..\AppData\Local\Programs\Python\Python313\Lib\contextlib.py:141: in __enter__
    return next(self.gen)
.venv\Lib\site-packages\sqlalchemy\engine\base.py:3242: in begin
    with self.connect() as conn:
.venv\Lib\site-packages\sqlalchemy\engine\base.py:3278: in connect
    return self._connection_cls(self)
.venv\Lib\site-packages\sqlalchemy\engine\base.py:148: in __init__
    Connection._handle_dbapi_exception_noconnection(
.venv\Lib\site-packages\sqlalchemy\engine\base.py:2442: in _handle_dbapi_exception_noconnection
    raise sqlalchemy_exception.with_traceback(exc_info[2]) from e
.venv\Lib\site-packages\sqlalchemy\engine\base.py:146: in __init__
    self._dbapi_connection = engine.raw_connection()
.venv\Lib\site-packages\sqlalchemy\engine\base.py:3302: in raw_connection
    return self.pool.connect()
.venv\Lib\site-packages\sqlalchemy\pool\base.py:449: in connect
    return _ConnectionFairy._checkout(self)
.venv\Lib\site-packages\sqlalchemy\pool\base.py:1263: in _checkout
    fairy = _ConnectionRecord.checkout(pool)
.venv\Lib\site-packages\sqlalchemy\pool\base.py:712: in checkout
    rec = pool._do_get()
.venv\Lib\site-packages\sqlalchemy\pool\impl.py:179: in _do_get
    with util.safe_reraise():
.venv\Lib\site-packages\sqlalchemy\util\langhelpers.py:146: in __exit__
    raise exc_value.with_traceback(exc_tb)
.venv\Lib\site-packages\sqlalchemy\pool\impl.py:177: in _do_get
    return self._create_connection()
.venv\Lib\site-packages\sqlalchemy\pool\base.py:390: in _create_connection
    return _ConnectionRecord(self)
.venv\Lib\site-packages\sqlalchemy\pool\base.py:674: in __init__
    self.__connect()
.venv\Lib\site-packages\sqlalchemy\pool\base.py:900: in __connect
    with util.safe_reraise():
.venv\Lib\site-packages\sqlalchemy\util\langhelpers.py:146: in __exit__
    raise exc_value.with_traceback(exc_tb)
.venv\Lib\site-packages\sqlalchemy\pool\base.py:896: in __connect
    self.dbapi_connection = connection = pool._invoke_creator(self)
.venv\Lib\site-packages\sqlalchemy\engine\create.py:643: in connect
    return dialect.connect(*cargs, **cparams)
.venv\Lib\site-packages\sqlalchemy\engine\default.py:621: in connect
    return self.loaded_dbapi.connect(*cargs, **cparams)
.venv\Lib\site-packages\psycopg2\__init__.py:135: in connect
    conn = _connect(dsn, connection_factory=connection_factory, **kwasync)
E   sqlalchemy.exc.OperationalError: (psycopg2.OperationalError) connection to server at "localhost" (::1), port 5432 failed: FATAL:  database "pulseboard_test" does not exist
E   
E   (Background on this error at: https://sqlalche.me/e/20/e3q8)
_ ERROR at setup of TestLogout.test_logout_does_not_invalidate_the_still_live_access_token _
.venv\Lib\site-packages\sqlalchemy\engine\base.py:146: in __init__
    self._dbapi_connection = engine.raw_connection()
.venv\Lib\site-packages\sqlalchemy\engine\base.py:3302: in raw_connection
    return self.pool.connect()
.venv\Lib\site-packages\sqlalchemy\pool\base.py:449: in connect
    return _ConnectionFairy._checkout(self)
.venv\Lib\site-packages\sqlalchemy\pool\base.py:1263: in _checkout
    fairy = _ConnectionRecord.checkout(pool)
.venv\Lib\site-packages\sqlalchemy\pool\base.py:712: in checkout
    rec = pool._do_get()
.venv\Lib\site-packages\sqlalchemy\pool\impl.py:179: in _do_get
    with util.safe_reraise():
.venv\Lib\site-packages\sqlalchemy\util\langhelpers.py:146: in __exit__
    raise exc_value.with_traceback(exc_tb)
.venv\Lib\site-packages\sqlalchemy\pool\impl.py:177: in _do_get
    return self._create_connection()
.venv\Lib\site-packages\sqlalchemy\pool\base.py:390: in _create_connection
    return _ConnectionRecord(self)
.venv\Lib\site-packages\sqlalchemy\pool\base.py:674: in __init__
    self.__connect()
.venv\Lib\site-packages\sqlalchemy\pool\base.py:900: in __connect
    with util.safe_reraise():
.venv\Lib\site-packages\sqlalchemy\util\langhelpers.py:146: in __exit__
    raise exc_value.with_traceback(exc_tb)
.venv\Lib\site-packages\sqlalchemy\pool\base.py:896: in __connect
    self.dbapi_connection = connection = pool._invoke_creator(self)
.venv\Lib\site-packages\sqlalchemy\engine\create.py:643: in connect
    return dialect.connect(*cargs, **cparams)
.venv\Lib\site-packages\sqlalchemy\engine\default.py:621: in connect
    return self.loaded_dbapi.connect(*cargs, **cparams)
.venv\Lib\site-packages\psycopg2\__init__.py:135: in connect
    conn = _connect(dsn, connection_factory=connection_factory, **kwasync)
E   psycopg2.OperationalError: connection to server at "localhost" (::1), port 5432 failed: FATAL:  database "pulseboard_test" does not exist

The above exception was the direct cause of the following exception:
app\tests\conftest.py:49: in _create_schema
    Base.metadata.drop_all(bind=sync_engine)
.venv\Lib\site-packages\sqlalchemy\sql\schema.py:5896: in drop_all
    bind._run_ddl_visitor(
.venv\Lib\site-packages\sqlalchemy\engine\base.py:3252: in _run_ddl_visitor
    with self.begin() as conn:
..\..\..\..\AppData\Local\Programs\Python\Python313\Lib\contextlib.py:141: in __enter__
    return next(self.gen)
.venv\Lib\site-packages\sqlalchemy\engine\base.py:3242: in begin
    with self.connect() as conn:
.venv\Lib\site-packages\sqlalchemy\engine\base.py:3278: in connect
    return self._connection_cls(self)
.venv\Lib\site-packages\sqlalchemy\engine\base.py:148: in __init__
    Connection._handle_dbapi_exception_noconnection(
.venv\Lib\site-packages\sqlalchemy\engine\base.py:2442: in _handle_dbapi_exception_noconnection
    raise sqlalchemy_exception.with_traceback(exc_info[2]) from e
.venv\Lib\site-packages\sqlalchemy\engine\base.py:146: in __init__
    self._dbapi_connection = engine.raw_connection()
.venv\Lib\site-packages\sqlalchemy\engine\base.py:3302: in raw_connection
    return self.pool.connect()
.venv\Lib\site-packages\sqlalchemy\pool\base.py:449: in connect
    return _ConnectionFairy._checkout(self)
.venv\Lib\site-packages\sqlalchemy\pool\base.py:1263: in _checkout
    fairy = _ConnectionRecord.checkout(pool)
.venv\Lib\site-packages\sqlalchemy\pool\base.py:712: in checkout
    rec = pool._do_get()
.venv\Lib\site-packages\sqlalchemy\pool\impl.py:179: in _do_get
    with util.safe_reraise():
.venv\Lib\site-packages\sqlalchemy\util\langhelpers.py:146: in __exit__
    raise exc_value.with_traceback(exc_tb)
.venv\Lib\site-packages\sqlalchemy\pool\impl.py:177: in _do_get
    return self._create_connection()
.venv\Lib\site-packages\sqlalchemy\pool\base.py:390: in _create_connection
    return _ConnectionRecord(self)
.venv\Lib\site-packages\sqlalchemy\pool\base.py:674: in __init__
    self.__connect()
.venv\Lib\site-packages\sqlalchemy\pool\base.py:900: in __connect
    with util.safe_reraise():
.venv\Lib\site-packages\sqlalchemy\util\langhelpers.py:146: in __exit__
    raise exc_value.with_traceback(exc_tb)
.venv\Lib\site-packages\sqlalchemy\pool\base.py:896: in __connect
    self.dbapi_connection = connection = pool._invoke_creator(self)
.venv\Lib\site-packages\sqlalchemy\engine\create.py:643: in connect
    return dialect.connect(*cargs, **cparams)
.venv\Lib\site-packages\sqlalchemy\engine\default.py:621: in connect
    return self.loaded_dbapi.connect(*cargs, **cparams)
.venv\Lib\site-packages\psycopg2\__init__.py:135: in connect
    conn = _connect(dsn, connection_factory=connection_factory, **kwasync)
E   sqlalchemy.exc.OperationalError: (psycopg2.OperationalError) connection to server at "localhost" (::1), port 5432 failed: FATAL:  database "pulseboard_test" does not exist
E   
E   (Background on this error at: https://sqlalche.me/e/20/e3q8)
_ ERROR at setup of TestRequireAdminDependency.test_admin_user_passes_through _
.venv\Lib\site-packages\sqlalchemy\engine\base.py:146: in __init__
    self._dbapi_connection = engine.raw_connection()
.venv\Lib\site-packages\sqlalchemy\engine\base.py:3302: in raw_connection
    return self.pool.connect()
.venv\Lib\site-packages\sqlalchemy\pool\base.py:449: in connect
    return _ConnectionFairy._checkout(self)
.venv\Lib\site-packages\sqlalchemy\pool\base.py:1263: in _checkout
    fairy = _ConnectionRecord.checkout(pool)
.venv\Lib\site-packages\sqlalchemy\pool\base.py:712: in checkout
    rec = pool._do_get()
.venv\Lib\site-packages\sqlalchemy\pool\impl.py:179: in _do_get
    with util.safe_reraise():
.venv\Lib\site-packages\sqlalchemy\util\langhelpers.py:146: in __exit__
    raise exc_value.with_traceback(exc_tb)
.venv\Lib\site-packages\sqlalchemy\pool\impl.py:177: in _do_get
    return self._create_connection()
.venv\Lib\site-packages\sqlalchemy\pool\base.py:390: in _create_connection
    return _ConnectionRecord(self)
.venv\Lib\site-packages\sqlalchemy\pool\base.py:674: in __init__
    self.__connect()
.venv\Lib\site-packages\sqlalchemy\pool\base.py:900: in __connect
    with util.safe_reraise():
.venv\Lib\site-packages\sqlalchemy\util\langhelpers.py:146: in __exit__
    raise exc_value.with_traceback(exc_tb)
.venv\Lib\site-packages\sqlalchemy\pool\base.py:896: in __connect
    self.dbapi_connection = connection = pool._invoke_creator(self)
.venv\Lib\site-packages\sqlalchemy\engine\create.py:643: in connect
    return dialect.connect(*cargs, **cparams)
.venv\Lib\site-packages\sqlalchemy\engine\default.py:621: in connect
    return self.loaded_dbapi.connect(*cargs, **cparams)
.venv\Lib\site-packages\psycopg2\__init__.py:135: in connect
    conn = _connect(dsn, connection_factory=connection_factory, **kwasync)
E   psycopg2.OperationalError: connection to server at "localhost" (::1), port 5432 failed: FATAL:  database "pulseboard_test" does not exist

The above exception was the direct cause of the following exception:
app\tests\conftest.py:49: in _create_schema
    Base.metadata.drop_all(bind=sync_engine)
.venv\Lib\site-packages\sqlalchemy\sql\schema.py:5896: in drop_all
    bind._run_ddl_visitor(
.venv\Lib\site-packages\sqlalchemy\engine\base.py:3252: in _run_ddl_visitor
    with self.begin() as conn:
..\..\..\..\AppData\Local\Programs\Python\Python313\Lib\contextlib.py:141: in __enter__
    return next(self.gen)
.venv\Lib\site-packages\sqlalchemy\engine\base.py:3242: in begin
    with self.connect() as conn:
.venv\Lib\site-packages\sqlalchemy\engine\base.py:3278: in connect
    return self._connection_cls(self)
.venv\Lib\site-packages\sqlalchemy\engine\base.py:148: in __init__
    Connection._handle_dbapi_exception_noconnection(
.venv\Lib\site-packages\sqlalchemy\engine\base.py:2442: in _handle_dbapi_exception_noconnection
    raise sqlalchemy_exception.with_traceback(exc_info[2]) from e
.venv\Lib\site-packages\sqlalchemy\engine\base.py:146: in __init__
    self._dbapi_connection = engine.raw_connection()
.venv\Lib\site-packages\sqlalchemy\engine\base.py:3302: in raw_connection
    return self.pool.connect()
.venv\Lib\site-packages\sqlalchemy\pool\base.py:449: in connect
    return _ConnectionFairy._checkout(self)
.venv\Lib\site-packages\sqlalchemy\pool\base.py:1263: in _checkout
    fairy = _ConnectionRecord.checkout(pool)
.venv\Lib\site-packages\sqlalchemy\pool\base.py:712: in checkout
    rec = pool._do_get()
.venv\Lib\site-packages\sqlalchemy\pool\impl.py:179: in _do_get
    with util.safe_reraise():
.venv\Lib\site-packages\sqlalchemy\util\langhelpers.py:146: in __exit__
    raise exc_value.with_traceback(exc_tb)
.venv\Lib\site-packages\sqlalchemy\pool\impl.py:177: in _do_get
    return self._create_connection()
.venv\Lib\site-packages\sqlalchemy\pool\base.py:390: in _create_connection
    return _ConnectionRecord(self)
.venv\Lib\site-packages\sqlalchemy\pool\base.py:674: in __init__
    self.__connect()
.venv\Lib\site-packages\sqlalchemy\pool\base.py:900: in __connect
    with util.safe_reraise():
.venv\Lib\site-packages\sqlalchemy\util\langhelpers.py:146: in __exit__
    raise exc_value.with_traceback(exc_tb)
.venv\Lib\site-packages\sqlalchemy\pool\base.py:896: in __connect
    self.dbapi_connection = connection = pool._invoke_creator(self)
.venv\Lib\site-packages\sqlalchemy\engine\create.py:643: in connect
    return dialect.connect(*cargs, **cparams)
.venv\Lib\site-packages\sqlalchemy\engine\default.py:621: in connect
    return self.loaded_dbapi.connect(*cargs, **cparams)
.venv\Lib\site-packages\psycopg2\__init__.py:135: in connect
    conn = _connect(dsn, connection_factory=connection_factory, **kwasync)
E   sqlalchemy.exc.OperationalError: (psycopg2.OperationalError) connection to server at "localhost" (::1), port 5432 failed: FATAL:  database "pulseboard_test" does not exist
E   
E   (Background on this error at: https://sqlalche.me/e/20/e3q8)
__ ERROR at setup of TestRequireAdminDependency.test_viewer_user_is_rejected __
.venv\Lib\site-packages\sqlalchemy\engine\base.py:146: in __init__
    self._dbapi_connection = engine.raw_connection()
.venv\Lib\site-packages\sqlalchemy\engine\base.py:3302: in raw_connection
    return self.pool.connect()
.venv\Lib\site-packages\sqlalchemy\pool\base.py:449: in connect
    return _ConnectionFairy._checkout(self)
.venv\Lib\site-packages\sqlalchemy\pool\base.py:1263: in _checkout
    fairy = _ConnectionRecord.checkout(pool)
.venv\Lib\site-packages\sqlalchemy\pool\base.py:712: in checkout
    rec = pool._do_get()
.venv\Lib\site-packages\sqlalchemy\pool\impl.py:179: in _do_get
    with util.safe_reraise():
.venv\Lib\site-packages\sqlalchemy\util\langhelpers.py:146: in __exit__
    raise exc_value.with_traceback(exc_tb)
.venv\Lib\site-packages\sqlalchemy\pool\impl.py:177: in _do_get
    return self._create_connection()
.venv\Lib\site-packages\sqlalchemy\pool\base.py:390: in _create_connection
    return _ConnectionRecord(self)
.venv\Lib\site-packages\sqlalchemy\pool\base.py:674: in __init__
    self.__connect()
.venv\Lib\site-packages\sqlalchemy\pool\base.py:900: in __connect
    with util.safe_reraise():
.venv\Lib\site-packages\sqlalchemy\util\langhelpers.py:146: in __exit__
    raise exc_value.with_traceback(exc_tb)
.venv\Lib\site-packages\sqlalchemy\pool\base.py:896: in __connect
    self.dbapi_connection = connection = pool._invoke_creator(self)
.venv\Lib\site-packages\sqlalchemy\engine\create.py:643: in connect
    return dialect.connect(*cargs, **cparams)
.venv\Lib\site-packages\sqlalchemy\engine\default.py:621: in connect
    return self.loaded_dbapi.connect(*cargs, **cparams)
.venv\Lib\site-packages\psycopg2\__init__.py:135: in connect
    conn = _connect(dsn, connection_factory=connection_factory, **kwasync)
E   psycopg2.OperationalError: connection to server at "localhost" (::1), port 5432 failed: FATAL:  database "pulseboard_test" does not exist

The above exception was the direct cause of the following exception:
app\tests\conftest.py:49: in _create_schema
    Base.metadata.drop_all(bind=sync_engine)
.venv\Lib\site-packages\sqlalchemy\sql\schema.py:5896: in drop_all
    bind._run_ddl_visitor(
.venv\Lib\site-packages\sqlalchemy\engine\base.py:3252: in _run_ddl_visitor
    with self.begin() as conn:
..\..\..\..\AppData\Local\Programs\Python\Python313\Lib\contextlib.py:141: in __enter__
    return next(self.gen)
.venv\Lib\site-packages\sqlalchemy\engine\base.py:3242: in begin
    with self.connect() as conn:
.venv\Lib\site-packages\sqlalchemy\engine\base.py:3278: in connect
    return self._connection_cls(self)
.venv\Lib\site-packages\sqlalchemy\engine\base.py:148: in __init__
    Connection._handle_dbapi_exception_noconnection(
.venv\Lib\site-packages\sqlalchemy\engine\base.py:2442: in _handle_dbapi_exception_noconnection
    raise sqlalchemy_exception.with_traceback(exc_info[2]) from e
.venv\Lib\site-packages\sqlalchemy\engine\base.py:146: in __init__
    self._dbapi_connection = engine.raw_connection()
.venv\Lib\site-packages\sqlalchemy\engine\base.py:3302: in raw_connection
    return self.pool.connect()
.venv\Lib\site-packages\sqlalchemy\pool\base.py:449: in connect
    return _ConnectionFairy._checkout(self)
.venv\Lib\site-packages\sqlalchemy\pool\base.py:1263: in _checkout
    fairy = _ConnectionRecord.checkout(pool)
.venv\Lib\site-packages\sqlalchemy\pool\base.py:712: in checkout
    rec = pool._do_get()
.venv\Lib\site-packages\sqlalchemy\pool\impl.py:179: in _do_get
    with util.safe_reraise():
.venv\Lib\site-packages\sqlalchemy\util\langhelpers.py:146: in __exit__
    raise exc_value.with_traceback(exc_tb)
.venv\Lib\site-packages\sqlalchemy\pool\impl.py:177: in _do_get
    return self._create_connection()
.venv\Lib\site-packages\sqlalchemy\pool\base.py:390: in _create_connection
    return _ConnectionRecord(self)
.venv\Lib\site-packages\sqlalchemy\pool\base.py:674: in __init__
    self.__connect()
.venv\Lib\site-packages\sqlalchemy\pool\base.py:900: in __connect
    with util.safe_reraise():
.venv\Lib\site-packages\sqlalchemy\util\langhelpers.py:146: in __exit__
    raise exc_value.with_traceback(exc_tb)
.venv\Lib\site-packages\sqlalchemy\pool\base.py:896: in __connect
    self.dbapi_connection = connection = pool._invoke_creator(self)
.venv\Lib\site-packages\sqlalchemy\engine\create.py:643: in connect
    return dialect.connect(*cargs, **cparams)
.venv\Lib\site-packages\sqlalchemy\engine\default.py:621: in connect
    return self.loaded_dbapi.connect(*cargs, **cparams)
.venv\Lib\site-packages\psycopg2\__init__.py:135: in connect
    conn = _connect(dsn, connection_factory=connection_factory, **kwasync)
E   sqlalchemy.exc.OperationalError: (psycopg2.OperationalError) connection to server at "localhost" (::1), port 5432 failed: FATAL:  database "pulseboard_test" does not exist
E   
E   (Background on this error at: https://sqlalche.me/e/20/e3q8)
_ ERROR at setup of TestFormulaPrefixesAreNeutered.test_dangerous_prefix_gets_neutralized[=cmd|' /C calc'!A0] _
.venv\Lib\site-packages\sqlalchemy\engine\base.py:146: in __init__
    self._dbapi_connection = engine.raw_connection()
.venv\Lib\site-packages\sqlalchemy\engine\base.py:3302: in raw_connection
    return self.pool.connect()
.venv\Lib\site-packages\sqlalchemy\pool\base.py:449: in connect
    return _ConnectionFairy._checkout(self)
.venv\Lib\site-packages\sqlalchemy\pool\base.py:1263: in _checkout
    fairy = _ConnectionRecord.checkout(pool)
.venv\Lib\site-packages\sqlalchemy\pool\base.py:712: in checkout
    rec = pool._do_get()
.venv\Lib\site-packages\sqlalchemy\pool\impl.py:179: in _do_get
    with util.safe_reraise():
.venv\Lib\site-packages\sqlalchemy\util\langhelpers.py:146: in __exit__
    raise exc_value.with_traceback(exc_tb)
.venv\Lib\site-packages\sqlalchemy\pool\impl.py:177: in _do_get
    return self._create_connection()
.venv\Lib\site-packages\sqlalchemy\pool\base.py:390: in _create_connection
    return _ConnectionRecord(self)
.venv\Lib\site-packages\sqlalchemy\pool\base.py:674: in __init__
    self.__connect()
.venv\Lib\site-packages\sqlalchemy\pool\base.py:900: in __connect
    with util.safe_reraise():
.venv\Lib\site-packages\sqlalchemy\util\langhelpers.py:146: in __exit__
    raise exc_value.with_traceback(exc_tb)
.venv\Lib\site-packages\sqlalchemy\pool\base.py:896: in __connect
    self.dbapi_connection = connection = pool._invoke_creator(self)
.venv\Lib\site-packages\sqlalchemy\engine\create.py:643: in connect
    return dialect.connect(*cargs, **cparams)
.venv\Lib\site-packages\sqlalchemy\engine\default.py:621: in connect
    return self.loaded_dbapi.connect(*cargs, **cparams)
.venv\Lib\site-packages\psycopg2\__init__.py:135: in connect
    conn = _connect(dsn, connection_factory=connection_factory, **kwasync)
E   psycopg2.OperationalError: connection to server at "localhost" (::1), port 5432 failed: FATAL:  database "pulseboard_test" does not exist

The above exception was the direct cause of the following exception:
app\tests\conftest.py:49: in _create_schema
    Base.metadata.drop_all(bind=sync_engine)
.venv\Lib\site-packages\sqlalchemy\sql\schema.py:5896: in drop_all
    bind._run_ddl_visitor(
.venv\Lib\site-packages\sqlalchemy\engine\base.py:3252: in _run_ddl_visitor
    with self.begin() as conn:
..\..\..\..\AppData\Local\Programs\Python\Python313\Lib\contextlib.py:141: in __enter__
    return next(self.gen)
.venv\Lib\site-packages\sqlalchemy\engine\base.py:3242: in begin
    with self.connect() as conn:
.venv\Lib\site-packages\sqlalchemy\engine\base.py:3278: in connect
    return self._connection_cls(self)
.venv\Lib\site-packages\sqlalchemy\engine\base.py:148: in __init__
    Connection._handle_dbapi_exception_noconnection(
.venv\Lib\site-packages\sqlalchemy\engine\base.py:2442: in _handle_dbapi_exception_noconnection
    raise sqlalchemy_exception.with_traceback(exc_info[2]) from e
.venv\Lib\site-packages\sqlalchemy\engine\base.py:146: in __init__
    self._dbapi_connection = engine.raw_connection()
.venv\Lib\site-packages\sqlalchemy\engine\base.py:3302: in raw_connection
    return self.pool.connect()
.venv\Lib\site-packages\sqlalchemy\pool\base.py:449: in connect
    return _ConnectionFairy._checkout(self)
.venv\Lib\site-packages\sqlalchemy\pool\base.py:1263: in _checkout
    fairy = _ConnectionRecord.checkout(pool)
.venv\Lib\site-packages\sqlalchemy\pool\base.py:712: in checkout
    rec = pool._do_get()
.venv\Lib\site-packages\sqlalchemy\pool\impl.py:179: in _do_get
    with util.safe_reraise():
.venv\Lib\site-packages\sqlalchemy\util\langhelpers.py:146: in __exit__
    raise exc_value.with_traceback(exc_tb)
.venv\Lib\site-packages\sqlalchemy\pool\impl.py:177: in _do_get
    return self._create_connection()
.venv\Lib\site-packages\sqlalchemy\pool\base.py:390: in _create_connection
    return _ConnectionRecord(self)
.venv\Lib\site-packages\sqlalchemy\pool\base.py:674: in __init__
    self.__connect()
.venv\Lib\site-packages\sqlalchemy\pool\base.py:900: in __connect
    with util.safe_reraise():
.venv\Lib\site-packages\sqlalchemy\util\langhelpers.py:146: in __exit__
    raise exc_value.with_traceback(exc_tb)
.venv\Lib\site-packages\sqlalchemy\pool\base.py:896: in __connect
    self.dbapi_connection = connection = pool._invoke_creator(self)
.venv\Lib\site-packages\sqlalchemy\engine\create.py:643: in connect
    return dialect.connect(*cargs, **cparams)
.venv\Lib\site-packages\sqlalchemy\engine\default.py:621: in connect
    return self.loaded_dbapi.connect(*cargs, **cparams)
.venv\Lib\site-packages\psycopg2\__init__.py:135: in connect
    conn = _connect(dsn, connection_factory=connection_factory, **kwasync)
E   sqlalchemy.exc.OperationalError: (psycopg2.OperationalError) connection to server at "localhost" (::1), port 5432 failed: FATAL:  database "pulseboard_test" does not exist
E   
E   (Background on this error at: https://sqlalche.me/e/20/e3q8)
_ ERROR at setup of TestFormulaPrefixesAreNeutered.test_dangerous_prefix_gets_neutralized[=HYPERLINK("http://evil.example/", "click me")] _
.venv\Lib\site-packages\sqlalchemy\engine\base.py:146: in __init__
    self._dbapi_connection = engine.raw_connection()
.venv\Lib\site-packages\sqlalchemy\engine\base.py:3302: in raw_connection
    return self.pool.connect()
.venv\Lib\site-packages\sqlalchemy\pool\base.py:449: in connect
    return _ConnectionFairy._checkout(self)
.venv\Lib\site-packages\sqlalchemy\pool\base.py:1263: in _checkout
    fairy = _ConnectionRecord.checkout(pool)
.venv\Lib\site-packages\sqlalchemy\pool\base.py:712: in checkout
    rec = pool._do_get()
.venv\Lib\site-packages\sqlalchemy\pool\impl.py:179: in _do_get
    with util.safe_reraise():
.venv\Lib\site-packages\sqlalchemy\util\langhelpers.py:146: in __exit__
    raise exc_value.with_traceback(exc_tb)
.venv\Lib\site-packages\sqlalchemy\pool\impl.py:177: in _do_get
    return self._create_connection()
.venv\Lib\site-packages\sqlalchemy\pool\base.py:390: in _create_connection
    return _ConnectionRecord(self)
.venv\Lib\site-packages\sqlalchemy\pool\base.py:674: in __init__
    self.__connect()
.venv\Lib\site-packages\sqlalchemy\pool\base.py:900: in __connect
    with util.safe_reraise():
.venv\Lib\site-packages\sqlalchemy\util\langhelpers.py:146: in __exit__
    raise exc_value.with_traceback(exc_tb)
.venv\Lib\site-packages\sqlalchemy\pool\base.py:896: in __connect
    self.dbapi_connection = connection = pool._invoke_creator(self)
.venv\Lib\site-packages\sqlalchemy\engine\create.py:643: in connect
    return dialect.connect(*cargs, **cparams)
.venv\Lib\site-packages\sqlalchemy\engine\default.py:621: in connect
    return self.loaded_dbapi.connect(*cargs, **cparams)
.venv\Lib\site-packages\psycopg2\__init__.py:135: in connect
    conn = _connect(dsn, connection_factory=connection_factory, **kwasync)
E   psycopg2.OperationalError: connection to server at "localhost" (::1), port 5432 failed: FATAL:  database "pulseboard_test" does not exist

The above exception was the direct cause of the following exception:
app\tests\conftest.py:49: in _create_schema
    Base.metadata.drop_all(bind=sync_engine)
.venv\Lib\site-packages\sqlalchemy\sql\schema.py:5896: in drop_all
    bind._run_ddl_visitor(
.venv\Lib\site-packages\sqlalchemy\engine\base.py:3252: in _run_ddl_visitor
    with self.begin() as conn:
..\..\..\..\AppData\Local\Programs\Python\Python313\Lib\contextlib.py:141: in __enter__
    return next(self.gen)
.venv\Lib\site-packages\sqlalchemy\engine\base.py:3242: in begin
    with self.connect() as conn:
.venv\Lib\site-packages\sqlalchemy\engine\base.py:3278: in connect
    return self._connection_cls(self)
.venv\Lib\site-packages\sqlalchemy\engine\base.py:148: in __init__
    Connection._handle_dbapi_exception_noconnection(
.venv\Lib\site-packages\sqlalchemy\engine\base.py:2442: in _handle_dbapi_exception_noconnection
    raise sqlalchemy_exception.with_traceback(exc_info[2]) from e
.venv\Lib\site-packages\sqlalchemy\engine\base.py:146: in __init__
    self._dbapi_connection = engine.raw_connection()
.venv\Lib\site-packages\sqlalchemy\engine\base.py:3302: in raw_connection
    return self.pool.connect()
.venv\Lib\site-packages\sqlalchemy\pool\base.py:449: in connect
    return _ConnectionFairy._checkout(self)
.venv\Lib\site-packages\sqlalchemy\pool\base.py:1263: in _checkout
    fairy = _ConnectionRecord.checkout(pool)
.venv\Lib\site-packages\sqlalchemy\pool\base.py:712: in checkout
    rec = pool._do_get()
.venv\Lib\site-packages\sqlalchemy\pool\impl.py:179: in _do_get
    with util.safe_reraise():
.venv\Lib\site-packages\sqlalchemy\util\langhelpers.py:146: in __exit__
    raise exc_value.with_traceback(exc_tb)
.venv\Lib\site-packages\sqlalchemy\pool\impl.py:177: in _do_get
    return self._create_connection()
.venv\Lib\site-packages\sqlalchemy\pool\base.py:390: in _create_connection
    return _ConnectionRecord(self)
.venv\Lib\site-packages\sqlalchemy\pool\base.py:674: in __init__
    self.__connect()
.venv\Lib\site-packages\sqlalchemy\pool\base.py:900: in __connect
    with util.safe_reraise():
.venv\Lib\site-packages\sqlalchemy\util\langhelpers.py:146: in __exit__
    raise exc_value.with_traceback(exc_tb)
.venv\Lib\site-packages\sqlalchemy\pool\base.py:896: in __connect
    self.dbapi_connection = connection = pool._invoke_creator(self)
.venv\Lib\site-packages\sqlalchemy\engine\create.py:643: in connect
    return dialect.connect(*cargs, **cparams)
.venv\Lib\site-packages\sqlalchemy\engine\default.py:621: in connect
    return self.loaded_dbapi.connect(*cargs, **cparams)
.venv\Lib\site-packages\psycopg2\__init__.py:135: in connect
    conn = _connect(dsn, connection_factory=connection_factory, **kwasync)
E   sqlalchemy.exc.OperationalError: (psycopg2.OperationalError) connection to server at "localhost" (::1), port 5432 failed: FATAL:  database "pulseboard_test" does not exist
E   
E   (Background on this error at: https://sqlalche.me/e/20/e3q8)
_ ERROR at setup of TestFormulaPrefixesAreNeutered.test_dangerous_prefix_gets_neutralized[+1+1] _
.venv\Lib\site-packages\sqlalchemy\engine\base.py:146: in __init__
    self._dbapi_connection = engine.raw_connection()
.venv\Lib\site-packages\sqlalchemy\engine\base.py:3302: in raw_connection
    return self.pool.connect()
.venv\Lib\site-packages\sqlalchemy\pool\base.py:449: in connect
    return _ConnectionFairy._checkout(self)
.venv\Lib\site-packages\sqlalchemy\pool\base.py:1263: in _checkout
    fairy = _ConnectionRecord.checkout(pool)
.venv\Lib\site-packages\sqlalchemy\pool\base.py:712: in checkout
    rec = pool._do_get()
.venv\Lib\site-packages\sqlalchemy\pool\impl.py:179: in _do_get
    with util.safe_reraise():
.venv\Lib\site-packages\sqlalchemy\util\langhelpers.py:146: in __exit__
    raise exc_value.with_traceback(exc_tb)
.venv\Lib\site-packages\sqlalchemy\pool\impl.py:177: in _do_get
    return self._create_connection()
.venv\Lib\site-packages\sqlalchemy\pool\base.py:390: in _create_connection
    return _ConnectionRecord(self)
.venv\Lib\site-packages\sqlalchemy\pool\base.py:674: in __init__
    self.__connect()
.venv\Lib\site-packages\sqlalchemy\pool\base.py:900: in __connect
    with util.safe_reraise():
.venv\Lib\site-packages\sqlalchemy\util\langhelpers.py:146: in __exit__
    raise exc_value.with_traceback(exc_tb)
.venv\Lib\site-packages\sqlalchemy\pool\base.py:896: in __connect
    self.dbapi_connection = connection = pool._invoke_creator(self)
.venv\Lib\site-packages\sqlalchemy\engine\create.py:643: in connect
    return dialect.connect(*cargs, **cparams)
.venv\Lib\site-packages\sqlalchemy\engine\default.py:621: in connect
    return self.loaded_dbapi.connect(*cargs, **cparams)
.venv\Lib\site-packages\psycopg2\__init__.py:135: in connect
    conn = _connect(dsn, connection_factory=connection_factory, **kwasync)
E   psycopg2.OperationalError: connection to server at "localhost" (::1), port 5432 failed: FATAL:  database "pulseboard_test" does not exist

The above exception was the direct cause of the following exception:
app\tests\conftest.py:49: in _create_schema
    Base.metadata.drop_all(bind=sync_engine)
.venv\Lib\site-packages\sqlalchemy\sql\schema.py:5896: in drop_all
    bind._run_ddl_visitor(
.venv\Lib\site-packages\sqlalchemy\engine\base.py:3252: in _run_ddl_visitor
    with self.begin() as conn:
..\..\..\..\AppData\Local\Programs\Python\Python313\Lib\contextlib.py:141: in __enter__
    return next(self.gen)
.venv\Lib\site-packages\sqlalchemy\engine\base.py:3242: in begin
    with self.connect() as conn:
.venv\Lib\site-packages\sqlalchemy\engine\base.py:3278: in connect
    return self._connection_cls(self)
.venv\Lib\site-packages\sqlalchemy\engine\base.py:148: in __init__
    Connection._handle_dbapi_exception_noconnection(
.venv\Lib\site-packages\sqlalchemy\engine\base.py:2442: in _handle_dbapi_exception_noconnection
    raise sqlalchemy_exception.with_traceback(exc_info[2]) from e
.venv\Lib\site-packages\sqlalchemy\engine\base.py:146: in __init__
    self._dbapi_connection = engine.raw_connection()
.venv\Lib\site-packages\sqlalchemy\engine\base.py:3302: in raw_connection
    return self.pool.connect()
.venv\Lib\site-packages\sqlalchemy\pool\base.py:449: in connect
    return _ConnectionFairy._checkout(self)
.venv\Lib\site-packages\sqlalchemy\pool\base.py:1263: in _checkout
    fairy = _ConnectionRecord.checkout(pool)
.venv\Lib\site-packages\sqlalchemy\pool\base.py:712: in checkout
    rec = pool._do_get()
.venv\Lib\site-packages\sqlalchemy\pool\impl.py:179: in _do_get
    with util.safe_reraise():
.venv\Lib\site-packages\sqlalchemy\util\langhelpers.py:146: in __exit__
    raise exc_value.with_traceback(exc_tb)
.venv\Lib\site-packages\sqlalchemy\pool\impl.py:177: in _do_get
    return self._create_connection()
.venv\Lib\site-packages\sqlalchemy\pool\base.py:390: in _create_connection
    return _ConnectionRecord(self)
.venv\Lib\site-packages\sqlalchemy\pool\base.py:674: in __init__
    self.__connect()
.venv\Lib\site-packages\sqlalchemy\pool\base.py:900: in __connect
    with util.safe_reraise():
.venv\Lib\site-packages\sqlalchemy\util\langhelpers.py:146: in __exit__
    raise exc_value.with_traceback(exc_tb)
.venv\Lib\site-packages\sqlalchemy\pool\base.py:896: in __connect
    self.dbapi_connection = connection = pool._invoke_creator(self)
.venv\Lib\site-packages\sqlalchemy\engine\create.py:643: in connect
    return dialect.connect(*cargs, **cparams)
.venv\Lib\site-packages\sqlalchemy\engine\default.py:621: in connect
    return self.loaded_dbapi.connect(*cargs, **cparams)
.venv\Lib\site-packages\psycopg2\__init__.py:135: in connect
    conn = _connect(dsn, connection_factory=connection_factory, **kwasync)
E   sqlalchemy.exc.OperationalError: (psycopg2.OperationalError) connection to server at "localhost" (::1), port 5432 failed: FATAL:  database "pulseboard_test" does not exist
E   
E   (Background on this error at: https://sqlalche.me/e/20/e3q8)
_ ERROR at setup of TestFormulaPrefixesAreNeutered.test_dangerous_prefix_gets_neutralized[-2+3] _
.venv\Lib\site-packages\sqlalchemy\engine\base.py:146: in __init__
    self._dbapi_connection = engine.raw_connection()
.venv\Lib\site-packages\sqlalchemy\engine\base.py:3302: in raw_connection
    return self.pool.connect()
.venv\Lib\site-packages\sqlalchemy\pool\base.py:449: in connect
    return _ConnectionFairy._checkout(self)
.venv\Lib\site-packages\sqlalchemy\pool\base.py:1263: in _checkout
    fairy = _ConnectionRecord.checkout(pool)
.venv\Lib\site-packages\sqlalchemy\pool\base.py:712: in checkout
    rec = pool._do_get()
.venv\Lib\site-packages\sqlalchemy\pool\impl.py:179: in _do_get
    with util.safe_reraise():
.venv\Lib\site-packages\sqlalchemy\util\langhelpers.py:146: in __exit__
    raise exc_value.with_traceback(exc_tb)
.venv\Lib\site-packages\sqlalchemy\pool\impl.py:177: in _do_get
    return self._create_connection()
.venv\Lib\site-packages\sqlalchemy\pool\base.py:390: in _create_connection
    return _ConnectionRecord(self)
.venv\Lib\site-packages\sqlalchemy\pool\base.py:674: in __init__
    self.__connect()
.venv\Lib\site-packages\sqlalchemy\pool\base.py:900: in __connect
    with util.safe_reraise():
.venv\Lib\site-packages\sqlalchemy\util\langhelpers.py:146: in __exit__
    raise exc_value.with_traceback(exc_tb)
.venv\Lib\site-packages\sqlalchemy\pool\base.py:896: in __connect
    self.dbapi_connection = connection = pool._invoke_creator(self)
.venv\Lib\site-packages\sqlalchemy\engine\create.py:643: in connect
    return dialect.connect(*cargs, **cparams)
.venv\Lib\site-packages\sqlalchemy\engine\default.py:621: in connect
    return self.loaded_dbapi.connect(*cargs, **cparams)
.venv\Lib\site-packages\psycopg2\__init__.py:135: in connect
    conn = _connect(dsn, connection_factory=connection_factory, **kwasync)
E   psycopg2.OperationalError: connection to server at "localhost" (::1), port 5432 failed: FATAL:  database "pulseboard_test" does not exist

The above exception was the direct cause of the following exception:
app\tests\conftest.py:49: in _create_schema
    Base.metadata.drop_all(bind=sync_engine)
.venv\Lib\site-packages\sqlalchemy\sql\schema.py:5896: in drop_all
    bind._run_ddl_visitor(
.venv\Lib\site-packages\sqlalchemy\engine\base.py:3252: in _run_ddl_visitor
    with self.begin() as conn:
..\..\..\..\AppData\Local\Programs\Python\Python313\Lib\contextlib.py:141: in __enter__
    return next(self.gen)
.venv\Lib\site-packages\sqlalchemy\engine\base.py:3242: in begin
    with self.connect() as conn:
.venv\Lib\site-packages\sqlalchemy\engine\base.py:3278: in connect
    return self._connection_cls(self)
.venv\Lib\site-packages\sqlalchemy\engine\base.py:148: in __init__
    Connection._handle_dbapi_exception_noconnection(
.venv\Lib\site-packages\sqlalchemy\engine\base.py:2442: in _handle_dbapi_exception_noconnection
    raise sqlalchemy_exception.with_traceback(exc_info[2]) from e
.venv\Lib\site-packages\sqlalchemy\engine\base.py:146: in __init__
    self._dbapi_connection = engine.raw_connection()
.venv\Lib\site-packages\sqlalchemy\engine\base.py:3302: in raw_connection
    return self.pool.connect()
.venv\Lib\site-packages\sqlalchemy\pool\base.py:449: in connect
    return _ConnectionFairy._checkout(self)
.venv\Lib\site-packages\sqlalchemy\pool\base.py:1263: in _checkout
    fairy = _ConnectionRecord.checkout(pool)
.venv\Lib\site-packages\sqlalchemy\pool\base.py:712: in checkout
    rec = pool._do_get()
.venv\Lib\site-packages\sqlalchemy\pool\impl.py:179: in _do_get
    with util.safe_reraise():
.venv\Lib\site-packages\sqlalchemy\util\langhelpers.py:146: in __exit__
    raise exc_value.with_traceback(exc_tb)
.venv\Lib\site-packages\sqlalchemy\pool\impl.py:177: in _do_get
    return self._create_connection()
.venv\Lib\site-packages\sqlalchemy\pool\base.py:390: in _create_connection
    return _ConnectionRecord(self)
.venv\Lib\site-packages\sqlalchemy\pool\base.py:674: in __init__
    self.__connect()
.venv\Lib\site-packages\sqlalchemy\pool\base.py:900: in __connect
    with util.safe_reraise():
.venv\Lib\site-packages\sqlalchemy\util\langhelpers.py:146: in __exit__
    raise exc_value.with_traceback(exc_tb)
.venv\Lib\site-packages\sqlalchemy\pool\base.py:896: in __connect
    self.dbapi_connection = connection = pool._invoke_creator(self)
.venv\Lib\site-packages\sqlalchemy\engine\create.py:643: in connect
    return dialect.connect(*cargs, **cparams)
.venv\Lib\site-packages\sqlalchemy\engine\default.py:621: in connect
    return self.loaded_dbapi.connect(*cargs, **cparams)
.venv\Lib\site-packages\psycopg2\__init__.py:135: in connect
    conn = _connect(dsn, connection_factory=connection_factory, **kwasync)
E   sqlalchemy.exc.OperationalError: (psycopg2.OperationalError) connection to server at "localhost" (::1), port 5432 failed: FATAL:  database "pulseboard_test" does not exist
E   
E   (Background on this error at: https://sqlalche.me/e/20/e3q8)
_ ERROR at setup of TestFormulaPrefixesAreNeutered.test_dangerous_prefix_gets_neutralized[@SUM(1+9)] _
.venv\Lib\site-packages\sqlalchemy\engine\base.py:146: in __init__
    self._dbapi_connection = engine.raw_connection()
.venv\Lib\site-packages\sqlalchemy\engine\base.py:3302: in raw_connection
    return self.pool.connect()
.venv\Lib\site-packages\sqlalchemy\pool\base.py:449: in connect
    return _ConnectionFairy._checkout(self)
.venv\Lib\site-packages\sqlalchemy\pool\base.py:1263: in _checkout
    fairy = _ConnectionRecord.checkout(pool)
.venv\Lib\site-packages\sqlalchemy\pool\base.py:712: in checkout
    rec = pool._do_get()
.venv\Lib\site-packages\sqlalchemy\pool\impl.py:179: in _do_get
    with util.safe_reraise():
.venv\Lib\site-packages\sqlalchemy\util\langhelpers.py:146: in __exit__
    raise exc_value.with_traceback(exc_tb)
.venv\Lib\site-packages\sqlalchemy\pool\impl.py:177: in _do_get
    return self._create_connection()
.venv\Lib\site-packages\sqlalchemy\pool\base.py:390: in _create_connection
    return _ConnectionRecord(self)
.venv\Lib\site-packages\sqlalchemy\pool\base.py:674: in __init__
    self.__connect()
.venv\Lib\site-packages\sqlalchemy\pool\base.py:900: in __connect
    with util.safe_reraise():
.venv\Lib\site-packages\sqlalchemy\util\langhelpers.py:146: in __exit__
    raise exc_value.with_traceback(exc_tb)
.venv\Lib\site-packages\sqlalchemy\pool\base.py:896: in __connect
    self.dbapi_connection = connection = pool._invoke_creator(self)
.venv\Lib\site-packages\sqlalchemy\engine\create.py:643: in connect
    return dialect.connect(*cargs, **cparams)
.venv\Lib\site-packages\sqlalchemy\engine\default.py:621: in connect
    return self.loaded_dbapi.connect(*cargs, **cparams)
.venv\Lib\site-packages\psycopg2\__init__.py:135: in connect
    conn = _connect(dsn, connection_factory=connection_factory, **kwasync)
E   psycopg2.OperationalError: connection to server at "localhost" (::1), port 5432 failed: FATAL:  database "pulseboard_test" does not exist

The above exception was the direct cause of the following exception:
app\tests\conftest.py:49: in _create_schema
    Base.metadata.drop_all(bind=sync_engine)
.venv\Lib\site-packages\sqlalchemy\sql\schema.py:5896: in drop_all
    bind._run_ddl_visitor(
.venv\Lib\site-packages\sqlalchemy\engine\base.py:3252: in _run_ddl_visitor
    with self.begin() as conn:
..\..\..\..\AppData\Local\Programs\Python\Python313\Lib\contextlib.py:141: in __enter__
    return next(self.gen)
.venv\Lib\site-packages\sqlalchemy\engine\base.py:3242: in begin
    with self.connect() as conn:
.venv\Lib\site-packages\sqlalchemy\engine\base.py:3278: in connect
    return self._connection_cls(self)
.venv\Lib\site-packages\sqlalchemy\engine\base.py:148: in __init__
    Connection._handle_dbapi_exception_noconnection(
.venv\Lib\site-packages\sqlalchemy\engine\base.py:2442: in _handle_dbapi_exception_noconnection
    raise sqlalchemy_exception.with_traceback(exc_info[2]) from e
.venv\Lib\site-packages\sqlalchemy\engine\base.py:146: in __init__
    self._dbapi_connection = engine.raw_connection()
.venv\Lib\site-packages\sqlalchemy\engine\base.py:3302: in raw_connection
    return self.pool.connect()
.venv\Lib\site-packages\sqlalchemy\pool\base.py:449: in connect
    return _ConnectionFairy._checkout(self)
.venv\Lib\site-packages\sqlalchemy\pool\base.py:1263: in _checkout
    fairy = _ConnectionRecord.checkout(pool)
.venv\Lib\site-packages\sqlalchemy\pool\base.py:712: in checkout
    rec = pool._do_get()
.venv\Lib\site-packages\sqlalchemy\pool\impl.py:179: in _do_get
    with util.safe_reraise():
.venv\Lib\site-packages\sqlalchemy\util\langhelpers.py:146: in __exit__
    raise exc_value.with_traceback(exc_tb)
.venv\Lib\site-packages\sqlalchemy\pool\impl.py:177: in _do_get
    return self._create_connection()
.venv\Lib\site-packages\sqlalchemy\pool\base.py:390: in _create_connection
    return _ConnectionRecord(self)
.venv\Lib\site-packages\sqlalchemy\pool\base.py:674: in __init__
    self.__connect()
.venv\Lib\site-packages\sqlalchemy\pool\base.py:900: in __connect
    with util.safe_reraise():
.venv\Lib\site-packages\sqlalchemy\util\langhelpers.py:146: in __exit__
    raise exc_value.with_traceback(exc_tb)
.venv\Lib\site-packages\sqlalchemy\pool\base.py:896: in __connect
    self.dbapi_connection = connection = pool._invoke_creator(self)
.venv\Lib\site-packages\sqlalchemy\engine\create.py:643: in connect
    return dialect.connect(*cargs, **cparams)
.venv\Lib\site-packages\sqlalchemy\engine\default.py:621: in connect
    return self.loaded_dbapi.connect(*cargs, **cparams)
.venv\Lib\site-packages\psycopg2\__init__.py:135: in connect
    conn = _connect(dsn, connection_factory=connection_factory, **kwasync)
E   sqlalchemy.exc.OperationalError: (psycopg2.OperationalError) connection to server at "localhost" (::1), port 5432 failed: FATAL:  database "pulseboard_test" does not exist
E   
E   (Background on this error at: https://sqlalche.me/e/20/e3q8)
_ ERROR at setup of TestFormulaPrefixesAreNeutered.test_dangerous_prefix_gets_neutralized[\t=1+1] _
.venv\Lib\site-packages\sqlalchemy\engine\base.py:146: in __init__
    self._dbapi_connection = engine.raw_connection()
.venv\Lib\site-packages\sqlalchemy\engine\base.py:3302: in raw_connection
    return self.pool.connect()
.venv\Lib\site-packages\sqlalchemy\pool\base.py:449: in connect
    return _ConnectionFairy._checkout(self)
.venv\Lib\site-packages\sqlalchemy\pool\base.py:1263: in _checkout
    fairy = _ConnectionRecord.checkout(pool)
.venv\Lib\site-packages\sqlalchemy\pool\base.py:712: in checkout
    rec = pool._do_get()
.venv\Lib\site-packages\sqlalchemy\pool\impl.py:179: in _do_get
    with util.safe_reraise():
.venv\Lib\site-packages\sqlalchemy\util\langhelpers.py:146: in __exit__
    raise exc_value.with_traceback(exc_tb)
.venv\Lib\site-packages\sqlalchemy\pool\impl.py:177: in _do_get
    return self._create_connection()
.venv\Lib\site-packages\sqlalchemy\pool\base.py:390: in _create_connection
    return _ConnectionRecord(self)
.venv\Lib\site-packages\sqlalchemy\pool\base.py:674: in __init__
    self.__connect()
.venv\Lib\site-packages\sqlalchemy\pool\base.py:900: in __connect
    with util.safe_reraise():
.venv\Lib\site-packages\sqlalchemy\util\langhelpers.py:146: in __exit__
    raise exc_value.with_traceback(exc_tb)
.venv\Lib\site-packages\sqlalchemy\pool\base.py:896: in __connect
    self.dbapi_connection = connection = pool._invoke_creator(self)
.venv\Lib\site-packages\sqlalchemy\engine\create.py:643: in connect
    return dialect.connect(*cargs, **cparams)
.venv\Lib\site-packages\sqlalchemy\engine\default.py:621: in connect
    return self.loaded_dbapi.connect(*cargs, **cparams)
.venv\Lib\site-packages\psycopg2\__init__.py:135: in connect
    conn = _connect(dsn, connection_factory=connection_factory, **kwasync)
E   psycopg2.OperationalError: connection to server at "localhost" (::1), port 5432 failed: FATAL:  database "pulseboard_test" does not exist

The above exception was the direct cause of the following exception:
app\tests\conftest.py:49: in _create_schema
    Base.metadata.drop_all(bind=sync_engine)
.venv\Lib\site-packages\sqlalchemy\sql\schema.py:5896: in drop_all
    bind._run_ddl_visitor(
.venv\Lib\site-packages\sqlalchemy\engine\base.py:3252: in _run_ddl_visitor
    with self.begin() as conn:
..\..\..\..\AppData\Local\Programs\Python\Python313\Lib\contextlib.py:141: in __enter__
    return next(self.gen)
.venv\Lib\site-packages\sqlalchemy\engine\base.py:3242: in begin
    with self.connect() as conn:
.venv\Lib\site-packages\sqlalchemy\engine\base.py:3278: in connect
    return self._connection_cls(self)
.venv\Lib\site-packages\sqlalchemy\engine\base.py:148: in __init__
    Connection._handle_dbapi_exception_noconnection(
.venv\Lib\site-packages\sqlalchemy\engine\base.py:2442: in _handle_dbapi_exception_noconnection
    raise sqlalchemy_exception.with_traceback(exc_info[2]) from e
.venv\Lib\site-packages\sqlalchemy\engine\base.py:146: in __init__
    self._dbapi_connection = engine.raw_connection()
.venv\Lib\site-packages\sqlalchemy\engine\base.py:3302: in raw_connection
    return self.pool.connect()
.venv\Lib\site-packages\sqlalchemy\pool\base.py:449: in connect
    return _ConnectionFairy._checkout(self)
.venv\Lib\site-packages\sqlalchemy\pool\base.py:1263: in _checkout
    fairy = _ConnectionRecord.checkout(pool)
.venv\Lib\site-packages\sqlalchemy\pool\base.py:712: in checkout
    rec = pool._do_get()
.venv\Lib\site-packages\sqlalchemy\pool\impl.py:179: in _do_get
    with util.safe_reraise():
.venv\Lib\site-packages\sqlalchemy\util\langhelpers.py:146: in __exit__
    raise exc_value.with_traceback(exc_tb)
.venv\Lib\site-packages\sqlalchemy\pool\impl.py:177: in _do_get
    return self._create_connection()
.venv\Lib\site-packages\sqlalchemy\pool\base.py:390: in _create_connection
    return _ConnectionRecord(self)
.venv\Lib\site-packages\sqlalchemy\pool\base.py:674: in __init__
    self.__connect()
.venv\Lib\site-packages\sqlalchemy\pool\base.py:900: in __connect
    with util.safe_reraise():
.venv\Lib\site-packages\sqlalchemy\util\langhelpers.py:146: in __exit__
    raise exc_value.with_traceback(exc_tb)
.venv\Lib\site-packages\sqlalchemy\pool\base.py:896: in __connect
    self.dbapi_connection = connection = pool._invoke_creator(self)
.venv\Lib\site-packages\sqlalchemy\engine\create.py:643: in connect
    return dialect.connect(*cargs, **cparams)
.venv\Lib\site-packages\sqlalchemy\engine\default.py:621: in connect
    return self.loaded_dbapi.connect(*cargs, **cparams)
.venv\Lib\site-packages\psycopg2\__init__.py:135: in connect
    conn = _connect(dsn, connection_factory=connection_factory, **kwasync)
E   sqlalchemy.exc.OperationalError: (psycopg2.OperationalError) connection to server at "localhost" (::1), port 5432 failed: FATAL:  database "pulseboard_test" does not exist
E   
E   (Background on this error at: https://sqlalche.me/e/20/e3q8)
_ ERROR at setup of TestFormulaPrefixesAreNeutered.test_dangerous_prefix_gets_neutralized[\r=1+1] _
.venv\Lib\site-packages\sqlalchemy\engine\base.py:146: in __init__
    self._dbapi_connection = engine.raw_connection()
.venv\Lib\site-packages\sqlalchemy\engine\base.py:3302: in raw_connection
    return self.pool.connect()
.venv\Lib\site-packages\sqlalchemy\pool\base.py:449: in connect
    return _ConnectionFairy._checkout(self)
.venv\Lib\site-packages\sqlalchemy\pool\base.py:1263: in _checkout
    fairy = _ConnectionRecord.checkout(pool)
.venv\Lib\site-packages\sqlalchemy\pool\base.py:712: in checkout
    rec = pool._do_get()
.venv\Lib\site-packages\sqlalchemy\pool\impl.py:179: in _do_get
    with util.safe_reraise():
.venv\Lib\site-packages\sqlalchemy\util\langhelpers.py:146: in __exit__
    raise exc_value.with_traceback(exc_tb)
.venv\Lib\site-packages\sqlalchemy\pool\impl.py:177: in _do_get
    return self._create_connection()
.venv\Lib\site-packages\sqlalchemy\pool\base.py:390: in _create_connection
    return _ConnectionRecord(self)
.venv\Lib\site-packages\sqlalchemy\pool\base.py:674: in __init__
    self.__connect()
.venv\Lib\site-packages\sqlalchemy\pool\base.py:900: in __connect
    with util.safe_reraise():
.venv\Lib\site-packages\sqlalchemy\util\langhelpers.py:146: in __exit__
    raise exc_value.with_traceback(exc_tb)
.venv\Lib\site-packages\sqlalchemy\pool\base.py:896: in __connect
    self.dbapi_connection = connection = pool._invoke_creator(self)
.venv\Lib\site-packages\sqlalchemy\engine\create.py:643: in connect
    return dialect.connect(*cargs, **cparams)
.venv\Lib\site-packages\sqlalchemy\engine\default.py:621: in connect
    return self.loaded_dbapi.connect(*cargs, **cparams)
.venv\Lib\site-packages\psycopg2\__init__.py:135: in connect
    conn = _connect(dsn, connection_factory=connection_factory, **kwasync)
E   psycopg2.OperationalError: connection to server at "localhost" (::1), port 5432 failed: FATAL:  database "pulseboard_test" does not exist

The above exception was the direct cause of the following exception:
app\tests\conftest.py:49: in _create_schema
    Base.metadata.drop_all(bind=sync_engine)
.venv\Lib\site-packages\sqlalchemy\sql\schema.py:5896: in drop_all
    bind._run_ddl_visitor(
.venv\Lib\site-packages\sqlalchemy\engine\base.py:3252: in _run_ddl_visitor
    with self.begin() as conn:
..\..\..\..\AppData\Local\Programs\Python\Python313\Lib\contextlib.py:141: in __enter__
    return next(self.gen)
.venv\Lib\site-packages\sqlalchemy\engine\base.py:3242: in begin
    with self.connect() as conn:
.venv\Lib\site-packages\sqlalchemy\engine\base.py:3278: in connect
    return self._connection_cls(self)
.venv\Lib\site-packages\sqlalchemy\engine\base.py:148: in __init__
    Connection._handle_dbapi_exception_noconnection(
.venv\Lib\site-packages\sqlalchemy\engine\base.py:2442: in _handle_dbapi_exception_noconnection
    raise sqlalchemy_exception.with_traceback(exc_info[2]) from e
.venv\Lib\site-packages\sqlalchemy\engine\base.py:146: in __init__
    self._dbapi_connection = engine.raw_connection()
.venv\Lib\site-packages\sqlalchemy\engine\base.py:3302: in raw_connection
    return self.pool.connect()
.venv\Lib\site-packages\sqlalchemy\pool\base.py:449: in connect
    return _ConnectionFairy._checkout(self)
.venv\Lib\site-packages\sqlalchemy\pool\base.py:1263: in _checkout
    fairy = _ConnectionRecord.checkout(pool)
.venv\Lib\site-packages\sqlalchemy\pool\base.py:712: in checkout
    rec = pool._do_get()
.venv\Lib\site-packages\sqlalchemy\pool\impl.py:179: in _do_get
    with util.safe_reraise():
.venv\Lib\site-packages\sqlalchemy\util\langhelpers.py:146: in __exit__
    raise exc_value.with_traceback(exc_tb)
.venv\Lib\site-packages\sqlalchemy\pool\impl.py:177: in _do_get
    return self._create_connection()
.venv\Lib\site-packages\sqlalchemy\pool\base.py:390: in _create_connection
    return _ConnectionRecord(self)
.venv\Lib\site-packages\sqlalchemy\pool\base.py:674: in __init__
    self.__connect()
.venv\Lib\site-packages\sqlalchemy\pool\base.py:900: in __connect
    with util.safe_reraise():
.venv\Lib\site-packages\sqlalchemy\util\langhelpers.py:146: in __exit__
    raise exc_value.with_traceback(exc_tb)
.venv\Lib\site-packages\sqlalchemy\pool\base.py:896: in __connect
    self.dbapi_connection = connection = pool._invoke_creator(self)
.venv\Lib\site-packages\sqlalchemy\engine\create.py:643: in connect
    return dialect.connect(*cargs, **cparams)
.venv\Lib\site-packages\sqlalchemy\engine\default.py:621: in connect
    return self.loaded_dbapi.connect(*cargs, **cparams)
.venv\Lib\site-packages\psycopg2\__init__.py:135: in connect
    conn = _connect(dsn, connection_factory=connection_factory, **kwasync)
E   sqlalchemy.exc.OperationalError: (psycopg2.OperationalError) connection to server at "localhost" (::1), port 5432 failed: FATAL:  database "pulseboard_test" does not exist
E   
E   (Background on this error at: https://sqlalche.me/e/20/e3q8)
_ ERROR at setup of TestBenignValuesAreUnchanged.test_leading_dash_is_still_escaped_but_content_preserved[api-gateway] _
.venv\Lib\site-packages\sqlalchemy\engine\base.py:146: in __init__
    self._dbapi_connection = engine.raw_connection()
.venv\Lib\site-packages\sqlalchemy\engine\base.py:3302: in raw_connection
    return self.pool.connect()
.venv\Lib\site-packages\sqlalchemy\pool\base.py:449: in connect
    return _ConnectionFairy._checkout(self)
.venv\Lib\site-packages\sqlalchemy\pool\base.py:1263: in _checkout
    fairy = _ConnectionRecord.checkout(pool)
.venv\Lib\site-packages\sqlalchemy\pool\base.py:712: in checkout
    rec = pool._do_get()
.venv\Lib\site-packages\sqlalchemy\pool\impl.py:179: in _do_get
    with util.safe_reraise():
.venv\Lib\site-packages\sqlalchemy\util\langhelpers.py:146: in __exit__
    raise exc_value.with_traceback(exc_tb)
.venv\Lib\site-packages\sqlalchemy\pool\impl.py:177: in _do_get
    return self._create_connection()
.venv\Lib\site-packages\sqlalchemy\pool\base.py:390: in _create_connection
    return _ConnectionRecord(self)
.venv\Lib\site-packages\sqlalchemy\pool\base.py:674: in __init__
    self.__connect()
.venv\Lib\site-packages\sqlalchemy\pool\base.py:900: in __connect
    with util.safe_reraise():
.venv\Lib\site-packages\sqlalchemy\util\langhelpers.py:146: in __exit__
    raise exc_value.with_traceback(exc_tb)
.venv\Lib\site-packages\sqlalchemy\pool\base.py:896: in __connect
    self.dbapi_connection = connection = pool._invoke_creator(self)
.venv\Lib\site-packages\sqlalchemy\engine\create.py:643: in connect
    return dialect.connect(*cargs, **cparams)
.venv\Lib\site-packages\sqlalchemy\engine\default.py:621: in connect
    return self.loaded_dbapi.connect(*cargs, **cparams)
.venv\Lib\site-packages\psycopg2\__init__.py:135: in connect
    conn = _connect(dsn, connection_factory=connection_factory, **kwasync)
E   psycopg2.OperationalError: connection to server at "localhost" (::1), port 5432 failed: FATAL:  database "pulseboard_test" does not exist

The above exception was the direct cause of the following exception:
app\tests\conftest.py:49: in _create_schema
    Base.metadata.drop_all(bind=sync_engine)
.venv\Lib\site-packages\sqlalchemy\sql\schema.py:5896: in drop_all
    bind._run_ddl_visitor(
.venv\Lib\site-packages\sqlalchemy\engine\base.py:3252: in _run_ddl_visitor
    with self.begin() as conn:
..\..\..\..\AppData\Local\Programs\Python\Python313\Lib\contextlib.py:141: in __enter__
    return next(self.gen)
.venv\Lib\site-packages\sqlalchemy\engine\base.py:3242: in begin
    with self.connect() as conn:
.venv\Lib\site-packages\sqlalchemy\engine\base.py:3278: in connect
    return self._connection_cls(self)
.venv\Lib\site-packages\sqlalchemy\engine\base.py:148: in __init__
    Connection._handle_dbapi_exception_noconnection(
.venv\Lib\site-packages\sqlalchemy\engine\base.py:2442: in _handle_dbapi_exception_noconnection
    raise sqlalchemy_exception.with_traceback(exc_info[2]) from e
.venv\Lib\site-packages\sqlalchemy\engine\base.py:146: in __init__
    self._dbapi_connection = engine.raw_connection()
.venv\Lib\site-packages\sqlalchemy\engine\base.py:3302: in raw_connection
    return self.pool.connect()
.venv\Lib\site-packages\sqlalchemy\pool\base.py:449: in connect
    return _ConnectionFairy._checkout(self)
.venv\Lib\site-packages\sqlalchemy\pool\base.py:1263: in _checkout
    fairy = _ConnectionRecord.checkout(pool)
.venv\Lib\site-packages\sqlalchemy\pool\base.py:712: in checkout
    rec = pool._do_get()
.venv\Lib\site-packages\sqlalchemy\pool\impl.py:179: in _do_get
    with util.safe_reraise():
.venv\Lib\site-packages\sqlalchemy\util\langhelpers.py:146: in __exit__
    raise exc_value.with_traceback(exc_tb)
.venv\Lib\site-packages\sqlalchemy\pool\impl.py:177: in _do_get
    return self._create_connection()
.venv\Lib\site-packages\sqlalchemy\pool\base.py:390: in _create_connection
    return _ConnectionRecord(self)
.venv\Lib\site-packages\sqlalchemy\pool\base.py:674: in __init__
    self.__connect()
.venv\Lib\site-packages\sqlalchemy\pool\base.py:900: in __connect
    with util.safe_reraise():
.venv\Lib\site-packages\sqlalchemy\util\langhelpers.py:146: in __exit__
    raise exc_value.with_traceback(exc_tb)
.venv\Lib\site-packages\sqlalchemy\pool\base.py:896: in __connect
    self.dbapi_connection = connection = pool._invoke_creator(self)
.venv\Lib\site-packages\sqlalchemy\engine\create.py:643: in connect
    return dialect.connect(*cargs, **cparams)
.venv\Lib\site-packages\sqlalchemy\engine\default.py:621: in connect
    return self.loaded_dbapi.connect(*cargs, **cparams)
.venv\Lib\site-packages\psycopg2\__init__.py:135: in connect
    conn = _connect(dsn, connection_factory=connection_factory, **kwasync)
E   sqlalchemy.exc.OperationalError: (psycopg2.OperationalError) connection to server at "localhost" (::1), port 5432 failed: FATAL:  database "pulseboard_test" does not exist
E   
E   (Background on this error at: https://sqlalche.me/e/20/e3q8)
_ ERROR at setup of TestBenignValuesAreUnchanged.test_leading_dash_is_still_escaped_but_content_preserved[Payments Service] _
.venv\Lib\site-packages\sqlalchemy\engine\base.py:146: in __init__
    self._dbapi_connection = engine.raw_connection()
.venv\Lib\site-packages\sqlalchemy\engine\base.py:3302: in raw_connection
    return self.pool.connect()
.venv\Lib\site-packages\sqlalchemy\pool\base.py:449: in connect
    return _ConnectionFairy._checkout(self)
.venv\Lib\site-packages\sqlalchemy\pool\base.py:1263: in _checkout
    fairy = _ConnectionRecord.checkout(pool)
.venv\Lib\site-packages\sqlalchemy\pool\base.py:712: in checkout
    rec = pool._do_get()
.venv\Lib\site-packages\sqlalchemy\pool\impl.py:179: in _do_get
    with util.safe_reraise():
.venv\Lib\site-packages\sqlalchemy\util\langhelpers.py:146: in __exit__
    raise exc_value.with_traceback(exc_tb)
.venv\Lib\site-packages\sqlalchemy\pool\impl.py:177: in _do_get
    return self._create_connection()
.venv\Lib\site-packages\sqlalchemy\pool\base.py:390: in _create_connection
    return _ConnectionRecord(self)
.venv\Lib\site-packages\sqlalchemy\pool\base.py:674: in __init__
    self.__connect()
.venv\Lib\site-packages\sqlalchemy\pool\base.py:900: in __connect
    with util.safe_reraise():
.venv\Lib\site-packages\sqlalchemy\util\langhelpers.py:146: in __exit__
    raise exc_value.with_traceback(exc_tb)
.venv\Lib\site-packages\sqlalchemy\pool\base.py:896: in __connect
    self.dbapi_connection = connection = pool._invoke_creator(self)
.venv\Lib\site-packages\sqlalchemy\engine\create.py:643: in connect
    return dialect.connect(*cargs, **cparams)
.venv\Lib\site-packages\sqlalchemy\engine\default.py:621: in connect
    return self.loaded_dbapi.connect(*cargs, **cparams)
.venv\Lib\site-packages\psycopg2\__init__.py:135: in connect
    conn = _connect(dsn, connection_factory=connection_factory, **kwasync)
E   psycopg2.OperationalError: connection to server at "localhost" (::1), port 5432 failed: FATAL:  database "pulseboard_test" does not exist

The above exception was the direct cause of the following exception:
app\tests\conftest.py:49: in _create_schema
    Base.metadata.drop_all(bind=sync_engine)
.venv\Lib\site-packages\sqlalchemy\sql\schema.py:5896: in drop_all
    bind._run_ddl_visitor(
.venv\Lib\site-packages\sqlalchemy\engine\base.py:3252: in _run_ddl_visitor
    with self.begin() as conn:
..\..\..\..\AppData\Local\Programs\Python\Python313\Lib\contextlib.py:141: in __enter__
    return next(self.gen)
.venv\Lib\site-packages\sqlalchemy\engine\base.py:3242: in begin
    with self.connect() as conn:
.venv\Lib\site-packages\sqlalchemy\engine\base.py:3278: in connect
    return self._connection_cls(self)
.venv\Lib\site-packages\sqlalchemy\engine\base.py:148: in __init__
    Connection._handle_dbapi_exception_noconnection(
.venv\Lib\site-packages\sqlalchemy\engine\base.py:2442: in _handle_dbapi_exception_noconnection
    raise sqlalchemy_exception.with_traceback(exc_info[2]) from e
.venv\Lib\site-packages\sqlalchemy\engine\base.py:146: in __init__
    self._dbapi_connection = engine.raw_connection()
.venv\Lib\site-packages\sqlalchemy\engine\base.py:3302: in raw_connection
    return self.pool.connect()
.venv\Lib\site-packages\sqlalchemy\pool\base.py:449: in connect
    return _ConnectionFairy._checkout(self)
.venv\Lib\site-packages\sqlalchemy\pool\base.py:1263: in _checkout
    fairy = _ConnectionRecord.checkout(pool)
.venv\Lib\site-packages\sqlalchemy\pool\base.py:712: in checkout
    rec = pool._do_get()
.venv\Lib\site-packages\sqlalchemy\pool\impl.py:179: in _do_get
    with util.safe_reraise():
.venv\Lib\site-packages\sqlalchemy\util\langhelpers.py:146: in __exit__
    raise exc_value.with_traceback(exc_tb)
.venv\Lib\site-packages\sqlalchemy\pool\impl.py:177: in _do_get
    return self._create_connection()
.venv\Lib\site-packages\sqlalchemy\pool\base.py:390: in _create_connection
    return _ConnectionRecord(self)
.venv\Lib\site-packages\sqlalchemy\pool\base.py:674: in __init__
    self.__connect()
.venv\Lib\site-packages\sqlalchemy\pool\base.py:900: in __connect
    with util.safe_reraise():
.venv\Lib\site-packages\sqlalchemy\util\langhelpers.py:146: in __exit__
    raise exc_value.with_traceback(exc_tb)
.venv\Lib\site-packages\sqlalchemy\pool\base.py:896: in __connect
    self.dbapi_connection = connection = pool._invoke_creator(self)
.venv\Lib\site-packages\sqlalchemy\engine\create.py:643: in connect
    return dialect.connect(*cargs, **cparams)
.venv\Lib\site-packages\sqlalchemy\engine\default.py:621: in connect
    return self.loaded_dbapi.connect(*cargs, **cparams)
.venv\Lib\site-packages\psycopg2\__init__.py:135: in connect
    conn = _connect(dsn, connection_factory=connection_factory, **kwasync)
E   sqlalchemy.exc.OperationalError: (psycopg2.OperationalError) connection to server at "localhost" (::1), port 5432 failed: FATAL:  database "pulseboard_test" does not exist
E   
E   (Background on this error at: https://sqlalche.me/e/20/e3q8)
_ ERROR at setup of TestBenignValuesAreUnchanged.test_leading_dash_is_still_escaped_but_content_preserved[-5% error budget] _
.venv\Lib\site-packages\sqlalchemy\engine\base.py:146: in __init__
    self._dbapi_connection = engine.raw_connection()
.venv\Lib\site-packages\sqlalchemy\engine\base.py:3302: in raw_connection
    return self.pool.connect()
.venv\Lib\site-packages\sqlalchemy\pool\base.py:449: in connect
    return _ConnectionFairy._checkout(self)
.venv\Lib\site-packages\sqlalchemy\pool\base.py:1263: in _checkout
    fairy = _ConnectionRecord.checkout(pool)
.venv\Lib\site-packages\sqlalchemy\pool\base.py:712: in checkout
    rec = pool._do_get()
.venv\Lib\site-packages\sqlalchemy\pool\impl.py:179: in _do_get
    with util.safe_reraise():
.venv\Lib\site-packages\sqlalchemy\util\langhelpers.py:146: in __exit__
    raise exc_value.with_traceback(exc_tb)
.venv\Lib\site-packages\sqlalchemy\pool\impl.py:177: in _do_get
    return self._create_connection()
.venv\Lib\site-packages\sqlalchemy\pool\base.py:390: in _create_connection
    return _ConnectionRecord(self)
.venv\Lib\site-packages\sqlalchemy\pool\base.py:674: in __init__
    self.__connect()
.venv\Lib\site-packages\sqlalchemy\pool\base.py:900: in __connect
    with util.safe_reraise():
.venv\Lib\site-packages\sqlalchemy\util\langhelpers.py:146: in __exit__
    raise exc_value.with_traceback(exc_tb)
.venv\Lib\site-packages\sqlalchemy\pool\base.py:896: in __connect
    self.dbapi_connection = connection = pool._invoke_creator(self)
.venv\Lib\site-packages\sqlalchemy\engine\create.py:643: in connect
    return dialect.connect(*cargs, **cparams)
.venv\Lib\site-packages\sqlalchemy\engine\default.py:621: in connect
    return self.loaded_dbapi.connect(*cargs, **cparams)
.venv\Lib\site-packages\psycopg2\__init__.py:135: in connect
    conn = _connect(dsn, connection_factory=connection_factory, **kwasync)
E   psycopg2.OperationalError: connection to server at "localhost" (::1), port 5432 failed: FATAL:  database "pulseboard_test" does not exist

The above exception was the direct cause of the following exception:
app\tests\conftest.py:49: in _create_schema
    Base.metadata.drop_all(bind=sync_engine)
.venv\Lib\site-packages\sqlalchemy\sql\schema.py:5896: in drop_all
    bind._run_ddl_visitor(
.venv\Lib\site-packages\sqlalchemy\engine\base.py:3252: in _run_ddl_visitor
    with self.begin() as conn:
..\..\..\..\AppData\Local\Programs\Python\Python313\Lib\contextlib.py:141: in __enter__
    return next(self.gen)
.venv\Lib\site-packages\sqlalchemy\engine\base.py:3242: in begin
    with self.connect() as conn:
.venv\Lib\site-packages\sqlalchemy\engine\base.py:3278: in connect
    return self._connection_cls(self)
.venv\Lib\site-packages\sqlalchemy\engine\base.py:148: in __init__
    Connection._handle_dbapi_exception_noconnection(
.venv\Lib\site-packages\sqlalchemy\engine\base.py:2442: in _handle_dbapi_exception_noconnection
    raise sqlalchemy_exception.with_traceback(exc_info[2]) from e
.venv\Lib\site-packages\sqlalchemy\engine\base.py:146: in __init__
    self._dbapi_connection = engine.raw_connection()
.venv\Lib\site-packages\sqlalchemy\engine\base.py:3302: in raw_connection
    return self.pool.connect()
.venv\Lib\site-packages\sqlalchemy\pool\base.py:449: in connect
    return _ConnectionFairy._checkout(self)
.venv\Lib\site-packages\sqlalchemy\pool\base.py:1263: in _checkout
    fairy = _ConnectionRecord.checkout(pool)
.venv\Lib\site-packages\sqlalchemy\pool\base.py:712: in checkout
    rec = pool._do_get()
.venv\Lib\site-packages\sqlalchemy\pool\impl.py:179: in _do_get
    with util.safe_reraise():
.venv\Lib\site-packages\sqlalchemy\util\langhelpers.py:146: in __exit__
    raise exc_value.with_traceback(exc_tb)
.venv\Lib\site-packages\sqlalchemy\pool\impl.py:177: in _do_get
    return self._create_connection()
.venv\Lib\site-packages\sqlalchemy\pool\base.py:390: in _create_connection
    return _ConnectionRecord(self)
.venv\Lib\site-packages\sqlalchemy\pool\base.py:674: in __init__
    self.__connect()
.venv\Lib\site-packages\sqlalchemy\pool\base.py:900: in __connect
    with util.safe_reraise():
.venv\Lib\site-packages\sqlalchemy\util\langhelpers.py:146: in __exit__
    raise exc_value.with_traceback(exc_tb)
.venv\Lib\site-packages\sqlalchemy\pool\base.py:896: in __connect
    self.dbapi_connection = connection = pool._invoke_creator(self)
.venv\Lib\site-packages\sqlalchemy\engine\create.py:643: in connect
    return dialect.connect(*cargs, **cparams)
.venv\Lib\site-packages\sqlalchemy\engine\default.py:621: in connect
    return self.loaded_dbapi.connect(*cargs, **cparams)
.venv\Lib\site-packages\psycopg2\__init__.py:135: in connect
    conn = _connect(dsn, connection_factory=connection_factory, **kwasync)
E   sqlalchemy.exc.OperationalError: (psycopg2.OperationalError) connection to server at "localhost" (::1), port 5432 failed: FATAL:  database "pulseboard_test" does not exist
E   
E   (Background on this error at: https://sqlalche.me/e/20/e3q8)
_ ERROR at setup of TestBenignValuesAreUnchanged.test_leading_dash_is_still_escaped_but_content_preserved[user@example.com] _
.venv\Lib\site-packages\sqlalchemy\engine\base.py:146: in __init__
    self._dbapi_connection = engine.raw_connection()
.venv\Lib\site-packages\sqlalchemy\engine\base.py:3302: in raw_connection
    return self.pool.connect()
.venv\Lib\site-packages\sqlalchemy\pool\base.py:449: in connect
    return _ConnectionFairy._checkout(self)
.venv\Lib\site-packages\sqlalchemy\pool\base.py:1263: in _checkout
    fairy = _ConnectionRecord.checkout(pool)
.venv\Lib\site-packages\sqlalchemy\pool\base.py:712: in checkout
    rec = pool._do_get()
.venv\Lib\site-packages\sqlalchemy\pool\impl.py:179: in _do_get
    with util.safe_reraise():
.venv\Lib\site-packages\sqlalchemy\util\langhelpers.py:146: in __exit__
    raise exc_value.with_traceback(exc_tb)
.venv\Lib\site-packages\sqlalchemy\pool\impl.py:177: in _do_get
    return self._create_connection()
.venv\Lib\site-packages\sqlalchemy\pool\base.py:390: in _create_connection
    return _ConnectionRecord(self)
.venv\Lib\site-packages\sqlalchemy\pool\base.py:674: in __init__
    self.__connect()
.venv\Lib\site-packages\sqlalchemy\pool\base.py:900: in __connect
    with util.safe_reraise():
.venv\Lib\site-packages\sqlalchemy\util\langhelpers.py:146: in __exit__
    raise exc_value.with_traceback(exc_tb)
.venv\Lib\site-packages\sqlalchemy\pool\base.py:896: in __connect
    self.dbapi_connection = connection = pool._invoke_creator(self)
.venv\Lib\site-packages\sqlalchemy\engine\create.py:643: in connect
    return dialect.connect(*cargs, **cparams)
.venv\Lib\site-packages\sqlalchemy\engine\default.py:621: in connect
    return self.loaded_dbapi.connect(*cargs, **cparams)
.venv\Lib\site-packages\psycopg2\__init__.py:135: in connect
    conn = _connect(dsn, connection_factory=connection_factory, **kwasync)
E   psycopg2.OperationalError: connection to server at "localhost" (::1), port 5432 failed: FATAL:  database "pulseboard_test" does not exist

The above exception was the direct cause of the following exception:
app\tests\conftest.py:49: in _create_schema
    Base.metadata.drop_all(bind=sync_engine)
.venv\Lib\site-packages\sqlalchemy\sql\schema.py:5896: in drop_all
    bind._run_ddl_visitor(
.venv\Lib\site-packages\sqlalchemy\engine\base.py:3252: in _run_ddl_visitor
    with self.begin() as conn:
..\..\..\..\AppData\Local\Programs\Python\Python313\Lib\contextlib.py:141: in __enter__
    return next(self.gen)
.venv\Lib\site-packages\sqlalchemy\engine\base.py:3242: in begin
    with self.connect() as conn:
.venv\Lib\site-packages\sqlalchemy\engine\base.py:3278: in connect
    return self._connection_cls(self)
.venv\Lib\site-packages\sqlalchemy\engine\base.py:148: in __init__
    Connection._handle_dbapi_exception_noconnection(
.venv\Lib\site-packages\sqlalchemy\engine\base.py:2442: in _handle_dbapi_exception_noconnection
    raise sqlalchemy_exception.with_traceback(exc_info[2]) from e
.venv\Lib\site-packages\sqlalchemy\engine\base.py:146: in __init__
    self._dbapi_connection = engine.raw_connection()
.venv\Lib\site-packages\sqlalchemy\engine\base.py:3302: in raw_connection
    return self.pool.connect()
.venv\Lib\site-packages\sqlalchemy\pool\base.py:449: in connect
    return _ConnectionFairy._checkout(self)
.venv\Lib\site-packages\sqlalchemy\pool\base.py:1263: in _checkout
    fairy = _ConnectionRecord.checkout(pool)
.venv\Lib\site-packages\sqlalchemy\pool\base.py:712: in checkout
    rec = pool._do_get()
.venv\Lib\site-packages\sqlalchemy\pool\impl.py:179: in _do_get
    with util.safe_reraise():
.venv\Lib\site-packages\sqlalchemy\util\langhelpers.py:146: in __exit__
    raise exc_value.with_traceback(exc_tb)
.venv\Lib\site-packages\sqlalchemy\pool\impl.py:177: in _do_get
    return self._create_connection()
.venv\Lib\site-packages\sqlalchemy\pool\base.py:390: in _create_connection
    return _ConnectionRecord(self)
.venv\Lib\site-packages\sqlalchemy\pool\base.py:674: in __init__
    self.__connect()
.venv\Lib\site-packages\sqlalchemy\pool\base.py:900: in __connect
    with util.safe_reraise():
.venv\Lib\site-packages\sqlalchemy\util\langhelpers.py:146: in __exit__
    raise exc_value.with_traceback(exc_tb)
.venv\Lib\site-packages\sqlalchemy\pool\base.py:896: in __connect
    self.dbapi_connection = connection = pool._invoke_creator(self)
.venv\Lib\site-packages\sqlalchemy\engine\create.py:643: in connect
    return dialect.connect(*cargs, **cparams)
.venv\Lib\site-packages\sqlalchemy\engine\default.py:621: in connect
    return self.loaded_dbapi.connect(*cargs, **cparams)
.venv\Lib\site-packages\psycopg2\__init__.py:135: in connect
    conn = _connect(dsn, connection_factory=connection_factory, **kwasync)
E   sqlalchemy.exc.OperationalError: (psycopg2.OperationalError) connection to server at "localhost" (::1), port 5432 failed: FATAL:  database "pulseboard_test" does not exist
E   
E   (Background on this error at: https://sqlalche.me/e/20/e3q8)
_ ERROR at setup of TestBenignValuesAreUnchanged.test_leading_dash_is_still_escaped_but_content_preserved[] _
.venv\Lib\site-packages\sqlalchemy\engine\base.py:146: in __init__
    self._dbapi_connection = engine.raw_connection()
.venv\Lib\site-packages\sqlalchemy\engine\base.py:3302: in raw_connection
    return self.pool.connect()
.venv\Lib\site-packages\sqlalchemy\pool\base.py:449: in connect
    return _ConnectionFairy._checkout(self)
.venv\Lib\site-packages\sqlalchemy\pool\base.py:1263: in _checkout
    fairy = _ConnectionRecord.checkout(pool)
.venv\Lib\site-packages\sqlalchemy\pool\base.py:712: in checkout
    rec = pool._do_get()
.venv\Lib\site-packages\sqlalchemy\pool\impl.py:179: in _do_get
    with util.safe_reraise():
.venv\Lib\site-packages\sqlalchemy\util\langhelpers.py:146: in __exit__
    raise exc_value.with_traceback(exc_tb)
.venv\Lib\site-packages\sqlalchemy\pool\impl.py:177: in _do_get
    return self._create_connection()
.venv\Lib\site-packages\sqlalchemy\pool\base.py:390: in _create_connection
    return _ConnectionRecord(self)
.venv\Lib\site-packages\sqlalchemy\pool\base.py:674: in __init__
    self.__connect()
.venv\Lib\site-packages\sqlalchemy\pool\base.py:900: in __connect
    with util.safe_reraise():
.venv\Lib\site-packages\sqlalchemy\util\langhelpers.py:146: in __exit__
    raise exc_value.with_traceback(exc_tb)
.venv\Lib\site-packages\sqlalchemy\pool\base.py:896: in __connect
    self.dbapi_connection = connection = pool._invoke_creator(self)
.venv\Lib\site-packages\sqlalchemy\engine\create.py:643: in connect
    return dialect.connect(*cargs, **cparams)
.venv\Lib\site-packages\sqlalchemy\engine\default.py:621: in connect
    return self.loaded_dbapi.connect(*cargs, **cparams)
.venv\Lib\site-packages\psycopg2\__init__.py:135: in connect
    conn = _connect(dsn, connection_factory=connection_factory, **kwasync)
E   psycopg2.OperationalError: connection to server at "localhost" (::1), port 5432 failed: FATAL:  database "pulseboard_test" does not exist

The above exception was the direct cause of the following exception:
app\tests\conftest.py:49: in _create_schema
    Base.metadata.drop_all(bind=sync_engine)
.venv\Lib\site-packages\sqlalchemy\sql\schema.py:5896: in drop_all
    bind._run_ddl_visitor(
.venv\Lib\site-packages\sqlalchemy\engine\base.py:3252: in _run_ddl_visitor
    with self.begin() as conn:
..\..\..\..\AppData\Local\Programs\Python\Python313\Lib\contextlib.py:141: in __enter__
    return next(self.gen)
.venv\Lib\site-packages\sqlalchemy\engine\base.py:3242: in begin
    with self.connect() as conn:
.venv\Lib\site-packages\sqlalchemy\engine\base.py:3278: in connect
    return self._connection_cls(self)
.venv\Lib\site-packages\sqlalchemy\engine\base.py:148: in __init__
    Connection._handle_dbapi_exception_noconnection(
.venv\Lib\site-packages\sqlalchemy\engine\base.py:2442: in _handle_dbapi_exception_noconnection
    raise sqlalchemy_exception.with_traceback(exc_info[2]) from e
.venv\Lib\site-packages\sqlalchemy\engine\base.py:146: in __init__
    self._dbapi_connection = engine.raw_connection()
.venv\Lib\site-packages\sqlalchemy\engine\base.py:3302: in raw_connection
    return self.pool.connect()
.venv\Lib\site-packages\sqlalchemy\pool\base.py:449: in connect
    return _ConnectionFairy._checkout(self)
.venv\Lib\site-packages\sqlalchemy\pool\base.py:1263: in _checkout
    fairy = _ConnectionRecord.checkout(pool)
.venv\Lib\site-packages\sqlalchemy\pool\base.py:712: in checkout
    rec = pool._do_get()
.venv\Lib\site-packages\sqlalchemy\pool\impl.py:179: in _do_get
    with util.safe_reraise():
.venv\Lib\site-packages\sqlalchemy\util\langhelpers.py:146: in __exit__
    raise exc_value.with_traceback(exc_tb)
.venv\Lib\site-packages\sqlalchemy\pool\impl.py:177: in _do_get
    return self._create_connection()
.venv\Lib\site-packages\sqlalchemy\pool\base.py:390: in _create_connection
    return _ConnectionRecord(self)
.venv\Lib\site-packages\sqlalchemy\pool\base.py:674: in __init__
    self.__connect()
.venv\Lib\site-packages\sqlalchemy\pool\base.py:900: in __connect
    with util.safe_reraise():
.venv\Lib\site-packages\sqlalchemy\util\langhelpers.py:146: in __exit__
    raise exc_value.with_traceback(exc_tb)
.venv\Lib\site-packages\sqlalchemy\pool\base.py:896: in __connect
    self.dbapi_connection = connection = pool._invoke_creator(self)
.venv\Lib\site-packages\sqlalchemy\engine\create.py:643: in connect
    return dialect.connect(*cargs, **cparams)
.venv\Lib\site-packages\sqlalchemy\engine\default.py:621: in connect
    return self.loaded_dbapi.connect(*cargs, **cparams)
.venv\Lib\site-packages\psycopg2\__init__.py:135: in connect
    conn = _connect(dsn, connection_factory=connection_factory, **kwasync)
E   sqlalchemy.exc.OperationalError: (psycopg2.OperationalError) connection to server at "localhost" (::1), port 5432 failed: FATAL:  database "pulseboard_test" does not exist
E   
E   (Background on this error at: https://sqlalche.me/e/20/e3q8)
_____ ERROR at setup of TestNonStringInput.test_none_becomes_empty_string _____
.venv\Lib\site-packages\sqlalchemy\engine\base.py:146: in __init__
    self._dbapi_connection = engine.raw_connection()
.venv\Lib\site-packages\sqlalchemy\engine\base.py:3302: in raw_connection
    return self.pool.connect()
.venv\Lib\site-packages\sqlalchemy\pool\base.py:449: in connect
    return _ConnectionFairy._checkout(self)
.venv\Lib\site-packages\sqlalchemy\pool\base.py:1263: in _checkout
    fairy = _ConnectionRecord.checkout(pool)
.venv\Lib\site-packages\sqlalchemy\pool\base.py:712: in checkout
    rec = pool._do_get()
.venv\Lib\site-packages\sqlalchemy\pool\impl.py:179: in _do_get
    with util.safe_reraise():
.venv\Lib\site-packages\sqlalchemy\util\langhelpers.py:146: in __exit__
    raise exc_value.with_traceback(exc_tb)
.venv\Lib\site-packages\sqlalchemy\pool\impl.py:177: in _do_get
    return self._create_connection()
.venv\Lib\site-packages\sqlalchemy\pool\base.py:390: in _create_connection
    return _ConnectionRecord(self)
.venv\Lib\site-packages\sqlalchemy\pool\base.py:674: in __init__
    self.__connect()
.venv\Lib\site-packages\sqlalchemy\pool\base.py:900: in __connect
    with util.safe_reraise():
.venv\Lib\site-packages\sqlalchemy\util\langhelpers.py:146: in __exit__
    raise exc_value.with_traceback(exc_tb)
.venv\Lib\site-packages\sqlalchemy\pool\base.py:896: in __connect
    self.dbapi_connection = connection = pool._invoke_creator(self)
.venv\Lib\site-packages\sqlalchemy\engine\create.py:643: in connect
    return dialect.connect(*cargs, **cparams)
.venv\Lib\site-packages\sqlalchemy\engine\default.py:621: in connect
    return self.loaded_dbapi.connect(*cargs, **cparams)
.venv\Lib\site-packages\psycopg2\__init__.py:135: in connect
    conn = _connect(dsn, connection_factory=connection_factory, **kwasync)
E   psycopg2.OperationalError: connection to server at "localhost" (::1), port 5432 failed: FATAL:  database "pulseboard_test" does not exist

The above exception was the direct cause of the following exception:
app\tests\conftest.py:49: in _create_schema
    Base.metadata.drop_all(bind=sync_engine)
.venv\Lib\site-packages\sqlalchemy\sql\schema.py:5896: in drop_all
    bind._run_ddl_visitor(
.venv\Lib\site-packages\sqlalchemy\engine\base.py:3252: in _run_ddl_visitor
    with self.begin() as conn:
..\..\..\..\AppData\Local\Programs\Python\Python313\Lib\contextlib.py:141: in __enter__
    return next(self.gen)
.venv\Lib\site-packages\sqlalchemy\engine\base.py:3242: in begin
    with self.connect() as conn:
.venv\Lib\site-packages\sqlalchemy\engine\base.py:3278: in connect
    return self._connection_cls(self)
.venv\Lib\site-packages\sqlalchemy\engine\base.py:148: in __init__
    Connection._handle_dbapi_exception_noconnection(
.venv\Lib\site-packages\sqlalchemy\engine\base.py:2442: in _handle_dbapi_exception_noconnection
    raise sqlalchemy_exception.with_traceback(exc_info[2]) from e
.venv\Lib\site-packages\sqlalchemy\engine\base.py:146: in __init__
    self._dbapi_connection = engine.raw_connection()
.venv\Lib\site-packages\sqlalchemy\engine\base.py:3302: in raw_connection
    return self.pool.connect()
.venv\Lib\site-packages\sqlalchemy\pool\base.py:449: in connect
    return _ConnectionFairy._checkout(self)
.venv\Lib\site-packages\sqlalchemy\pool\base.py:1263: in _checkout
    fairy = _ConnectionRecord.checkout(pool)
.venv\Lib\site-packages\sqlalchemy\pool\base.py:712: in checkout
    rec = pool._do_get()
.venv\Lib\site-packages\sqlalchemy\pool\impl.py:179: in _do_get
    with util.safe_reraise():
.venv\Lib\site-packages\sqlalchemy\util\langhelpers.py:146: in __exit__
    raise exc_value.with_traceback(exc_tb)
.venv\Lib\site-packages\sqlalchemy\pool\impl.py:177: in _do_get
    return self._create_connection()
.venv\Lib\site-packages\sqlalchemy\pool\base.py:390: in _create_connection
    return _ConnectionRecord(self)
.venv\Lib\site-packages\sqlalchemy\pool\base.py:674: in __init__
    self.__connect()
.venv\Lib\site-packages\sqlalchemy\pool\base.py:900: in __connect
    with util.safe_reraise():
.venv\Lib\site-packages\sqlalchemy\util\langhelpers.py:146: in __exit__
    raise exc_value.with_traceback(exc_tb)
.venv\Lib\site-packages\sqlalchemy\pool\base.py:896: in __connect
    self.dbapi_connection = connection = pool._invoke_creator(self)
.venv\Lib\site-packages\sqlalchemy\engine\create.py:643: in connect
    return dialect.connect(*cargs, **cparams)
.venv\Lib\site-packages\sqlalchemy\engine\default.py:621: in connect
    return self.loaded_dbapi.connect(*cargs, **cparams)
.venv\Lib\site-packages\psycopg2\__init__.py:135: in connect
    conn = _connect(dsn, connection_factory=connection_factory, **kwasync)
E   sqlalchemy.exc.OperationalError: (psycopg2.OperationalError) connection to server at "localhost" (::1), port 5432 failed: FATAL:  database "pulseboard_test" does not exist
E   
E   (Background on this error at: https://sqlalche.me/e/20/e3q8)
______ ERROR at setup of TestNonStringInput.test_integer_is_stringified _______
.venv\Lib\site-packages\sqlalchemy\engine\base.py:146: in __init__
    self._dbapi_connection = engine.raw_connection()
.venv\Lib\site-packages\sqlalchemy\engine\base.py:3302: in raw_connection
    return self.pool.connect()
.venv\Lib\site-packages\sqlalchemy\pool\base.py:449: in connect
    return _ConnectionFairy._checkout(self)
.venv\Lib\site-packages\sqlalchemy\pool\base.py:1263: in _checkout
    fairy = _ConnectionRecord.checkout(pool)
.venv\Lib\site-packages\sqlalchemy\pool\base.py:712: in checkout
    rec = pool._do_get()
.venv\Lib\site-packages\sqlalchemy\pool\impl.py:179: in _do_get
    with util.safe_reraise():
.venv\Lib\site-packages\sqlalchemy\util\langhelpers.py:146: in __exit__
    raise exc_value.with_traceback(exc_tb)
.venv\Lib\site-packages\sqlalchemy\pool\impl.py:177: in _do_get
    return self._create_connection()
.venv\Lib\site-packages\sqlalchemy\pool\base.py:390: in _create_connection
    return _ConnectionRecord(self)
.venv\Lib\site-packages\sqlalchemy\pool\base.py:674: in __init__
    self.__connect()
.venv\Lib\site-packages\sqlalchemy\pool\base.py:900: in __connect
    with util.safe_reraise():
.venv\Lib\site-packages\sqlalchemy\util\langhelpers.py:146: in __exit__
    raise exc_value.with_traceback(exc_tb)
.venv\Lib\site-packages\sqlalchemy\pool\base.py:896: in __connect
    self.dbapi_connection = connection = pool._invoke_creator(self)
.venv\Lib\site-packages\sqlalchemy\engine\create.py:643: in connect
    return dialect.connect(*cargs, **cparams)
.venv\Lib\site-packages\sqlalchemy\engine\default.py:621: in connect
    return self.loaded_dbapi.connect(*cargs, **cparams)
.venv\Lib\site-packages\psycopg2\__init__.py:135: in connect
    conn = _connect(dsn, connection_factory=connection_factory, **kwasync)
E   psycopg2.OperationalError: connection to server at "localhost" (::1), port 5432 failed: FATAL:  database "pulseboard_test" does not exist

The above exception was the direct cause of the following exception:
app\tests\conftest.py:49: in _create_schema
    Base.metadata.drop_all(bind=sync_engine)
.venv\Lib\site-packages\sqlalchemy\sql\schema.py:5896: in drop_all
    bind._run_ddl_visitor(
.venv\Lib\site-packages\sqlalchemy\engine\base.py:3252: in _run_ddl_visitor
    with self.begin() as conn:
..\..\..\..\AppData\Local\Programs\Python\Python313\Lib\contextlib.py:141: in __enter__
    return next(self.gen)
.venv\Lib\site-packages\sqlalchemy\engine\base.py:3242: in begin
    with self.connect() as conn:
.venv\Lib\site-packages\sqlalchemy\engine\base.py:3278: in connect
    return self._connection_cls(self)
.venv\Lib\site-packages\sqlalchemy\engine\base.py:148: in __init__
    Connection._handle_dbapi_exception_noconnection(
.venv\Lib\site-packages\sqlalchemy\engine\base.py:2442: in _handle_dbapi_exception_noconnection
    raise sqlalchemy_exception.with_traceback(exc_info[2]) from e
.venv\Lib\site-packages\sqlalchemy\engine\base.py:146: in __init__
    self._dbapi_connection = engine.raw_connection()
.venv\Lib\site-packages\sqlalchemy\engine\base.py:3302: in raw_connection
    return self.pool.connect()
.venv\Lib\site-packages\sqlalchemy\pool\base.py:449: in connect
    return _ConnectionFairy._checkout(self)
.venv\Lib\site-packages\sqlalchemy\pool\base.py:1263: in _checkout
    fairy = _ConnectionRecord.checkout(pool)
.venv\Lib\site-packages\sqlalchemy\pool\base.py:712: in checkout
    rec = pool._do_get()
.venv\Lib\site-packages\sqlalchemy\pool\impl.py:179: in _do_get
    with util.safe_reraise():
.venv\Lib\site-packages\sqlalchemy\util\langhelpers.py:146: in __exit__
    raise exc_value.with_traceback(exc_tb)
.venv\Lib\site-packages\sqlalchemy\pool\impl.py:177: in _do_get
    return self._create_connection()
.venv\Lib\site-packages\sqlalchemy\pool\base.py:390: in _create_connection
    return _ConnectionRecord(self)
.venv\Lib\site-packages\sqlalchemy\pool\base.py:674: in __init__
    self.__connect()
.venv\Lib\site-packages\sqlalchemy\pool\base.py:900: in __connect
    with util.safe_reraise():
.venv\Lib\site-packages\sqlalchemy\util\langhelpers.py:146: in __exit__
    raise exc_value.with_traceback(exc_tb)
.venv\Lib\site-packages\sqlalchemy\pool\base.py:896: in __connect
    self.dbapi_connection = connection = pool._invoke_creator(self)
.venv\Lib\site-packages\sqlalchemy\engine\create.py:643: in connect
    return dialect.connect(*cargs, **cparams)
.venv\Lib\site-packages\sqlalchemy\engine\default.py:621: in connect
    return self.loaded_dbapi.connect(*cargs, **cparams)
.venv\Lib\site-packages\psycopg2\__init__.py:135: in connect
    conn = _connect(dsn, connection_factory=connection_factory, **kwasync)
E   sqlalchemy.exc.OperationalError: (psycopg2.OperationalError) connection to server at "localhost" (::1), port 5432 failed: FATAL:  database "pulseboard_test" does not exist
E   
E   (Background on this error at: https://sqlalche.me/e/20/e3q8)
_ ERROR at setup of TestNonStringInput.test_negative_number_is_stringified_and_escaped _
.venv\Lib\site-packages\sqlalchemy\engine\base.py:146: in __init__
    self._dbapi_connection = engine.raw_connection()
.venv\Lib\site-packages\sqlalchemy\engine\base.py:3302: in raw_connection
    return self.pool.connect()
.venv\Lib\site-packages\sqlalchemy\pool\base.py:449: in connect
    return _ConnectionFairy._checkout(self)
.venv\Lib\site-packages\sqlalchemy\pool\base.py:1263: in _checkout
    fairy = _ConnectionRecord.checkout(pool)
.venv\Lib\site-packages\sqlalchemy\pool\base.py:712: in checkout
    rec = pool._do_get()
.venv\Lib\site-packages\sqlalchemy\pool\impl.py:179: in _do_get
    with util.safe_reraise():
.venv\Lib\site-packages\sqlalchemy\util\langhelpers.py:146: in __exit__
    raise exc_value.with_traceback(exc_tb)
.venv\Lib\site-packages\sqlalchemy\pool\impl.py:177: in _do_get
    return self._create_connection()
.venv\Lib\site-packages\sqlalchemy\pool\base.py:390: in _create_connection
    return _ConnectionRecord(self)
.venv\Lib\site-packages\sqlalchemy\pool\base.py:674: in __init__
    self.__connect()
.venv\Lib\site-packages\sqlalchemy\pool\base.py:900: in __connect
    with util.safe_reraise():
.venv\Lib\site-packages\sqlalchemy\util\langhelpers.py:146: in __exit__
    raise exc_value.with_traceback(exc_tb)
.venv\Lib\site-packages\sqlalchemy\pool\base.py:896: in __connect
    self.dbapi_connection = connection = pool._invoke_creator(self)
.venv\Lib\site-packages\sqlalchemy\engine\create.py:643: in connect
    return dialect.connect(*cargs, **cparams)
.venv\Lib\site-packages\sqlalchemy\engine\default.py:621: in connect
    return self.loaded_dbapi.connect(*cargs, **cparams)
.venv\Lib\site-packages\psycopg2\__init__.py:135: in connect
    conn = _connect(dsn, connection_factory=connection_factory, **kwasync)
E   psycopg2.OperationalError: connection to server at "localhost" (::1), port 5432 failed: FATAL:  database "pulseboard_test" does not exist

The above exception was the direct cause of the following exception:
app\tests\conftest.py:49: in _create_schema
    Base.metadata.drop_all(bind=sync_engine)
.venv\Lib\site-packages\sqlalchemy\sql\schema.py:5896: in drop_all
    bind._run_ddl_visitor(
.venv\Lib\site-packages\sqlalchemy\engine\base.py:3252: in _run_ddl_visitor
    with self.begin() as conn:
..\..\..\..\AppData\Local\Programs\Python\Python313\Lib\contextlib.py:141: in __enter__
    return next(self.gen)
.venv\Lib\site-packages\sqlalchemy\engine\base.py:3242: in begin
    with self.connect() as conn:
.venv\Lib\site-packages\sqlalchemy\engine\base.py:3278: in connect
    return self._connection_cls(self)
.venv\Lib\site-packages\sqlalchemy\engine\base.py:148: in __init__
    Connection._handle_dbapi_exception_noconnection(
.venv\Lib\site-packages\sqlalchemy\engine\base.py:2442: in _handle_dbapi_exception_noconnection
    raise sqlalchemy_exception.with_traceback(exc_info[2]) from e
.venv\Lib\site-packages\sqlalchemy\engine\base.py:146: in __init__
    self._dbapi_connection = engine.raw_connection()
.venv\Lib\site-packages\sqlalchemy\engine\base.py:3302: in raw_connection
    return self.pool.connect()
.venv\Lib\site-packages\sqlalchemy\pool\base.py:449: in connect
    return _ConnectionFairy._checkout(self)
.venv\Lib\site-packages\sqlalchemy\pool\base.py:1263: in _checkout
    fairy = _ConnectionRecord.checkout(pool)
.venv\Lib\site-packages\sqlalchemy\pool\base.py:712: in checkout
    rec = pool._do_get()
.venv\Lib\site-packages\sqlalchemy\pool\impl.py:179: in _do_get
    with util.safe_reraise():
.venv\Lib\site-packages\sqlalchemy\util\langhelpers.py:146: in __exit__
    raise exc_value.with_traceback(exc_tb)
.venv\Lib\site-packages\sqlalchemy\pool\impl.py:177: in _do_get
    return self._create_connection()
.venv\Lib\site-packages\sqlalchemy\pool\base.py:390: in _create_connection
    return _ConnectionRecord(self)
.venv\Lib\site-packages\sqlalchemy\pool\base.py:674: in __init__
    self.__connect()
.venv\Lib\site-packages\sqlalchemy\pool\base.py:900: in __connect
    with util.safe_reraise():
.venv\Lib\site-packages\sqlalchemy\util\langhelpers.py:146: in __exit__
    raise exc_value.with_traceback(exc_tb)
.venv\Lib\site-packages\sqlalchemy\pool\base.py:896: in __connect
    self.dbapi_connection = connection = pool._invoke_creator(self)
.venv\Lib\site-packages\sqlalchemy\engine\create.py:643: in connect
    return dialect.connect(*cargs, **cparams)
.venv\Lib\site-packages\sqlalchemy\engine\default.py:621: in connect
    return self.loaded_dbapi.connect(*cargs, **cparams)
.venv\Lib\site-packages\psycopg2\__init__.py:135: in connect
    conn = _connect(dsn, connection_factory=connection_factory, **kwasync)
E   sqlalchemy.exc.OperationalError: (psycopg2.OperationalError) connection to server at "localhost" (::1), port 5432 failed: FATAL:  database "pulseboard_test" does not exist
E   
E   (Background on this error at: https://sqlalche.me/e/20/e3q8)
_ ERROR at setup of TestIncidentEmail.test_created_event_mentions_title_and_severity _
.venv\Lib\site-packages\sqlalchemy\engine\base.py:146: in __init__
    self._dbapi_connection = engine.raw_connection()
.venv\Lib\site-packages\sqlalchemy\engine\base.py:3302: in raw_connection
    return self.pool.connect()
.venv\Lib\site-packages\sqlalchemy\pool\base.py:449: in connect
    return _ConnectionFairy._checkout(self)
.venv\Lib\site-packages\sqlalchemy\pool\base.py:1263: in _checkout
    fairy = _ConnectionRecord.checkout(pool)
.venv\Lib\site-packages\sqlalchemy\pool\base.py:712: in checkout
    rec = pool._do_get()
.venv\Lib\site-packages\sqlalchemy\pool\impl.py:179: in _do_get
    with util.safe_reraise():
.venv\Lib\site-packages\sqlalchemy\util\langhelpers.py:146: in __exit__
    raise exc_value.with_traceback(exc_tb)
.venv\Lib\site-packages\sqlalchemy\pool\impl.py:177: in _do_get
    return self._create_connection()
.venv\Lib\site-packages\sqlalchemy\pool\base.py:390: in _create_connection
    return _ConnectionRecord(self)
.venv\Lib\site-packages\sqlalchemy\pool\base.py:674: in __init__
    self.__connect()
.venv\Lib\site-packages\sqlalchemy\pool\base.py:900: in __connect
    with util.safe_reraise():
.venv\Lib\site-packages\sqlalchemy\util\langhelpers.py:146: in __exit__
    raise exc_value.with_traceback(exc_tb)
.venv\Lib\site-packages\sqlalchemy\pool\base.py:896: in __connect
    self.dbapi_connection = connection = pool._invoke_creator(self)
.venv\Lib\site-packages\sqlalchemy\engine\create.py:643: in connect
    return dialect.connect(*cargs, **cparams)
.venv\Lib\site-packages\sqlalchemy\engine\default.py:621: in connect
    return self.loaded_dbapi.connect(*cargs, **cparams)
.venv\Lib\site-packages\psycopg2\__init__.py:135: in connect
    conn = _connect(dsn, connection_factory=connection_factory, **kwasync)
E   psycopg2.OperationalError: connection to server at "localhost" (::1), port 5432 failed: FATAL:  database "pulseboard_test" does not exist

The above exception was the direct cause of the following exception:
app\tests\conftest.py:49: in _create_schema
    Base.metadata.drop_all(bind=sync_engine)
.venv\Lib\site-packages\sqlalchemy\sql\schema.py:5896: in drop_all
    bind._run_ddl_visitor(
.venv\Lib\site-packages\sqlalchemy\engine\base.py:3252: in _run_ddl_visitor
    with self.begin() as conn:
..\..\..\..\AppData\Local\Programs\Python\Python313\Lib\contextlib.py:141: in __enter__
    return next(self.gen)
.venv\Lib\site-packages\sqlalchemy\engine\base.py:3242: in begin
    with self.connect() as conn:
.venv\Lib\site-packages\sqlalchemy\engine\base.py:3278: in connect
    return self._connection_cls(self)
.venv\Lib\site-packages\sqlalchemy\engine\base.py:148: in __init__
    Connection._handle_dbapi_exception_noconnection(
.venv\Lib\site-packages\sqlalchemy\engine\base.py:2442: in _handle_dbapi_exception_noconnection
    raise sqlalchemy_exception.with_traceback(exc_info[2]) from e
.venv\Lib\site-packages\sqlalchemy\engine\base.py:146: in __init__
    self._dbapi_connection = engine.raw_connection()
.venv\Lib\site-packages\sqlalchemy\engine\base.py:3302: in raw_connection
    return self.pool.connect()
.venv\Lib\site-packages\sqlalchemy\pool\base.py:449: in connect
    return _ConnectionFairy._checkout(self)
.venv\Lib\site-packages\sqlalchemy\pool\base.py:1263: in _checkout
    fairy = _ConnectionRecord.checkout(pool)
.venv\Lib\site-packages\sqlalchemy\pool\base.py:712: in checkout
    rec = pool._do_get()
.venv\Lib\site-packages\sqlalchemy\pool\impl.py:179: in _do_get
    with util.safe_reraise():
.venv\Lib\site-packages\sqlalchemy\util\langhelpers.py:146: in __exit__
    raise exc_value.with_traceback(exc_tb)
.venv\Lib\site-packages\sqlalchemy\pool\impl.py:177: in _do_get
    return self._create_connection()
.venv\Lib\site-packages\sqlalchemy\pool\base.py:390: in _create_connection
    return _ConnectionRecord(self)
.venv\Lib\site-packages\sqlalchemy\pool\base.py:674: in __init__
    self.__connect()
.venv\Lib\site-packages\sqlalchemy\pool\base.py:900: in __connect
    with util.safe_reraise():
.venv\Lib\site-packages\sqlalchemy\util\langhelpers.py:146: in __exit__
    raise exc_value.with_traceback(exc_tb)
.venv\Lib\site-packages\sqlalchemy\pool\base.py:896: in __connect
    self.dbapi_connection = connection = pool._invoke_creator(self)
.venv\Lib\site-packages\sqlalchemy\engine\create.py:643: in connect
    return dialect.connect(*cargs, **cparams)
.venv\Lib\site-packages\sqlalchemy\engine\default.py:621: in connect
    return self.loaded_dbapi.connect(*cargs, **cparams)
.venv\Lib\site-packages\psycopg2\__init__.py:135: in connect
    conn = _connect(dsn, connection_factory=connection_factory, **kwasync)
E   sqlalchemy.exc.OperationalError: (psycopg2.OperationalError) connection to server at "localhost" (::1), port 5432 failed: FATAL:  database "pulseboard_test" does not exist
E   
E   (Background on this error at: https://sqlalche.me/e/20/e3q8)
_ ERROR at setup of TestIncidentEmail.test_severity_changed_event_shows_both_severities _
.venv\Lib\site-packages\sqlalchemy\engine\base.py:146: in __init__
    self._dbapi_connection = engine.raw_connection()
.venv\Lib\site-packages\sqlalchemy\engine\base.py:3302: in raw_connection
    return self.pool.connect()
.venv\Lib\site-packages\sqlalchemy\pool\base.py:449: in connect
    return _ConnectionFairy._checkout(self)
.venv\Lib\site-packages\sqlalchemy\pool\base.py:1263: in _checkout
    fairy = _ConnectionRecord.checkout(pool)
.venv\Lib\site-packages\sqlalchemy\pool\base.py:712: in checkout
    rec = pool._do_get()
.venv\Lib\site-packages\sqlalchemy\pool\impl.py:179: in _do_get
    with util.safe_reraise():
.venv\Lib\site-packages\sqlalchemy\util\langhelpers.py:146: in __exit__
    raise exc_value.with_traceback(exc_tb)
.venv\Lib\site-packages\sqlalchemy\pool\impl.py:177: in _do_get
    return self._create_connection()
.venv\Lib\site-packages\sqlalchemy\pool\base.py:390: in _create_connection
    return _ConnectionRecord(self)
.venv\Lib\site-packages\sqlalchemy\pool\base.py:674: in __init__
    self.__connect()
.venv\Lib\site-packages\sqlalchemy\pool\base.py:900: in __connect
    with util.safe_reraise():
.venv\Lib\site-packages\sqlalchemy\util\langhelpers.py:146: in __exit__
    raise exc_value.with_traceback(exc_tb)
.venv\Lib\site-packages\sqlalchemy\pool\base.py:896: in __connect
    self.dbapi_connection = connection = pool._invoke_creator(self)
.venv\Lib\site-packages\sqlalchemy\engine\create.py:643: in connect
    return dialect.connect(*cargs, **cparams)
.venv\Lib\site-packages\sqlalchemy\engine\default.py:621: in connect
    return self.loaded_dbapi.connect(*cargs, **cparams)
.venv\Lib\site-packages\psycopg2\__init__.py:135: in connect
    conn = _connect(dsn, connection_factory=connection_factory, **kwasync)
E   psycopg2.OperationalError: connection to server at "localhost" (::1), port 5432 failed: FATAL:  database "pulseboard_test" does not exist

The above exception was the direct cause of the following exception:
app\tests\conftest.py:49: in _create_schema
    Base.metadata.drop_all(bind=sync_engine)
.venv\Lib\site-packages\sqlalchemy\sql\schema.py:5896: in drop_all
    bind._run_ddl_visitor(
.venv\Lib\site-packages\sqlalchemy\engine\base.py:3252: in _run_ddl_visitor
    with self.begin() as conn:
..\..\..\..\AppData\Local\Programs\Python\Python313\Lib\contextlib.py:141: in __enter__
    return next(self.gen)
.venv\Lib\site-packages\sqlalchemy\engine\base.py:3242: in begin
    with self.connect() as conn:
.venv\Lib\site-packages\sqlalchemy\engine\base.py:3278: in connect
    return self._connection_cls(self)
.venv\Lib\site-packages\sqlalchemy\engine\base.py:148: in __init__
    Connection._handle_dbapi_exception_noconnection(
.venv\Lib\site-packages\sqlalchemy\engine\base.py:2442: in _handle_dbapi_exception_noconnection
    raise sqlalchemy_exception.with_traceback(exc_info[2]) from e
.venv\Lib\site-packages\sqlalchemy\engine\base.py:146: in __init__
    self._dbapi_connection = engine.raw_connection()
.venv\Lib\site-packages\sqlalchemy\engine\base.py:3302: in raw_connection
    return self.pool.connect()
.venv\Lib\site-packages\sqlalchemy\pool\base.py:449: in connect
    return _ConnectionFairy._checkout(self)
.venv\Lib\site-packages\sqlalchemy\pool\base.py:1263: in _checkout
    fairy = _ConnectionRecord.checkout(pool)
.venv\Lib\site-packages\sqlalchemy\pool\base.py:712: in checkout
    rec = pool._do_get()
.venv\Lib\site-packages\sqlalchemy\pool\impl.py:179: in _do_get
    with util.safe_reraise():
.venv\Lib\site-packages\sqlalchemy\util\langhelpers.py:146: in __exit__
    raise exc_value.with_traceback(exc_tb)
.venv\Lib\site-packages\sqlalchemy\pool\impl.py:177: in _do_get
    return self._create_connection()
.venv\Lib\site-packages\sqlalchemy\pool\base.py:390: in _create_connection
    return _ConnectionRecord(self)
.venv\Lib\site-packages\sqlalchemy\pool\base.py:674: in __init__
    self.__connect()
.venv\Lib\site-packages\sqlalchemy\pool\base.py:900: in __connect
    with util.safe_reraise():
.venv\Lib\site-packages\sqlalchemy\util\langhelpers.py:146: in __exit__
    raise exc_value.with_traceback(exc_tb)
.venv\Lib\site-packages\sqlalchemy\pool\base.py:896: in __connect
    self.dbapi_connection = connection = pool._invoke_creator(self)
.venv\Lib\site-packages\sqlalchemy\engine\create.py:643: in connect
    return dialect.connect(*cargs, **cparams)
.venv\Lib\site-packages\sqlalchemy\engine\default.py:621: in connect
    return self.loaded_dbapi.connect(*cargs, **cparams)
.venv\Lib\site-packages\psycopg2\__init__.py:135: in connect
    conn = _connect(dsn, connection_factory=connection_factory, **kwasync)
E   sqlalchemy.exc.OperationalError: (psycopg2.OperationalError) connection to server at "localhost" (::1), port 5432 failed: FATAL:  database "pulseboard_test" does not exist
E   
E   (Background on this error at: https://sqlalche.me/e/20/e3q8)
_ ERROR at setup of TestIncidentEmail.test_resolved_event_has_resolved_subject _
.venv\Lib\site-packages\sqlalchemy\engine\base.py:146: in __init__
    self._dbapi_connection = engine.raw_connection()
.venv\Lib\site-packages\sqlalchemy\engine\base.py:3302: in raw_connection
    return self.pool.connect()
.venv\Lib\site-packages\sqlalchemy\pool\base.py:449: in connect
    return _ConnectionFairy._checkout(self)
.venv\Lib\site-packages\sqlalchemy\pool\base.py:1263: in _checkout
    fairy = _ConnectionRecord.checkout(pool)
.venv\Lib\site-packages\sqlalchemy\pool\base.py:712: in checkout
    rec = pool._do_get()
.venv\Lib\site-packages\sqlalchemy\pool\impl.py:179: in _do_get
    with util.safe_reraise():
.venv\Lib\site-packages\sqlalchemy\util\langhelpers.py:146: in __exit__
    raise exc_value.with_traceback(exc_tb)
.venv\Lib\site-packages\sqlalchemy\pool\impl.py:177: in _do_get
    return self._create_connection()
.venv\Lib\site-packages\sqlalchemy\pool\base.py:390: in _create_connection
    return _ConnectionRecord(self)
.venv\Lib\site-packages\sqlalchemy\pool\base.py:674: in __init__
    self.__connect()
.venv\Lib\site-packages\sqlalchemy\pool\base.py:900: in __connect
    with util.safe_reraise():
.venv\Lib\site-packages\sqlalchemy\util\langhelpers.py:146: in __exit__
    raise exc_value.with_traceback(exc_tb)
.venv\Lib\site-packages\sqlalchemy\pool\base.py:896: in __connect
    self.dbapi_connection = connection = pool._invoke_creator(self)
.venv\Lib\site-packages\sqlalchemy\engine\create.py:643: in connect
    return dialect.connect(*cargs, **cparams)
.venv\Lib\site-packages\sqlalchemy\engine\default.py:621: in connect
    return self.loaded_dbapi.connect(*cargs, **cparams)
.venv\Lib\site-packages\psycopg2\__init__.py:135: in connect
    conn = _connect(dsn, connection_factory=connection_factory, **kwasync)
E   psycopg2.OperationalError: connection to server at "localhost" (::1), port 5432 failed: FATAL:  database "pulseboard_test" does not exist

The above exception was the direct cause of the following exception:
app\tests\conftest.py:49: in _create_schema
    Base.metadata.drop_all(bind=sync_engine)
.venv\Lib\site-packages\sqlalchemy\sql\schema.py:5896: in drop_all
    bind._run_ddl_visitor(
.venv\Lib\site-packages\sqlalchemy\engine\base.py:3252: in _run_ddl_visitor
    with self.begin() as conn:
..\..\..\..\AppData\Local\Programs\Python\Python313\Lib\contextlib.py:141: in __enter__
    return next(self.gen)
.venv\Lib\site-packages\sqlalchemy\engine\base.py:3242: in begin
    with self.connect() as conn:
.venv\Lib\site-packages\sqlalchemy\engine\base.py:3278: in connect
    return self._connection_cls(self)
.venv\Lib\site-packages\sqlalchemy\engine\base.py:148: in __init__
    Connection._handle_dbapi_exception_noconnection(
.venv\Lib\site-packages\sqlalchemy\engine\base.py:2442: in _handle_dbapi_exception_noconnection
    raise sqlalchemy_exception.with_traceback(exc_info[2]) from e
.venv\Lib\site-packages\sqlalchemy\engine\base.py:146: in __init__
    self._dbapi_connection = engine.raw_connection()
.venv\Lib\site-packages\sqlalchemy\engine\base.py:3302: in raw_connection
    return self.pool.connect()
.venv\Lib\site-packages\sqlalchemy\pool\base.py:449: in connect
    return _ConnectionFairy._checkout(self)
.venv\Lib\site-packages\sqlalchemy\pool\base.py:1263: in _checkout
    fairy = _ConnectionRecord.checkout(pool)
.venv\Lib\site-packages\sqlalchemy\pool\base.py:712: in checkout
    rec = pool._do_get()
.venv\Lib\site-packages\sqlalchemy\pool\impl.py:179: in _do_get
    with util.safe_reraise():
.venv\Lib\site-packages\sqlalchemy\util\langhelpers.py:146: in __exit__
    raise exc_value.with_traceback(exc_tb)
.venv\Lib\site-packages\sqlalchemy\pool\impl.py:177: in _do_get
    return self._create_connection()
.venv\Lib\site-packages\sqlalchemy\pool\base.py:390: in _create_connection
    return _ConnectionRecord(self)
.venv\Lib\site-packages\sqlalchemy\pool\base.py:674: in __init__
    self.__connect()
.venv\Lib\site-packages\sqlalchemy\pool\base.py:900: in __connect
    with util.safe_reraise():
.venv\Lib\site-packages\sqlalchemy\util\langhelpers.py:146: in __exit__
    raise exc_value.with_traceback(exc_tb)
.venv\Lib\site-packages\sqlalchemy\pool\base.py:896: in __connect
    self.dbapi_connection = connection = pool._invoke_creator(self)
.venv\Lib\site-packages\sqlalchemy\engine\create.py:643: in connect
    return dialect.connect(*cargs, **cparams)
.venv\Lib\site-packages\sqlalchemy\engine\default.py:621: in connect
    return self.loaded_dbapi.connect(*cargs, **cparams)
.venv\Lib\site-packages\psycopg2\__init__.py:135: in connect
    conn = _connect(dsn, connection_factory=connection_factory, **kwasync)
E   sqlalchemy.exc.OperationalError: (psycopg2.OperationalError) connection to server at "localhost" (::1), port 5432 failed: FATAL:  database "pulseboard_test" does not exist
E   
E   (Background on this error at: https://sqlalche.me/e/20/e3q8)
_ ERROR at setup of TestIncidentEmail.test_every_incident_email_includes_an_unsubscribe_link _
.venv\Lib\site-packages\sqlalchemy\engine\base.py:146: in __init__
    self._dbapi_connection = engine.raw_connection()
.venv\Lib\site-packages\sqlalchemy\engine\base.py:3302: in raw_connection
    return self.pool.connect()
.venv\Lib\site-packages\sqlalchemy\pool\base.py:449: in connect
    return _ConnectionFairy._checkout(self)
.venv\Lib\site-packages\sqlalchemy\pool\base.py:1263: in _checkout
    fairy = _ConnectionRecord.checkout(pool)
.venv\Lib\site-packages\sqlalchemy\pool\base.py:712: in checkout
    rec = pool._do_get()
.venv\Lib\site-packages\sqlalchemy\pool\impl.py:179: in _do_get
    with util.safe_reraise():
.venv\Lib\site-packages\sqlalchemy\util\langhelpers.py:146: in __exit__
    raise exc_value.with_traceback(exc_tb)
.venv\Lib\site-packages\sqlalchemy\pool\impl.py:177: in _do_get
    return self._create_connection()
.venv\Lib\site-packages\sqlalchemy\pool\base.py:390: in _create_connection
    return _ConnectionRecord(self)
.venv\Lib\site-packages\sqlalchemy\pool\base.py:674: in __init__
    self.__connect()
.venv\Lib\site-packages\sqlalchemy\pool\base.py:900: in __connect
    with util.safe_reraise():
.venv\Lib\site-packages\sqlalchemy\util\langhelpers.py:146: in __exit__
    raise exc_value.with_traceback(exc_tb)
.venv\Lib\site-packages\sqlalchemy\pool\base.py:896: in __connect
    self.dbapi_connection = connection = pool._invoke_creator(self)
.venv\Lib\site-packages\sqlalchemy\engine\create.py:643: in connect
    return dialect.connect(*cargs, **cparams)
.venv\Lib\site-packages\sqlalchemy\engine\default.py:621: in connect
    return self.loaded_dbapi.connect(*cargs, **cparams)
.venv\Lib\site-packages\psycopg2\__init__.py:135: in connect
    conn = _connect(dsn, connection_factory=connection_factory, **kwasync)
E   psycopg2.OperationalError: connection to server at "localhost" (::1), port 5432 failed: FATAL:  database "pulseboard_test" does not exist

The above exception was the direct cause of the following exception:
app\tests\conftest.py:49: in _create_schema
    Base.metadata.drop_all(bind=sync_engine)
.venv\Lib\site-packages\sqlalchemy\sql\schema.py:5896: in drop_all
    bind._run_ddl_visitor(
.venv\Lib\site-packages\sqlalchemy\engine\base.py:3252: in _run_ddl_visitor
    with self.begin() as conn:
..\..\..\..\AppData\Local\Programs\Python\Python313\Lib\contextlib.py:141: in __enter__
    return next(self.gen)
.venv\Lib\site-packages\sqlalchemy\engine\base.py:3242: in begin
    with self.connect() as conn:
.venv\Lib\site-packages\sqlalchemy\engine\base.py:3278: in connect
    return self._connection_cls(self)
.venv\Lib\site-packages\sqlalchemy\engine\base.py:148: in __init__
    Connection._handle_dbapi_exception_noconnection(
.venv\Lib\site-packages\sqlalchemy\engine\base.py:2442: in _handle_dbapi_exception_noconnection
    raise sqlalchemy_exception.with_traceback(exc_info[2]) from e
.venv\Lib\site-packages\sqlalchemy\engine\base.py:146: in __init__
    self._dbapi_connection = engine.raw_connection()
.venv\Lib\site-packages\sqlalchemy\engine\base.py:3302: in raw_connection
    return self.pool.connect()
.venv\Lib\site-packages\sqlalchemy\pool\base.py:449: in connect
    return _ConnectionFairy._checkout(self)
.venv\Lib\site-packages\sqlalchemy\pool\base.py:1263: in _checkout
    fairy = _ConnectionRecord.checkout(pool)
.venv\Lib\site-packages\sqlalchemy\pool\base.py:712: in checkout
    rec = pool._do_get()
.venv\Lib\site-packages\sqlalchemy\pool\impl.py:179: in _do_get
    with util.safe_reraise():
.venv\Lib\site-packages\sqlalchemy\util\langhelpers.py:146: in __exit__
    raise exc_value.with_traceback(exc_tb)
.venv\Lib\site-packages\sqlalchemy\pool\impl.py:177: in _do_get
    return self._create_connection()
.venv\Lib\site-packages\sqlalchemy\pool\base.py:390: in _create_connection
    return _ConnectionRecord(self)
.venv\Lib\site-packages\sqlalchemy\pool\base.py:674: in __init__
    self.__connect()
.venv\Lib\site-packages\sqlalchemy\pool\base.py:900: in __connect
    with util.safe_reraise():
.venv\Lib\site-packages\sqlalchemy\util\langhelpers.py:146: in __exit__
    raise exc_value.with_traceback(exc_tb)
.venv\Lib\site-packages\sqlalchemy\pool\base.py:896: in __connect
    self.dbapi_connection = connection = pool._invoke_creator(self)
.venv\Lib\site-packages\sqlalchemy\engine\create.py:643: in connect
    return dialect.connect(*cargs, **cparams)
.venv\Lib\site-packages\sqlalchemy\engine\default.py:621: in connect
    return self.loaded_dbapi.connect(*cargs, **cparams)
.venv\Lib\site-packages\psycopg2\__init__.py:135: in connect
    conn = _connect(dsn, connection_factory=connection_factory, **kwasync)
E   sqlalchemy.exc.OperationalError: (psycopg2.OperationalError) connection to server at "localhost" (::1), port 5432 failed: FATAL:  database "pulseboard_test" does not exist
E   
E   (Background on this error at: https://sqlalche.me/e/20/e3q8)
________ ERROR at setup of TestServiceEmail.test_service_down_subject _________
.venv\Lib\site-packages\sqlalchemy\engine\base.py:146: in __init__
    self._dbapi_connection = engine.raw_connection()
.venv\Lib\site-packages\sqlalchemy\engine\base.py:3302: in raw_connection
    return self.pool.connect()
.venv\Lib\site-packages\sqlalchemy\pool\base.py:449: in connect
    return _ConnectionFairy._checkout(self)
.venv\Lib\site-packages\sqlalchemy\pool\base.py:1263: in _checkout
    fairy = _ConnectionRecord.checkout(pool)
.venv\Lib\site-packages\sqlalchemy\pool\base.py:712: in checkout
    rec = pool._do_get()
.venv\Lib\site-packages\sqlalchemy\pool\impl.py:179: in _do_get
    with util.safe_reraise():
.venv\Lib\site-packages\sqlalchemy\util\langhelpers.py:146: in __exit__
    raise exc_value.with_traceback(exc_tb)
.venv\Lib\site-packages\sqlalchemy\pool\impl.py:177: in _do_get
    return self._create_connection()
.venv\Lib\site-packages\sqlalchemy\pool\base.py:390: in _create_connection
    return _ConnectionRecord(self)
.venv\Lib\site-packages\sqlalchemy\pool\base.py:674: in __init__
    self.__connect()
.venv\Lib\site-packages\sqlalchemy\pool\base.py:900: in __connect
    with util.safe_reraise():
.venv\Lib\site-packages\sqlalchemy\util\langhelpers.py:146: in __exit__
    raise exc_value.with_traceback(exc_tb)
.venv\Lib\site-packages\sqlalchemy\pool\base.py:896: in __connect
    self.dbapi_connection = connection = pool._invoke_creator(self)
.venv\Lib\site-packages\sqlalchemy\engine\create.py:643: in connect
    return dialect.connect(*cargs, **cparams)
.venv\Lib\site-packages\sqlalchemy\engine\default.py:621: in connect
    return self.loaded_dbapi.connect(*cargs, **cparams)
.venv\Lib\site-packages\psycopg2\__init__.py:135: in connect
    conn = _connect(dsn, connection_factory=connection_factory, **kwasync)
E   psycopg2.OperationalError: connection to server at "localhost" (::1), port 5432 failed: FATAL:  database "pulseboard_test" does not exist

The above exception was the direct cause of the following exception:
app\tests\conftest.py:49: in _create_schema
    Base.metadata.drop_all(bind=sync_engine)
.venv\Lib\site-packages\sqlalchemy\sql\schema.py:5896: in drop_all
    bind._run_ddl_visitor(
.venv\Lib\site-packages\sqlalchemy\engine\base.py:3252: in _run_ddl_visitor
    with self.begin() as conn:
..\..\..\..\AppData\Local\Programs\Python\Python313\Lib\contextlib.py:141: in __enter__
    return next(self.gen)
.venv\Lib\site-packages\sqlalchemy\engine\base.py:3242: in begin
    with self.connect() as conn:
.venv\Lib\site-packages\sqlalchemy\engine\base.py:3278: in connect
    return self._connection_cls(self)
.venv\Lib\site-packages\sqlalchemy\engine\base.py:148: in __init__
    Connection._handle_dbapi_exception_noconnection(
.venv\Lib\site-packages\sqlalchemy\engine\base.py:2442: in _handle_dbapi_exception_noconnection
    raise sqlalchemy_exception.with_traceback(exc_info[2]) from e
.venv\Lib\site-packages\sqlalchemy\engine\base.py:146: in __init__
    self._dbapi_connection = engine.raw_connection()
.venv\Lib\site-packages\sqlalchemy\engine\base.py:3302: in raw_connection
    return self.pool.connect()
.venv\Lib\site-packages\sqlalchemy\pool\base.py:449: in connect
    return _ConnectionFairy._checkout(self)
.venv\Lib\site-packages\sqlalchemy\pool\base.py:1263: in _checkout
    fairy = _ConnectionRecord.checkout(pool)
.venv\Lib\site-packages\sqlalchemy\pool\base.py:712: in checkout
    rec = pool._do_get()
.venv\Lib\site-packages\sqlalchemy\pool\impl.py:179: in _do_get
    with util.safe_reraise():
.venv\Lib\site-packages\sqlalchemy\util\langhelpers.py:146: in __exit__
    raise exc_value.with_traceback(exc_tb)
.venv\Lib\site-packages\sqlalchemy\pool\impl.py:177: in _do_get
    return self._create_connection()
.venv\Lib\site-packages\sqlalchemy\pool\base.py:390: in _create_connection
    return _ConnectionRecord(self)
.venv\Lib\site-packages\sqlalchemy\pool\base.py:674: in __init__
    self.__connect()
.venv\Lib\site-packages\sqlalchemy\pool\base.py:900: in __connect
    with util.safe_reraise():
.venv\Lib\site-packages\sqlalchemy\util\langhelpers.py:146: in __exit__
    raise exc_value.with_traceback(exc_tb)
.venv\Lib\site-packages\sqlalchemy\pool\base.py:896: in __connect
    self.dbapi_connection = connection = pool._invoke_creator(self)
.venv\Lib\site-packages\sqlalchemy\engine\create.py:643: in connect
    return dialect.connect(*cargs, **cparams)
.venv\Lib\site-packages\sqlalchemy\engine\default.py:621: in connect
    return self.loaded_dbapi.connect(*cargs, **cparams)
.venv\Lib\site-packages\psycopg2\__init__.py:135: in connect
    conn = _connect(dsn, connection_factory=connection_factory, **kwasync)
E   sqlalchemy.exc.OperationalError: (psycopg2.OperationalError) connection to server at "localhost" (::1), port 5432 failed: FATAL:  database "pulseboard_test" does not exist
E   
E   (Background on this error at: https://sqlalche.me/e/20/e3q8)
______ ERROR at setup of TestServiceEmail.test_service_recovered_subject ______
.venv\Lib\site-packages\sqlalchemy\engine\base.py:146: in __init__
    self._dbapi_connection = engine.raw_connection()
.venv\Lib\site-packages\sqlalchemy\engine\base.py:3302: in raw_connection
    return self.pool.connect()
.venv\Lib\site-packages\sqlalchemy\pool\base.py:449: in connect
    return _ConnectionFairy._checkout(self)
.venv\Lib\site-packages\sqlalchemy\pool\base.py:1263: in _checkout
    fairy = _ConnectionRecord.checkout(pool)
.venv\Lib\site-packages\sqlalchemy\pool\base.py:712: in checkout
    rec = pool._do_get()
.venv\Lib\site-packages\sqlalchemy\pool\impl.py:179: in _do_get
    with util.safe_reraise():
.venv\Lib\site-packages\sqlalchemy\util\langhelpers.py:146: in __exit__
    raise exc_value.with_traceback(exc_tb)
.venv\Lib\site-packages\sqlalchemy\pool\impl.py:177: in _do_get
    return self._create_connection()
.venv\Lib\site-packages\sqlalchemy\pool\base.py:390: in _create_connection
    return _ConnectionRecord(self)
.venv\Lib\site-packages\sqlalchemy\pool\base.py:674: in __init__
    self.__connect()
.venv\Lib\site-packages\sqlalchemy\pool\base.py:900: in __connect
    with util.safe_reraise():
.venv\Lib\site-packages\sqlalchemy\util\langhelpers.py:146: in __exit__
    raise exc_value.with_traceback(exc_tb)
.venv\Lib\site-packages\sqlalchemy\pool\base.py:896: in __connect
    self.dbapi_connection = connection = pool._invoke_creator(self)
.venv\Lib\site-packages\sqlalchemy\engine\create.py:643: in connect
    return dialect.connect(*cargs, **cparams)
.venv\Lib\site-packages\sqlalchemy\engine\default.py:621: in connect
    return self.loaded_dbapi.connect(*cargs, **cparams)
.venv\Lib\site-packages\psycopg2\__init__.py:135: in connect
    conn = _connect(dsn, connection_factory=connection_factory, **kwasync)
E   psycopg2.OperationalError: connection to server at "localhost" (::1), port 5432 failed: FATAL:  database "pulseboard_test" does not exist

The above exception was the direct cause of the following exception:
app\tests\conftest.py:49: in _create_schema
    Base.metadata.drop_all(bind=sync_engine)
.venv\Lib\site-packages\sqlalchemy\sql\schema.py:5896: in drop_all
    bind._run_ddl_visitor(
.venv\Lib\site-packages\sqlalchemy\engine\base.py:3252: in _run_ddl_visitor
    with self.begin() as conn:
..\..\..\..\AppData\Local\Programs\Python\Python313\Lib\contextlib.py:141: in __enter__
    return next(self.gen)
.venv\Lib\site-packages\sqlalchemy\engine\base.py:3242: in begin
    with self.connect() as conn:
.venv\Lib\site-packages\sqlalchemy\engine\base.py:3278: in connect
    return self._connection_cls(self)
.venv\Lib\site-packages\sqlalchemy\engine\base.py:148: in __init__
    Connection._handle_dbapi_exception_noconnection(
.venv\Lib\site-packages\sqlalchemy\engine\base.py:2442: in _handle_dbapi_exception_noconnection
    raise sqlalchemy_exception.with_traceback(exc_info[2]) from e
.venv\Lib\site-packages\sqlalchemy\engine\base.py:146: in __init__
    self._dbapi_connection = engine.raw_connection()
.venv\Lib\site-packages\sqlalchemy\engine\base.py:3302: in raw_connection
    return self.pool.connect()
.venv\Lib\site-packages\sqlalchemy\pool\base.py:449: in connect
    return _ConnectionFairy._checkout(self)
.venv\Lib\site-packages\sqlalchemy\pool\base.py:1263: in _checkout
    fairy = _ConnectionRecord.checkout(pool)
.venv\Lib\site-packages\sqlalchemy\pool\base.py:712: in checkout
    rec = pool._do_get()
.venv\Lib\site-packages\sqlalchemy\pool\impl.py:179: in _do_get
    with util.safe_reraise():
.venv\Lib\site-packages\sqlalchemy\util\langhelpers.py:146: in __exit__
    raise exc_value.with_traceback(exc_tb)
.venv\Lib\site-packages\sqlalchemy\pool\impl.py:177: in _do_get
    return self._create_connection()
.venv\Lib\site-packages\sqlalchemy\pool\base.py:390: in _create_connection
    return _ConnectionRecord(self)
.venv\Lib\site-packages\sqlalchemy\pool\base.py:674: in __init__
    self.__connect()
.venv\Lib\site-packages\sqlalchemy\pool\base.py:900: in __connect
    with util.safe_reraise():
.venv\Lib\site-packages\sqlalchemy\util\langhelpers.py:146: in __exit__
    raise exc_value.with_traceback(exc_tb)
.venv\Lib\site-packages\sqlalchemy\pool\base.py:896: in __connect
    self.dbapi_connection = connection = pool._invoke_creator(self)
.venv\Lib\site-packages\sqlalchemy\engine\create.py:643: in connect
    return dialect.connect(*cargs, **cparams)
.venv\Lib\site-packages\sqlalchemy\engine\default.py:621: in connect
    return self.loaded_dbapi.connect(*cargs, **cparams)
.venv\Lib\site-packages\psycopg2\__init__.py:135: in connect
    conn = _connect(dsn, connection_factory=connection_factory, **kwasync)
E   sqlalchemy.exc.OperationalError: (psycopg2.OperationalError) connection to server at "localhost" (::1), port 5432 failed: FATAL:  database "pulseboard_test" does not exist
E   
E   (Background on this error at: https://sqlalche.me/e/20/e3q8)
_ ERROR at setup of TestAnalyzePropagation.test_single_platform_cannot_establish_a_path _
.venv\Lib\site-packages\sqlalchemy\engine\base.py:146: in __init__
    self._dbapi_connection = engine.raw_connection()
.venv\Lib\site-packages\sqlalchemy\engine\base.py:3302: in raw_connection
    return self.pool.connect()
.venv\Lib\site-packages\sqlalchemy\pool\base.py:449: in connect
    return _ConnectionFairy._checkout(self)
.venv\Lib\site-packages\sqlalchemy\pool\base.py:1263: in _checkout
    fairy = _ConnectionRecord.checkout(pool)
.venv\Lib\site-packages\sqlalchemy\pool\base.py:712: in checkout
    rec = pool._do_get()
.venv\Lib\site-packages\sqlalchemy\pool\impl.py:179: in _do_get
    with util.safe_reraise():
.venv\Lib\site-packages\sqlalchemy\util\langhelpers.py:146: in __exit__
    raise exc_value.with_traceback(exc_tb)
.venv\Lib\site-packages\sqlalchemy\pool\impl.py:177: in _do_get
    return self._create_connection()
.venv\Lib\site-packages\sqlalchemy\pool\base.py:390: in _create_connection
    return _ConnectionRecord(self)
.venv\Lib\site-packages\sqlalchemy\pool\base.py:674: in __init__
    self.__connect()
.venv\Lib\site-packages\sqlalchemy\pool\base.py:900: in __connect
    with util.safe_reraise():
.venv\Lib\site-packages\sqlalchemy\util\langhelpers.py:146: in __exit__
    raise exc_value.with_traceback(exc_tb)
.venv\Lib\site-packages\sqlalchemy\pool\base.py:896: in __connect
    self.dbapi_connection = connection = pool._invoke_creator(self)
.venv\Lib\site-packages\sqlalchemy\engine\create.py:643: in connect
    return dialect.connect(*cargs, **cparams)
.venv\Lib\site-packages\sqlalchemy\engine\default.py:621: in connect
    return self.loaded_dbapi.connect(*cargs, **cparams)
.venv\Lib\site-packages\psycopg2\__init__.py:135: in connect
    conn = _connect(dsn, connection_factory=connection_factory, **kwasync)
E   psycopg2.OperationalError: connection to server at "localhost" (::1), port 5432 failed: FATAL:  database "pulseboard_test" does not exist

The above exception was the direct cause of the following exception:
app\tests\conftest.py:49: in _create_schema
    Base.metadata.drop_all(bind=sync_engine)
.venv\Lib\site-packages\sqlalchemy\sql\schema.py:5896: in drop_all
    bind._run_ddl_visitor(
.venv\Lib\site-packages\sqlalchemy\engine\base.py:3252: in _run_ddl_visitor
    with self.begin() as conn:
..\..\..\..\AppData\Local\Programs\Python\Python313\Lib\contextlib.py:141: in __enter__
    return next(self.gen)
.venv\Lib\site-packages\sqlalchemy\engine\base.py:3242: in begin
    with self.connect() as conn:
.venv\Lib\site-packages\sqlalchemy\engine\base.py:3278: in connect
    return self._connection_cls(self)
.venv\Lib\site-packages\sqlalchemy\engine\base.py:148: in __init__
    Connection._handle_dbapi_exception_noconnection(
.venv\Lib\site-packages\sqlalchemy\engine\base.py:2442: in _handle_dbapi_exception_noconnection
    raise sqlalchemy_exception.with_traceback(exc_info[2]) from e
.venv\Lib\site-packages\sqlalchemy\engine\base.py:146: in __init__
    self._dbapi_connection = engine.raw_connection()
.venv\Lib\site-packages\sqlalchemy\engine\base.py:3302: in raw_connection
    return self.pool.connect()
.venv\Lib\site-packages\sqlalchemy\pool\base.py:449: in connect
    return _ConnectionFairy._checkout(self)
.venv\Lib\site-packages\sqlalchemy\pool\base.py:1263: in _checkout
    fairy = _ConnectionRecord.checkout(pool)
.venv\Lib\site-packages\sqlalchemy\pool\base.py:712: in checkout
    rec = pool._do_get()
.venv\Lib\site-packages\sqlalchemy\pool\impl.py:179: in _do_get
    with util.safe_reraise():
.venv\Lib\site-packages\sqlalchemy\util\langhelpers.py:146: in __exit__
    raise exc_value.with_traceback(exc_tb)
.venv\Lib\site-packages\sqlalchemy\pool\impl.py:177: in _do_get
    return self._create_connection()
.venv\Lib\site-packages\sqlalchemy\pool\base.py:390: in _create_connection
    return _ConnectionRecord(self)
.venv\Lib\site-packages\sqlalchemy\pool\base.py:674: in __init__
    self.__connect()
.venv\Lib\site-packages\sqlalchemy\pool\base.py:900: in __connect
    with util.safe_reraise():
.venv\Lib\site-packages\sqlalchemy\util\langhelpers.py:146: in __exit__
    raise exc_value.with_traceback(exc_tb)
.venv\Lib\site-packages\sqlalchemy\pool\base.py:896: in __connect
    self.dbapi_connection = connection = pool._invoke_creator(self)
.venv\Lib\site-packages\sqlalchemy\engine\create.py:643: in connect
    return dialect.connect(*cargs, **cparams)
.venv\Lib\site-packages\sqlalchemy\engine\default.py:621: in connect
    return self.loaded_dbapi.connect(*cargs, **cparams)
.venv\Lib\site-packages\psycopg2\__init__.py:135: in connect
    conn = _connect(dsn, connection_factory=connection_factory, **kwasync)
E   sqlalchemy.exc.OperationalError: (psycopg2.OperationalError) connection to server at "localhost" (::1), port 5432 failed: FATAL:  database "pulseboard_test" does not exist
E   
E   (Background on this error at: https://sqlalche.me/e/20/e3q8)
_ ERROR at setup of TestAnalyzePropagation.test_no_platforms_cannot_establish_a_path _
.venv\Lib\site-packages\sqlalchemy\engine\base.py:146: in __init__
    self._dbapi_connection = engine.raw_connection()
.venv\Lib\site-packages\sqlalchemy\engine\base.py:3302: in raw_connection
    return self.pool.connect()
.venv\Lib\site-packages\sqlalchemy\pool\base.py:449: in connect
    return _ConnectionFairy._checkout(self)
.venv\Lib\site-packages\sqlalchemy\pool\base.py:1263: in _checkout
    fairy = _ConnectionRecord.checkout(pool)
.venv\Lib\site-packages\sqlalchemy\pool\base.py:712: in checkout
    rec = pool._do_get()
.venv\Lib\site-packages\sqlalchemy\pool\impl.py:179: in _do_get
    with util.safe_reraise():
.venv\Lib\site-packages\sqlalchemy\util\langhelpers.py:146: in __exit__
    raise exc_value.with_traceback(exc_tb)
.venv\Lib\site-packages\sqlalchemy\pool\impl.py:177: in _do_get
    return self._create_connection()
.venv\Lib\site-packages\sqlalchemy\pool\base.py:390: in _create_connection
    return _ConnectionRecord(self)
.venv\Lib\site-packages\sqlalchemy\pool\base.py:674: in __init__
    self.__connect()
.venv\Lib\site-packages\sqlalchemy\pool\base.py:900: in __connect
    with util.safe_reraise():
.venv\Lib\site-packages\sqlalchemy\util\langhelpers.py:146: in __exit__
    raise exc_value.with_traceback(exc_tb)
.venv\Lib\site-packages\sqlalchemy\pool\base.py:896: in __connect
    self.dbapi_connection = connection = pool._invoke_creator(self)
.venv\Lib\site-packages\sqlalchemy\engine\create.py:643: in connect
    return dialect.connect(*cargs, **cparams)
.venv\Lib\site-packages\sqlalchemy\engine\default.py:621: in connect
    return self.loaded_dbapi.connect(*cargs, **cparams)
.venv\Lib\site-packages\psycopg2\__init__.py:135: in connect
    conn = _connect(dsn, connection_factory=connection_factory, **kwasync)
E   psycopg2.OperationalError: connection to server at "localhost" (::1), port 5432 failed: FATAL:  database "pulseboard_test" does not exist

The above exception was the direct cause of the following exception:
app\tests\conftest.py:49: in _create_schema
    Base.metadata.drop_all(bind=sync_engine)
.venv\Lib\site-packages\sqlalchemy\sql\schema.py:5896: in drop_all
    bind._run_ddl_visitor(
.venv\Lib\site-packages\sqlalchemy\engine\base.py:3252: in _run_ddl_visitor
    with self.begin() as conn:
..\..\..\..\AppData\Local\Programs\Python\Python313\Lib\contextlib.py:141: in __enter__
    return next(self.gen)
.venv\Lib\site-packages\sqlalchemy\engine\base.py:3242: in begin
    with self.connect() as conn:
.venv\Lib\site-packages\sqlalchemy\engine\base.py:3278: in connect
    return self._connection_cls(self)
.venv\Lib\site-packages\sqlalchemy\engine\base.py:148: in __init__
    Connection._handle_dbapi_exception_noconnection(
.venv\Lib\site-packages\sqlalchemy\engine\base.py:2442: in _handle_dbapi_exception_noconnection
    raise sqlalchemy_exception.with_traceback(exc_info[2]) from e
.venv\Lib\site-packages\sqlalchemy\engine\base.py:146: in __init__
    self._dbapi_connection = engine.raw_connection()
.venv\Lib\site-packages\sqlalchemy\engine\base.py:3302: in raw_connection
    return self.pool.connect()
.venv\Lib\site-packages\sqlalchemy\pool\base.py:449: in connect
    return _ConnectionFairy._checkout(self)
.venv\Lib\site-packages\sqlalchemy\pool\base.py:1263: in _checkout
    fairy = _ConnectionRecord.checkout(pool)
.venv\Lib\site-packages\sqlalchemy\pool\base.py:712: in checkout
    rec = pool._do_get()
.venv\Lib\site-packages\sqlalchemy\pool\impl.py:179: in _do_get
    with util.safe_reraise():
.venv\Lib\site-packages\sqlalchemy\util\langhelpers.py:146: in __exit__
    raise exc_value.with_traceback(exc_tb)
.venv\Lib\site-packages\sqlalchemy\pool\impl.py:177: in _do_get
    return self._create_connection()
.venv\Lib\site-packages\sqlalchemy\pool\base.py:390: in _create_connection
    return _ConnectionRecord(self)
.venv\Lib\site-packages\sqlalchemy\pool\base.py:674: in __init__
    self.__connect()
.venv\Lib\site-packages\sqlalchemy\pool\base.py:900: in __connect
    with util.safe_reraise():
.venv\Lib\site-packages\sqlalchemy\util\langhelpers.py:146: in __exit__
    raise exc_value.with_traceback(exc_tb)
.venv\Lib\site-packages\sqlalchemy\pool\base.py:896: in __connect
    self.dbapi_connection = connection = pool._invoke_creator(self)
.venv\Lib\site-packages\sqlalchemy\engine\create.py:643: in connect
    return dialect.connect(*cargs, **cparams)
.venv\Lib\site-packages\sqlalchemy\engine\default.py:621: in connect
    return self.loaded_dbapi.connect(*cargs, **cparams)
.venv\Lib\site-packages\psycopg2\__init__.py:135: in connect
    conn = _connect(dsn, connection_factory=connection_factory, **kwasync)
E   sqlalchemy.exc.OperationalError: (psycopg2.OperationalError) connection to server at "localhost" (::1), port 5432 failed: FATAL:  database "pulseboard_test" does not exist
E   
E   (Background on this error at: https://sqlalche.me/e/20/e3q8)
_ ERROR at setup of TestAnalyzePropagation.test_orders_platforms_by_first_seen_ascending _
.venv\Lib\site-packages\sqlalchemy\engine\base.py:146: in __init__
    self._dbapi_connection = engine.raw_connection()
.venv\Lib\site-packages\sqlalchemy\engine\base.py:3302: in raw_connection
    return self.pool.connect()
.venv\Lib\site-packages\sqlalchemy\pool\base.py:449: in connect
    return _ConnectionFairy._checkout(self)
.venv\Lib\site-packages\sqlalchemy\pool\base.py:1263: in _checkout
    fairy = _ConnectionRecord.checkout(pool)
.venv\Lib\site-packages\sqlalchemy\pool\base.py:712: in checkout
    rec = pool._do_get()
.venv\Lib\site-packages\sqlalchemy\pool\impl.py:179: in _do_get
    with util.safe_reraise():
.venv\Lib\site-packages\sqlalchemy\util\langhelpers.py:146: in __exit__
    raise exc_value.with_traceback(exc_tb)
.venv\Lib\site-packages\sqlalchemy\pool\impl.py:177: in _do_get
    return self._create_connection()
.venv\Lib\site-packages\sqlalchemy\pool\base.py:390: in _create_connection
    return _ConnectionRecord(self)
.venv\Lib\site-packages\sqlalchemy\pool\base.py:674: in __init__
    self.__connect()
.venv\Lib\site-packages\sqlalchemy\pool\base.py:900: in __connect
    with util.safe_reraise():
.venv\Lib\site-packages\sqlalchemy\util\langhelpers.py:146: in __exit__
    raise exc_value.with_traceback(exc_tb)
.venv\Lib\site-packages\sqlalchemy\pool\base.py:896: in __connect
    self.dbapi_connection = connection = pool._invoke_creator(self)
.venv\Lib\site-packages\sqlalchemy\engine\create.py:643: in connect
    return dialect.connect(*cargs, **cparams)
.venv\Lib\site-packages\sqlalchemy\engine\default.py:621: in connect
    return self.loaded_dbapi.connect(*cargs, **cparams)
.venv\Lib\site-packages\psycopg2\__init__.py:135: in connect
    conn = _connect(dsn, connection_factory=connection_factory, **kwasync)
E   psycopg2.OperationalError: connection to server at "localhost" (::1), port 5432 failed: FATAL:  database "pulseboard_test" does not exist

The above exception was the direct cause of the following exception:
app\tests\conftest.py:49: in _create_schema
    Base.metadata.drop_all(bind=sync_engine)
.venv\Lib\site-packages\sqlalchemy\sql\schema.py:5896: in drop_all
    bind._run_ddl_visitor(
.venv\Lib\site-packages\sqlalchemy\engine\base.py:3252: in _run_ddl_visitor
    with self.begin() as conn:
..\..\..\..\AppData\Local\Programs\Python\Python313\Lib\contextlib.py:141: in __enter__
    return next(self.gen)
.venv\Lib\site-packages\sqlalchemy\engine\base.py:3242: in begin
    with self.connect() as conn:
.venv\Lib\site-packages\sqlalchemy\engine\base.py:3278: in connect
    return self._connection_cls(self)
.venv\Lib\site-packages\sqlalchemy\engine\base.py:148: in __init__
    Connection._handle_dbapi_exception_noconnection(
.venv\Lib\site-packages\sqlalchemy\engine\base.py:2442: in _handle_dbapi_exception_noconnection
    raise sqlalchemy_exception.with_traceback(exc_info[2]) from e
.venv\Lib\site-packages\sqlalchemy\engine\base.py:146: in __init__
    self._dbapi_connection = engine.raw_connection()
.venv\Lib\site-packages\sqlalchemy\engine\base.py:3302: in raw_connection
    return self.pool.connect()
.venv\Lib\site-packages\sqlalchemy\pool\base.py:449: in connect
    return _ConnectionFairy._checkout(self)
.venv\Lib\site-packages\sqlalchemy\pool\base.py:1263: in _checkout
    fairy = _ConnectionRecord.checkout(pool)
.venv\Lib\site-packages\sqlalchemy\pool\base.py:712: in checkout
    rec = pool._do_get()
.venv\Lib\site-packages\sqlalchemy\pool\impl.py:179: in _do_get
    with util.safe_reraise():
.venv\Lib\site-packages\sqlalchemy\util\langhelpers.py:146: in __exit__
    raise exc_value.with_traceback(exc_tb)
.venv\Lib\site-packages\sqlalchemy\pool\impl.py:177: in _do_get
    return self._create_connection()
.venv\Lib\site-packages\sqlalchemy\pool\base.py:390: in _create_connection
    return _ConnectionRecord(self)
.venv\Lib\site-packages\sqlalchemy\pool\base.py:674: in __init__
    self.__connect()
.venv\Lib\site-packages\sqlalchemy\pool\base.py:900: in __connect
    with util.safe_reraise():
.venv\Lib\site-packages\sqlalchemy\util\langhelpers.py:146: in __exit__
    raise exc_value.with_traceback(exc_tb)
.venv\Lib\site-packages\sqlalchemy\pool\base.py:896: in __connect
    self.dbapi_connection = connection = pool._invoke_creator(self)
.venv\Lib\site-packages\sqlalchemy\engine\create.py:643: in connect
    return dialect.connect(*cargs, **cparams)
.venv\Lib\site-packages\sqlalchemy\engine\default.py:621: in connect
    return self.loaded_dbapi.connect(*cargs, **cparams)
.venv\Lib\site-packages\psycopg2\__init__.py:135: in connect
    conn = _connect(dsn, connection_factory=connection_factory, **kwasync)
E   sqlalchemy.exc.OperationalError: (psycopg2.OperationalError) connection to server at "localhost" (::1), port 5432 failed: FATAL:  database "pulseboard_test" does not exist
E   
E   (Background on this error at: https://sqlalche.me/e/20/e3q8)
_ ERROR at setup of TestAnalyzePropagation.test_growth_since_entry_calculated_correctly _
.venv\Lib\site-packages\sqlalchemy\engine\base.py:146: in __init__
    self._dbapi_connection = engine.raw_connection()
.venv\Lib\site-packages\sqlalchemy\engine\base.py:3302: in raw_connection
    return self.pool.connect()
.venv\Lib\site-packages\sqlalchemy\pool\base.py:449: in connect
    return _ConnectionFairy._checkout(self)
.venv\Lib\site-packages\sqlalchemy\pool\base.py:1263: in _checkout
    fairy = _ConnectionRecord.checkout(pool)
.venv\Lib\site-packages\sqlalchemy\pool\base.py:712: in checkout
    rec = pool._do_get()
.venv\Lib\site-packages\sqlalchemy\pool\impl.py:179: in _do_get
    with util.safe_reraise():
.venv\Lib\site-packages\sqlalchemy\util\langhelpers.py:146: in __exit__
    raise exc_value.with_traceback(exc_tb)
.venv\Lib\site-packages\sqlalchemy\pool\impl.py:177: in _do_get
    return self._create_connection()
.venv\Lib\site-packages\sqlalchemy\pool\base.py:390: in _create_connection
    return _ConnectionRecord(self)
.venv\Lib\site-packages\sqlalchemy\pool\base.py:674: in __init__
    self.__connect()
.venv\Lib\site-packages\sqlalchemy\pool\base.py:900: in __connect
    with util.safe_reraise():
.venv\Lib\site-packages\sqlalchemy\util\langhelpers.py:146: in __exit__
    raise exc_value.with_traceback(exc_tb)
.venv\Lib\site-packages\sqlalchemy\pool\base.py:896: in __connect
    self.dbapi_connection = connection = pool._invoke_creator(self)
.venv\Lib\site-packages\sqlalchemy\engine\create.py:643: in connect
    return dialect.connect(*cargs, **cparams)
.venv\Lib\site-packages\sqlalchemy\engine\default.py:621: in connect
    return self.loaded_dbapi.connect(*cargs, **cparams)
.venv\Lib\site-packages\psycopg2\__init__.py:135: in connect
    conn = _connect(dsn, connection_factory=connection_factory, **kwasync)
E   psycopg2.OperationalError: connection to server at "localhost" (::1), port 5432 failed: FATAL:  database "pulseboard_test" does not exist

The above exception was the direct cause of the following exception:
app\tests\conftest.py:49: in _create_schema
    Base.metadata.drop_all(bind=sync_engine)
.venv\Lib\site-packages\sqlalchemy\sql\schema.py:5896: in drop_all
    bind._run_ddl_visitor(
.venv\Lib\site-packages\sqlalchemy\engine\base.py:3252: in _run_ddl_visitor
    with self.begin() as conn:
..\..\..\..\AppData\Local\Programs\Python\Python313\Lib\contextlib.py:141: in __enter__
    return next(self.gen)
.venv\Lib\site-packages\sqlalchemy\engine\base.py:3242: in begin
    with self.connect() as conn:
.venv\Lib\site-packages\sqlalchemy\engine\base.py:3278: in connect
    return self._connection_cls(self)
.venv\Lib\site-packages\sqlalchemy\engine\base.py:148: in __init__
    Connection._handle_dbapi_exception_noconnection(
.venv\Lib\site-packages\sqlalchemy\engine\base.py:2442: in _handle_dbapi_exception_noconnection
    raise sqlalchemy_exception.with_traceback(exc_info[2]) from e
.venv\Lib\site-packages\sqlalchemy\engine\base.py:146: in __init__
    self._dbapi_connection = engine.raw_connection()
.venv\Lib\site-packages\sqlalchemy\engine\base.py:3302: in raw_connection
    return self.pool.connect()
.venv\Lib\site-packages\sqlalchemy\pool\base.py:449: in connect
    return _ConnectionFairy._checkout(self)
.venv\Lib\site-packages\sqlalchemy\pool\base.py:1263: in _checkout
    fairy = _ConnectionRecord.checkout(pool)
.venv\Lib\site-packages\sqlalchemy\pool\base.py:712: in checkout
    rec = pool._do_get()
.venv\Lib\site-packages\sqlalchemy\pool\impl.py:179: in _do_get
    with util.safe_reraise():
.venv\Lib\site-packages\sqlalchemy\util\langhelpers.py:146: in __exit__
    raise exc_value.with_traceback(exc_tb)
.venv\Lib\site-packages\sqlalchemy\pool\impl.py:177: in _do_get
    return self._create_connection()
.venv\Lib\site-packages\sqlalchemy\pool\base.py:390: in _create_connection
    return _ConnectionRecord(self)
.venv\Lib\site-packages\sqlalchemy\pool\base.py:674: in __init__
    self.__connect()
.venv\Lib\site-packages\sqlalchemy\pool\base.py:900: in __connect
    with util.safe_reraise():
.venv\Lib\site-packages\sqlalchemy\util\langhelpers.py:146: in __exit__
    raise exc_value.with_traceback(exc_tb)
.venv\Lib\site-packages\sqlalchemy\pool\base.py:896: in __connect
    self.dbapi_connection = connection = pool._invoke_creator(self)
.venv\Lib\site-packages\sqlalchemy\engine\create.py:643: in connect
    return dialect.connect(*cargs, **cparams)
.venv\Lib\site-packages\sqlalchemy\engine\default.py:621: in connect
    return self.loaded_dbapi.connect(*cargs, **cparams)
.venv\Lib\site-packages\psycopg2\__init__.py:135: in connect
    conn = _connect(dsn, connection_factory=connection_factory, **kwasync)
E   sqlalchemy.exc.OperationalError: (psycopg2.OperationalError) connection to server at "localhost" (::1), port 5432 failed: FATAL:  database "pulseboard_test" does not exist
E   
E   (Background on this error at: https://sqlalche.me/e/20/e3q8)
_ ERROR at setup of TestAnalyzePropagation.test_zero_first_hour_mentions_does_not_divide_by_zero _
.venv\Lib\site-packages\sqlalchemy\engine\base.py:146: in __init__
    self._dbapi_connection = engine.raw_connection()
.venv\Lib\site-packages\sqlalchemy\engine\base.py:3302: in raw_connection
    return self.pool.connect()
.venv\Lib\site-packages\sqlalchemy\pool\base.py:449: in connect
    return _ConnectionFairy._checkout(self)
.venv\Lib\site-packages\sqlalchemy\pool\base.py:1263: in _checkout
    fairy = _ConnectionRecord.checkout(pool)
.venv\Lib\site-packages\sqlalchemy\pool\base.py:712: in checkout
    rec = pool._do_get()
.venv\Lib\site-packages\sqlalchemy\pool\impl.py:179: in _do_get
    with util.safe_reraise():
.venv\Lib\site-packages\sqlalchemy\util\langhelpers.py:146: in __exit__
    raise exc_value.with_traceback(exc_tb)
.venv\Lib\site-packages\sqlalchemy\pool\impl.py:177: in _do_get
    return self._create_connection()
.venv\Lib\site-packages\sqlalchemy\pool\base.py:390: in _create_connection
    return _ConnectionRecord(self)
.venv\Lib\site-packages\sqlalchemy\pool\base.py:674: in __init__
    self.__connect()
.venv\Lib\site-packages\sqlalchemy\pool\base.py:900: in __connect
    with util.safe_reraise():
.venv\Lib\site-packages\sqlalchemy\util\langhelpers.py:146: in __exit__
    raise exc_value.with_traceback(exc_tb)
.venv\Lib\site-packages\sqlalchemy\pool\base.py:896: in __connect
    self.dbapi_connection = connection = pool._invoke_creator(self)
.venv\Lib\site-packages\sqlalchemy\engine\create.py:643: in connect
    return dialect.connect(*cargs, **cparams)
.venv\Lib\site-packages\sqlalchemy\engine\default.py:621: in connect
    return self.loaded_dbapi.connect(*cargs, **cparams)
.venv\Lib\site-packages\psycopg2\__init__.py:135: in connect
    conn = _connect(dsn, connection_factory=connection_factory, **kwasync)
E   psycopg2.OperationalError: connection to server at "localhost" (::1), port 5432 failed: FATAL:  database "pulseboard_test" does not exist

The above exception was the direct cause of the following exception:
app\tests\conftest.py:49: in _create_schema
    Base.metadata.drop_all(bind=sync_engine)
.venv\Lib\site-packages\sqlalchemy\sql\schema.py:5896: in drop_all
    bind._run_ddl_visitor(
.venv\Lib\site-packages\sqlalchemy\engine\base.py:3252: in _run_ddl_visitor
    with self.begin() as conn:
..\..\..\..\AppData\Local\Programs\Python\Python313\Lib\contextlib.py:141: in __enter__
    return next(self.gen)
.venv\Lib\site-packages\sqlalchemy\engine\base.py:3242: in begin
    with self.connect() as conn:
.venv\Lib\site-packages\sqlalchemy\engine\base.py:3278: in connect
    return self._connection_cls(self)
.venv\Lib\site-packages\sqlalchemy\engine\base.py:148: in __init__
    Connection._handle_dbapi_exception_noconnection(
.venv\Lib\site-packages\sqlalchemy\engine\base.py:2442: in _handle_dbapi_exception_noconnection
    raise sqlalchemy_exception.with_traceback(exc_info[2]) from e
.venv\Lib\site-packages\sqlalchemy\engine\base.py:146: in __init__
    self._dbapi_connection = engine.raw_connection()
.venv\Lib\site-packages\sqlalchemy\engine\base.py:3302: in raw_connection
    return self.pool.connect()
.venv\Lib\site-packages\sqlalchemy\pool\base.py:449: in connect
    return _ConnectionFairy._checkout(self)
.venv\Lib\site-packages\sqlalchemy\pool\base.py:1263: in _checkout
    fairy = _ConnectionRecord.checkout(pool)
.venv\Lib\site-packages\sqlalchemy\pool\base.py:712: in checkout
    rec = pool._do_get()
.venv\Lib\site-packages\sqlalchemy\pool\impl.py:179: in _do_get
    with util.safe_reraise():
.venv\Lib\site-packages\sqlalchemy\util\langhelpers.py:146: in __exit__
    raise exc_value.with_traceback(exc_tb)
.venv\Lib\site-packages\sqlalchemy\pool\impl.py:177: in _do_get
    return self._create_connection()
.venv\Lib\site-packages\sqlalchemy\pool\base.py:390: in _create_connection
    return _ConnectionRecord(self)
.venv\Lib\site-packages\sqlalchemy\pool\base.py:674: in __init__
    self.__connect()
.venv\Lib\site-packages\sqlalchemy\pool\base.py:900: in __connect
    with util.safe_reraise():
.venv\Lib\site-packages\sqlalchemy\util\langhelpers.py:146: in __exit__
    raise exc_value.with_traceback(exc_tb)
.venv\Lib\site-packages\sqlalchemy\pool\base.py:896: in __connect
    self.dbapi_connection = connection = pool._invoke_creator(self)
.venv\Lib\site-packages\sqlalchemy\engine\create.py:643: in connect
    return dialect.connect(*cargs, **cparams)
.venv\Lib\site-packages\sqlalchemy\engine\default.py:621: in connect
    return self.loaded_dbapi.connect(*cargs, **cparams)
.venv\Lib\site-packages\psycopg2\__init__.py:135: in connect
    conn = _connect(dsn, connection_factory=connection_factory, **kwasync)
E   sqlalchemy.exc.OperationalError: (psycopg2.OperationalError) connection to server at "localhost" (::1), port 5432 failed: FATAL:  database "pulseboard_test" does not exist
E   
E   (Background on this error at: https://sqlalche.me/e/20/e3q8)
_ ERROR at setup of TestClientKeyProxyTrust.test_xff_ignored_when_not_trusted _
.venv\Lib\site-packages\sqlalchemy\engine\base.py:146: in __init__
    self._dbapi_connection = engine.raw_connection()
.venv\Lib\site-packages\sqlalchemy\engine\base.py:3302: in raw_connection
    return self.pool.connect()
.venv\Lib\site-packages\sqlalchemy\pool\base.py:449: in connect
    return _ConnectionFairy._checkout(self)
.venv\Lib\site-packages\sqlalchemy\pool\base.py:1263: in _checkout
    fairy = _ConnectionRecord.checkout(pool)
.venv\Lib\site-packages\sqlalchemy\pool\base.py:712: in checkout
    rec = pool._do_get()
.venv\Lib\site-packages\sqlalchemy\pool\impl.py:179: in _do_get
    with util.safe_reraise():
.venv\Lib\site-packages\sqlalchemy\util\langhelpers.py:146: in __exit__
    raise exc_value.with_traceback(exc_tb)
.venv\Lib\site-packages\sqlalchemy\pool\impl.py:177: in _do_get
    return self._create_connection()
.venv\Lib\site-packages\sqlalchemy\pool\base.py:390: in _create_connection
    return _ConnectionRecord(self)
.venv\Lib\site-packages\sqlalchemy\pool\base.py:674: in __init__
    self.__connect()
.venv\Lib\site-packages\sqlalchemy\pool\base.py:900: in __connect
    with util.safe_reraise():
.venv\Lib\site-packages\sqlalchemy\util\langhelpers.py:146: in __exit__
    raise exc_value.with_traceback(exc_tb)
.venv\Lib\site-packages\sqlalchemy\pool\base.py:896: in __connect
    self.dbapi_connection = connection = pool._invoke_creator(self)
.venv\Lib\site-packages\sqlalchemy\engine\create.py:643: in connect
    return dialect.connect(*cargs, **cparams)
.venv\Lib\site-packages\sqlalchemy\engine\default.py:621: in connect
    return self.loaded_dbapi.connect(*cargs, **cparams)
.venv\Lib\site-packages\psycopg2\__init__.py:135: in connect
    conn = _connect(dsn, connection_factory=connection_factory, **kwasync)
E   psycopg2.OperationalError: connection to server at "localhost" (::1), port 5432 failed: FATAL:  database "pulseboard_test" does not exist

The above exception was the direct cause of the following exception:
app\tests\conftest.py:49: in _create_schema
    Base.metadata.drop_all(bind=sync_engine)
.venv\Lib\site-packages\sqlalchemy\sql\schema.py:5896: in drop_all
    bind._run_ddl_visitor(
.venv\Lib\site-packages\sqlalchemy\engine\base.py:3252: in _run_ddl_visitor
    with self.begin() as conn:
..\..\..\..\AppData\Local\Programs\Python\Python313\Lib\contextlib.py:141: in __enter__
    return next(self.gen)
.venv\Lib\site-packages\sqlalchemy\engine\base.py:3242: in begin
    with self.connect() as conn:
.venv\Lib\site-packages\sqlalchemy\engine\base.py:3278: in connect
    return self._connection_cls(self)
.venv\Lib\site-packages\sqlalchemy\engine\base.py:148: in __init__
    Connection._handle_dbapi_exception_noconnection(
.venv\Lib\site-packages\sqlalchemy\engine\base.py:2442: in _handle_dbapi_exception_noconnection
    raise sqlalchemy_exception.with_traceback(exc_info[2]) from e
.venv\Lib\site-packages\sqlalchemy\engine\base.py:146: in __init__
    self._dbapi_connection = engine.raw_connection()
.venv\Lib\site-packages\sqlalchemy\engine\base.py:3302: in raw_connection
    return self.pool.connect()
.venv\Lib\site-packages\sqlalchemy\pool\base.py:449: in connect
    return _ConnectionFairy._checkout(self)
.venv\Lib\site-packages\sqlalchemy\pool\base.py:1263: in _checkout
    fairy = _ConnectionRecord.checkout(pool)
.venv\Lib\site-packages\sqlalchemy\pool\base.py:712: in checkout
    rec = pool._do_get()
.venv\Lib\site-packages\sqlalchemy\pool\impl.py:179: in _do_get
    with util.safe_reraise():
.venv\Lib\site-packages\sqlalchemy\util\langhelpers.py:146: in __exit__
    raise exc_value.with_traceback(exc_tb)
.venv\Lib\site-packages\sqlalchemy\pool\impl.py:177: in _do_get
    return self._create_connection()
.venv\Lib\site-packages\sqlalchemy\pool\base.py:390: in _create_connection
    return _ConnectionRecord(self)
.venv\Lib\site-packages\sqlalchemy\pool\base.py:674: in __init__
    self.__connect()
.venv\Lib\site-packages\sqlalchemy\pool\base.py:900: in __connect
    with util.safe_reraise():
.venv\Lib\site-packages\sqlalchemy\util\langhelpers.py:146: in __exit__
    raise exc_value.with_traceback(exc_tb)
.venv\Lib\site-packages\sqlalchemy\pool\base.py:896: in __connect
    self.dbapi_connection = connection = pool._invoke_creator(self)
.venv\Lib\site-packages\sqlalchemy\engine\create.py:643: in connect
    return dialect.connect(*cargs, **cparams)
.venv\Lib\site-packages\sqlalchemy\engine\default.py:621: in connect
    return self.loaded_dbapi.connect(*cargs, **cparams)
.venv\Lib\site-packages\psycopg2\__init__.py:135: in connect
    conn = _connect(dsn, connection_factory=connection_factory, **kwasync)
E   sqlalchemy.exc.OperationalError: (psycopg2.OperationalError) connection to server at "localhost" (::1), port 5432 failed: FATAL:  database "pulseboard_test" does not exist
E   
E   (Background on this error at: https://sqlalche.me/e/20/e3q8)
____ ERROR at setup of TestClientKeyProxyTrust.test_xff_used_when_trusted _____
.venv\Lib\site-packages\sqlalchemy\engine\base.py:146: in __init__
    self._dbapi_connection = engine.raw_connection()
.venv\Lib\site-packages\sqlalchemy\engine\base.py:3302: in raw_connection
    return self.pool.connect()
.venv\Lib\site-packages\sqlalchemy\pool\base.py:449: in connect
    return _ConnectionFairy._checkout(self)
.venv\Lib\site-packages\sqlalchemy\pool\base.py:1263: in _checkout
    fairy = _ConnectionRecord.checkout(pool)
.venv\Lib\site-packages\sqlalchemy\pool\base.py:712: in checkout
    rec = pool._do_get()
.venv\Lib\site-packages\sqlalchemy\pool\impl.py:179: in _do_get
    with util.safe_reraise():
.venv\Lib\site-packages\sqlalchemy\util\langhelpers.py:146: in __exit__
    raise exc_value.with_traceback(exc_tb)
.venv\Lib\site-packages\sqlalchemy\pool\impl.py:177: in _do_get
    return self._create_connection()
.venv\Lib\site-packages\sqlalchemy\pool\base.py:390: in _create_connection
    return _ConnectionRecord(self)
.venv\Lib\site-packages\sqlalchemy\pool\base.py:674: in __init__
    self.__connect()
.venv\Lib\site-packages\sqlalchemy\pool\base.py:900: in __connect
    with util.safe_reraise():
.venv\Lib\site-packages\sqlalchemy\util\langhelpers.py:146: in __exit__
    raise exc_value.with_traceback(exc_tb)
.venv\Lib\site-packages\sqlalchemy\pool\base.py:896: in __connect
    self.dbapi_connection = connection = pool._invoke_creator(self)
.venv\Lib\site-packages\sqlalchemy\engine\create.py:643: in connect
    return dialect.connect(*cargs, **cparams)
.venv\Lib\site-packages\sqlalchemy\engine\default.py:621: in connect
    return self.loaded_dbapi.connect(*cargs, **cparams)
.venv\Lib\site-packages\psycopg2\__init__.py:135: in connect
    conn = _connect(dsn, connection_factory=connection_factory, **kwasync)
E   psycopg2.OperationalError: connection to server at "localhost" (::1), port 5432 failed: FATAL:  database "pulseboard_test" does not exist

The above exception was the direct cause of the following exception:
app\tests\conftest.py:49: in _create_schema
    Base.metadata.drop_all(bind=sync_engine)
.venv\Lib\site-packages\sqlalchemy\sql\schema.py:5896: in drop_all
    bind._run_ddl_visitor(
.venv\Lib\site-packages\sqlalchemy\engine\base.py:3252: in _run_ddl_visitor
    with self.begin() as conn:
..\..\..\..\AppData\Local\Programs\Python\Python313\Lib\contextlib.py:141: in __enter__
    return next(self.gen)
.venv\Lib\site-packages\sqlalchemy\engine\base.py:3242: in begin
    with self.connect() as conn:
.venv\Lib\site-packages\sqlalchemy\engine\base.py:3278: in connect
    return self._connection_cls(self)
.venv\Lib\site-packages\sqlalchemy\engine\base.py:148: in __init__
    Connection._handle_dbapi_exception_noconnection(
.venv\Lib\site-packages\sqlalchemy\engine\base.py:2442: in _handle_dbapi_exception_noconnection
    raise sqlalchemy_exception.with_traceback(exc_info[2]) from e
.venv\Lib\site-packages\sqlalchemy\engine\base.py:146: in __init__
    self._dbapi_connection = engine.raw_connection()
.venv\Lib\site-packages\sqlalchemy\engine\base.py:3302: in raw_connection
    return self.pool.connect()
.venv\Lib\site-packages\sqlalchemy\pool\base.py:449: in connect
    return _ConnectionFairy._checkout(self)
.venv\Lib\site-packages\sqlalchemy\pool\base.py:1263: in _checkout
    fairy = _ConnectionRecord.checkout(pool)
.venv\Lib\site-packages\sqlalchemy\pool\base.py:712: in checkout
    rec = pool._do_get()
.venv\Lib\site-packages\sqlalchemy\pool\impl.py:179: in _do_get
    with util.safe_reraise():
.venv\Lib\site-packages\sqlalchemy\util\langhelpers.py:146: in __exit__
    raise exc_value.with_traceback(exc_tb)
.venv\Lib\site-packages\sqlalchemy\pool\impl.py:177: in _do_get
    return self._create_connection()
.venv\Lib\site-packages\sqlalchemy\pool\base.py:390: in _create_connection
    return _ConnectionRecord(self)
.venv\Lib\site-packages\sqlalchemy\pool\base.py:674: in __init__
    self.__connect()
.venv\Lib\site-packages\sqlalchemy\pool\base.py:900: in __connect
    with util.safe_reraise():
.venv\Lib\site-packages\sqlalchemy\util\langhelpers.py:146: in __exit__
    raise exc_value.with_traceback(exc_tb)
.venv\Lib\site-packages\sqlalchemy\pool\base.py:896: in __connect
    self.dbapi_connection = connection = pool._invoke_creator(self)
.venv\Lib\site-packages\sqlalchemy\engine\create.py:643: in connect
    return dialect.connect(*cargs, **cparams)
.venv\Lib\site-packages\sqlalchemy\engine\default.py:621: in connect
    return self.loaded_dbapi.connect(*cargs, **cparams)
.venv\Lib\site-packages\psycopg2\__init__.py:135: in connect
    conn = _connect(dsn, connection_factory=connection_factory, **kwasync)
E   sqlalchemy.exc.OperationalError: (psycopg2.OperationalError) connection to server at "localhost" (::1), port 5432 failed: FATAL:  database "pulseboard_test" does not exist
E   
E   (Background on this error at: https://sqlalche.me/e/20/e3q8)
_ ERROR at setup of TestClientKeyProxyTrust.test_client_cannot_spoof_a_fresh_bucket_per_request_by_default _
.venv\Lib\site-packages\sqlalchemy\engine\base.py:146: in __init__
    self._dbapi_connection = engine.raw_connection()
.venv\Lib\site-packages\sqlalchemy\engine\base.py:3302: in raw_connection
    return self.pool.connect()
.venv\Lib\site-packages\sqlalchemy\pool\base.py:449: in connect
    return _ConnectionFairy._checkout(self)
.venv\Lib\site-packages\sqlalchemy\pool\base.py:1263: in _checkout
    fairy = _ConnectionRecord.checkout(pool)
.venv\Lib\site-packages\sqlalchemy\pool\base.py:712: in checkout
    rec = pool._do_get()
.venv\Lib\site-packages\sqlalchemy\pool\impl.py:179: in _do_get
    with util.safe_reraise():
.venv\Lib\site-packages\sqlalchemy\util\langhelpers.py:146: in __exit__
    raise exc_value.with_traceback(exc_tb)
.venv\Lib\site-packages\sqlalchemy\pool\impl.py:177: in _do_get
    return self._create_connection()
.venv\Lib\site-packages\sqlalchemy\pool\base.py:390: in _create_connection
    return _ConnectionRecord(self)
.venv\Lib\site-packages\sqlalchemy\pool\base.py:674: in __init__
    self.__connect()
.venv\Lib\site-packages\sqlalchemy\pool\base.py:900: in __connect
    with util.safe_reraise():
.venv\Lib\site-packages\sqlalchemy\util\langhelpers.py:146: in __exit__
    raise exc_value.with_traceback(exc_tb)
.venv\Lib\site-packages\sqlalchemy\pool\base.py:896: in __connect
    self.dbapi_connection = connection = pool._invoke_creator(self)
.venv\Lib\site-packages\sqlalchemy\engine\create.py:643: in connect
    return dialect.connect(*cargs, **cparams)
.venv\Lib\site-packages\sqlalchemy\engine\default.py:621: in connect
    return self.loaded_dbapi.connect(*cargs, **cparams)
.venv\Lib\site-packages\psycopg2\__init__.py:135: in connect
    conn = _connect(dsn, connection_factory=connection_factory, **kwasync)
E   psycopg2.OperationalError: connection to server at "localhost" (::1), port 5432 failed: FATAL:  database "pulseboard_test" does not exist

The above exception was the direct cause of the following exception:
app\tests\conftest.py:49: in _create_schema
    Base.metadata.drop_all(bind=sync_engine)
.venv\Lib\site-packages\sqlalchemy\sql\schema.py:5896: in drop_all
    bind._run_ddl_visitor(
.venv\Lib\site-packages\sqlalchemy\engine\base.py:3252: in _run_ddl_visitor
    with self.begin() as conn:
..\..\..\..\AppData\Local\Programs\Python\Python313\Lib\contextlib.py:141: in __enter__
    return next(self.gen)
.venv\Lib\site-packages\sqlalchemy\engine\base.py:3242: in begin
    with self.connect() as conn:
.venv\Lib\site-packages\sqlalchemy\engine\base.py:3278: in connect
    return self._connection_cls(self)
.venv\Lib\site-packages\sqlalchemy\engine\base.py:148: in __init__
    Connection._handle_dbapi_exception_noconnection(
.venv\Lib\site-packages\sqlalchemy\engine\base.py:2442: in _handle_dbapi_exception_noconnection
    raise sqlalchemy_exception.with_traceback(exc_info[2]) from e
.venv\Lib\site-packages\sqlalchemy\engine\base.py:146: in __init__
    self._dbapi_connection = engine.raw_connection()
.venv\Lib\site-packages\sqlalchemy\engine\base.py:3302: in raw_connection
    return self.pool.connect()
.venv\Lib\site-packages\sqlalchemy\pool\base.py:449: in connect
    return _ConnectionFairy._checkout(self)
.venv\Lib\site-packages\sqlalchemy\pool\base.py:1263: in _checkout
    fairy = _ConnectionRecord.checkout(pool)
.venv\Lib\site-packages\sqlalchemy\pool\base.py:712: in checkout
    rec = pool._do_get()
.venv\Lib\site-packages\sqlalchemy\pool\impl.py:179: in _do_get
    with util.safe_reraise():
.venv\Lib\site-packages\sqlalchemy\util\langhelpers.py:146: in __exit__
    raise exc_value.with_traceback(exc_tb)
.venv\Lib\site-packages\sqlalchemy\pool\impl.py:177: in _do_get
    return self._create_connection()
.venv\Lib\site-packages\sqlalchemy\pool\base.py:390: in _create_connection
    return _ConnectionRecord(self)
.venv\Lib\site-packages\sqlalchemy\pool\base.py:674: in __init__
    self.__connect()
.venv\Lib\site-packages\sqlalchemy\pool\base.py:900: in __connect
    with util.safe_reraise():
.venv\Lib\site-packages\sqlalchemy\util\langhelpers.py:146: in __exit__
    raise exc_value.with_traceback(exc_tb)
.venv\Lib\site-packages\sqlalchemy\pool\base.py:896: in __connect
    self.dbapi_connection = connection = pool._invoke_creator(self)
.venv\Lib\site-packages\sqlalchemy\engine\create.py:643: in connect
    return dialect.connect(*cargs, **cparams)
.venv\Lib\site-packages\sqlalchemy\engine\default.py:621: in connect
    return self.loaded_dbapi.connect(*cargs, **cparams)
.venv\Lib\site-packages\psycopg2\__init__.py:135: in connect
    conn = _connect(dsn, connection_factory=connection_factory, **kwasync)
E   sqlalchemy.exc.OperationalError: (psycopg2.OperationalError) connection to server at "localhost" (::1), port 5432 failed: FATAL:  database "pulseboard_test" does not exist
E   
E   (Background on this error at: https://sqlalche.me/e/20/e3q8)
______ ERROR at setup of TestCheckRateLimit.test_allows_up_to_the_limit _______
.venv\Lib\site-packages\sqlalchemy\engine\base.py:146: in __init__
    self._dbapi_connection = engine.raw_connection()
.venv\Lib\site-packages\sqlalchemy\engine\base.py:3302: in raw_connection
    return self.pool.connect()
.venv\Lib\site-packages\sqlalchemy\pool\base.py:449: in connect
    return _ConnectionFairy._checkout(self)
.venv\Lib\site-packages\sqlalchemy\pool\base.py:1263: in _checkout
    fairy = _ConnectionRecord.checkout(pool)
.venv\Lib\site-packages\sqlalchemy\pool\base.py:712: in checkout
    rec = pool._do_get()
.venv\Lib\site-packages\sqlalchemy\pool\impl.py:179: in _do_get
    with util.safe_reraise():
.venv\Lib\site-packages\sqlalchemy\util\langhelpers.py:146: in __exit__
    raise exc_value.with_traceback(exc_tb)
.venv\Lib\site-packages\sqlalchemy\pool\impl.py:177: in _do_get
    return self._create_connection()
.venv\Lib\site-packages\sqlalchemy\pool\base.py:390: in _create_connection
    return _ConnectionRecord(self)
.venv\Lib\site-packages\sqlalchemy\pool\base.py:674: in __init__
    self.__connect()
.venv\Lib\site-packages\sqlalchemy\pool\base.py:900: in __connect
    with util.safe_reraise():
.venv\Lib\site-packages\sqlalchemy\util\langhelpers.py:146: in __exit__
    raise exc_value.with_traceback(exc_tb)
.venv\Lib\site-packages\sqlalchemy\pool\base.py:896: in __connect
    self.dbapi_connection = connection = pool._invoke_creator(self)
.venv\Lib\site-packages\sqlalchemy\engine\create.py:643: in connect
    return dialect.connect(*cargs, **cparams)
.venv\Lib\site-packages\sqlalchemy\engine\default.py:621: in connect
    return self.loaded_dbapi.connect(*cargs, **cparams)
.venv\Lib\site-packages\psycopg2\__init__.py:135: in connect
    conn = _connect(dsn, connection_factory=connection_factory, **kwasync)
E   psycopg2.OperationalError: connection to server at "localhost" (::1), port 5432 failed: FATAL:  database "pulseboard_test" does not exist

The above exception was the direct cause of the following exception:
app\tests\conftest.py:49: in _create_schema
    Base.metadata.drop_all(bind=sync_engine)
.venv\Lib\site-packages\sqlalchemy\sql\schema.py:5896: in drop_all
    bind._run_ddl_visitor(
.venv\Lib\site-packages\sqlalchemy\engine\base.py:3252: in _run_ddl_visitor
    with self.begin() as conn:
..\..\..\..\AppData\Local\Programs\Python\Python313\Lib\contextlib.py:141: in __enter__
    return next(self.gen)
.venv\Lib\site-packages\sqlalchemy\engine\base.py:3242: in begin
    with self.connect() as conn:
.venv\Lib\site-packages\sqlalchemy\engine\base.py:3278: in connect
    return self._connection_cls(self)
.venv\Lib\site-packages\sqlalchemy\engine\base.py:148: in __init__
    Connection._handle_dbapi_exception_noconnection(
.venv\Lib\site-packages\sqlalchemy\engine\base.py:2442: in _handle_dbapi_exception_noconnection
    raise sqlalchemy_exception.with_traceback(exc_info[2]) from e
.venv\Lib\site-packages\sqlalchemy\engine\base.py:146: in __init__
    self._dbapi_connection = engine.raw_connection()
.venv\Lib\site-packages\sqlalchemy\engine\base.py:3302: in raw_connection
    return self.pool.connect()
.venv\Lib\site-packages\sqlalchemy\pool\base.py:449: in connect
    return _ConnectionFairy._checkout(self)
.venv\Lib\site-packages\sqlalchemy\pool\base.py:1263: in _checkout
    fairy = _ConnectionRecord.checkout(pool)
.venv\Lib\site-packages\sqlalchemy\pool\base.py:712: in checkout
    rec = pool._do_get()
.venv\Lib\site-packages\sqlalchemy\pool\impl.py:179: in _do_get
    with util.safe_reraise():
.venv\Lib\site-packages\sqlalchemy\util\langhelpers.py:146: in __exit__
    raise exc_value.with_traceback(exc_tb)
.venv\Lib\site-packages\sqlalchemy\pool\impl.py:177: in _do_get
    return self._create_connection()
.venv\Lib\site-packages\sqlalchemy\pool\base.py:390: in _create_connection
    return _ConnectionRecord(self)
.venv\Lib\site-packages\sqlalchemy\pool\base.py:674: in __init__
    self.__connect()
.venv\Lib\site-packages\sqlalchemy\pool\base.py:900: in __connect
    with util.safe_reraise():
.venv\Lib\site-packages\sqlalchemy\util\langhelpers.py:146: in __exit__
    raise exc_value.with_traceback(exc_tb)
.venv\Lib\site-packages\sqlalchemy\pool\base.py:896: in __connect
    self.dbapi_connection = connection = pool._invoke_creator(self)
.venv\Lib\site-packages\sqlalchemy\engine\create.py:643: in connect
    return dialect.connect(*cargs, **cparams)
.venv\Lib\site-packages\sqlalchemy\engine\default.py:621: in connect
    return self.loaded_dbapi.connect(*cargs, **cparams)
.venv\Lib\site-packages\psycopg2\__init__.py:135: in connect
    conn = _connect(dsn, connection_factory=connection_factory, **kwasync)
E   sqlalchemy.exc.OperationalError: (psycopg2.OperationalError) connection to server at "localhost" (::1), port 5432 failed: FATAL:  database "pulseboard_test" does not exist
E   
E   (Background on this error at: https://sqlalche.me/e/20/e3q8)
______ ERROR at setup of TestCheckRateLimit.test_rejects_over_the_limit _______
.venv\Lib\site-packages\sqlalchemy\engine\base.py:146: in __init__
    self._dbapi_connection = engine.raw_connection()
.venv\Lib\site-packages\sqlalchemy\engine\base.py:3302: in raw_connection
    return self.pool.connect()
.venv\Lib\site-packages\sqlalchemy\pool\base.py:449: in connect
    return _ConnectionFairy._checkout(self)
.venv\Lib\site-packages\sqlalchemy\pool\base.py:1263: in _checkout
    fairy = _ConnectionRecord.checkout(pool)
.venv\Lib\site-packages\sqlalchemy\pool\base.py:712: in checkout
    rec = pool._do_get()
.venv\Lib\site-packages\sqlalchemy\pool\impl.py:179: in _do_get
    with util.safe_reraise():
.venv\Lib\site-packages\sqlalchemy\util\langhelpers.py:146: in __exit__
    raise exc_value.with_traceback(exc_tb)
.venv\Lib\site-packages\sqlalchemy\pool\impl.py:177: in _do_get
    return self._create_connection()
.venv\Lib\site-packages\sqlalchemy\pool\base.py:390: in _create_connection
    return _ConnectionRecord(self)
.venv\Lib\site-packages\sqlalchemy\pool\base.py:674: in __init__
    self.__connect()
.venv\Lib\site-packages\sqlalchemy\pool\base.py:900: in __connect
    with util.safe_reraise():
.venv\Lib\site-packages\sqlalchemy\util\langhelpers.py:146: in __exit__
    raise exc_value.with_traceback(exc_tb)
.venv\Lib\site-packages\sqlalchemy\pool\base.py:896: in __connect
    self.dbapi_connection = connection = pool._invoke_creator(self)
.venv\Lib\site-packages\sqlalchemy\engine\create.py:643: in connect
    return dialect.connect(*cargs, **cparams)
.venv\Lib\site-packages\sqlalchemy\engine\default.py:621: in connect
    return self.loaded_dbapi.connect(*cargs, **cparams)
.venv\Lib\site-packages\psycopg2\__init__.py:135: in connect
    conn = _connect(dsn, connection_factory=connection_factory, **kwasync)
E   psycopg2.OperationalError: connection to server at "localhost" (::1), port 5432 failed: FATAL:  database "pulseboard_test" does not exist

The above exception was the direct cause of the following exception:
app\tests\conftest.py:49: in _create_schema
    Base.metadata.drop_all(bind=sync_engine)
.venv\Lib\site-packages\sqlalchemy\sql\schema.py:5896: in drop_all
    bind._run_ddl_visitor(
.venv\Lib\site-packages\sqlalchemy\engine\base.py:3252: in _run_ddl_visitor
    with self.begin() as conn:
..\..\..\..\AppData\Local\Programs\Python\Python313\Lib\contextlib.py:141: in __enter__
    return next(self.gen)
.venv\Lib\site-packages\sqlalchemy\engine\base.py:3242: in begin
    with self.connect() as conn:
.venv\Lib\site-packages\sqlalchemy\engine\base.py:3278: in connect
    return self._connection_cls(self)
.venv\Lib\site-packages\sqlalchemy\engine\base.py:148: in __init__
    Connection._handle_dbapi_exception_noconnection(
.venv\Lib\site-packages\sqlalchemy\engine\base.py:2442: in _handle_dbapi_exception_noconnection
    raise sqlalchemy_exception.with_traceback(exc_info[2]) from e
.venv\Lib\site-packages\sqlalchemy\engine\base.py:146: in __init__
    self._dbapi_connection = engine.raw_connection()
.venv\Lib\site-packages\sqlalchemy\engine\base.py:3302: in raw_connection
    return self.pool.connect()
.venv\Lib\site-packages\sqlalchemy\pool\base.py:449: in connect
    return _ConnectionFairy._checkout(self)
.venv\Lib\site-packages\sqlalchemy\pool\base.py:1263: in _checkout
    fairy = _ConnectionRecord.checkout(pool)
.venv\Lib\site-packages\sqlalchemy\pool\base.py:712: in checkout
    rec = pool._do_get()
.venv\Lib\site-packages\sqlalchemy\pool\impl.py:179: in _do_get
    with util.safe_reraise():
.venv\Lib\site-packages\sqlalchemy\util\langhelpers.py:146: in __exit__
    raise exc_value.with_traceback(exc_tb)
.venv\Lib\site-packages\sqlalchemy\pool\impl.py:177: in _do_get
    return self._create_connection()
.venv\Lib\site-packages\sqlalchemy\pool\base.py:390: in _create_connection
    return _ConnectionRecord(self)
.venv\Lib\site-packages\sqlalchemy\pool\base.py:674: in __init__
    self.__connect()
.venv\Lib\site-packages\sqlalchemy\pool\base.py:900: in __connect
    with util.safe_reraise():
.venv\Lib\site-packages\sqlalchemy\util\langhelpers.py:146: in __exit__
    raise exc_value.with_traceback(exc_tb)
.venv\Lib\site-packages\sqlalchemy\pool\base.py:896: in __connect
    self.dbapi_connection = connection = pool._invoke_creator(self)
.venv\Lib\site-packages\sqlalchemy\engine\create.py:643: in connect
    return dialect.connect(*cargs, **cparams)
.venv\Lib\site-packages\sqlalchemy\engine\default.py:621: in connect
    return self.loaded_dbapi.connect(*cargs, **cparams)
.venv\Lib\site-packages\psycopg2\__init__.py:135: in connect
    conn = _connect(dsn, connection_factory=connection_factory, **kwasync)
E   sqlalchemy.exc.OperationalError: (psycopg2.OperationalError) connection to server at "localhost" (::1), port 5432 failed: FATAL:  database "pulseboard_test" does not exist
E   
E   (Background on this error at: https://sqlalche.me/e/20/e3q8)
_ ERROR at setup of TestCheckRateLimit.test_different_keys_have_independent_buckets _
.venv\Lib\site-packages\sqlalchemy\engine\base.py:146: in __init__
    self._dbapi_connection = engine.raw_connection()
.venv\Lib\site-packages\sqlalchemy\engine\base.py:3302: in raw_connection
    return self.pool.connect()
.venv\Lib\site-packages\sqlalchemy\pool\base.py:449: in connect
    return _ConnectionFairy._checkout(self)
.venv\Lib\site-packages\sqlalchemy\pool\base.py:1263: in _checkout
    fairy = _ConnectionRecord.checkout(pool)
.venv\Lib\site-packages\sqlalchemy\pool\base.py:712: in checkout
    rec = pool._do_get()
.venv\Lib\site-packages\sqlalchemy\pool\impl.py:179: in _do_get
    with util.safe_reraise():
.venv\Lib\site-packages\sqlalchemy\util\langhelpers.py:146: in __exit__
    raise exc_value.with_traceback(exc_tb)
.venv\Lib\site-packages\sqlalchemy\pool\impl.py:177: in _do_get
    return self._create_connection()
.venv\Lib\site-packages\sqlalchemy\pool\base.py:390: in _create_connection
    return _ConnectionRecord(self)
.venv\Lib\site-packages\sqlalchemy\pool\base.py:674: in __init__
    self.__connect()
.venv\Lib\site-packages\sqlalchemy\pool\base.py:900: in __connect
    with util.safe_reraise():
.venv\Lib\site-packages\sqlalchemy\util\langhelpers.py:146: in __exit__
    raise exc_value.with_traceback(exc_tb)
.venv\Lib\site-packages\sqlalchemy\pool\base.py:896: in __connect
    self.dbapi_connection = connection = pool._invoke_creator(self)
.venv\Lib\site-packages\sqlalchemy\engine\create.py:643: in connect
    return dialect.connect(*cargs, **cparams)
.venv\Lib\site-packages\sqlalchemy\engine\default.py:621: in connect
    return self.loaded_dbapi.connect(*cargs, **cparams)
.venv\Lib\site-packages\psycopg2\__init__.py:135: in connect
    conn = _connect(dsn, connection_factory=connection_factory, **kwasync)
E   psycopg2.OperationalError: connection to server at "localhost" (::1), port 5432 failed: FATAL:  database "pulseboard_test" does not exist

The above exception was the direct cause of the following exception:
app\tests\conftest.py:49: in _create_schema
    Base.metadata.drop_all(bind=sync_engine)
.venv\Lib\site-packages\sqlalchemy\sql\schema.py:5896: in drop_all
    bind._run_ddl_visitor(
.venv\Lib\site-packages\sqlalchemy\engine\base.py:3252: in _run_ddl_visitor
    with self.begin() as conn:
..\..\..\..\AppData\Local\Programs\Python\Python313\Lib\contextlib.py:141: in __enter__
    return next(self.gen)
.venv\Lib\site-packages\sqlalchemy\engine\base.py:3242: in begin
    with self.connect() as conn:
.venv\Lib\site-packages\sqlalchemy\engine\base.py:3278: in connect
    return self._connection_cls(self)
.venv\Lib\site-packages\sqlalchemy\engine\base.py:148: in __init__
    Connection._handle_dbapi_exception_noconnection(
.venv\Lib\site-packages\sqlalchemy\engine\base.py:2442: in _handle_dbapi_exception_noconnection
    raise sqlalchemy_exception.with_traceback(exc_info[2]) from e
.venv\Lib\site-packages\sqlalchemy\engine\base.py:146: in __init__
    self._dbapi_connection = engine.raw_connection()
.venv\Lib\site-packages\sqlalchemy\engine\base.py:3302: in raw_connection
    return self.pool.connect()
.venv\Lib\site-packages\sqlalchemy\pool\base.py:449: in connect
    return _ConnectionFairy._checkout(self)
.venv\Lib\site-packages\sqlalchemy\pool\base.py:1263: in _checkout
    fairy = _ConnectionRecord.checkout(pool)
.venv\Lib\site-packages\sqlalchemy\pool\base.py:712: in checkout
    rec = pool._do_get()
.venv\Lib\site-packages\sqlalchemy\pool\impl.py:179: in _do_get
    with util.safe_reraise():
.venv\Lib\site-packages\sqlalchemy\util\langhelpers.py:146: in __exit__
    raise exc_value.with_traceback(exc_tb)
.venv\Lib\site-packages\sqlalchemy\pool\impl.py:177: in _do_get
    return self._create_connection()
.venv\Lib\site-packages\sqlalchemy\pool\base.py:390: in _create_connection
    return _ConnectionRecord(self)
.venv\Lib\site-packages\sqlalchemy\pool\base.py:674: in __init__
    self.__connect()
.venv\Lib\site-packages\sqlalchemy\pool\base.py:900: in __connect
    with util.safe_reraise():
.venv\Lib\site-packages\sqlalchemy\util\langhelpers.py:146: in __exit__
    raise exc_value.with_traceback(exc_tb)
.venv\Lib\site-packages\sqlalchemy\pool\base.py:896: in __connect
    self.dbapi_connection = connection = pool._invoke_creator(self)
.venv\Lib\site-packages\sqlalchemy\engine\create.py:643: in connect
    return dialect.connect(*cargs, **cparams)
.venv\Lib\site-packages\sqlalchemy\engine\default.py:621: in connect
    return self.loaded_dbapi.connect(*cargs, **cparams)
.venv\Lib\site-packages\psycopg2\__init__.py:135: in connect
    conn = _connect(dsn, connection_factory=connection_factory, **kwasync)
E   sqlalchemy.exc.OperationalError: (psycopg2.OperationalError) connection to server at "localhost" (::1), port 5432 failed: FATAL:  database "pulseboard_test" does not exist
E   
E   (Background on this error at: https://sqlalche.me/e/20/e3q8)
_____ ERROR at setup of TestCheckRateLimit.test_fails_open_on_redis_error _____
.venv\Lib\site-packages\sqlalchemy\engine\base.py:146: in __init__
    self._dbapi_connection = engine.raw_connection()
.venv\Lib\site-packages\sqlalchemy\engine\base.py:3302: in raw_connection
    return self.pool.connect()
.venv\Lib\site-packages\sqlalchemy\pool\base.py:449: in connect
    return _ConnectionFairy._checkout(self)
.venv\Lib\site-packages\sqlalchemy\pool\base.py:1263: in _checkout
    fairy = _ConnectionRecord.checkout(pool)
.venv\Lib\site-packages\sqlalchemy\pool\base.py:712: in checkout
    rec = pool._do_get()
.venv\Lib\site-packages\sqlalchemy\pool\impl.py:179: in _do_get
    with util.safe_reraise():
.venv\Lib\site-packages\sqlalchemy\util\langhelpers.py:146: in __exit__
    raise exc_value.with_traceback(exc_tb)
.venv\Lib\site-packages\sqlalchemy\pool\impl.py:177: in _do_get
    return self._create_connection()
.venv\Lib\site-packages\sqlalchemy\pool\base.py:390: in _create_connection
    return _ConnectionRecord(self)
.venv\Lib\site-packages\sqlalchemy\pool\base.py:674: in __init__
    self.__connect()
.venv\Lib\site-packages\sqlalchemy\pool\base.py:900: in __connect
    with util.safe_reraise():
.venv\Lib\site-packages\sqlalchemy\util\langhelpers.py:146: in __exit__
    raise exc_value.with_traceback(exc_tb)
.venv\Lib\site-packages\sqlalchemy\pool\base.py:896: in __connect
    self.dbapi_connection = connection = pool._invoke_creator(self)
.venv\Lib\site-packages\sqlalchemy\engine\create.py:643: in connect
    return dialect.connect(*cargs, **cparams)
.venv\Lib\site-packages\sqlalchemy\engine\default.py:621: in connect
    return self.loaded_dbapi.connect(*cargs, **cparams)
.venv\Lib\site-packages\psycopg2\__init__.py:135: in connect
    conn = _connect(dsn, connection_factory=connection_factory, **kwasync)
E   psycopg2.OperationalError: connection to server at "localhost" (::1), port 5432 failed: FATAL:  database "pulseboard_test" does not exist

The above exception was the direct cause of the following exception:
app\tests\conftest.py:49: in _create_schema
    Base.metadata.drop_all(bind=sync_engine)
.venv\Lib\site-packages\sqlalchemy\sql\schema.py:5896: in drop_all
    bind._run_ddl_visitor(
.venv\Lib\site-packages\sqlalchemy\engine\base.py:3252: in _run_ddl_visitor
    with self.begin() as conn:
..\..\..\..\AppData\Local\Programs\Python\Python313\Lib\contextlib.py:141: in __enter__
    return next(self.gen)
.venv\Lib\site-packages\sqlalchemy\engine\base.py:3242: in begin
    with self.connect() as conn:
.venv\Lib\site-packages\sqlalchemy\engine\base.py:3278: in connect
    return self._connection_cls(self)
.venv\Lib\site-packages\sqlalchemy\engine\base.py:148: in __init__
    Connection._handle_dbapi_exception_noconnection(
.venv\Lib\site-packages\sqlalchemy\engine\base.py:2442: in _handle_dbapi_exception_noconnection
    raise sqlalchemy_exception.with_traceback(exc_info[2]) from e
.venv\Lib\site-packages\sqlalchemy\engine\base.py:146: in __init__
    self._dbapi_connection = engine.raw_connection()
.venv\Lib\site-packages\sqlalchemy\engine\base.py:3302: in raw_connection
    return self.pool.connect()
.venv\Lib\site-packages\sqlalchemy\pool\base.py:449: in connect
    return _ConnectionFairy._checkout(self)
.venv\Lib\site-packages\sqlalchemy\pool\base.py:1263: in _checkout
    fairy = _ConnectionRecord.checkout(pool)
.venv\Lib\site-packages\sqlalchemy\pool\base.py:712: in checkout
    rec = pool._do_get()
.venv\Lib\site-packages\sqlalchemy\pool\impl.py:179: in _do_get
    with util.safe_reraise():
.venv\Lib\site-packages\sqlalchemy\util\langhelpers.py:146: in __exit__
    raise exc_value.with_traceback(exc_tb)
.venv\Lib\site-packages\sqlalchemy\pool\impl.py:177: in _do_get
    return self._create_connection()
.venv\Lib\site-packages\sqlalchemy\pool\base.py:390: in _create_connection
    return _ConnectionRecord(self)
.venv\Lib\site-packages\sqlalchemy\pool\base.py:674: in __init__
    self.__connect()
.venv\Lib\site-packages\sqlalchemy\pool\base.py:900: in __connect
    with util.safe_reraise():
.venv\Lib\site-packages\sqlalchemy\util\langhelpers.py:146: in __exit__
    raise exc_value.with_traceback(exc_tb)
.venv\Lib\site-packages\sqlalchemy\pool\base.py:896: in __connect
    self.dbapi_connection = connection = pool._invoke_creator(self)
.venv\Lib\site-packages\sqlalchemy\engine\create.py:643: in connect
    return dialect.connect(*cargs, **cparams)
.venv\Lib\site-packages\sqlalchemy\engine\default.py:621: in connect
    return self.loaded_dbapi.connect(*cargs, **cparams)
.venv\Lib\site-packages\psycopg2\__init__.py:135: in connect
    conn = _connect(dsn, connection_factory=connection_factory, **kwasync)
E   sqlalchemy.exc.OperationalError: (psycopg2.OperationalError) connection to server at "localhost" (::1), port 5432 failed: FATAL:  database "pulseboard_test" does not exist
E   
E   (Background on this error at: https://sqlalche.me/e/20/e3q8)
_______________ ERROR at setup of TestLevelForScore.test_bands ________________
.venv\Lib\site-packages\sqlalchemy\engine\base.py:146: in __init__
    self._dbapi_connection = engine.raw_connection()
.venv\Lib\site-packages\sqlalchemy\engine\base.py:3302: in raw_connection
    return self.pool.connect()
.venv\Lib\site-packages\sqlalchemy\pool\base.py:449: in connect
    return _ConnectionFairy._checkout(self)
.venv\Lib\site-packages\sqlalchemy\pool\base.py:1263: in _checkout
    fairy = _ConnectionRecord.checkout(pool)
.venv\Lib\site-packages\sqlalchemy\pool\base.py:712: in checkout
    rec = pool._do_get()
.venv\Lib\site-packages\sqlalchemy\pool\impl.py:179: in _do_get
    with util.safe_reraise():
.venv\Lib\site-packages\sqlalchemy\util\langhelpers.py:146: in __exit__
    raise exc_value.with_traceback(exc_tb)
.venv\Lib\site-packages\sqlalchemy\pool\impl.py:177: in _do_get
    return self._create_connection()
.venv\Lib\site-packages\sqlalchemy\pool\base.py:390: in _create_connection
    return _ConnectionRecord(self)
.venv\Lib\site-packages\sqlalchemy\pool\base.py:674: in __init__
    self.__connect()
.venv\Lib\site-packages\sqlalchemy\pool\base.py:900: in __connect
    with util.safe_reraise():
.venv\Lib\site-packages\sqlalchemy\util\langhelpers.py:146: in __exit__
    raise exc_value.with_traceback(exc_tb)
.venv\Lib\site-packages\sqlalchemy\pool\base.py:896: in __connect
    self.dbapi_connection = connection = pool._invoke_creator(self)
.venv\Lib\site-packages\sqlalchemy\engine\create.py:643: in connect
    return dialect.connect(*cargs, **cparams)
.venv\Lib\site-packages\sqlalchemy\engine\default.py:621: in connect
    return self.loaded_dbapi.connect(*cargs, **cparams)
.venv\Lib\site-packages\psycopg2\__init__.py:135: in connect
    conn = _connect(dsn, connection_factory=connection_factory, **kwasync)
E   psycopg2.OperationalError: connection to server at "localhost" (::1), port 5432 failed: FATAL:  database "pulseboard_test" does not exist

The above exception was the direct cause of the following exception:
app\tests\conftest.py:49: in _create_schema
    Base.metadata.drop_all(bind=sync_engine)
.venv\Lib\site-packages\sqlalchemy\sql\schema.py:5896: in drop_all
    bind._run_ddl_visitor(
.venv\Lib\site-packages\sqlalchemy\engine\base.py:3252: in _run_ddl_visitor
    with self.begin() as conn:
..\..\..\..\AppData\Local\Programs\Python\Python313\Lib\contextlib.py:141: in __enter__
    return next(self.gen)
.venv\Lib\site-packages\sqlalchemy\engine\base.py:3242: in begin
    with self.connect() as conn:
.venv\Lib\site-packages\sqlalchemy\engine\base.py:3278: in connect
    return self._connection_cls(self)
.venv\Lib\site-packages\sqlalchemy\engine\base.py:148: in __init__
    Connection._handle_dbapi_exception_noconnection(
.venv\Lib\site-packages\sqlalchemy\engine\base.py:2442: in _handle_dbapi_exception_noconnection
    raise sqlalchemy_exception.with_traceback(exc_info[2]) from e
.venv\Lib\site-packages\sqlalchemy\engine\base.py:146: in __init__
    self._dbapi_connection = engine.raw_connection()
.venv\Lib\site-packages\sqlalchemy\engine\base.py:3302: in raw_connection
    return self.pool.connect()
.venv\Lib\site-packages\sqlalchemy\pool\base.py:449: in connect
    return _ConnectionFairy._checkout(self)
.venv\Lib\site-packages\sqlalchemy\pool\base.py:1263: in _checkout
    fairy = _ConnectionRecord.checkout(pool)
.venv\Lib\site-packages\sqlalchemy\pool\base.py:712: in checkout
    rec = pool._do_get()
.venv\Lib\site-packages\sqlalchemy\pool\impl.py:179: in _do_get
    with util.safe_reraise():
.venv\Lib\site-packages\sqlalchemy\util\langhelpers.py:146: in __exit__
    raise exc_value.with_traceback(exc_tb)
.venv\Lib\site-packages\sqlalchemy\pool\impl.py:177: in _do_get
    return self._create_connection()
.venv\Lib\site-packages\sqlalchemy\pool\base.py:390: in _create_connection
    return _ConnectionRecord(self)
.venv\Lib\site-packages\sqlalchemy\pool\base.py:674: in __init__
    self.__connect()
.venv\Lib\site-packages\sqlalchemy\pool\base.py:900: in __connect
    with util.safe_reraise():
.venv\Lib\site-packages\sqlalchemy\util\langhelpers.py:146: in __exit__
    raise exc_value.with_traceback(exc_tb)
.venv\Lib\site-packages\sqlalchemy\pool\base.py:896: in __connect
    self.dbapi_connection = connection = pool._invoke_creator(self)
.venv\Lib\site-packages\sqlalchemy\engine\create.py:643: in connect
    return dialect.connect(*cargs, **cparams)
.venv\Lib\site-packages\sqlalchemy\engine\default.py:621: in connect
    return self.loaded_dbapi.connect(*cargs, **cparams)
.venv\Lib\site-packages\psycopg2\__init__.py:135: in connect
    conn = _connect(dsn, connection_factory=connection_factory, **kwasync)
E   sqlalchemy.exc.OperationalError: (psycopg2.OperationalError) connection to server at "localhost" (::1), port 5432 failed: FATAL:  database "pulseboard_test" does not exist
E   
E   (Background on this error at: https://sqlalche.me/e/20/e3q8)
______ ERROR at setup of TestAssessRisk.test_no_signal_scores_near_zero _______
.venv\Lib\site-packages\sqlalchemy\engine\base.py:146: in __init__
    self._dbapi_connection = engine.raw_connection()
.venv\Lib\site-packages\sqlalchemy\engine\base.py:3302: in raw_connection
    return self.pool.connect()
.venv\Lib\site-packages\sqlalchemy\pool\base.py:449: in connect
    return _ConnectionFairy._checkout(self)
.venv\Lib\site-packages\sqlalchemy\pool\base.py:1263: in _checkout
    fairy = _ConnectionRecord.checkout(pool)
.venv\Lib\site-packages\sqlalchemy\pool\base.py:712: in checkout
    rec = pool._do_get()
.venv\Lib\site-packages\sqlalchemy\pool\impl.py:179: in _do_get
    with util.safe_reraise():
.venv\Lib\site-packages\sqlalchemy\util\langhelpers.py:146: in __exit__
    raise exc_value.with_traceback(exc_tb)
.venv\Lib\site-packages\sqlalchemy\pool\impl.py:177: in _do_get
    return self._create_connection()
.venv\Lib\site-packages\sqlalchemy\pool\base.py:390: in _create_connection
    return _ConnectionRecord(self)
.venv\Lib\site-packages\sqlalchemy\pool\base.py:674: in __init__
    self.__connect()
.venv\Lib\site-packages\sqlalchemy\pool\base.py:900: in __connect
    with util.safe_reraise():
.venv\Lib\site-packages\sqlalchemy\util\langhelpers.py:146: in __exit__
    raise exc_value.with_traceback(exc_tb)
.venv\Lib\site-packages\sqlalchemy\pool\base.py:896: in __connect
    self.dbapi_connection = connection = pool._invoke_creator(self)
.venv\Lib\site-packages\sqlalchemy\engine\create.py:643: in connect
    return dialect.connect(*cargs, **cparams)
.venv\Lib\site-packages\sqlalchemy\engine\default.py:621: in connect
    return self.loaded_dbapi.connect(*cargs, **cparams)
.venv\Lib\site-packages\psycopg2\__init__.py:135: in connect
    conn = _connect(dsn, connection_factory=connection_factory, **kwasync)
E   psycopg2.OperationalError: connection to server at "localhost" (::1), port 5432 failed: FATAL:  database "pulseboard_test" does not exist

The above exception was the direct cause of the following exception:
app\tests\conftest.py:49: in _create_schema
    Base.metadata.drop_all(bind=sync_engine)
.venv\Lib\site-packages\sqlalchemy\sql\schema.py:5896: in drop_all
    bind._run_ddl_visitor(
.venv\Lib\site-packages\sqlalchemy\engine\base.py:3252: in _run_ddl_visitor
    with self.begin() as conn:
..\..\..\..\AppData\Local\Programs\Python\Python313\Lib\contextlib.py:141: in __enter__
    return next(self.gen)
.venv\Lib\site-packages\sqlalchemy\engine\base.py:3242: in begin
    with self.connect() as conn:
.venv\Lib\site-packages\sqlalchemy\engine\base.py:3278: in connect
    return self._connection_cls(self)
.venv\Lib\site-packages\sqlalchemy\engine\base.py:148: in __init__
    Connection._handle_dbapi_exception_noconnection(
.venv\Lib\site-packages\sqlalchemy\engine\base.py:2442: in _handle_dbapi_exception_noconnection
    raise sqlalchemy_exception.with_traceback(exc_info[2]) from e
.venv\Lib\site-packages\sqlalchemy\engine\base.py:146: in __init__
    self._dbapi_connection = engine.raw_connection()
.venv\Lib\site-packages\sqlalchemy\engine\base.py:3302: in raw_connection
    return self.pool.connect()
.venv\Lib\site-packages\sqlalchemy\pool\base.py:449: in connect
    return _ConnectionFairy._checkout(self)
.venv\Lib\site-packages\sqlalchemy\pool\base.py:1263: in _checkout
    fairy = _ConnectionRecord.checkout(pool)
.venv\Lib\site-packages\sqlalchemy\pool\base.py:712: in checkout
    rec = pool._do_get()
.venv\Lib\site-packages\sqlalchemy\pool\impl.py:179: in _do_get
    with util.safe_reraise():
.venv\Lib\site-packages\sqlalchemy\util\langhelpers.py:146: in __exit__
    raise exc_value.with_traceback(exc_tb)
.venv\Lib\site-packages\sqlalchemy\pool\impl.py:177: in _do_get
    return self._create_connection()
.venv\Lib\site-packages\sqlalchemy\pool\base.py:390: in _create_connection
    return _ConnectionRecord(self)
.venv\Lib\site-packages\sqlalchemy\pool\base.py:674: in __init__
    self.__connect()
.venv\Lib\site-packages\sqlalchemy\pool\base.py:900: in __connect
    with util.safe_reraise():
.venv\Lib\site-packages\sqlalchemy\util\langhelpers.py:146: in __exit__
    raise exc_value.with_traceback(exc_tb)
.venv\Lib\site-packages\sqlalchemy\pool\base.py:896: in __connect
    self.dbapi_connection = connection = pool._invoke_creator(self)
.venv\Lib\site-packages\sqlalchemy\engine\create.py:643: in connect
    return dialect.connect(*cargs, **cparams)
.venv\Lib\site-packages\sqlalchemy\engine\default.py:621: in connect
    return self.loaded_dbapi.connect(*cargs, **cparams)
.venv\Lib\site-packages\psycopg2\__init__.py:135: in connect
    conn = _connect(dsn, connection_factory=connection_factory, **kwasync)
E   sqlalchemy.exc.OperationalError: (psycopg2.OperationalError) connection to server at "localhost" (::1), port 5432 failed: FATAL:  database "pulseboard_test" does not exist
E   
E   (Background on this error at: https://sqlalche.me/e/20/e3q8)
______ ERROR at setup of TestAssessRisk.test_full_crisis_scores_critical ______
.venv\Lib\site-packages\sqlalchemy\engine\base.py:146: in __init__
    self._dbapi_connection = engine.raw_connection()
.venv\Lib\site-packages\sqlalchemy\engine\base.py:3302: in raw_connection
    return self.pool.connect()
.venv\Lib\site-packages\sqlalchemy\pool\base.py:449: in connect
    return _ConnectionFairy._checkout(self)
.venv\Lib\site-packages\sqlalchemy\pool\base.py:1263: in _checkout
    fairy = _ConnectionRecord.checkout(pool)
.venv\Lib\site-packages\sqlalchemy\pool\base.py:712: in checkout
    rec = pool._do_get()
.venv\Lib\site-packages\sqlalchemy\pool\impl.py:179: in _do_get
    with util.safe_reraise():
.venv\Lib\site-packages\sqlalchemy\util\langhelpers.py:146: in __exit__
    raise exc_value.with_traceback(exc_tb)
.venv\Lib\site-packages\sqlalchemy\pool\impl.py:177: in _do_get
    return self._create_connection()
.venv\Lib\site-packages\sqlalchemy\pool\base.py:390: in _create_connection
    return _ConnectionRecord(self)
.venv\Lib\site-packages\sqlalchemy\pool\base.py:674: in __init__
    self.__connect()
.venv\Lib\site-packages\sqlalchemy\pool\base.py:900: in __connect
    with util.safe_reraise():
.venv\Lib\site-packages\sqlalchemy\util\langhelpers.py:146: in __exit__
    raise exc_value.with_traceback(exc_tb)
.venv\Lib\site-packages\sqlalchemy\pool\base.py:896: in __connect
    self.dbapi_connection = connection = pool._invoke_creator(self)
.venv\Lib\site-packages\sqlalchemy\engine\create.py:643: in connect
    return dialect.connect(*cargs, **cparams)
.venv\Lib\site-packages\sqlalchemy\engine\default.py:621: in connect
    return self.loaded_dbapi.connect(*cargs, **cparams)
.venv\Lib\site-packages\psycopg2\__init__.py:135: in connect
    conn = _connect(dsn, connection_factory=connection_factory, **kwasync)
E   psycopg2.OperationalError: connection to server at "localhost" (::1), port 5432 failed: FATAL:  database "pulseboard_test" does not exist

The above exception was the direct cause of the following exception:
app\tests\conftest.py:49: in _create_schema
    Base.metadata.drop_all(bind=sync_engine)
.venv\Lib\site-packages\sqlalchemy\sql\schema.py:5896: in drop_all
    bind._run_ddl_visitor(
.venv\Lib\site-packages\sqlalchemy\engine\base.py:3252: in _run_ddl_visitor
    with self.begin() as conn:
..\..\..\..\AppData\Local\Programs\Python\Python313\Lib\contextlib.py:141: in __enter__
    return next(self.gen)
.venv\Lib\site-packages\sqlalchemy\engine\base.py:3242: in begin
    with self.connect() as conn:
.venv\Lib\site-packages\sqlalchemy\engine\base.py:3278: in connect
    return self._connection_cls(self)
.venv\Lib\site-packages\sqlalchemy\engine\base.py:148: in __init__
    Connection._handle_dbapi_exception_noconnection(
.venv\Lib\site-packages\sqlalchemy\engine\base.py:2442: in _handle_dbapi_exception_noconnection
    raise sqlalchemy_exception.with_traceback(exc_info[2]) from e
.venv\Lib\site-packages\sqlalchemy\engine\base.py:146: in __init__
    self._dbapi_connection = engine.raw_connection()
.venv\Lib\site-packages\sqlalchemy\engine\base.py:3302: in raw_connection
    return self.pool.connect()
.venv\Lib\site-packages\sqlalchemy\pool\base.py:449: in connect
    return _ConnectionFairy._checkout(self)
.venv\Lib\site-packages\sqlalchemy\pool\base.py:1263: in _checkout
    fairy = _ConnectionRecord.checkout(pool)
.venv\Lib\site-packages\sqlalchemy\pool\base.py:712: in checkout
    rec = pool._do_get()
.venv\Lib\site-packages\sqlalchemy\pool\impl.py:179: in _do_get
    with util.safe_reraise():
.venv\Lib\site-packages\sqlalchemy\util\langhelpers.py:146: in __exit__
    raise exc_value.with_traceback(exc_tb)
.venv\Lib\site-packages\sqlalchemy\pool\impl.py:177: in _do_get
    return self._create_connection()
.venv\Lib\site-packages\sqlalchemy\pool\base.py:390: in _create_connection
    return _ConnectionRecord(self)
.venv\Lib\site-packages\sqlalchemy\pool\base.py:674: in __init__
    self.__connect()
.venv\Lib\site-packages\sqlalchemy\pool\base.py:900: in __connect
    with util.safe_reraise():
.venv\Lib\site-packages\sqlalchemy\util\langhelpers.py:146: in __exit__
    raise exc_value.with_traceback(exc_tb)
.venv\Lib\site-packages\sqlalchemy\pool\base.py:896: in __connect
    self.dbapi_connection = connection = pool._invoke_creator(self)
.venv\Lib\site-packages\sqlalchemy\engine\create.py:643: in connect
    return dialect.connect(*cargs, **cparams)
.venv\Lib\site-packages\sqlalchemy\engine\default.py:621: in connect
    return self.loaded_dbapi.connect(*cargs, **cparams)
.venv\Lib\site-packages\psycopg2\__init__.py:135: in connect
    conn = _connect(dsn, connection_factory=connection_factory, **kwasync)
E   sqlalchemy.exc.OperationalError: (psycopg2.OperationalError) connection to server at "localhost" (::1), port 5432 failed: FATAL:  database "pulseboard_test" does not exist
E   
E   (Background on this error at: https://sqlalche.me/e/20/e3q8)
________ ERROR at setup of TestAssessRisk.test_score_never_exceeds_100 ________
.venv\Lib\site-packages\sqlalchemy\engine\base.py:146: in __init__
    self._dbapi_connection = engine.raw_connection()
.venv\Lib\site-packages\sqlalchemy\engine\base.py:3302: in raw_connection
    return self.pool.connect()
.venv\Lib\site-packages\sqlalchemy\pool\base.py:449: in connect
    return _ConnectionFairy._checkout(self)
.venv\Lib\site-packages\sqlalchemy\pool\base.py:1263: in _checkout
    fairy = _ConnectionRecord.checkout(pool)
.venv\Lib\site-packages\sqlalchemy\pool\base.py:712: in checkout
    rec = pool._do_get()
.venv\Lib\site-packages\sqlalchemy\pool\impl.py:179: in _do_get
    with util.safe_reraise():
.venv\Lib\site-packages\sqlalchemy\util\langhelpers.py:146: in __exit__
    raise exc_value.with_traceback(exc_tb)
.venv\Lib\site-packages\sqlalchemy\pool\impl.py:177: in _do_get
    return self._create_connection()
.venv\Lib\site-packages\sqlalchemy\pool\base.py:390: in _create_connection
    return _ConnectionRecord(self)
.venv\Lib\site-packages\sqlalchemy\pool\base.py:674: in __init__
    self.__connect()
.venv\Lib\site-packages\sqlalchemy\pool\base.py:900: in __connect
    with util.safe_reraise():
.venv\Lib\site-packages\sqlalchemy\util\langhelpers.py:146: in __exit__
    raise exc_value.with_traceback(exc_tb)
.venv\Lib\site-packages\sqlalchemy\pool\base.py:896: in __connect
    self.dbapi_connection = connection = pool._invoke_creator(self)
.venv\Lib\site-packages\sqlalchemy\engine\create.py:643: in connect
    return dialect.connect(*cargs, **cparams)
.venv\Lib\site-packages\sqlalchemy\engine\default.py:621: in connect
    return self.loaded_dbapi.connect(*cargs, **cparams)
.venv\Lib\site-packages\psycopg2\__init__.py:135: in connect
    conn = _connect(dsn, connection_factory=connection_factory, **kwasync)
E   psycopg2.OperationalError: connection to server at "localhost" (::1), port 5432 failed: FATAL:  database "pulseboard_test" does not exist

The above exception was the direct cause of the following exception:
app\tests\conftest.py:49: in _create_schema
    Base.metadata.drop_all(bind=sync_engine)
.venv\Lib\site-packages\sqlalchemy\sql\schema.py:5896: in drop_all
    bind._run_ddl_visitor(
.venv\Lib\site-packages\sqlalchemy\engine\base.py:3252: in _run_ddl_visitor
    with self.begin() as conn:
..\..\..\..\AppData\Local\Programs\Python\Python313\Lib\contextlib.py:141: in __enter__
    return next(self.gen)
.venv\Lib\site-packages\sqlalchemy\engine\base.py:3242: in begin
    with self.connect() as conn:
.venv\Lib\site-packages\sqlalchemy\engine\base.py:3278: in connect
    return self._connection_cls(self)
.venv\Lib\site-packages\sqlalchemy\engine\base.py:148: in __init__
    Connection._handle_dbapi_exception_noconnection(
.venv\Lib\site-packages\sqlalchemy\engine\base.py:2442: in _handle_dbapi_exception_noconnection
    raise sqlalchemy_exception.with_traceback(exc_info[2]) from e
.venv\Lib\site-packages\sqlalchemy\engine\base.py:146: in __init__
    self._dbapi_connection = engine.raw_connection()
.venv\Lib\site-packages\sqlalchemy\engine\base.py:3302: in raw_connection
    return self.pool.connect()
.venv\Lib\site-packages\sqlalchemy\pool\base.py:449: in connect
    return _ConnectionFairy._checkout(self)
.venv\Lib\site-packages\sqlalchemy\pool\base.py:1263: in _checkout
    fairy = _ConnectionRecord.checkout(pool)
.venv\Lib\site-packages\sqlalchemy\pool\base.py:712: in checkout
    rec = pool._do_get()
.venv\Lib\site-packages\sqlalchemy\pool\impl.py:179: in _do_get
    with util.safe_reraise():
.venv\Lib\site-packages\sqlalchemy\util\langhelpers.py:146: in __exit__
    raise exc_value.with_traceback(exc_tb)
.venv\Lib\site-packages\sqlalchemy\pool\impl.py:177: in _do_get
    return self._create_connection()
.venv\Lib\site-packages\sqlalchemy\pool\base.py:390: in _create_connection
    return _ConnectionRecord(self)
.venv\Lib\site-packages\sqlalchemy\pool\base.py:674: in __init__
    self.__connect()
.venv\Lib\site-packages\sqlalchemy\pool\base.py:900: in __connect
    with util.safe_reraise():
.venv\Lib\site-packages\sqlalchemy\util\langhelpers.py:146: in __exit__
    raise exc_value.with_traceback(exc_tb)
.venv\Lib\site-packages\sqlalchemy\pool\base.py:896: in __connect
    self.dbapi_connection = connection = pool._invoke_creator(self)
.venv\Lib\site-packages\sqlalchemy\engine\create.py:643: in connect
    return dialect.connect(*cargs, **cparams)
.venv\Lib\site-packages\sqlalchemy\engine\default.py:621: in connect
    return self.loaded_dbapi.connect(*cargs, **cparams)
.venv\Lib\site-packages\psycopg2\__init__.py:135: in connect
    conn = _connect(dsn, connection_factory=connection_factory, **kwasync)
E   sqlalchemy.exc.OperationalError: (psycopg2.OperationalError) connection to server at "localhost" (::1), port 5432 failed: FATAL:  database "pulseboard_test" does not exist
E   
E   (Background on this error at: https://sqlalche.me/e/20/e3q8)
__ ERROR at setup of TestAssessRisk.test_drivers_are_explainable_and_capped ___
.venv\Lib\site-packages\sqlalchemy\engine\base.py:146: in __init__
    self._dbapi_connection = engine.raw_connection()
.venv\Lib\site-packages\sqlalchemy\engine\base.py:3302: in raw_connection
    return self.pool.connect()
.venv\Lib\site-packages\sqlalchemy\pool\base.py:449: in connect
    return _ConnectionFairy._checkout(self)
.venv\Lib\site-packages\sqlalchemy\pool\base.py:1263: in _checkout
    fairy = _ConnectionRecord.checkout(pool)
.venv\Lib\site-packages\sqlalchemy\pool\base.py:712: in checkout
    rec = pool._do_get()
.venv\Lib\site-packages\sqlalchemy\pool\impl.py:179: in _do_get
    with util.safe_reraise():
.venv\Lib\site-packages\sqlalchemy\util\langhelpers.py:146: in __exit__
    raise exc_value.with_traceback(exc_tb)
.venv\Lib\site-packages\sqlalchemy\pool\impl.py:177: in _do_get
    return self._create_connection()
.venv\Lib\site-packages\sqlalchemy\pool\base.py:390: in _create_connection
    return _ConnectionRecord(self)
.venv\Lib\site-packages\sqlalchemy\pool\base.py:674: in __init__
    self.__connect()
.venv\Lib\site-packages\sqlalchemy\pool\base.py:900: in __connect
    with util.safe_reraise():
.venv\Lib\site-packages\sqlalchemy\util\langhelpers.py:146: in __exit__
    raise exc_value.with_traceback(exc_tb)
.venv\Lib\site-packages\sqlalchemy\pool\base.py:896: in __connect
    self.dbapi_connection = connection = pool._invoke_creator(self)
.venv\Lib\site-packages\sqlalchemy\engine\create.py:643: in connect
    return dialect.connect(*cargs, **cparams)
.venv\Lib\site-packages\sqlalchemy\engine\default.py:621: in connect
    return self.loaded_dbapi.connect(*cargs, **cparams)
.venv\Lib\site-packages\psycopg2\__init__.py:135: in connect
    conn = _connect(dsn, connection_factory=connection_factory, **kwasync)
E   psycopg2.OperationalError: connection to server at "localhost" (::1), port 5432 failed: FATAL:  database "pulseboard_test" does not exist

The above exception was the direct cause of the following exception:
app\tests\conftest.py:49: in _create_schema
    Base.metadata.drop_all(bind=sync_engine)
.venv\Lib\site-packages\sqlalchemy\sql\schema.py:5896: in drop_all
    bind._run_ddl_visitor(
.venv\Lib\site-packages\sqlalchemy\engine\base.py:3252: in _run_ddl_visitor
    with self.begin() as conn:
..\..\..\..\AppData\Local\Programs\Python\Python313\Lib\contextlib.py:141: in __enter__
    return next(self.gen)
.venv\Lib\site-packages\sqlalchemy\engine\base.py:3242: in begin
    with self.connect() as conn:
.venv\Lib\site-packages\sqlalchemy\engine\base.py:3278: in connect
    return self._connection_cls(self)
.venv\Lib\site-packages\sqlalchemy\engine\base.py:148: in __init__
    Connection._handle_dbapi_exception_noconnection(
.venv\Lib\site-packages\sqlalchemy\engine\base.py:2442: in _handle_dbapi_exception_noconnection
    raise sqlalchemy_exception.with_traceback(exc_info[2]) from e
.venv\Lib\site-packages\sqlalchemy\engine\base.py:146: in __init__
    self._dbapi_connection = engine.raw_connection()
.venv\Lib\site-packages\sqlalchemy\engine\base.py:3302: in raw_connection
    return self.pool.connect()
.venv\Lib\site-packages\sqlalchemy\pool\base.py:449: in connect
    return _ConnectionFairy._checkout(self)
.venv\Lib\site-packages\sqlalchemy\pool\base.py:1263: in _checkout
    fairy = _ConnectionRecord.checkout(pool)
.venv\Lib\site-packages\sqlalchemy\pool\base.py:712: in checkout
    rec = pool._do_get()
.venv\Lib\site-packages\sqlalchemy\pool\impl.py:179: in _do_get
    with util.safe_reraise():
.venv\Lib\site-packages\sqlalchemy\util\langhelpers.py:146: in __exit__
    raise exc_value.with_traceback(exc_tb)
.venv\Lib\site-packages\sqlalchemy\pool\impl.py:177: in _do_get
    return self._create_connection()
.venv\Lib\site-packages\sqlalchemy\pool\base.py:390: in _create_connection
    return _ConnectionRecord(self)
.venv\Lib\site-packages\sqlalchemy\pool\base.py:674: in __init__
    self.__connect()
.venv\Lib\site-packages\sqlalchemy\pool\base.py:900: in __connect
    with util.safe_reraise():
.venv\Lib\site-packages\sqlalchemy\util\langhelpers.py:146: in __exit__
    raise exc_value.with_traceback(exc_tb)
.venv\Lib\site-packages\sqlalchemy\pool\base.py:896: in __connect
    self.dbapi_connection = connection = pool._invoke_creator(self)
.venv\Lib\site-packages\sqlalchemy\engine\create.py:643: in connect
    return dialect.connect(*cargs, **cparams)
.venv\Lib\site-packages\sqlalchemy\engine\default.py:621: in connect
    return self.loaded_dbapi.connect(*cargs, **cparams)
.venv\Lib\site-packages\psycopg2\__init__.py:135: in connect
    conn = _connect(dsn, connection_factory=connection_factory, **kwasync)
E   sqlalchemy.exc.OperationalError: (psycopg2.OperationalError) connection to server at "localhost" (::1), port 5432 failed: FATAL:  database "pulseboard_test" does not exist
E   
E   (Background on this error at: https://sqlalche.me/e/20/e3q8)
_________ ERROR at setup of TestAssessRisk.test_max_points_sum_to_100 _________
.venv\Lib\site-packages\sqlalchemy\engine\base.py:146: in __init__
    self._dbapi_connection = engine.raw_connection()
.venv\Lib\site-packages\sqlalchemy\engine\base.py:3302: in raw_connection
    return self.pool.connect()
.venv\Lib\site-packages\sqlalchemy\pool\base.py:449: in connect
    return _ConnectionFairy._checkout(self)
.venv\Lib\site-packages\sqlalchemy\pool\base.py:1263: in _checkout
    fairy = _ConnectionRecord.checkout(pool)
.venv\Lib\site-packages\sqlalchemy\pool\base.py:712: in checkout
    rec = pool._do_get()
.venv\Lib\site-packages\sqlalchemy\pool\impl.py:179: in _do_get
    with util.safe_reraise():
.venv\Lib\site-packages\sqlalchemy\util\langhelpers.py:146: in __exit__
    raise exc_value.with_traceback(exc_tb)
.venv\Lib\site-packages\sqlalchemy\pool\impl.py:177: in _do_get
    return self._create_connection()
.venv\Lib\site-packages\sqlalchemy\pool\base.py:390: in _create_connection
    return _ConnectionRecord(self)
.venv\Lib\site-packages\sqlalchemy\pool\base.py:674: in __init__
    self.__connect()
.venv\Lib\site-packages\sqlalchemy\pool\base.py:900: in __connect
    with util.safe_reraise():
.venv\Lib\site-packages\sqlalchemy\util\langhelpers.py:146: in __exit__
    raise exc_value.with_traceback(exc_tb)
.venv\Lib\site-packages\sqlalchemy\pool\base.py:896: in __connect
    self.dbapi_connection = connection = pool._invoke_creator(self)
.venv\Lib\site-packages\sqlalchemy\engine\create.py:643: in connect
    return dialect.connect(*cargs, **cparams)
.venv\Lib\site-packages\sqlalchemy\engine\default.py:621: in connect
    return self.loaded_dbapi.connect(*cargs, **cparams)
.venv\Lib\site-packages\psycopg2\__init__.py:135: in connect
    conn = _connect(dsn, connection_factory=connection_factory, **kwasync)
E   psycopg2.OperationalError: connection to server at "localhost" (::1), port 5432 failed: FATAL:  database "pulseboard_test" does not exist

The above exception was the direct cause of the following exception:
app\tests\conftest.py:49: in _create_schema
    Base.metadata.drop_all(bind=sync_engine)
.venv\Lib\site-packages\sqlalchemy\sql\schema.py:5896: in drop_all
    bind._run_ddl_visitor(
.venv\Lib\site-packages\sqlalchemy\engine\base.py:3252: in _run_ddl_visitor
    with self.begin() as conn:
..\..\..\..\AppData\Local\Programs\Python\Python313\Lib\contextlib.py:141: in __enter__
    return next(self.gen)
.venv\Lib\site-packages\sqlalchemy\engine\base.py:3242: in begin
    with self.connect() as conn:
.venv\Lib\site-packages\sqlalchemy\engine\base.py:3278: in connect
    return self._connection_cls(self)
.venv\Lib\site-packages\sqlalchemy\engine\base.py:148: in __init__
    Connection._handle_dbapi_exception_noconnection(
.venv\Lib\site-packages\sqlalchemy\engine\base.py:2442: in _handle_dbapi_exception_noconnection
    raise sqlalchemy_exception.with_traceback(exc_info[2]) from e
.venv\Lib\site-packages\sqlalchemy\engine\base.py:146: in __init__
    self._dbapi_connection = engine.raw_connection()
.venv\Lib\site-packages\sqlalchemy\engine\base.py:3302: in raw_connection
    return self.pool.connect()
.venv\Lib\site-packages\sqlalchemy\pool\base.py:449: in connect
    return _ConnectionFairy._checkout(self)
.venv\Lib\site-packages\sqlalchemy\pool\base.py:1263: in _checkout
    fairy = _ConnectionRecord.checkout(pool)
.venv\Lib\site-packages\sqlalchemy\pool\base.py:712: in checkout
    rec = pool._do_get()
.venv\Lib\site-packages\sqlalchemy\pool\impl.py:179: in _do_get
    with util.safe_reraise():
.venv\Lib\site-packages\sqlalchemy\util\langhelpers.py:146: in __exit__
    raise exc_value.with_traceback(exc_tb)
.venv\Lib\site-packages\sqlalchemy\pool\impl.py:177: in _do_get
    return self._create_connection()
.venv\Lib\site-packages\sqlalchemy\pool\base.py:390: in _create_connection
    return _ConnectionRecord(self)
.venv\Lib\site-packages\sqlalchemy\pool\base.py:674: in __init__
    self.__connect()
.venv\Lib\site-packages\sqlalchemy\pool\base.py:900: in __connect
    with util.safe_reraise():
.venv\Lib\site-packages\sqlalchemy\util\langhelpers.py:146: in __exit__
    raise exc_value.with_traceback(exc_tb)
.venv\Lib\site-packages\sqlalchemy\pool\base.py:896: in __connect
    self.dbapi_connection = connection = pool._invoke_creator(self)
.venv\Lib\site-packages\sqlalchemy\engine\create.py:643: in connect
    return dialect.connect(*cargs, **cparams)
.venv\Lib\site-packages\sqlalchemy\engine\default.py:621: in connect
    return self.loaded_dbapi.connect(*cargs, **cparams)
.venv\Lib\site-packages\psycopg2\__init__.py:135: in connect
    conn = _connect(dsn, connection_factory=connection_factory, **kwasync)
E   sqlalchemy.exc.OperationalError: (psycopg2.OperationalError) connection to server at "localhost" (::1), port 5432 failed: FATAL:  database "pulseboard_test" does not exist
E   
E   (Background on this error at: https://sqlalche.me/e/20/e3q8)
__ ERROR at setup of TestAssessRisk.test_drivers_sorted_descending_by_points __
.venv\Lib\site-packages\sqlalchemy\engine\base.py:146: in __init__
    self._dbapi_connection = engine.raw_connection()
.venv\Lib\site-packages\sqlalchemy\engine\base.py:3302: in raw_connection
    return self.pool.connect()
.venv\Lib\site-packages\sqlalchemy\pool\base.py:449: in connect
    return _ConnectionFairy._checkout(self)
.venv\Lib\site-packages\sqlalchemy\pool\base.py:1263: in _checkout
    fairy = _ConnectionRecord.checkout(pool)
.venv\Lib\site-packages\sqlalchemy\pool\base.py:712: in checkout
    rec = pool._do_get()
.venv\Lib\site-packages\sqlalchemy\pool\impl.py:179: in _do_get
    with util.safe_reraise():
.venv\Lib\site-packages\sqlalchemy\util\langhelpers.py:146: in __exit__
    raise exc_value.with_traceback(exc_tb)
.venv\Lib\site-packages\sqlalchemy\pool\impl.py:177: in _do_get
    return self._create_connection()
.venv\Lib\site-packages\sqlalchemy\pool\base.py:390: in _create_connection
    return _ConnectionRecord(self)
.venv\Lib\site-packages\sqlalchemy\pool\base.py:674: in __init__
    self.__connect()
.venv\Lib\site-packages\sqlalchemy\pool\base.py:900: in __connect
    with util.safe_reraise():
.venv\Lib\site-packages\sqlalchemy\util\langhelpers.py:146: in __exit__
    raise exc_value.with_traceback(exc_tb)
.venv\Lib\site-packages\sqlalchemy\pool\base.py:896: in __connect
    self.dbapi_connection = connection = pool._invoke_creator(self)
.venv\Lib\site-packages\sqlalchemy\engine\create.py:643: in connect
    return dialect.connect(*cargs, **cparams)
.venv\Lib\site-packages\sqlalchemy\engine\default.py:621: in connect
    return self.loaded_dbapi.connect(*cargs, **cparams)
.venv\Lib\site-packages\psycopg2\__init__.py:135: in connect
    conn = _connect(dsn, connection_factory=connection_factory, **kwasync)
E   psycopg2.OperationalError: connection to server at "localhost" (::1), port 5432 failed: FATAL:  database "pulseboard_test" does not exist

The above exception was the direct cause of the following exception:
app\tests\conftest.py:49: in _create_schema
    Base.metadata.drop_all(bind=sync_engine)
.venv\Lib\site-packages\sqlalchemy\sql\schema.py:5896: in drop_all
    bind._run_ddl_visitor(
.venv\Lib\site-packages\sqlalchemy\engine\base.py:3252: in _run_ddl_visitor
    with self.begin() as conn:
..\..\..\..\AppData\Local\Programs\Python\Python313\Lib\contextlib.py:141: in __enter__
    return next(self.gen)
.venv\Lib\site-packages\sqlalchemy\engine\base.py:3242: in begin
    with self.connect() as conn:
.venv\Lib\site-packages\sqlalchemy\engine\base.py:3278: in connect
    return self._connection_cls(self)
.venv\Lib\site-packages\sqlalchemy\engine\base.py:148: in __init__
    Connection._handle_dbapi_exception_noconnection(
.venv\Lib\site-packages\sqlalchemy\engine\base.py:2442: in _handle_dbapi_exception_noconnection
    raise sqlalchemy_exception.with_traceback(exc_info[2]) from e
.venv\Lib\site-packages\sqlalchemy\engine\base.py:146: in __init__
    self._dbapi_connection = engine.raw_connection()
.venv\Lib\site-packages\sqlalchemy\engine\base.py:3302: in raw_connection
    return self.pool.connect()
.venv\Lib\site-packages\sqlalchemy\pool\base.py:449: in connect
    return _ConnectionFairy._checkout(self)
.venv\Lib\site-packages\sqlalchemy\pool\base.py:1263: in _checkout
    fairy = _ConnectionRecord.checkout(pool)
.venv\Lib\site-packages\sqlalchemy\pool\base.py:712: in checkout
    rec = pool._do_get()
.venv\Lib\site-packages\sqlalchemy\pool\impl.py:179: in _do_get
    with util.safe_reraise():
.venv\Lib\site-packages\sqlalchemy\util\langhelpers.py:146: in __exit__
    raise exc_value.with_traceback(exc_tb)
.venv\Lib\site-packages\sqlalchemy\pool\impl.py:177: in _do_get
    return self._create_connection()
.venv\Lib\site-packages\sqlalchemy\pool\base.py:390: in _create_connection
    return _ConnectionRecord(self)
.venv\Lib\site-packages\sqlalchemy\pool\base.py:674: in __init__
    self.__connect()
.venv\Lib\site-packages\sqlalchemy\pool\base.py:900: in __connect
    with util.safe_reraise():
.venv\Lib\site-packages\sqlalchemy\util\langhelpers.py:146: in __exit__
    raise exc_value.with_traceback(exc_tb)
.venv\Lib\site-packages\sqlalchemy\pool\base.py:896: in __connect
    self.dbapi_connection = connection = pool._invoke_creator(self)
.venv\Lib\site-packages\sqlalchemy\engine\create.py:643: in connect
    return dialect.connect(*cargs, **cparams)
.venv\Lib\site-packages\sqlalchemy\engine\default.py:621: in connect
    return self.loaded_dbapi.connect(*cargs, **cparams)
.venv\Lib\site-packages\psycopg2\__init__.py:135: in connect
    conn = _connect(dsn, connection_factory=connection_factory, **kwasync)
E   sqlalchemy.exc.OperationalError: (psycopg2.OperationalError) connection to server at "localhost" (::1), port 5432 failed: FATAL:  database "pulseboard_test" does not exist
E   
E   (Background on this error at: https://sqlalche.me/e/20/e3q8)
____ ERROR at setup of TestAssessRisk.test_zero_drivers_omitted_from_list _____
.venv\Lib\site-packages\sqlalchemy\engine\base.py:146: in __init__
    self._dbapi_connection = engine.raw_connection()
.venv\Lib\site-packages\sqlalchemy\engine\base.py:3302: in raw_connection
    return self.pool.connect()
.venv\Lib\site-packages\sqlalchemy\pool\base.py:449: in connect
    return _ConnectionFairy._checkout(self)
.venv\Lib\site-packages\sqlalchemy\pool\base.py:1263: in _checkout
    fairy = _ConnectionRecord.checkout(pool)
.venv\Lib\site-packages\sqlalchemy\pool\base.py:712: in checkout
    rec = pool._do_get()
.venv\Lib\site-packages\sqlalchemy\pool\impl.py:179: in _do_get
    with util.safe_reraise():
.venv\Lib\site-packages\sqlalchemy\util\langhelpers.py:146: in __exit__
    raise exc_value.with_traceback(exc_tb)
.venv\Lib\site-packages\sqlalchemy\pool\impl.py:177: in _do_get
    return self._create_connection()
.venv\Lib\site-packages\sqlalchemy\pool\base.py:390: in _create_connection
    return _ConnectionRecord(self)
.venv\Lib\site-packages\sqlalchemy\pool\base.py:674: in __init__
    self.__connect()
.venv\Lib\site-packages\sqlalchemy\pool\base.py:900: in __connect
    with util.safe_reraise():
.venv\Lib\site-packages\sqlalchemy\util\langhelpers.py:146: in __exit__
    raise exc_value.with_traceback(exc_tb)
.venv\Lib\site-packages\sqlalchemy\pool\base.py:896: in __connect
    self.dbapi_connection = connection = pool._invoke_creator(self)
.venv\Lib\site-packages\sqlalchemy\engine\create.py:643: in connect
    return dialect.connect(*cargs, **cparams)
.venv\Lib\site-packages\sqlalchemy\engine\default.py:621: in connect
    return self.loaded_dbapi.connect(*cargs, **cparams)
.venv\Lib\site-packages\psycopg2\__init__.py:135: in connect
    conn = _connect(dsn, connection_factory=connection_factory, **kwasync)
E   psycopg2.OperationalError: connection to server at "localhost" (::1), port 5432 failed: FATAL:  database "pulseboard_test" does not exist

The above exception was the direct cause of the following exception:
app\tests\conftest.py:49: in _create_schema
    Base.metadata.drop_all(bind=sync_engine)
.venv\Lib\site-packages\sqlalchemy\sql\schema.py:5896: in drop_all
    bind._run_ddl_visitor(
.venv\Lib\site-packages\sqlalchemy\engine\base.py:3252: in _run_ddl_visitor
    with self.begin() as conn:
..\..\..\..\AppData\Local\Programs\Python\Python313\Lib\contextlib.py:141: in __enter__
    return next(self.gen)
.venv\Lib\site-packages\sqlalchemy\engine\base.py:3242: in begin
    with self.connect() as conn:
.venv\Lib\site-packages\sqlalchemy\engine\base.py:3278: in connect
    return self._connection_cls(self)
.venv\Lib\site-packages\sqlalchemy\engine\base.py:148: in __init__
    Connection._handle_dbapi_exception_noconnection(
.venv\Lib\site-packages\sqlalchemy\engine\base.py:2442: in _handle_dbapi_exception_noconnection
    raise sqlalchemy_exception.with_traceback(exc_info[2]) from e
.venv\Lib\site-packages\sqlalchemy\engine\base.py:146: in __init__
    self._dbapi_connection = engine.raw_connection()
.venv\Lib\site-packages\sqlalchemy\engine\base.py:3302: in raw_connection
    return self.pool.connect()
.venv\Lib\site-packages\sqlalchemy\pool\base.py:449: in connect
    return _ConnectionFairy._checkout(self)
.venv\Lib\site-packages\sqlalchemy\pool\base.py:1263: in _checkout
    fairy = _ConnectionRecord.checkout(pool)
.venv\Lib\site-packages\sqlalchemy\pool\base.py:712: in checkout
    rec = pool._do_get()
.venv\Lib\site-packages\sqlalchemy\pool\impl.py:179: in _do_get
    with util.safe_reraise():
.venv\Lib\site-packages\sqlalchemy\util\langhelpers.py:146: in __exit__
    raise exc_value.with_traceback(exc_tb)
.venv\Lib\site-packages\sqlalchemy\pool\impl.py:177: in _do_get
    return self._create_connection()
.venv\Lib\site-packages\sqlalchemy\pool\base.py:390: in _create_connection
    return _ConnectionRecord(self)
.venv\Lib\site-packages\sqlalchemy\pool\base.py:674: in __init__
    self.__connect()
.venv\Lib\site-packages\sqlalchemy\pool\base.py:900: in __connect
    with util.safe_reraise():
.venv\Lib\site-packages\sqlalchemy\util\langhelpers.py:146: in __exit__
    raise exc_value.with_traceback(exc_tb)
.venv\Lib\site-packages\sqlalchemy\pool\base.py:896: in __connect
    self.dbapi_connection = connection = pool._invoke_creator(self)
.venv\Lib\site-packages\sqlalchemy\engine\create.py:643: in connect
    return dialect.connect(*cargs, **cparams)
.venv\Lib\site-packages\sqlalchemy\engine\default.py:621: in connect
    return self.loaded_dbapi.connect(*cargs, **cparams)
.venv\Lib\site-packages\psycopg2\__init__.py:135: in connect
    conn = _connect(dsn, connection_factory=connection_factory, **kwasync)
E   sqlalchemy.exc.OperationalError: (psycopg2.OperationalError) connection to server at "localhost" (::1), port 5432 failed: FATAL:  database "pulseboard_test" does not exist
E   
E   (Background on this error at: https://sqlalche.me/e/20/e3q8)
___ ERROR at setup of TestSecurityHeaders.test_content_type_options_present ___
.venv\Lib\site-packages\sqlalchemy\engine\base.py:146: in __init__
    self._dbapi_connection = engine.raw_connection()
.venv\Lib\site-packages\sqlalchemy\engine\base.py:3302: in raw_connection
    return self.pool.connect()
.venv\Lib\site-packages\sqlalchemy\pool\base.py:449: in connect
    return _ConnectionFairy._checkout(self)
.venv\Lib\site-packages\sqlalchemy\pool\base.py:1263: in _checkout
    fairy = _ConnectionRecord.checkout(pool)
.venv\Lib\site-packages\sqlalchemy\pool\base.py:712: in checkout
    rec = pool._do_get()
.venv\Lib\site-packages\sqlalchemy\pool\impl.py:179: in _do_get
    with util.safe_reraise():
.venv\Lib\site-packages\sqlalchemy\util\langhelpers.py:146: in __exit__
    raise exc_value.with_traceback(exc_tb)
.venv\Lib\site-packages\sqlalchemy\pool\impl.py:177: in _do_get
    return self._create_connection()
.venv\Lib\site-packages\sqlalchemy\pool\base.py:390: in _create_connection
    return _ConnectionRecord(self)
.venv\Lib\site-packages\sqlalchemy\pool\base.py:674: in __init__
    self.__connect()
.venv\Lib\site-packages\sqlalchemy\pool\base.py:900: in __connect
    with util.safe_reraise():
.venv\Lib\site-packages\sqlalchemy\util\langhelpers.py:146: in __exit__
    raise exc_value.with_traceback(exc_tb)
.venv\Lib\site-packages\sqlalchemy\pool\base.py:896: in __connect
    self.dbapi_connection = connection = pool._invoke_creator(self)
.venv\Lib\site-packages\sqlalchemy\engine\create.py:643: in connect
    return dialect.connect(*cargs, **cparams)
.venv\Lib\site-packages\sqlalchemy\engine\default.py:621: in connect
    return self.loaded_dbapi.connect(*cargs, **cparams)
.venv\Lib\site-packages\psycopg2\__init__.py:135: in connect
    conn = _connect(dsn, connection_factory=connection_factory, **kwasync)
E   psycopg2.OperationalError: connection to server at "localhost" (::1), port 5432 failed: FATAL:  database "pulseboard_test" does not exist

The above exception was the direct cause of the following exception:
app\tests\conftest.py:49: in _create_schema
    Base.metadata.drop_all(bind=sync_engine)
.venv\Lib\site-packages\sqlalchemy\sql\schema.py:5896: in drop_all
    bind._run_ddl_visitor(
.venv\Lib\site-packages\sqlalchemy\engine\base.py:3252: in _run_ddl_visitor
    with self.begin() as conn:
..\..\..\..\AppData\Local\Programs\Python\Python313\Lib\contextlib.py:141: in __enter__
    return next(self.gen)
.venv\Lib\site-packages\sqlalchemy\engine\base.py:3242: in begin
    with self.connect() as conn:
.venv\Lib\site-packages\sqlalchemy\engine\base.py:3278: in connect
    return self._connection_cls(self)
.venv\Lib\site-packages\sqlalchemy\engine\base.py:148: in __init__
    Connection._handle_dbapi_exception_noconnection(
.venv\Lib\site-packages\sqlalchemy\engine\base.py:2442: in _handle_dbapi_exception_noconnection
    raise sqlalchemy_exception.with_traceback(exc_info[2]) from e
.venv\Lib\site-packages\sqlalchemy\engine\base.py:146: in __init__
    self._dbapi_connection = engine.raw_connection()
.venv\Lib\site-packages\sqlalchemy\engine\base.py:3302: in raw_connection
    return self.pool.connect()
.venv\Lib\site-packages\sqlalchemy\pool\base.py:449: in connect
    return _ConnectionFairy._checkout(self)
.venv\Lib\site-packages\sqlalchemy\pool\base.py:1263: in _checkout
    fairy = _ConnectionRecord.checkout(pool)
.venv\Lib\site-packages\sqlalchemy\pool\base.py:712: in checkout
    rec = pool._do_get()
.venv\Lib\site-packages\sqlalchemy\pool\impl.py:179: in _do_get
    with util.safe_reraise():
.venv\Lib\site-packages\sqlalchemy\util\langhelpers.py:146: in __exit__
    raise exc_value.with_traceback(exc_tb)
.venv\Lib\site-packages\sqlalchemy\pool\impl.py:177: in _do_get
    return self._create_connection()
.venv\Lib\site-packages\sqlalchemy\pool\base.py:390: in _create_connection
    return _ConnectionRecord(self)
.venv\Lib\site-packages\sqlalchemy\pool\base.py:674: in __init__
    self.__connect()
.venv\Lib\site-packages\sqlalchemy\pool\base.py:900: in __connect
    with util.safe_reraise():
.venv\Lib\site-packages\sqlalchemy\util\langhelpers.py:146: in __exit__
    raise exc_value.with_traceback(exc_tb)
.venv\Lib\site-packages\sqlalchemy\pool\base.py:896: in __connect
    self.dbapi_connection = connection = pool._invoke_creator(self)
.venv\Lib\site-packages\sqlalchemy\engine\create.py:643: in connect
    return dialect.connect(*cargs, **cparams)
.venv\Lib\site-packages\sqlalchemy\engine\default.py:621: in connect
    return self.loaded_dbapi.connect(*cargs, **cparams)
.venv\Lib\site-packages\psycopg2\__init__.py:135: in connect
    conn = _connect(dsn, connection_factory=connection_factory, **kwasync)
E   sqlalchemy.exc.OperationalError: (psycopg2.OperationalError) connection to server at "localhost" (::1), port 5432 failed: FATAL:  database "pulseboard_test" does not exist
E   
E   (Background on this error at: https://sqlalche.me/e/20/e3q8)
______ ERROR at setup of TestSecurityHeaders.test_frame_options_present _______
.venv\Lib\site-packages\sqlalchemy\engine\base.py:146: in __init__
    self._dbapi_connection = engine.raw_connection()
.venv\Lib\site-packages\sqlalchemy\engine\base.py:3302: in raw_connection
    return self.pool.connect()
.venv\Lib\site-packages\sqlalchemy\pool\base.py:449: in connect
    return _ConnectionFairy._checkout(self)
.venv\Lib\site-packages\sqlalchemy\pool\base.py:1263: in _checkout
    fairy = _ConnectionRecord.checkout(pool)
.venv\Lib\site-packages\sqlalchemy\pool\base.py:712: in checkout
    rec = pool._do_get()
.venv\Lib\site-packages\sqlalchemy\pool\impl.py:179: in _do_get
    with util.safe_reraise():
.venv\Lib\site-packages\sqlalchemy\util\langhelpers.py:146: in __exit__
    raise exc_value.with_traceback(exc_tb)
.venv\Lib\site-packages\sqlalchemy\pool\impl.py:177: in _do_get
    return self._create_connection()
.venv\Lib\site-packages\sqlalchemy\pool\base.py:390: in _create_connection
    return _ConnectionRecord(self)
.venv\Lib\site-packages\sqlalchemy\pool\base.py:674: in __init__
    self.__connect()
.venv\Lib\site-packages\sqlalchemy\pool\base.py:900: in __connect
    with util.safe_reraise():
.venv\Lib\site-packages\sqlalchemy\util\langhelpers.py:146: in __exit__
    raise exc_value.with_traceback(exc_tb)
.venv\Lib\site-packages\sqlalchemy\pool\base.py:896: in __connect
    self.dbapi_connection = connection = pool._invoke_creator(self)
.venv\Lib\site-packages\sqlalchemy\engine\create.py:643: in connect
    return dialect.connect(*cargs, **cparams)
.venv\Lib\site-packages\sqlalchemy\engine\default.py:621: in connect
    return self.loaded_dbapi.connect(*cargs, **cparams)
.venv\Lib\site-packages\psycopg2\__init__.py:135: in connect
    conn = _connect(dsn, connection_factory=connection_factory, **kwasync)
E   psycopg2.OperationalError: connection to server at "localhost" (::1), port 5432 failed: FATAL:  database "pulseboard_test" does not exist

The above exception was the direct cause of the following exception:
app\tests\conftest.py:49: in _create_schema
    Base.metadata.drop_all(bind=sync_engine)
.venv\Lib\site-packages\sqlalchemy\sql\schema.py:5896: in drop_all
    bind._run_ddl_visitor(
.venv\Lib\site-packages\sqlalchemy\engine\base.py:3252: in _run_ddl_visitor
    with self.begin() as conn:
..\..\..\..\AppData\Local\Programs\Python\Python313\Lib\contextlib.py:141: in __enter__
    return next(self.gen)
.venv\Lib\site-packages\sqlalchemy\engine\base.py:3242: in begin
    with self.connect() as conn:
.venv\Lib\site-packages\sqlalchemy\engine\base.py:3278: in connect
    return self._connection_cls(self)
.venv\Lib\site-packages\sqlalchemy\engine\base.py:148: in __init__
    Connection._handle_dbapi_exception_noconnection(
.venv\Lib\site-packages\sqlalchemy\engine\base.py:2442: in _handle_dbapi_exception_noconnection
    raise sqlalchemy_exception.with_traceback(exc_info[2]) from e
.venv\Lib\site-packages\sqlalchemy\engine\base.py:146: in __init__
    self._dbapi_connection = engine.raw_connection()
.venv\Lib\site-packages\sqlalchemy\engine\base.py:3302: in raw_connection
    return self.pool.connect()
.venv\Lib\site-packages\sqlalchemy\pool\base.py:449: in connect
    return _ConnectionFairy._checkout(self)
.venv\Lib\site-packages\sqlalchemy\pool\base.py:1263: in _checkout
    fairy = _ConnectionRecord.checkout(pool)
.venv\Lib\site-packages\sqlalchemy\pool\base.py:712: in checkout
    rec = pool._do_get()
.venv\Lib\site-packages\sqlalchemy\pool\impl.py:179: in _do_get
    with util.safe_reraise():
.venv\Lib\site-packages\sqlalchemy\util\langhelpers.py:146: in __exit__
    raise exc_value.with_traceback(exc_tb)
.venv\Lib\site-packages\sqlalchemy\pool\impl.py:177: in _do_get
    return self._create_connection()
.venv\Lib\site-packages\sqlalchemy\pool\base.py:390: in _create_connection
    return _ConnectionRecord(self)
.venv\Lib\site-packages\sqlalchemy\pool\base.py:674: in __init__
    self.__connect()
.venv\Lib\site-packages\sqlalchemy\pool\base.py:900: in __connect
    with util.safe_reraise():
.venv\Lib\site-packages\sqlalchemy\util\langhelpers.py:146: in __exit__
    raise exc_value.with_traceback(exc_tb)
.venv\Lib\site-packages\sqlalchemy\pool\base.py:896: in __connect
    self.dbapi_connection = connection = pool._invoke_creator(self)
.venv\Lib\site-packages\sqlalchemy\engine\create.py:643: in connect
    return dialect.connect(*cargs, **cparams)
.venv\Lib\site-packages\sqlalchemy\engine\default.py:621: in connect
    return self.loaded_dbapi.connect(*cargs, **cparams)
.venv\Lib\site-packages\psycopg2\__init__.py:135: in connect
    conn = _connect(dsn, connection_factory=connection_factory, **kwasync)
E   sqlalchemy.exc.OperationalError: (psycopg2.OperationalError) connection to server at "localhost" (::1), port 5432 failed: FATAL:  database "pulseboard_test" does not exist
E   
E   (Background on this error at: https://sqlalche.me/e/20/e3q8)
_____ ERROR at setup of TestSecurityHeaders.test_referrer_policy_present ______
.venv\Lib\site-packages\sqlalchemy\engine\base.py:146: in __init__
    self._dbapi_connection = engine.raw_connection()
.venv\Lib\site-packages\sqlalchemy\engine\base.py:3302: in raw_connection
    return self.pool.connect()
.venv\Lib\site-packages\sqlalchemy\pool\base.py:449: in connect
    return _ConnectionFairy._checkout(self)
.venv\Lib\site-packages\sqlalchemy\pool\base.py:1263: in _checkout
    fairy = _ConnectionRecord.checkout(pool)
.venv\Lib\site-packages\sqlalchemy\pool\base.py:712: in checkout
    rec = pool._do_get()
.venv\Lib\site-packages\sqlalchemy\pool\impl.py:179: in _do_get
    with util.safe_reraise():
.venv\Lib\site-packages\sqlalchemy\util\langhelpers.py:146: in __exit__
    raise exc_value.with_traceback(exc_tb)
.venv\Lib\site-packages\sqlalchemy\pool\impl.py:177: in _do_get
    return self._create_connection()
.venv\Lib\site-packages\sqlalchemy\pool\base.py:390: in _create_connection
    return _ConnectionRecord(self)
.venv\Lib\site-packages\sqlalchemy\pool\base.py:674: in __init__
    self.__connect()
.venv\Lib\site-packages\sqlalchemy\pool\base.py:900: in __connect
    with util.safe_reraise():
.venv\Lib\site-packages\sqlalchemy\util\langhelpers.py:146: in __exit__
    raise exc_value.with_traceback(exc_tb)
.venv\Lib\site-packages\sqlalchemy\pool\base.py:896: in __connect
    self.dbapi_connection = connection = pool._invoke_creator(self)
.venv\Lib\site-packages\sqlalchemy\engine\create.py:643: in connect
    return dialect.connect(*cargs, **cparams)
.venv\Lib\site-packages\sqlalchemy\engine\default.py:621: in connect
    return self.loaded_dbapi.connect(*cargs, **cparams)
.venv\Lib\site-packages\psycopg2\__init__.py:135: in connect
    conn = _connect(dsn, connection_factory=connection_factory, **kwasync)
E   psycopg2.OperationalError: connection to server at "localhost" (::1), port 5432 failed: FATAL:  database "pulseboard_test" does not exist

The above exception was the direct cause of the following exception:
app\tests\conftest.py:49: in _create_schema
    Base.metadata.drop_all(bind=sync_engine)
.venv\Lib\site-packages\sqlalchemy\sql\schema.py:5896: in drop_all
    bind._run_ddl_visitor(
.venv\Lib\site-packages\sqlalchemy\engine\base.py:3252: in _run_ddl_visitor
    with self.begin() as conn:
..\..\..\..\AppData\Local\Programs\Python\Python313\Lib\contextlib.py:141: in __enter__
    return next(self.gen)
.venv\Lib\site-packages\sqlalchemy\engine\base.py:3242: in begin
    with self.connect() as conn:
.venv\Lib\site-packages\sqlalchemy\engine\base.py:3278: in connect
    return self._connection_cls(self)
.venv\Lib\site-packages\sqlalchemy\engine\base.py:148: in __init__
    Connection._handle_dbapi_exception_noconnection(
.venv\Lib\site-packages\sqlalchemy\engine\base.py:2442: in _handle_dbapi_exception_noconnection
    raise sqlalchemy_exception.with_traceback(exc_info[2]) from e
.venv\Lib\site-packages\sqlalchemy\engine\base.py:146: in __init__
    self._dbapi_connection = engine.raw_connection()
.venv\Lib\site-packages\sqlalchemy\engine\base.py:3302: in raw_connection
    return self.pool.connect()
.venv\Lib\site-packages\sqlalchemy\pool\base.py:449: in connect
    return _ConnectionFairy._checkout(self)
.venv\Lib\site-packages\sqlalchemy\pool\base.py:1263: in _checkout
    fairy = _ConnectionRecord.checkout(pool)
.venv\Lib\site-packages\sqlalchemy\pool\base.py:712: in checkout
    rec = pool._do_get()
.venv\Lib\site-packages\sqlalchemy\pool\impl.py:179: in _do_get
    with util.safe_reraise():
.venv\Lib\site-packages\sqlalchemy\util\langhelpers.py:146: in __exit__
    raise exc_value.with_traceback(exc_tb)
.venv\Lib\site-packages\sqlalchemy\pool\impl.py:177: in _do_get
    return self._create_connection()
.venv\Lib\site-packages\sqlalchemy\pool\base.py:390: in _create_connection
    return _ConnectionRecord(self)
.venv\Lib\site-packages\sqlalchemy\pool\base.py:674: in __init__
    self.__connect()
.venv\Lib\site-packages\sqlalchemy\pool\base.py:900: in __connect
    with util.safe_reraise():
.venv\Lib\site-packages\sqlalchemy\util\langhelpers.py:146: in __exit__
    raise exc_value.with_traceback(exc_tb)
.venv\Lib\site-packages\sqlalchemy\pool\base.py:896: in __connect
    self.dbapi_connection = connection = pool._invoke_creator(self)
.venv\Lib\site-packages\sqlalchemy\engine\create.py:643: in connect
    return dialect.connect(*cargs, **cparams)
.venv\Lib\site-packages\sqlalchemy\engine\default.py:621: in connect
    return self.loaded_dbapi.connect(*cargs, **cparams)
.venv\Lib\site-packages\psycopg2\__init__.py:135: in connect
    conn = _connect(dsn, connection_factory=connection_factory, **kwasync)
E   sqlalchemy.exc.OperationalError: (psycopg2.OperationalError) connection to server at "localhost" (::1), port 5432 failed: FATAL:  database "pulseboard_test" does not exist
E   
E   (Background on this error at: https://sqlalche.me/e/20/e3q8)
____ ERROR at setup of TestSecurityHeaders.test_permissions_policy_present ____
.venv\Lib\site-packages\sqlalchemy\engine\base.py:146: in __init__
    self._dbapi_connection = engine.raw_connection()
.venv\Lib\site-packages\sqlalchemy\engine\base.py:3302: in raw_connection
    return self.pool.connect()
.venv\Lib\site-packages\sqlalchemy\pool\base.py:449: in connect
    return _ConnectionFairy._checkout(self)
.venv\Lib\site-packages\sqlalchemy\pool\base.py:1263: in _checkout
    fairy = _ConnectionRecord.checkout(pool)
.venv\Lib\site-packages\sqlalchemy\pool\base.py:712: in checkout
    rec = pool._do_get()
.venv\Lib\site-packages\sqlalchemy\pool\impl.py:179: in _do_get
    with util.safe_reraise():
.venv\Lib\site-packages\sqlalchemy\util\langhelpers.py:146: in __exit__
    raise exc_value.with_traceback(exc_tb)
.venv\Lib\site-packages\sqlalchemy\pool\impl.py:177: in _do_get
    return self._create_connection()
.venv\Lib\site-packages\sqlalchemy\pool\base.py:390: in _create_connection
    return _ConnectionRecord(self)
.venv\Lib\site-packages\sqlalchemy\pool\base.py:674: in __init__
    self.__connect()
.venv\Lib\site-packages\sqlalchemy\pool\base.py:900: in __connect
    with util.safe_reraise():
.venv\Lib\site-packages\sqlalchemy\util\langhelpers.py:146: in __exit__
    raise exc_value.with_traceback(exc_tb)
.venv\Lib\site-packages\sqlalchemy\pool\base.py:896: in __connect
    self.dbapi_connection = connection = pool._invoke_creator(self)
.venv\Lib\site-packages\sqlalchemy\engine\create.py:643: in connect
    return dialect.connect(*cargs, **cparams)
.venv\Lib\site-packages\sqlalchemy\engine\default.py:621: in connect
    return self.loaded_dbapi.connect(*cargs, **cparams)
.venv\Lib\site-packages\psycopg2\__init__.py:135: in connect
    conn = _connect(dsn, connection_factory=connection_factory, **kwasync)
E   psycopg2.OperationalError: connection to server at "localhost" (::1), port 5432 failed: FATAL:  database "pulseboard_test" does not exist

The above exception was the direct cause of the following exception:
app\tests\conftest.py:49: in _create_schema
    Base.metadata.drop_all(bind=sync_engine)
.venv\Lib\site-packages\sqlalchemy\sql\schema.py:5896: in drop_all
    bind._run_ddl_visitor(
.venv\Lib\site-packages\sqlalchemy\engine\base.py:3252: in _run_ddl_visitor
    with self.begin() as conn:
..\..\..\..\AppData\Local\Programs\Python\Python313\Lib\contextlib.py:141: in __enter__
    return next(self.gen)
.venv\Lib\site-packages\sqlalchemy\engine\base.py:3242: in begin
    with self.connect() as conn:
.venv\Lib\site-packages\sqlalchemy\engine\base.py:3278: in connect
    return self._connection_cls(self)
.venv\Lib\site-packages\sqlalchemy\engine\base.py:148: in __init__
    Connection._handle_dbapi_exception_noconnection(
.venv\Lib\site-packages\sqlalchemy\engine\base.py:2442: in _handle_dbapi_exception_noconnection
    raise sqlalchemy_exception.with_traceback(exc_info[2]) from e
.venv\Lib\site-packages\sqlalchemy\engine\base.py:146: in __init__
    self._dbapi_connection = engine.raw_connection()
.venv\Lib\site-packages\sqlalchemy\engine\base.py:3302: in raw_connection
    return self.pool.connect()
.venv\Lib\site-packages\sqlalchemy\pool\base.py:449: in connect
    return _ConnectionFairy._checkout(self)
.venv\Lib\site-packages\sqlalchemy\pool\base.py:1263: in _checkout
    fairy = _ConnectionRecord.checkout(pool)
.venv\Lib\site-packages\sqlalchemy\pool\base.py:712: in checkout
    rec = pool._do_get()
.venv\Lib\site-packages\sqlalchemy\pool\impl.py:179: in _do_get
    with util.safe_reraise():
.venv\Lib\site-packages\sqlalchemy\util\langhelpers.py:146: in __exit__
    raise exc_value.with_traceback(exc_tb)
.venv\Lib\site-packages\sqlalchemy\pool\impl.py:177: in _do_get
    return self._create_connection()
.venv\Lib\site-packages\sqlalchemy\pool\base.py:390: in _create_connection
    return _ConnectionRecord(self)
.venv\Lib\site-packages\sqlalchemy\pool\base.py:674: in __init__
    self.__connect()
.venv\Lib\site-packages\sqlalchemy\pool\base.py:900: in __connect
    with util.safe_reraise():
.venv\Lib\site-packages\sqlalchemy\util\langhelpers.py:146: in __exit__
    raise exc_value.with_traceback(exc_tb)
.venv\Lib\site-packages\sqlalchemy\pool\base.py:896: in __connect
    self.dbapi_connection = connection = pool._invoke_creator(self)
.venv\Lib\site-packages\sqlalchemy\engine\create.py:643: in connect
    return dialect.connect(*cargs, **cparams)
.venv\Lib\site-packages\sqlalchemy\engine\default.py:621: in connect
    return self.loaded_dbapi.connect(*cargs, **cparams)
.venv\Lib\site-packages\psycopg2\__init__.py:135: in connect
    conn = _connect(dsn, connection_factory=connection_factory, **kwasync)
E   sqlalchemy.exc.OperationalError: (psycopg2.OperationalError) connection to server at "localhost" (::1), port 5432 failed: FATAL:  database "pulseboard_test" does not exist
E   
E   (Background on this error at: https://sqlalche.me/e/20/e3q8)
_ ERROR at setup of TestSecurityHeaders.test_content_security_policy_present __
.venv\Lib\site-packages\sqlalchemy\engine\base.py:146: in __init__
    self._dbapi_connection = engine.raw_connection()
.venv\Lib\site-packages\sqlalchemy\engine\base.py:3302: in raw_connection
    return self.pool.connect()
.venv\Lib\site-packages\sqlalchemy\pool\base.py:449: in connect
    return _ConnectionFairy._checkout(self)
.venv\Lib\site-packages\sqlalchemy\pool\base.py:1263: in _checkout
    fairy = _ConnectionRecord.checkout(pool)
.venv\Lib\site-packages\sqlalchemy\pool\base.py:712: in checkout
    rec = pool._do_get()
.venv\Lib\site-packages\sqlalchemy\pool\impl.py:179: in _do_get
    with util.safe_reraise():
.venv\Lib\site-packages\sqlalchemy\util\langhelpers.py:146: in __exit__
    raise exc_value.with_traceback(exc_tb)
.venv\Lib\site-packages\sqlalchemy\pool\impl.py:177: in _do_get
    return self._create_connection()
.venv\Lib\site-packages\sqlalchemy\pool\base.py:390: in _create_connection
    return _ConnectionRecord(self)
.venv\Lib\site-packages\sqlalchemy\pool\base.py:674: in __init__
    self.__connect()
.venv\Lib\site-packages\sqlalchemy\pool\base.py:900: in __connect
    with util.safe_reraise():
.venv\Lib\site-packages\sqlalchemy\util\langhelpers.py:146: in __exit__
    raise exc_value.with_traceback(exc_tb)
.venv\Lib\site-packages\sqlalchemy\pool\base.py:896: in __connect
    self.dbapi_connection = connection = pool._invoke_creator(self)
.venv\Lib\site-packages\sqlalchemy\engine\create.py:643: in connect
    return dialect.connect(*cargs, **cparams)
.venv\Lib\site-packages\sqlalchemy\engine\default.py:621: in connect
    return self.loaded_dbapi.connect(*cargs, **cparams)
.venv\Lib\site-packages\psycopg2\__init__.py:135: in connect
    conn = _connect(dsn, connection_factory=connection_factory, **kwasync)
E   psycopg2.OperationalError: connection to server at "localhost" (::1), port 5432 failed: FATAL:  database "pulseboard_test" does not exist

The above exception was the direct cause of the following exception:
app\tests\conftest.py:49: in _create_schema
    Base.metadata.drop_all(bind=sync_engine)
.venv\Lib\site-packages\sqlalchemy\sql\schema.py:5896: in drop_all
    bind._run_ddl_visitor(
.venv\Lib\site-packages\sqlalchemy\engine\base.py:3252: in _run_ddl_visitor
    with self.begin() as conn:
..\..\..\..\AppData\Local\Programs\Python\Python313\Lib\contextlib.py:141: in __enter__
    return next(self.gen)
.venv\Lib\site-packages\sqlalchemy\engine\base.py:3242: in begin
    with self.connect() as conn:
.venv\Lib\site-packages\sqlalchemy\engine\base.py:3278: in connect
    return self._connection_cls(self)
.venv\Lib\site-packages\sqlalchemy\engine\base.py:148: in __init__
    Connection._handle_dbapi_exception_noconnection(
.venv\Lib\site-packages\sqlalchemy\engine\base.py:2442: in _handle_dbapi_exception_noconnection
    raise sqlalchemy_exception.with_traceback(exc_info[2]) from e
.venv\Lib\site-packages\sqlalchemy\engine\base.py:146: in __init__
    self._dbapi_connection = engine.raw_connection()
.venv\Lib\site-packages\sqlalchemy\engine\base.py:3302: in raw_connection
    return self.pool.connect()
.venv\Lib\site-packages\sqlalchemy\pool\base.py:449: in connect
    return _ConnectionFairy._checkout(self)
.venv\Lib\site-packages\sqlalchemy\pool\base.py:1263: in _checkout
    fairy = _ConnectionRecord.checkout(pool)
.venv\Lib\site-packages\sqlalchemy\pool\base.py:712: in checkout
    rec = pool._do_get()
.venv\Lib\site-packages\sqlalchemy\pool\impl.py:179: in _do_get
    with util.safe_reraise():
.venv\Lib\site-packages\sqlalchemy\util\langhelpers.py:146: in __exit__
    raise exc_value.with_traceback(exc_tb)
.venv\Lib\site-packages\sqlalchemy\pool\impl.py:177: in _do_get
    return self._create_connection()
.venv\Lib\site-packages\sqlalchemy\pool\base.py:390: in _create_connection
    return _ConnectionRecord(self)
.venv\Lib\site-packages\sqlalchemy\pool\base.py:674: in __init__
    self.__connect()
.venv\Lib\site-packages\sqlalchemy\pool\base.py:900: in __connect
    with util.safe_reraise():
.venv\Lib\site-packages\sqlalchemy\util\langhelpers.py:146: in __exit__
    raise exc_value.with_traceback(exc_tb)
.venv\Lib\site-packages\sqlalchemy\pool\base.py:896: in __connect
    self.dbapi_connection = connection = pool._invoke_creator(self)
.venv\Lib\site-packages\sqlalchemy\engine\create.py:643: in connect
    return dialect.connect(*cargs, **cparams)
.venv\Lib\site-packages\sqlalchemy\engine\default.py:621: in connect
    return self.loaded_dbapi.connect(*cargs, **cparams)
.venv\Lib\site-packages\psycopg2\__init__.py:135: in connect
    conn = _connect(dsn, connection_factory=connection_factory, **kwasync)
E   sqlalchemy.exc.OperationalError: (psycopg2.OperationalError) connection to server at "localhost" (::1), port 5432 failed: FATAL:  database "pulseboard_test" does not exist
E   
E   (Background on this error at: https://sqlalche.me/e/20/e3q8)
__ ERROR at setup of TestSecurityHeaders.test_hsts_absent_outside_production __
.venv\Lib\site-packages\sqlalchemy\engine\base.py:146: in __init__
    self._dbapi_connection = engine.raw_connection()
.venv\Lib\site-packages\sqlalchemy\engine\base.py:3302: in raw_connection
    return self.pool.connect()
.venv\Lib\site-packages\sqlalchemy\pool\base.py:449: in connect
    return _ConnectionFairy._checkout(self)
.venv\Lib\site-packages\sqlalchemy\pool\base.py:1263: in _checkout
    fairy = _ConnectionRecord.checkout(pool)
.venv\Lib\site-packages\sqlalchemy\pool\base.py:712: in checkout
    rec = pool._do_get()
.venv\Lib\site-packages\sqlalchemy\pool\impl.py:179: in _do_get
    with util.safe_reraise():
.venv\Lib\site-packages\sqlalchemy\util\langhelpers.py:146: in __exit__
    raise exc_value.with_traceback(exc_tb)
.venv\Lib\site-packages\sqlalchemy\pool\impl.py:177: in _do_get
    return self._create_connection()
.venv\Lib\site-packages\sqlalchemy\pool\base.py:390: in _create_connection
    return _ConnectionRecord(self)
.venv\Lib\site-packages\sqlalchemy\pool\base.py:674: in __init__
    self.__connect()
.venv\Lib\site-packages\sqlalchemy\pool\base.py:900: in __connect
    with util.safe_reraise():
.venv\Lib\site-packages\sqlalchemy\util\langhelpers.py:146: in __exit__
    raise exc_value.with_traceback(exc_tb)
.venv\Lib\site-packages\sqlalchemy\pool\base.py:896: in __connect
    self.dbapi_connection = connection = pool._invoke_creator(self)
.venv\Lib\site-packages\sqlalchemy\engine\create.py:643: in connect
    return dialect.connect(*cargs, **cparams)
.venv\Lib\site-packages\sqlalchemy\engine\default.py:621: in connect
    return self.loaded_dbapi.connect(*cargs, **cparams)
.venv\Lib\site-packages\psycopg2\__init__.py:135: in connect
    conn = _connect(dsn, connection_factory=connection_factory, **kwasync)
E   psycopg2.OperationalError: connection to server at "localhost" (::1), port 5432 failed: FATAL:  database "pulseboard_test" does not exist

The above exception was the direct cause of the following exception:
app\tests\conftest.py:49: in _create_schema
    Base.metadata.drop_all(bind=sync_engine)
.venv\Lib\site-packages\sqlalchemy\sql\schema.py:5896: in drop_all
    bind._run_ddl_visitor(
.venv\Lib\site-packages\sqlalchemy\engine\base.py:3252: in _run_ddl_visitor
    with self.begin() as conn:
..\..\..\..\AppData\Local\Programs\Python\Python313\Lib\contextlib.py:141: in __enter__
    return next(self.gen)
.venv\Lib\site-packages\sqlalchemy\engine\base.py:3242: in begin
    with self.connect() as conn:
.venv\Lib\site-packages\sqlalchemy\engine\base.py:3278: in connect
    return self._connection_cls(self)
.venv\Lib\site-packages\sqlalchemy\engine\base.py:148: in __init__
    Connection._handle_dbapi_exception_noconnection(
.venv\Lib\site-packages\sqlalchemy\engine\base.py:2442: in _handle_dbapi_exception_noconnection
    raise sqlalchemy_exception.with_traceback(exc_info[2]) from e
.venv\Lib\site-packages\sqlalchemy\engine\base.py:146: in __init__
    self._dbapi_connection = engine.raw_connection()
.venv\Lib\site-packages\sqlalchemy\engine\base.py:3302: in raw_connection
    return self.pool.connect()
.venv\Lib\site-packages\sqlalchemy\pool\base.py:449: in connect
    return _ConnectionFairy._checkout(self)
.venv\Lib\site-packages\sqlalchemy\pool\base.py:1263: in _checkout
    fairy = _ConnectionRecord.checkout(pool)
.venv\Lib\site-packages\sqlalchemy\pool\base.py:712: in checkout
    rec = pool._do_get()
.venv\Lib\site-packages\sqlalchemy\pool\impl.py:179: in _do_get
    with util.safe_reraise():
.venv\Lib\site-packages\sqlalchemy\util\langhelpers.py:146: in __exit__
    raise exc_value.with_traceback(exc_tb)
.venv\Lib\site-packages\sqlalchemy\pool\impl.py:177: in _do_get
    return self._create_connection()
.venv\Lib\site-packages\sqlalchemy\pool\base.py:390: in _create_connection
    return _ConnectionRecord(self)
.venv\Lib\site-packages\sqlalchemy\pool\base.py:674: in __init__
    self.__connect()
.venv\Lib\site-packages\sqlalchemy\pool\base.py:900: in __connect
    with util.safe_reraise():
.venv\Lib\site-packages\sqlalchemy\util\langhelpers.py:146: in __exit__
    raise exc_value.with_traceback(exc_tb)
.venv\Lib\site-packages\sqlalchemy\pool\base.py:896: in __connect
    self.dbapi_connection = connection = pool._invoke_creator(self)
.venv\Lib\site-packages\sqlalchemy\engine\create.py:643: in connect
    return dialect.connect(*cargs, **cparams)
.venv\Lib\site-packages\sqlalchemy\engine\default.py:621: in connect
    return self.loaded_dbapi.connect(*cargs, **cparams)
.venv\Lib\site-packages\psycopg2\__init__.py:135: in connect
    conn = _connect(dsn, connection_factory=connection_factory, **kwasync)
E   sqlalchemy.exc.OperationalError: (psycopg2.OperationalError) connection to server at "localhost" (::1), port 5432 failed: FATAL:  database "pulseboard_test" does not exist
E   
E   (Background on this error at: https://sqlalche.me/e/20/e3q8)
____ ERROR at setup of TestSecurityHeaders.test_hsts_present_in_production ____
.venv\Lib\site-packages\sqlalchemy\engine\base.py:146: in __init__
    self._dbapi_connection = engine.raw_connection()
.venv\Lib\site-packages\sqlalchemy\engine\base.py:3302: in raw_connection
    return self.pool.connect()
.venv\Lib\site-packages\sqlalchemy\pool\base.py:449: in connect
    return _ConnectionFairy._checkout(self)
.venv\Lib\site-packages\sqlalchemy\pool\base.py:1263: in _checkout
    fairy = _ConnectionRecord.checkout(pool)
.venv\Lib\site-packages\sqlalchemy\pool\base.py:712: in checkout
    rec = pool._do_get()
.venv\Lib\site-packages\sqlalchemy\pool\impl.py:179: in _do_get
    with util.safe_reraise():
.venv\Lib\site-packages\sqlalchemy\util\langhelpers.py:146: in __exit__
    raise exc_value.with_traceback(exc_tb)
.venv\Lib\site-packages\sqlalchemy\pool\impl.py:177: in _do_get
    return self._create_connection()
.venv\Lib\site-packages\sqlalchemy\pool\base.py:390: in _create_connection
    return _ConnectionRecord(self)
.venv\Lib\site-packages\sqlalchemy\pool\base.py:674: in __init__
    self.__connect()
.venv\Lib\site-packages\sqlalchemy\pool\base.py:900: in __connect
    with util.safe_reraise():
.venv\Lib\site-packages\sqlalchemy\util\langhelpers.py:146: in __exit__
    raise exc_value.with_traceback(exc_tb)
.venv\Lib\site-packages\sqlalchemy\pool\base.py:896: in __connect
    self.dbapi_connection = connection = pool._invoke_creator(self)
.venv\Lib\site-packages\sqlalchemy\engine\create.py:643: in connect
    return dialect.connect(*cargs, **cparams)
.venv\Lib\site-packages\sqlalchemy\engine\default.py:621: in connect
    return self.loaded_dbapi.connect(*cargs, **cparams)
.venv\Lib\site-packages\psycopg2\__init__.py:135: in connect
    conn = _connect(dsn, connection_factory=connection_factory, **kwasync)
E   psycopg2.OperationalError: connection to server at "localhost" (::1), port 5432 failed: FATAL:  database "pulseboard_test" does not exist

The above exception was the direct cause of the following exception:
app\tests\conftest.py:49: in _create_schema
    Base.metadata.drop_all(bind=sync_engine)
.venv\Lib\site-packages\sqlalchemy\sql\schema.py:5896: in drop_all
    bind._run_ddl_visitor(
.venv\Lib\site-packages\sqlalchemy\engine\base.py:3252: in _run_ddl_visitor
    with self.begin() as conn:
..\..\..\..\AppData\Local\Programs\Python\Python313\Lib\contextlib.py:141: in __enter__
    return next(self.gen)
.venv\Lib\site-packages\sqlalchemy\engine\base.py:3242: in begin
    with self.connect() as conn:
.venv\Lib\site-packages\sqlalchemy\engine\base.py:3278: in connect
    return self._connection_cls(self)
.venv\Lib\site-packages\sqlalchemy\engine\base.py:148: in __init__
    Connection._handle_dbapi_exception_noconnection(
.venv\Lib\site-packages\sqlalchemy\engine\base.py:2442: in _handle_dbapi_exception_noconnection
    raise sqlalchemy_exception.with_traceback(exc_info[2]) from e
.venv\Lib\site-packages\sqlalchemy\engine\base.py:146: in __init__
    self._dbapi_connection = engine.raw_connection()
.venv\Lib\site-packages\sqlalchemy\engine\base.py:3302: in raw_connection
    return self.pool.connect()
.venv\Lib\site-packages\sqlalchemy\pool\base.py:449: in connect
    return _ConnectionFairy._checkout(self)
.venv\Lib\site-packages\sqlalchemy\pool\base.py:1263: in _checkout
    fairy = _ConnectionRecord.checkout(pool)
.venv\Lib\site-packages\sqlalchemy\pool\base.py:712: in checkout
    rec = pool._do_get()
.venv\Lib\site-packages\sqlalchemy\pool\impl.py:179: in _do_get
    with util.safe_reraise():
.venv\Lib\site-packages\sqlalchemy\util\langhelpers.py:146: in __exit__
    raise exc_value.with_traceback(exc_tb)
.venv\Lib\site-packages\sqlalchemy\pool\impl.py:177: in _do_get
    return self._create_connection()
.venv\Lib\site-packages\sqlalchemy\pool\base.py:390: in _create_connection
    return _ConnectionRecord(self)
.venv\Lib\site-packages\sqlalchemy\pool\base.py:674: in __init__
    self.__connect()
.venv\Lib\site-packages\sqlalchemy\pool\base.py:900: in __connect
    with util.safe_reraise():
.venv\Lib\site-packages\sqlalchemy\util\langhelpers.py:146: in __exit__
    raise exc_value.with_traceback(exc_tb)
.venv\Lib\site-packages\sqlalchemy\pool\base.py:896: in __connect
    self.dbapi_connection = connection = pool._invoke_creator(self)
.venv\Lib\site-packages\sqlalchemy\engine\create.py:643: in connect
    return dialect.connect(*cargs, **cparams)
.venv\Lib\site-packages\sqlalchemy\engine\default.py:621: in connect
    return self.loaded_dbapi.connect(*cargs, **cparams)
.venv\Lib\site-packages\psycopg2\__init__.py:135: in connect
    conn = _connect(dsn, connection_factory=connection_factory, **kwasync)
E   sqlalchemy.exc.OperationalError: (psycopg2.OperationalError) connection to server at "localhost" (::1), port 5432 failed: FATAL:  database "pulseboard_test" does not exist
E   
E   (Background on this error at: https://sqlalche.me/e/20/e3q8)
_ ERROR at setup of TestSecurityHeaders.test_headers_present_on_error_responses_too _
.venv\Lib\site-packages\sqlalchemy\engine\base.py:146: in __init__
    self._dbapi_connection = engine.raw_connection()
.venv\Lib\site-packages\sqlalchemy\engine\base.py:3302: in raw_connection
    return self.pool.connect()
.venv\Lib\site-packages\sqlalchemy\pool\base.py:449: in connect
    return _ConnectionFairy._checkout(self)
.venv\Lib\site-packages\sqlalchemy\pool\base.py:1263: in _checkout
    fairy = _ConnectionRecord.checkout(pool)
.venv\Lib\site-packages\sqlalchemy\pool\base.py:712: in checkout
    rec = pool._do_get()
.venv\Lib\site-packages\sqlalchemy\pool\impl.py:179: in _do_get
    with util.safe_reraise():
.venv\Lib\site-packages\sqlalchemy\util\langhelpers.py:146: in __exit__
    raise exc_value.with_traceback(exc_tb)
.venv\Lib\site-packages\sqlalchemy\pool\impl.py:177: in _do_get
    return self._create_connection()
.venv\Lib\site-packages\sqlalchemy\pool\base.py:390: in _create_connection
    return _ConnectionRecord(self)
.venv\Lib\site-packages\sqlalchemy\pool\base.py:674: in __init__
    self.__connect()
.venv\Lib\site-packages\sqlalchemy\pool\base.py:900: in __connect
    with util.safe_reraise():
.venv\Lib\site-packages\sqlalchemy\util\langhelpers.py:146: in __exit__
    raise exc_value.with_traceback(exc_tb)
.venv\Lib\site-packages\sqlalchemy\pool\base.py:896: in __connect
    self.dbapi_connection = connection = pool._invoke_creator(self)
.venv\Lib\site-packages\sqlalchemy\engine\create.py:643: in connect
    return dialect.connect(*cargs, **cparams)
.venv\Lib\site-packages\sqlalchemy\engine\default.py:621: in connect
    return self.loaded_dbapi.connect(*cargs, **cparams)
.venv\Lib\site-packages\psycopg2\__init__.py:135: in connect
    conn = _connect(dsn, connection_factory=connection_factory, **kwasync)
E   psycopg2.OperationalError: connection to server at "localhost" (::1), port 5432 failed: FATAL:  database "pulseboard_test" does not exist

The above exception was the direct cause of the following exception:
app\tests\conftest.py:49: in _create_schema
    Base.metadata.drop_all(bind=sync_engine)
.venv\Lib\site-packages\sqlalchemy\sql\schema.py:5896: in drop_all
    bind._run_ddl_visitor(
.venv\Lib\site-packages\sqlalchemy\engine\base.py:3252: in _run_ddl_visitor
    with self.begin() as conn:
..\..\..\..\AppData\Local\Programs\Python\Python313\Lib\contextlib.py:141: in __enter__
    return next(self.gen)
.venv\Lib\site-packages\sqlalchemy\engine\base.py:3242: in begin
    with self.connect() as conn:
.venv\Lib\site-packages\sqlalchemy\engine\base.py:3278: in connect
    return self._connection_cls(self)
.venv\Lib\site-packages\sqlalchemy\engine\base.py:148: in __init__
    Connection._handle_dbapi_exception_noconnection(
.venv\Lib\site-packages\sqlalchemy\engine\base.py:2442: in _handle_dbapi_exception_noconnection
    raise sqlalchemy_exception.with_traceback(exc_info[2]) from e
.venv\Lib\site-packages\sqlalchemy\engine\base.py:146: in __init__
    self._dbapi_connection = engine.raw_connection()
.venv\Lib\site-packages\sqlalchemy\engine\base.py:3302: in raw_connection
    return self.pool.connect()
.venv\Lib\site-packages\sqlalchemy\pool\base.py:449: in connect
    return _ConnectionFairy._checkout(self)
.venv\Lib\site-packages\sqlalchemy\pool\base.py:1263: in _checkout
    fairy = _ConnectionRecord.checkout(pool)
.venv\Lib\site-packages\sqlalchemy\pool\base.py:712: in checkout
    rec = pool._do_get()
.venv\Lib\site-packages\sqlalchemy\pool\impl.py:179: in _do_get
    with util.safe_reraise():
.venv\Lib\site-packages\sqlalchemy\util\langhelpers.py:146: in __exit__
    raise exc_value.with_traceback(exc_tb)
.venv\Lib\site-packages\sqlalchemy\pool\impl.py:177: in _do_get
    return self._create_connection()
.venv\Lib\site-packages\sqlalchemy\pool\base.py:390: in _create_connection
    return _ConnectionRecord(self)
.venv\Lib\site-packages\sqlalchemy\pool\base.py:674: in __init__
    self.__connect()
.venv\Lib\site-packages\sqlalchemy\pool\base.py:900: in __connect
    with util.safe_reraise():
.venv\Lib\site-packages\sqlalchemy\util\langhelpers.py:146: in __exit__
    raise exc_value.with_traceback(exc_tb)
.venv\Lib\site-packages\sqlalchemy\pool\base.py:896: in __connect
    self.dbapi_connection = connection = pool._invoke_creator(self)
.venv\Lib\site-packages\sqlalchemy\engine\create.py:643: in connect
    return dialect.connect(*cargs, **cparams)
.venv\Lib\site-packages\sqlalchemy\engine\default.py:621: in connect
    return self.loaded_dbapi.connect(*cargs, **cparams)
.venv\Lib\site-packages\psycopg2\__init__.py:135: in connect
    conn = _connect(dsn, connection_factory=connection_factory, **kwasync)
E   sqlalchemy.exc.OperationalError: (psycopg2.OperationalError) connection to server at "localhost" (::1), port 5432 failed: FATAL:  database "pulseboard_test" does not exist
E   
E   (Background on this error at: https://sqlalche.me/e/20/e3q8)
_________ ERROR at setup of TestScoreText.test_clearly_positive_text __________
.venv\Lib\site-packages\sqlalchemy\engine\base.py:146: in __init__
    self._dbapi_connection = engine.raw_connection()
.venv\Lib\site-packages\sqlalchemy\engine\base.py:3302: in raw_connection
    return self.pool.connect()
.venv\Lib\site-packages\sqlalchemy\pool\base.py:449: in connect
    return _ConnectionFairy._checkout(self)
.venv\Lib\site-packages\sqlalchemy\pool\base.py:1263: in _checkout
    fairy = _ConnectionRecord.checkout(pool)
.venv\Lib\site-packages\sqlalchemy\pool\base.py:712: in checkout
    rec = pool._do_get()
.venv\Lib\site-packages\sqlalchemy\pool\impl.py:179: in _do_get
    with util.safe_reraise():
.venv\Lib\site-packages\sqlalchemy\util\langhelpers.py:146: in __exit__
    raise exc_value.with_traceback(exc_tb)
.venv\Lib\site-packages\sqlalchemy\pool\impl.py:177: in _do_get
    return self._create_connection()
.venv\Lib\site-packages\sqlalchemy\pool\base.py:390: in _create_connection
    return _ConnectionRecord(self)
.venv\Lib\site-packages\sqlalchemy\pool\base.py:674: in __init__
    self.__connect()
.venv\Lib\site-packages\sqlalchemy\pool\base.py:900: in __connect
    with util.safe_reraise():
.venv\Lib\site-packages\sqlalchemy\util\langhelpers.py:146: in __exit__
    raise exc_value.with_traceback(exc_tb)
.venv\Lib\site-packages\sqlalchemy\pool\base.py:896: in __connect
    self.dbapi_connection = connection = pool._invoke_creator(self)
.venv\Lib\site-packages\sqlalchemy\engine\create.py:643: in connect
    return dialect.connect(*cargs, **cparams)
.venv\Lib\site-packages\sqlalchemy\engine\default.py:621: in connect
    return self.loaded_dbapi.connect(*cargs, **cparams)
.venv\Lib\site-packages\psycopg2\__init__.py:135: in connect
    conn = _connect(dsn, connection_factory=connection_factory, **kwasync)
E   psycopg2.OperationalError: connection to server at "localhost" (::1), port 5432 failed: FATAL:  database "pulseboard_test" does not exist

The above exception was the direct cause of the following exception:
app\tests\conftest.py:49: in _create_schema
    Base.metadata.drop_all(bind=sync_engine)
.venv\Lib\site-packages\sqlalchemy\sql\schema.py:5896: in drop_all
    bind._run_ddl_visitor(
.venv\Lib\site-packages\sqlalchemy\engine\base.py:3252: in _run_ddl_visitor
    with self.begin() as conn:
..\..\..\..\AppData\Local\Programs\Python\Python313\Lib\contextlib.py:141: in __enter__
    return next(self.gen)
.venv\Lib\site-packages\sqlalchemy\engine\base.py:3242: in begin
    with self.connect() as conn:
.venv\Lib\site-packages\sqlalchemy\engine\base.py:3278: in connect
    return self._connection_cls(self)
.venv\Lib\site-packages\sqlalchemy\engine\base.py:148: in __init__
    Connection._handle_dbapi_exception_noconnection(
.venv\Lib\site-packages\sqlalchemy\engine\base.py:2442: in _handle_dbapi_exception_noconnection
    raise sqlalchemy_exception.with_traceback(exc_info[2]) from e
.venv\Lib\site-packages\sqlalchemy\engine\base.py:146: in __init__
    self._dbapi_connection = engine.raw_connection()
.venv\Lib\site-packages\sqlalchemy\engine\base.py:3302: in raw_connection
    return self.pool.connect()
.venv\Lib\site-packages\sqlalchemy\pool\base.py:449: in connect
    return _ConnectionFairy._checkout(self)
.venv\Lib\site-packages\sqlalchemy\pool\base.py:1263: in _checkout
    fairy = _ConnectionRecord.checkout(pool)
.venv\Lib\site-packages\sqlalchemy\pool\base.py:712: in checkout
    rec = pool._do_get()
.venv\Lib\site-packages\sqlalchemy\pool\impl.py:179: in _do_get
    with util.safe_reraise():
.venv\Lib\site-packages\sqlalchemy\util\langhelpers.py:146: in __exit__
    raise exc_value.with_traceback(exc_tb)
.venv\Lib\site-packages\sqlalchemy\pool\impl.py:177: in _do_get
    return self._create_connection()
.venv\Lib\site-packages\sqlalchemy\pool\base.py:390: in _create_connection
    return _ConnectionRecord(self)
.venv\Lib\site-packages\sqlalchemy\pool\base.py:674: in __init__
    self.__connect()
.venv\Lib\site-packages\sqlalchemy\pool\base.py:900: in __connect
    with util.safe_reraise():
.venv\Lib\site-packages\sqlalchemy\util\langhelpers.py:146: in __exit__
    raise exc_value.with_traceback(exc_tb)
.venv\Lib\site-packages\sqlalchemy\pool\base.py:896: in __connect
    self.dbapi_connection = connection = pool._invoke_creator(self)
.venv\Lib\site-packages\sqlalchemy\engine\create.py:643: in connect
    return dialect.connect(*cargs, **cparams)
.venv\Lib\site-packages\sqlalchemy\engine\default.py:621: in connect
    return self.loaded_dbapi.connect(*cargs, **cparams)
.venv\Lib\site-packages\psycopg2\__init__.py:135: in connect
    conn = _connect(dsn, connection_factory=connection_factory, **kwasync)
E   sqlalchemy.exc.OperationalError: (psycopg2.OperationalError) connection to server at "localhost" (::1), port 5432 failed: FATAL:  database "pulseboard_test" does not exist
E   
E   (Background on this error at: https://sqlalche.me/e/20/e3q8)
_________ ERROR at setup of TestScoreText.test_clearly_negative_text __________
.venv\Lib\site-packages\sqlalchemy\engine\base.py:146: in __init__
    self._dbapi_connection = engine.raw_connection()
.venv\Lib\site-packages\sqlalchemy\engine\base.py:3302: in raw_connection
    return self.pool.connect()
.venv\Lib\site-packages\sqlalchemy\pool\base.py:449: in connect
    return _ConnectionFairy._checkout(self)
.venv\Lib\site-packages\sqlalchemy\pool\base.py:1263: in _checkout
    fairy = _ConnectionRecord.checkout(pool)
.venv\Lib\site-packages\sqlalchemy\pool\base.py:712: in checkout
    rec = pool._do_get()
.venv\Lib\site-packages\sqlalchemy\pool\impl.py:179: in _do_get
    with util.safe_reraise():
.venv\Lib\site-packages\sqlalchemy\util\langhelpers.py:146: in __exit__
    raise exc_value.with_traceback(exc_tb)
.venv\Lib\site-packages\sqlalchemy\pool\impl.py:177: in _do_get
    return self._create_connection()
.venv\Lib\site-packages\sqlalchemy\pool\base.py:390: in _create_connection
    return _ConnectionRecord(self)
.venv\Lib\site-packages\sqlalchemy\pool\base.py:674: in __init__
    self.__connect()
.venv\Lib\site-packages\sqlalchemy\pool\base.py:900: in __connect
    with util.safe_reraise():
.venv\Lib\site-packages\sqlalchemy\util\langhelpers.py:146: in __exit__
    raise exc_value.with_traceback(exc_tb)
.venv\Lib\site-packages\sqlalchemy\pool\base.py:896: in __connect
    self.dbapi_connection = connection = pool._invoke_creator(self)
.venv\Lib\site-packages\sqlalchemy\engine\create.py:643: in connect
    return dialect.connect(*cargs, **cparams)
.venv\Lib\site-packages\sqlalchemy\engine\default.py:621: in connect
    return self.loaded_dbapi.connect(*cargs, **cparams)
.venv\Lib\site-packages\psycopg2\__init__.py:135: in connect
    conn = _connect(dsn, connection_factory=connection_factory, **kwasync)
E   psycopg2.OperationalError: connection to server at "localhost" (::1), port 5432 failed: FATAL:  database "pulseboard_test" does not exist

The above exception was the direct cause of the following exception:
app\tests\conftest.py:49: in _create_schema
    Base.metadata.drop_all(bind=sync_engine)
.venv\Lib\site-packages\sqlalchemy\sql\schema.py:5896: in drop_all
    bind._run_ddl_visitor(
.venv\Lib\site-packages\sqlalchemy\engine\base.py:3252: in _run_ddl_visitor
    with self.begin() as conn:
..\..\..\..\AppData\Local\Programs\Python\Python313\Lib\contextlib.py:141: in __enter__
    return next(self.gen)
.venv\Lib\site-packages\sqlalchemy\engine\base.py:3242: in begin
    with self.connect() as conn:
.venv\Lib\site-packages\sqlalchemy\engine\base.py:3278: in connect
    return self._connection_cls(self)
.venv\Lib\site-packages\sqlalchemy\engine\base.py:148: in __init__
    Connection._handle_dbapi_exception_noconnection(
.venv\Lib\site-packages\sqlalchemy\engine\base.py:2442: in _handle_dbapi_exception_noconnection
    raise sqlalchemy_exception.with_traceback(exc_info[2]) from e
.venv\Lib\site-packages\sqlalchemy\engine\base.py:146: in __init__
    self._dbapi_connection = engine.raw_connection()
.venv\Lib\site-packages\sqlalchemy\engine\base.py:3302: in raw_connection
    return self.pool.connect()
.venv\Lib\site-packages\sqlalchemy\pool\base.py:449: in connect
    return _ConnectionFairy._checkout(self)
.venv\Lib\site-packages\sqlalchemy\pool\base.py:1263: in _checkout
    fairy = _ConnectionRecord.checkout(pool)
.venv\Lib\site-packages\sqlalchemy\pool\base.py:712: in checkout
    rec = pool._do_get()
.venv\Lib\site-packages\sqlalchemy\pool\impl.py:179: in _do_get
    with util.safe_reraise():
.venv\Lib\site-packages\sqlalchemy\util\langhelpers.py:146: in __exit__
    raise exc_value.with_traceback(exc_tb)
.venv\Lib\site-packages\sqlalchemy\pool\impl.py:177: in _do_get
    return self._create_connection()
.venv\Lib\site-packages\sqlalchemy\pool\base.py:390: in _create_connection
    return _ConnectionRecord(self)
.venv\Lib\site-packages\sqlalchemy\pool\base.py:674: in __init__
    self.__connect()
.venv\Lib\site-packages\sqlalchemy\pool\base.py:900: in __connect
    with util.safe_reraise():
.venv\Lib\site-packages\sqlalchemy\util\langhelpers.py:146: in __exit__
    raise exc_value.with_traceback(exc_tb)
.venv\Lib\site-packages\sqlalchemy\pool\base.py:896: in __connect
    self.dbapi_connection = connection = pool._invoke_creator(self)
.venv\Lib\site-packages\sqlalchemy\engine\create.py:643: in connect
    return dialect.connect(*cargs, **cparams)
.venv\Lib\site-packages\sqlalchemy\engine\default.py:621: in connect
    return self.loaded_dbapi.connect(*cargs, **cparams)
.venv\Lib\site-packages\psycopg2\__init__.py:135: in connect
    conn = _connect(dsn, connection_factory=connection_factory, **kwasync)
E   sqlalchemy.exc.OperationalError: (psycopg2.OperationalError) connection to server at "localhost" (::1), port 5432 failed: FATAL:  database "pulseboard_test" does not exist
E   
E   (Background on this error at: https://sqlalche.me/e/20/e3q8)
______________ ERROR at setup of TestScoreText.test_neutral_text ______________
.venv\Lib\site-packages\sqlalchemy\engine\base.py:146: in __init__
    self._dbapi_connection = engine.raw_connection()
.venv\Lib\site-packages\sqlalchemy\engine\base.py:3302: in raw_connection
    return self.pool.connect()
.venv\Lib\site-packages\sqlalchemy\pool\base.py:449: in connect
    return _ConnectionFairy._checkout(self)
.venv\Lib\site-packages\sqlalchemy\pool\base.py:1263: in _checkout
    fairy = _ConnectionRecord.checkout(pool)
.venv\Lib\site-packages\sqlalchemy\pool\base.py:712: in checkout
    rec = pool._do_get()
.venv\Lib\site-packages\sqlalchemy\pool\impl.py:179: in _do_get
    with util.safe_reraise():
.venv\Lib\site-packages\sqlalchemy\util\langhelpers.py:146: in __exit__
    raise exc_value.with_traceback(exc_tb)
.venv\Lib\site-packages\sqlalchemy\pool\impl.py:177: in _do_get
    return self._create_connection()
.venv\Lib\site-packages\sqlalchemy\pool\base.py:390: in _create_connection
    return _ConnectionRecord(self)
.venv\Lib\site-packages\sqlalchemy\pool\base.py:674: in __init__
    self.__connect()
.venv\Lib\site-packages\sqlalchemy\pool\base.py:900: in __connect
    with util.safe_reraise():
.venv\Lib\site-packages\sqlalchemy\util\langhelpers.py:146: in __exit__
    raise exc_value.with_traceback(exc_tb)
.venv\Lib\site-packages\sqlalchemy\pool\base.py:896: in __connect
    self.dbapi_connection = connection = pool._invoke_creator(self)
.venv\Lib\site-packages\sqlalchemy\engine\create.py:643: in connect
    return dialect.connect(*cargs, **cparams)
.venv\Lib\site-packages\sqlalchemy\engine\default.py:621: in connect
    return self.loaded_dbapi.connect(*cargs, **cparams)
.venv\Lib\site-packages\psycopg2\__init__.py:135: in connect
    conn = _connect(dsn, connection_factory=connection_factory, **kwasync)
E   psycopg2.OperationalError: connection to server at "localhost" (::1), port 5432 failed: FATAL:  database "pulseboard_test" does not exist

The above exception was the direct cause of the following exception:
app\tests\conftest.py:49: in _create_schema
    Base.metadata.drop_all(bind=sync_engine)
.venv\Lib\site-packages\sqlalchemy\sql\schema.py:5896: in drop_all
    bind._run_ddl_visitor(
.venv\Lib\site-packages\sqlalchemy\engine\base.py:3252: in _run_ddl_visitor
    with self.begin() as conn:
..\..\..\..\AppData\Local\Programs\Python\Python313\Lib\contextlib.py:141: in __enter__
    return next(self.gen)
.venv\Lib\site-packages\sqlalchemy\engine\base.py:3242: in begin
    with self.connect() as conn:
.venv\Lib\site-packages\sqlalchemy\engine\base.py:3278: in connect
    return self._connection_cls(self)
.venv\Lib\site-packages\sqlalchemy\engine\base.py:148: in __init__
    Connection._handle_dbapi_exception_noconnection(
.venv\Lib\site-packages\sqlalchemy\engine\base.py:2442: in _handle_dbapi_exception_noconnection
    raise sqlalchemy_exception.with_traceback(exc_info[2]) from e
.venv\Lib\site-packages\sqlalchemy\engine\base.py:146: in __init__
    self._dbapi_connection = engine.raw_connection()
.venv\Lib\site-packages\sqlalchemy\engine\base.py:3302: in raw_connection
    return self.pool.connect()
.venv\Lib\site-packages\sqlalchemy\pool\base.py:449: in connect
    return _ConnectionFairy._checkout(self)
.venv\Lib\site-packages\sqlalchemy\pool\base.py:1263: in _checkout
    fairy = _ConnectionRecord.checkout(pool)
.venv\Lib\site-packages\sqlalchemy\pool\base.py:712: in checkout
    rec = pool._do_get()
.venv\Lib\site-packages\sqlalchemy\pool\impl.py:179: in _do_get
    with util.safe_reraise():
.venv\Lib\site-packages\sqlalchemy\util\langhelpers.py:146: in __exit__
    raise exc_value.with_traceback(exc_tb)
.venv\Lib\site-packages\sqlalchemy\pool\impl.py:177: in _do_get
    return self._create_connection()
.venv\Lib\site-packages\sqlalchemy\pool\base.py:390: in _create_connection
    return _ConnectionRecord(self)
.venv\Lib\site-packages\sqlalchemy\pool\base.py:674: in __init__
    self.__connect()
.venv\Lib\site-packages\sqlalchemy\pool\base.py:900: in __connect
    with util.safe_reraise():
.venv\Lib\site-packages\sqlalchemy\util\langhelpers.py:146: in __exit__
    raise exc_value.with_traceback(exc_tb)
.venv\Lib\site-packages\sqlalchemy\pool\base.py:896: in __connect
    self.dbapi_connection = connection = pool._invoke_creator(self)
.venv\Lib\site-packages\sqlalchemy\engine\create.py:643: in connect
    return dialect.connect(*cargs, **cparams)
.venv\Lib\site-packages\sqlalchemy\engine\default.py:621: in connect
    return self.loaded_dbapi.connect(*cargs, **cparams)
.venv\Lib\site-packages\psycopg2\__init__.py:135: in connect
    conn = _connect(dsn, connection_factory=connection_factory, **kwasync)
E   sqlalchemy.exc.OperationalError: (psycopg2.OperationalError) connection to server at "localhost" (::1), port 5432 failed: FATAL:  database "pulseboard_test" does not exist
E   
E   (Background on this error at: https://sqlalche.me/e/20/e3q8)
___ ERROR at setup of TestScoreText.test_empty_text_is_neutral_not_an_error ___
.venv\Lib\site-packages\sqlalchemy\engine\base.py:146: in __init__
    self._dbapi_connection = engine.raw_connection()
.venv\Lib\site-packages\sqlalchemy\engine\base.py:3302: in raw_connection
    return self.pool.connect()
.venv\Lib\site-packages\sqlalchemy\pool\base.py:449: in connect
    return _ConnectionFairy._checkout(self)
.venv\Lib\site-packages\sqlalchemy\pool\base.py:1263: in _checkout
    fairy = _ConnectionRecord.checkout(pool)
.venv\Lib\site-packages\sqlalchemy\pool\base.py:712: in checkout
    rec = pool._do_get()
.venv\Lib\site-packages\sqlalchemy\pool\impl.py:179: in _do_get
    with util.safe_reraise():
.venv\Lib\site-packages\sqlalchemy\util\langhelpers.py:146: in __exit__
    raise exc_value.with_traceback(exc_tb)
.venv\Lib\site-packages\sqlalchemy\pool\impl.py:177: in _do_get
    return self._create_connection()
.venv\Lib\site-packages\sqlalchemy\pool\base.py:390: in _create_connection
    return _ConnectionRecord(self)
.venv\Lib\site-packages\sqlalchemy\pool\base.py:674: in __init__
    self.__connect()
.venv\Lib\site-packages\sqlalchemy\pool\base.py:900: in __connect
    with util.safe_reraise():
.venv\Lib\site-packages\sqlalchemy\util\langhelpers.py:146: in __exit__
    raise exc_value.with_traceback(exc_tb)
.venv\Lib\site-packages\sqlalchemy\pool\base.py:896: in __connect
    self.dbapi_connection = connection = pool._invoke_creator(self)
.venv\Lib\site-packages\sqlalchemy\engine\create.py:643: in connect
    return dialect.connect(*cargs, **cparams)
.venv\Lib\site-packages\sqlalchemy\engine\default.py:621: in connect
    return self.loaded_dbapi.connect(*cargs, **cparams)
.venv\Lib\site-packages\psycopg2\__init__.py:135: in connect
    conn = _connect(dsn, connection_factory=connection_factory, **kwasync)
E   psycopg2.OperationalError: connection to server at "localhost" (::1), port 5432 failed: FATAL:  database "pulseboard_test" does not exist

The above exception was the direct cause of the following exception:
app\tests\conftest.py:49: in _create_schema
    Base.metadata.drop_all(bind=sync_engine)
.venv\Lib\site-packages\sqlalchemy\sql\schema.py:5896: in drop_all
    bind._run_ddl_visitor(
.venv\Lib\site-packages\sqlalchemy\engine\base.py:3252: in _run_ddl_visitor
    with self.begin() as conn:
..\..\..\..\AppData\Local\Programs\Python\Python313\Lib\contextlib.py:141: in __enter__
    return next(self.gen)
.venv\Lib\site-packages\sqlalchemy\engine\base.py:3242: in begin
    with self.connect() as conn:
.venv\Lib\site-packages\sqlalchemy\engine\base.py:3278: in connect
    return self._connection_cls(self)
.venv\Lib\site-packages\sqlalchemy\engine\base.py:148: in __init__
    Connection._handle_dbapi_exception_noconnection(
.venv\Lib\site-packages\sqlalchemy\engine\base.py:2442: in _handle_dbapi_exception_noconnection
    raise sqlalchemy_exception.with_traceback(exc_info[2]) from e
.venv\Lib\site-packages\sqlalchemy\engine\base.py:146: in __init__
    self._dbapi_connection = engine.raw_connection()
.venv\Lib\site-packages\sqlalchemy\engine\base.py:3302: in raw_connection
    return self.pool.connect()
.venv\Lib\site-packages\sqlalchemy\pool\base.py:449: in connect
    return _ConnectionFairy._checkout(self)
.venv\Lib\site-packages\sqlalchemy\pool\base.py:1263: in _checkout
    fairy = _ConnectionRecord.checkout(pool)
.venv\Lib\site-packages\sqlalchemy\pool\base.py:712: in checkout
    rec = pool._do_get()
.venv\Lib\site-packages\sqlalchemy\pool\impl.py:179: in _do_get
    with util.safe_reraise():
.venv\Lib\site-packages\sqlalchemy\util\langhelpers.py:146: in __exit__
    raise exc_value.with_traceback(exc_tb)
.venv\Lib\site-packages\sqlalchemy\pool\impl.py:177: in _do_get
    return self._create_connection()
.venv\Lib\site-packages\sqlalchemy\pool\base.py:390: in _create_connection
    return _ConnectionRecord(self)
.venv\Lib\site-packages\sqlalchemy\pool\base.py:674: in __init__
    self.__connect()
.venv\Lib\site-packages\sqlalchemy\pool\base.py:900: in __connect
    with util.safe_reraise():
.venv\Lib\site-packages\sqlalchemy\util\langhelpers.py:146: in __exit__
    raise exc_value.with_traceback(exc_tb)
.venv\Lib\site-packages\sqlalchemy\pool\base.py:896: in __connect
    self.dbapi_connection = connection = pool._invoke_creator(self)
.venv\Lib\site-packages\sqlalchemy\engine\create.py:643: in connect
    return dialect.connect(*cargs, **cparams)
.venv\Lib\site-packages\sqlalchemy\engine\default.py:621: in connect
    return self.loaded_dbapi.connect(*cargs, **cparams)
.venv\Lib\site-packages\psycopg2\__init__.py:135: in connect
    conn = _connect(dsn, connection_factory=connection_factory, **kwasync)
E   sqlalchemy.exc.OperationalError: (psycopg2.OperationalError) connection to server at "localhost" (::1), port 5432 failed: FATAL:  database "pulseboard_test" does not exist
E   
E   (Background on this error at: https://sqlalche.me/e/20/e3q8)
___ ERROR at setup of TestScoreText.test_none_text_is_neutral_not_an_error ____
.venv\Lib\site-packages\sqlalchemy\engine\base.py:146: in __init__
    self._dbapi_connection = engine.raw_connection()
.venv\Lib\site-packages\sqlalchemy\engine\base.py:3302: in raw_connection
    return self.pool.connect()
.venv\Lib\site-packages\sqlalchemy\pool\base.py:449: in connect
    return _ConnectionFairy._checkout(self)
.venv\Lib\site-packages\sqlalchemy\pool\base.py:1263: in _checkout
    fairy = _ConnectionRecord.checkout(pool)
.venv\Lib\site-packages\sqlalchemy\pool\base.py:712: in checkout
    rec = pool._do_get()
.venv\Lib\site-packages\sqlalchemy\pool\impl.py:179: in _do_get
    with util.safe_reraise():
.venv\Lib\site-packages\sqlalchemy\util\langhelpers.py:146: in __exit__
    raise exc_value.with_traceback(exc_tb)
.venv\Lib\site-packages\sqlalchemy\pool\impl.py:177: in _do_get
    return self._create_connection()
.venv\Lib\site-packages\sqlalchemy\pool\base.py:390: in _create_connection
    return _ConnectionRecord(self)
.venv\Lib\site-packages\sqlalchemy\pool\base.py:674: in __init__
    self.__connect()
.venv\Lib\site-packages\sqlalchemy\pool\base.py:900: in __connect
    with util.safe_reraise():
.venv\Lib\site-packages\sqlalchemy\util\langhelpers.py:146: in __exit__
    raise exc_value.with_traceback(exc_tb)
.venv\Lib\site-packages\sqlalchemy\pool\base.py:896: in __connect
    self.dbapi_connection = connection = pool._invoke_creator(self)
.venv\Lib\site-packages\sqlalchemy\engine\create.py:643: in connect
    return dialect.connect(*cargs, **cparams)
.venv\Lib\site-packages\sqlalchemy\engine\default.py:621: in connect
    return self.loaded_dbapi.connect(*cargs, **cparams)
.venv\Lib\site-packages\psycopg2\__init__.py:135: in connect
    conn = _connect(dsn, connection_factory=connection_factory, **kwasync)
E   psycopg2.OperationalError: connection to server at "localhost" (::1), port 5432 failed: FATAL:  database "pulseboard_test" does not exist

The above exception was the direct cause of the following exception:
app\tests\conftest.py:49: in _create_schema
    Base.metadata.drop_all(bind=sync_engine)
.venv\Lib\site-packages\sqlalchemy\sql\schema.py:5896: in drop_all
    bind._run_ddl_visitor(
.venv\Lib\site-packages\sqlalchemy\engine\base.py:3252: in _run_ddl_visitor
    with self.begin() as conn:
..\..\..\..\AppData\Local\Programs\Python\Python313\Lib\contextlib.py:141: in __enter__
    return next(self.gen)
.venv\Lib\site-packages\sqlalchemy\engine\base.py:3242: in begin
    with self.connect() as conn:
.venv\Lib\site-packages\sqlalchemy\engine\base.py:3278: in connect
    return self._connection_cls(self)
.venv\Lib\site-packages\sqlalchemy\engine\base.py:148: in __init__
    Connection._handle_dbapi_exception_noconnection(
.venv\Lib\site-packages\sqlalchemy\engine\base.py:2442: in _handle_dbapi_exception_noconnection
    raise sqlalchemy_exception.with_traceback(exc_info[2]) from e
.venv\Lib\site-packages\sqlalchemy\engine\base.py:146: in __init__
    self._dbapi_connection = engine.raw_connection()
.venv\Lib\site-packages\sqlalchemy\engine\base.py:3302: in raw_connection
    return self.pool.connect()
.venv\Lib\site-packages\sqlalchemy\pool\base.py:449: in connect
    return _ConnectionFairy._checkout(self)
.venv\Lib\site-packages\sqlalchemy\pool\base.py:1263: in _checkout
    fairy = _ConnectionRecord.checkout(pool)
.venv\Lib\site-packages\sqlalchemy\pool\base.py:712: in checkout
    rec = pool._do_get()
.venv\Lib\site-packages\sqlalchemy\pool\impl.py:179: in _do_get
    with util.safe_reraise():
.venv\Lib\site-packages\sqlalchemy\util\langhelpers.py:146: in __exit__
    raise exc_value.with_traceback(exc_tb)
.venv\Lib\site-packages\sqlalchemy\pool\impl.py:177: in _do_get
    return self._create_connection()
.venv\Lib\site-packages\sqlalchemy\pool\base.py:390: in _create_connection
    return _ConnectionRecord(self)
.venv\Lib\site-packages\sqlalchemy\pool\base.py:674: in __init__
    self.__connect()
.venv\Lib\site-packages\sqlalchemy\pool\base.py:900: in __connect
    with util.safe_reraise():
.venv\Lib\site-packages\sqlalchemy\util\langhelpers.py:146: in __exit__
    raise exc_value.with_traceback(exc_tb)
.venv\Lib\site-packages\sqlalchemy\pool\base.py:896: in __connect
    self.dbapi_connection = connection = pool._invoke_creator(self)
.venv\Lib\site-packages\sqlalchemy\engine\create.py:643: in connect
    return dialect.connect(*cargs, **cparams)
.venv\Lib\site-packages\sqlalchemy\engine\default.py:621: in connect
    return self.loaded_dbapi.connect(*cargs, **cparams)
.venv\Lib\site-packages\psycopg2\__init__.py:135: in connect
    conn = _connect(dsn, connection_factory=connection_factory, **kwasync)
E   sqlalchemy.exc.OperationalError: (psycopg2.OperationalError) connection to server at "localhost" (::1), port 5432 failed: FATAL:  database "pulseboard_test" does not exist
E   
E   (Background on this error at: https://sqlalche.me/e/20/e3q8)
___ ERROR at setup of TestAggregateSentiment.test_empty_list_returns_zeros ____
.venv\Lib\site-packages\sqlalchemy\engine\base.py:146: in __init__
    self._dbapi_connection = engine.raw_connection()
.venv\Lib\site-packages\sqlalchemy\engine\base.py:3302: in raw_connection
    return self.pool.connect()
.venv\Lib\site-packages\sqlalchemy\pool\base.py:449: in connect
    return _ConnectionFairy._checkout(self)
.venv\Lib\site-packages\sqlalchemy\pool\base.py:1263: in _checkout
    fairy = _ConnectionRecord.checkout(pool)
.venv\Lib\site-packages\sqlalchemy\pool\base.py:712: in checkout
    rec = pool._do_get()
.venv\Lib\site-packages\sqlalchemy\pool\impl.py:179: in _do_get
    with util.safe_reraise():
.venv\Lib\site-packages\sqlalchemy\util\langhelpers.py:146: in __exit__
    raise exc_value.with_traceback(exc_tb)
.venv\Lib\site-packages\sqlalchemy\pool\impl.py:177: in _do_get
    return self._create_connection()
.venv\Lib\site-packages\sqlalchemy\pool\base.py:390: in _create_connection
    return _ConnectionRecord(self)
.venv\Lib\site-packages\sqlalchemy\pool\base.py:674: in __init__
    self.__connect()
.venv\Lib\site-packages\sqlalchemy\pool\base.py:900: in __connect
    with util.safe_reraise():
.venv\Lib\site-packages\sqlalchemy\util\langhelpers.py:146: in __exit__
    raise exc_value.with_traceback(exc_tb)
.venv\Lib\site-packages\sqlalchemy\pool\base.py:896: in __connect
    self.dbapi_connection = connection = pool._invoke_creator(self)
.venv\Lib\site-packages\sqlalchemy\engine\create.py:643: in connect
    return dialect.connect(*cargs, **cparams)
.venv\Lib\site-packages\sqlalchemy\engine\default.py:621: in connect
    return self.loaded_dbapi.connect(*cargs, **cparams)
.venv\Lib\site-packages\psycopg2\__init__.py:135: in connect
    conn = _connect(dsn, connection_factory=connection_factory, **kwasync)
E   psycopg2.OperationalError: connection to server at "localhost" (::1), port 5432 failed: FATAL:  database "pulseboard_test" does not exist

The above exception was the direct cause of the following exception:
app\tests\conftest.py:49: in _create_schema
    Base.metadata.drop_all(bind=sync_engine)
.venv\Lib\site-packages\sqlalchemy\sql\schema.py:5896: in drop_all
    bind._run_ddl_visitor(
.venv\Lib\site-packages\sqlalchemy\engine\base.py:3252: in _run_ddl_visitor
    with self.begin() as conn:
..\..\..\..\AppData\Local\Programs\Python\Python313\Lib\contextlib.py:141: in __enter__
    return next(self.gen)
.venv\Lib\site-packages\sqlalchemy\engine\base.py:3242: in begin
    with self.connect() as conn:
.venv\Lib\site-packages\sqlalchemy\engine\base.py:3278: in connect
    return self._connection_cls(self)
.venv\Lib\site-packages\sqlalchemy\engine\base.py:148: in __init__
    Connection._handle_dbapi_exception_noconnection(
.venv\Lib\site-packages\sqlalchemy\engine\base.py:2442: in _handle_dbapi_exception_noconnection
    raise sqlalchemy_exception.with_traceback(exc_info[2]) from e
.venv\Lib\site-packages\sqlalchemy\engine\base.py:146: in __init__
    self._dbapi_connection = engine.raw_connection()
.venv\Lib\site-packages\sqlalchemy\engine\base.py:3302: in raw_connection
    return self.pool.connect()
.venv\Lib\site-packages\sqlalchemy\pool\base.py:449: in connect
    return _ConnectionFairy._checkout(self)
.venv\Lib\site-packages\sqlalchemy\pool\base.py:1263: in _checkout
    fairy = _ConnectionRecord.checkout(pool)
.venv\Lib\site-packages\sqlalchemy\pool\base.py:712: in checkout
    rec = pool._do_get()
.venv\Lib\site-packages\sqlalchemy\pool\impl.py:179: in _do_get
    with util.safe_reraise():
.venv\Lib\site-packages\sqlalchemy\util\langhelpers.py:146: in __exit__
    raise exc_value.with_traceback(exc_tb)
.venv\Lib\site-packages\sqlalchemy\pool\impl.py:177: in _do_get
    return self._create_connection()
.venv\Lib\site-packages\sqlalchemy\pool\base.py:390: in _create_connection
    return _ConnectionRecord(self)
.venv\Lib\site-packages\sqlalchemy\pool\base.py:674: in __init__
    self.__connect()
.venv\Lib\site-packages\sqlalchemy\pool\base.py:900: in __connect
    with util.safe_reraise():
.venv\Lib\site-packages\sqlalchemy\util\langhelpers.py:146: in __exit__
    raise exc_value.with_traceback(exc_tb)
.venv\Lib\site-packages\sqlalchemy\pool\base.py:896: in __connect
    self.dbapi_connection = connection = pool._invoke_creator(self)
.venv\Lib\site-packages\sqlalchemy\engine\create.py:643: in connect
    return dialect.connect(*cargs, **cparams)
.venv\Lib\site-packages\sqlalchemy\engine\default.py:621: in connect
    return self.loaded_dbapi.connect(*cargs, **cparams)
.venv\Lib\site-packages\psycopg2\__init__.py:135: in connect
    conn = _connect(dsn, connection_factory=connection_factory, **kwasync)
E   sqlalchemy.exc.OperationalError: (psycopg2.OperationalError) connection to server at "localhost" (::1), port 5432 failed: FATAL:  database "pulseboard_test" does not exist
E   
E   (Background on this error at: https://sqlalche.me/e/20/e3q8)
____ ERROR at setup of TestAggregateSentiment.test_percentages_sum_to_100 _____
.venv\Lib\site-packages\sqlalchemy\engine\base.py:146: in __init__
    self._dbapi_connection = engine.raw_connection()
.venv\Lib\site-packages\sqlalchemy\engine\base.py:3302: in raw_connection
    return self.pool.connect()
.venv\Lib\site-packages\sqlalchemy\pool\base.py:449: in connect
    return _ConnectionFairy._checkout(self)
.venv\Lib\site-packages\sqlalchemy\pool\base.py:1263: in _checkout
    fairy = _ConnectionRecord.checkout(pool)
.venv\Lib\site-packages\sqlalchemy\pool\base.py:712: in checkout
    rec = pool._do_get()
.venv\Lib\site-packages\sqlalchemy\pool\impl.py:179: in _do_get
    with util.safe_reraise():
.venv\Lib\site-packages\sqlalchemy\util\langhelpers.py:146: in __exit__
    raise exc_value.with_traceback(exc_tb)
.venv\Lib\site-packages\sqlalchemy\pool\impl.py:177: in _do_get
    return self._create_connection()
.venv\Lib\site-packages\sqlalchemy\pool\base.py:390: in _create_connection
    return _ConnectionRecord(self)
.venv\Lib\site-packages\sqlalchemy\pool\base.py:674: in __init__
    self.__connect()
.venv\Lib\site-packages\sqlalchemy\pool\base.py:900: in __connect
    with util.safe_reraise():
.venv\Lib\site-packages\sqlalchemy\util\langhelpers.py:146: in __exit__
    raise exc_value.with_traceback(exc_tb)
.venv\Lib\site-packages\sqlalchemy\pool\base.py:896: in __connect
    self.dbapi_connection = connection = pool._invoke_creator(self)
.venv\Lib\site-packages\sqlalchemy\engine\create.py:643: in connect
    return dialect.connect(*cargs, **cparams)
.venv\Lib\site-packages\sqlalchemy\engine\default.py:621: in connect
    return self.loaded_dbapi.connect(*cargs, **cparams)
.venv\Lib\site-packages\psycopg2\__init__.py:135: in connect
    conn = _connect(dsn, connection_factory=connection_factory, **kwasync)
E   psycopg2.OperationalError: connection to server at "localhost" (::1), port 5432 failed: FATAL:  database "pulseboard_test" does not exist

The above exception was the direct cause of the following exception:
app\tests\conftest.py:49: in _create_schema
    Base.metadata.drop_all(bind=sync_engine)
.venv\Lib\site-packages\sqlalchemy\sql\schema.py:5896: in drop_all
    bind._run_ddl_visitor(
.venv\Lib\site-packages\sqlalchemy\engine\base.py:3252: in _run_ddl_visitor
    with self.begin() as conn:
..\..\..\..\AppData\Local\Programs\Python\Python313\Lib\contextlib.py:141: in __enter__
    return next(self.gen)
.venv\Lib\site-packages\sqlalchemy\engine\base.py:3242: in begin
    with self.connect() as conn:
.venv\Lib\site-packages\sqlalchemy\engine\base.py:3278: in connect
    return self._connection_cls(self)
.venv\Lib\site-packages\sqlalchemy\engine\base.py:148: in __init__
    Connection._handle_dbapi_exception_noconnection(
.venv\Lib\site-packages\sqlalchemy\engine\base.py:2442: in _handle_dbapi_exception_noconnection
    raise sqlalchemy_exception.with_traceback(exc_info[2]) from e
.venv\Lib\site-packages\sqlalchemy\engine\base.py:146: in __init__
    self._dbapi_connection = engine.raw_connection()
.venv\Lib\site-packages\sqlalchemy\engine\base.py:3302: in raw_connection
    return self.pool.connect()
.venv\Lib\site-packages\sqlalchemy\pool\base.py:449: in connect
    return _ConnectionFairy._checkout(self)
.venv\Lib\site-packages\sqlalchemy\pool\base.py:1263: in _checkout
    fairy = _ConnectionRecord.checkout(pool)
.venv\Lib\site-packages\sqlalchemy\pool\base.py:712: in checkout
    rec = pool._do_get()
.venv\Lib\site-packages\sqlalchemy\pool\impl.py:179: in _do_get
    with util.safe_reraise():
.venv\Lib\site-packages\sqlalchemy\util\langhelpers.py:146: in __exit__
    raise exc_value.with_traceback(exc_tb)
.venv\Lib\site-packages\sqlalchemy\pool\impl.py:177: in _do_get
    return self._create_connection()
.venv\Lib\site-packages\sqlalchemy\pool\base.py:390: in _create_connection
    return _ConnectionRecord(self)
.venv\Lib\site-packages\sqlalchemy\pool\base.py:674: in __init__
    self.__connect()
.venv\Lib\site-packages\sqlalchemy\pool\base.py:900: in __connect
    with util.safe_reraise():
.venv\Lib\site-packages\sqlalchemy\util\langhelpers.py:146: in __exit__
    raise exc_value.with_traceback(exc_tb)
.venv\Lib\site-packages\sqlalchemy\pool\base.py:896: in __connect
    self.dbapi_connection = connection = pool._invoke_creator(self)
.venv\Lib\site-packages\sqlalchemy\engine\create.py:643: in connect
    return dialect.connect(*cargs, **cparams)
.venv\Lib\site-packages\sqlalchemy\engine\default.py:621: in connect
    return self.loaded_dbapi.connect(*cargs, **cparams)
.venv\Lib\site-packages\psycopg2\__init__.py:135: in connect
    conn = _connect(dsn, connection_factory=connection_factory, **kwasync)
E   sqlalchemy.exc.OperationalError: (psycopg2.OperationalError) connection to server at "localhost" (::1), port 5432 failed: FATAL:  database "pulseboard_test" does not exist
E   
E   (Background on this error at: https://sqlalche.me/e/20/e3q8)
_________ ERROR at setup of TestAggregateSentiment.test_all_positive __________
.venv\Lib\site-packages\sqlalchemy\engine\base.py:146: in __init__
    self._dbapi_connection = engine.raw_connection()
.venv\Lib\site-packages\sqlalchemy\engine\base.py:3302: in raw_connection
    return self.pool.connect()
.venv\Lib\site-packages\sqlalchemy\pool\base.py:449: in connect
    return _ConnectionFairy._checkout(self)
.venv\Lib\site-packages\sqlalchemy\pool\base.py:1263: in _checkout
    fairy = _ConnectionRecord.checkout(pool)
.venv\Lib\site-packages\sqlalchemy\pool\base.py:712: in checkout
    rec = pool._do_get()
.venv\Lib\site-packages\sqlalchemy\pool\impl.py:179: in _do_get
    with util.safe_reraise():
.venv\Lib\site-packages\sqlalchemy\util\langhelpers.py:146: in __exit__
    raise exc_value.with_traceback(exc_tb)
.venv\Lib\site-packages\sqlalchemy\pool\impl.py:177: in _do_get
    return self._create_connection()
.venv\Lib\site-packages\sqlalchemy\pool\base.py:390: in _create_connection
    return _ConnectionRecord(self)
.venv\Lib\site-packages\sqlalchemy\pool\base.py:674: in __init__
    self.__connect()
.venv\Lib\site-packages\sqlalchemy\pool\base.py:900: in __connect
    with util.safe_reraise():
.venv\Lib\site-packages\sqlalchemy\util\langhelpers.py:146: in __exit__
    raise exc_value.with_traceback(exc_tb)
.venv\Lib\site-packages\sqlalchemy\pool\base.py:896: in __connect
    self.dbapi_connection = connection = pool._invoke_creator(self)
.venv\Lib\site-packages\sqlalchemy\engine\create.py:643: in connect
    return dialect.connect(*cargs, **cparams)
.venv\Lib\site-packages\sqlalchemy\engine\default.py:621: in connect
    return self.loaded_dbapi.connect(*cargs, **cparams)
.venv\Lib\site-packages\psycopg2\__init__.py:135: in connect
    conn = _connect(dsn, connection_factory=connection_factory, **kwasync)
E   psycopg2.OperationalError: connection to server at "localhost" (::1), port 5432 failed: FATAL:  database "pulseboard_test" does not exist

The above exception was the direct cause of the following exception:
app\tests\conftest.py:49: in _create_schema
    Base.metadata.drop_all(bind=sync_engine)
.venv\Lib\site-packages\sqlalchemy\sql\schema.py:5896: in drop_all
    bind._run_ddl_visitor(
.venv\Lib\site-packages\sqlalchemy\engine\base.py:3252: in _run_ddl_visitor
    with self.begin() as conn:
..\..\..\..\AppData\Local\Programs\Python\Python313\Lib\contextlib.py:141: in __enter__
    return next(self.gen)
.venv\Lib\site-packages\sqlalchemy\engine\base.py:3242: in begin
    with self.connect() as conn:
.venv\Lib\site-packages\sqlalchemy\engine\base.py:3278: in connect
    return self._connection_cls(self)
.venv\Lib\site-packages\sqlalchemy\engine\base.py:148: in __init__
    Connection._handle_dbapi_exception_noconnection(
.venv\Lib\site-packages\sqlalchemy\engine\base.py:2442: in _handle_dbapi_exception_noconnection
    raise sqlalchemy_exception.with_traceback(exc_info[2]) from e
.venv\Lib\site-packages\sqlalchemy\engine\base.py:146: in __init__
    self._dbapi_connection = engine.raw_connection()
.venv\Lib\site-packages\sqlalchemy\engine\base.py:3302: in raw_connection
    return self.pool.connect()
.venv\Lib\site-packages\sqlalchemy\pool\base.py:449: in connect
    return _ConnectionFairy._checkout(self)
.venv\Lib\site-packages\sqlalchemy\pool\base.py:1263: in _checkout
    fairy = _ConnectionRecord.checkout(pool)
.venv\Lib\site-packages\sqlalchemy\pool\base.py:712: in checkout
    rec = pool._do_get()
.venv\Lib\site-packages\sqlalchemy\pool\impl.py:179: in _do_get
    with util.safe_reraise():
.venv\Lib\site-packages\sqlalchemy\util\langhelpers.py:146: in __exit__
    raise exc_value.with_traceback(exc_tb)
.venv\Lib\site-packages\sqlalchemy\pool\impl.py:177: in _do_get
    return self._create_connection()
.venv\Lib\site-packages\sqlalchemy\pool\base.py:390: in _create_connection
    return _ConnectionRecord(self)
.venv\Lib\site-packages\sqlalchemy\pool\base.py:674: in __init__
    self.__connect()
.venv\Lib\site-packages\sqlalchemy\pool\base.py:900: in __connect
    with util.safe_reraise():
.venv\Lib\site-packages\sqlalchemy\util\langhelpers.py:146: in __exit__
    raise exc_value.with_traceback(exc_tb)
.venv\Lib\site-packages\sqlalchemy\pool\base.py:896: in __connect
    self.dbapi_connection = connection = pool._invoke_creator(self)
.venv\Lib\site-packages\sqlalchemy\engine\create.py:643: in connect
    return dialect.connect(*cargs, **cparams)
.venv\Lib\site-packages\sqlalchemy\engine\default.py:621: in connect
    return self.loaded_dbapi.connect(*cargs, **cparams)
.venv\Lib\site-packages\psycopg2\__init__.py:135: in connect
    conn = _connect(dsn, connection_factory=connection_factory, **kwasync)
E   sqlalchemy.exc.OperationalError: (psycopg2.OperationalError) connection to server at "localhost" (::1), port 5432 failed: FATAL:  database "pulseboard_test" does not exist
E   
E   (Background on this error at: https://sqlalche.me/e/20/e3q8)
_________ ERROR at setup of TestDetectShift.test_no_shift_when_stable _________
.venv\Lib\site-packages\sqlalchemy\engine\base.py:146: in __init__
    self._dbapi_connection = engine.raw_connection()
.venv\Lib\site-packages\sqlalchemy\engine\base.py:3302: in raw_connection
    return self.pool.connect()
.venv\Lib\site-packages\sqlalchemy\pool\base.py:449: in connect
    return _ConnectionFairy._checkout(self)
.venv\Lib\site-packages\sqlalchemy\pool\base.py:1263: in _checkout
    fairy = _ConnectionRecord.checkout(pool)
.venv\Lib\site-packages\sqlalchemy\pool\base.py:712: in checkout
    rec = pool._do_get()
.venv\Lib\site-packages\sqlalchemy\pool\impl.py:179: in _do_get
    with util.safe_reraise():
.venv\Lib\site-packages\sqlalchemy\util\langhelpers.py:146: in __exit__
    raise exc_value.with_traceback(exc_tb)
.venv\Lib\site-packages\sqlalchemy\pool\impl.py:177: in _do_get
    return self._create_connection()
.venv\Lib\site-packages\sqlalchemy\pool\base.py:390: in _create_connection
    return _ConnectionRecord(self)
.venv\Lib\site-packages\sqlalchemy\pool\base.py:674: in __init__
    self.__connect()
.venv\Lib\site-packages\sqlalchemy\pool\base.py:900: in __connect
    with util.safe_reraise():
.venv\Lib\site-packages\sqlalchemy\util\langhelpers.py:146: in __exit__
    raise exc_value.with_traceback(exc_tb)
.venv\Lib\site-packages\sqlalchemy\pool\base.py:896: in __connect
    self.dbapi_connection = connection = pool._invoke_creator(self)
.venv\Lib\site-packages\sqlalchemy\engine\create.py:643: in connect
    return dialect.connect(*cargs, **cparams)
.venv\Lib\site-packages\sqlalchemy\engine\default.py:621: in connect
    return self.loaded_dbapi.connect(*cargs, **cparams)
.venv\Lib\site-packages\psycopg2\__init__.py:135: in connect
    conn = _connect(dsn, connection_factory=connection_factory, **kwasync)
E   psycopg2.OperationalError: connection to server at "localhost" (::1), port 5432 failed: FATAL:  database "pulseboard_test" does not exist

The above exception was the direct cause of the following exception:
app\tests\conftest.py:49: in _create_schema
    Base.metadata.drop_all(bind=sync_engine)
.venv\Lib\site-packages\sqlalchemy\sql\schema.py:5896: in drop_all
    bind._run_ddl_visitor(
.venv\Lib\site-packages\sqlalchemy\engine\base.py:3252: in _run_ddl_visitor
    with self.begin() as conn:
..\..\..\..\AppData\Local\Programs\Python\Python313\Lib\contextlib.py:141: in __enter__
    return next(self.gen)
.venv\Lib\site-packages\sqlalchemy\engine\base.py:3242: in begin
    with self.connect() as conn:
.venv\Lib\site-packages\sqlalchemy\engine\base.py:3278: in connect
    return self._connection_cls(self)
.venv\Lib\site-packages\sqlalchemy\engine\base.py:148: in __init__
    Connection._handle_dbapi_exception_noconnection(
.venv\Lib\site-packages\sqlalchemy\engine\base.py:2442: in _handle_dbapi_exception_noconnection
    raise sqlalchemy_exception.with_traceback(exc_info[2]) from e
.venv\Lib\site-packages\sqlalchemy\engine\base.py:146: in __init__
    self._dbapi_connection = engine.raw_connection()
.venv\Lib\site-packages\sqlalchemy\engine\base.py:3302: in raw_connection
    return self.pool.connect()
.venv\Lib\site-packages\sqlalchemy\pool\base.py:449: in connect
    return _ConnectionFairy._checkout(self)
.venv\Lib\site-packages\sqlalchemy\pool\base.py:1263: in _checkout
    fairy = _ConnectionRecord.checkout(pool)
.venv\Lib\site-packages\sqlalchemy\pool\base.py:712: in checkout
    rec = pool._do_get()
.venv\Lib\site-packages\sqlalchemy\pool\impl.py:179: in _do_get
    with util.safe_reraise():
.venv\Lib\site-packages\sqlalchemy\util\langhelpers.py:146: in __exit__
    raise exc_value.with_traceback(exc_tb)
.venv\Lib\site-packages\sqlalchemy\pool\impl.py:177: in _do_get
    return self._create_connection()
.venv\Lib\site-packages\sqlalchemy\pool\base.py:390: in _create_connection
    return _ConnectionRecord(self)
.venv\Lib\site-packages\sqlalchemy\pool\base.py:674: in __init__
    self.__connect()
.venv\Lib\site-packages\sqlalchemy\pool\base.py:900: in __connect
    with util.safe_reraise():
.venv\Lib\site-packages\sqlalchemy\util\langhelpers.py:146: in __exit__
    raise exc_value.with_traceback(exc_tb)
.venv\Lib\site-packages\sqlalchemy\pool\base.py:896: in __connect
    self.dbapi_connection = connection = pool._invoke_creator(self)
.venv\Lib\site-packages\sqlalchemy\engine\create.py:643: in connect
    return dialect.connect(*cargs, **cparams)
.venv\Lib\site-packages\sqlalchemy\engine\default.py:621: in connect
    return self.loaded_dbapi.connect(*cargs, **cparams)
.venv\Lib\site-packages\psycopg2\__init__.py:135: in connect
    conn = _connect(dsn, connection_factory=connection_factory, **kwasync)
E   sqlalchemy.exc.OperationalError: (psycopg2.OperationalError) connection to server at "localhost" (::1), port 5432 failed: FATAL:  database "pulseboard_test" does not exist
E   
E   (Background on this error at: https://sqlalche.me/e/20/e3q8)
_____ ERROR at setup of TestDetectShift.test_shift_detected_on_large_drop _____
.venv\Lib\site-packages\sqlalchemy\engine\base.py:146: in __init__
    self._dbapi_connection = engine.raw_connection()
.venv\Lib\site-packages\sqlalchemy\engine\base.py:3302: in raw_connection
    return self.pool.connect()
.venv\Lib\site-packages\sqlalchemy\pool\base.py:449: in connect
    return _ConnectionFairy._checkout(self)
.venv\Lib\site-packages\sqlalchemy\pool\base.py:1263: in _checkout
    fairy = _ConnectionRecord.checkout(pool)
.venv\Lib\site-packages\sqlalchemy\pool\base.py:712: in checkout
    rec = pool._do_get()
.venv\Lib\site-packages\sqlalchemy\pool\impl.py:179: in _do_get
    with util.safe_reraise():
.venv\Lib\site-packages\sqlalchemy\util\langhelpers.py:146: in __exit__
    raise exc_value.with_traceback(exc_tb)
.venv\Lib\site-packages\sqlalchemy\pool\impl.py:177: in _do_get
    return self._create_connection()
.venv\Lib\site-packages\sqlalchemy\pool\base.py:390: in _create_connection
    return _ConnectionRecord(self)
.venv\Lib\site-packages\sqlalchemy\pool\base.py:674: in __init__
    self.__connect()
.venv\Lib\site-packages\sqlalchemy\pool\base.py:900: in __connect
    with util.safe_reraise():
.venv\Lib\site-packages\sqlalchemy\util\langhelpers.py:146: in __exit__
    raise exc_value.with_traceback(exc_tb)
.venv\Lib\site-packages\sqlalchemy\pool\base.py:896: in __connect
    self.dbapi_connection = connection = pool._invoke_creator(self)
.venv\Lib\site-packages\sqlalchemy\engine\create.py:643: in connect
    return dialect.connect(*cargs, **cparams)
.venv\Lib\site-packages\sqlalchemy\engine\default.py:621: in connect
    return self.loaded_dbapi.connect(*cargs, **cparams)
.venv\Lib\site-packages\psycopg2\__init__.py:135: in connect
    conn = _connect(dsn, connection_factory=connection_factory, **kwasync)
E   psycopg2.OperationalError: connection to server at "localhost" (::1), port 5432 failed: FATAL:  database "pulseboard_test" does not exist

The above exception was the direct cause of the following exception:
app\tests\conftest.py:49: in _create_schema
    Base.metadata.drop_all(bind=sync_engine)
.venv\Lib\site-packages\sqlalchemy\sql\schema.py:5896: in drop_all
    bind._run_ddl_visitor(
.venv\Lib\site-packages\sqlalchemy\engine\base.py:3252: in _run_ddl_visitor
    with self.begin() as conn:
..\..\..\..\AppData\Local\Programs\Python\Python313\Lib\contextlib.py:141: in __enter__
    return next(self.gen)
.venv\Lib\site-packages\sqlalchemy\engine\base.py:3242: in begin
    with self.connect() as conn:
.venv\Lib\site-packages\sqlalchemy\engine\base.py:3278: in connect
    return self._connection_cls(self)
.venv\Lib\site-packages\sqlalchemy\engine\base.py:148: in __init__
    Connection._handle_dbapi_exception_noconnection(
.venv\Lib\site-packages\sqlalchemy\engine\base.py:2442: in _handle_dbapi_exception_noconnection
    raise sqlalchemy_exception.with_traceback(exc_info[2]) from e
.venv\Lib\site-packages\sqlalchemy\engine\base.py:146: in __init__
    self._dbapi_connection = engine.raw_connection()
.venv\Lib\site-packages\sqlalchemy\engine\base.py:3302: in raw_connection
    return self.pool.connect()
.venv\Lib\site-packages\sqlalchemy\pool\base.py:449: in connect
    return _ConnectionFairy._checkout(self)
.venv\Lib\site-packages\sqlalchemy\pool\base.py:1263: in _checkout
    fairy = _ConnectionRecord.checkout(pool)
.venv\Lib\site-packages\sqlalchemy\pool\base.py:712: in checkout
    rec = pool._do_get()
.venv\Lib\site-packages\sqlalchemy\pool\impl.py:179: in _do_get
    with util.safe_reraise():
.venv\Lib\site-packages\sqlalchemy\util\langhelpers.py:146: in __exit__
    raise exc_value.with_traceback(exc_tb)
.venv\Lib\site-packages\sqlalchemy\pool\impl.py:177: in _do_get
    return self._create_connection()
.venv\Lib\site-packages\sqlalchemy\pool\base.py:390: in _create_connection
    return _ConnectionRecord(self)
.venv\Lib\site-packages\sqlalchemy\pool\base.py:674: in __init__
    self.__connect()
.venv\Lib\site-packages\sqlalchemy\pool\base.py:900: in __connect
    with util.safe_reraise():
.venv\Lib\site-packages\sqlalchemy\util\langhelpers.py:146: in __exit__
    raise exc_value.with_traceback(exc_tb)
.venv\Lib\site-packages\sqlalchemy\pool\base.py:896: in __connect
    self.dbapi_connection = connection = pool._invoke_creator(self)
.venv\Lib\site-packages\sqlalchemy\engine\create.py:643: in connect
    return dialect.connect(*cargs, **cparams)
.venv\Lib\site-packages\sqlalchemy\engine\default.py:621: in connect
    return self.loaded_dbapi.connect(*cargs, **cparams)
.venv\Lib\site-packages\psycopg2\__init__.py:135: in connect
    conn = _connect(dsn, connection_factory=connection_factory, **kwasync)
E   sqlalchemy.exc.OperationalError: (psycopg2.OperationalError) connection to server at "localhost" (::1), port 5432 failed: FATAL:  database "pulseboard_test" does not exist
E   
E   (Background on this error at: https://sqlalche.me/e/20/e3q8)
_ ERROR at setup of TestDetectShift.test_single_snapshot_cannot_detect_a_shift _
.venv\Lib\site-packages\sqlalchemy\engine\base.py:146: in __init__
    self._dbapi_connection = engine.raw_connection()
.venv\Lib\site-packages\sqlalchemy\engine\base.py:3302: in raw_connection
    return self.pool.connect()
.venv\Lib\site-packages\sqlalchemy\pool\base.py:449: in connect
    return _ConnectionFairy._checkout(self)
.venv\Lib\site-packages\sqlalchemy\pool\base.py:1263: in _checkout
    fairy = _ConnectionRecord.checkout(pool)
.venv\Lib\site-packages\sqlalchemy\pool\base.py:712: in checkout
    rec = pool._do_get()
.venv\Lib\site-packages\sqlalchemy\pool\impl.py:179: in _do_get
    with util.safe_reraise():
.venv\Lib\site-packages\sqlalchemy\util\langhelpers.py:146: in __exit__
    raise exc_value.with_traceback(exc_tb)
.venv\Lib\site-packages\sqlalchemy\pool\impl.py:177: in _do_get
    return self._create_connection()
.venv\Lib\site-packages\sqlalchemy\pool\base.py:390: in _create_connection
    return _ConnectionRecord(self)
.venv\Lib\site-packages\sqlalchemy\pool\base.py:674: in __init__
    self.__connect()
.venv\Lib\site-packages\sqlalchemy\pool\base.py:900: in __connect
    with util.safe_reraise():
.venv\Lib\site-packages\sqlalchemy\util\langhelpers.py:146: in __exit__
    raise exc_value.with_traceback(exc_tb)
.venv\Lib\site-packages\sqlalchemy\pool\base.py:896: in __connect
    self.dbapi_connection = connection = pool._invoke_creator(self)
.venv\Lib\site-packages\sqlalchemy\engine\create.py:643: in connect
    return dialect.connect(*cargs, **cparams)
.venv\Lib\site-packages\sqlalchemy\engine\default.py:621: in connect
    return self.loaded_dbapi.connect(*cargs, **cparams)
.venv\Lib\site-packages\psycopg2\__init__.py:135: in connect
    conn = _connect(dsn, connection_factory=connection_factory, **kwasync)
E   psycopg2.OperationalError: connection to server at "localhost" (::1), port 5432 failed: FATAL:  database "pulseboard_test" does not exist

The above exception was the direct cause of the following exception:
app\tests\conftest.py:49: in _create_schema
    Base.metadata.drop_all(bind=sync_engine)
.venv\Lib\site-packages\sqlalchemy\sql\schema.py:5896: in drop_all
    bind._run_ddl_visitor(
.venv\Lib\site-packages\sqlalchemy\engine\base.py:3252: in _run_ddl_visitor
    with self.begin() as conn:
..\..\..\..\AppData\Local\Programs\Python\Python313\Lib\contextlib.py:141: in __enter__
    return next(self.gen)
.venv\Lib\site-packages\sqlalchemy\engine\base.py:3242: in begin
    with self.connect() as conn:
.venv\Lib\site-packages\sqlalchemy\engine\base.py:3278: in connect
    return self._connection_cls(self)
.venv\Lib\site-packages\sqlalchemy\engine\base.py:148: in __init__
    Connection._handle_dbapi_exception_noconnection(
.venv\Lib\site-packages\sqlalchemy\engine\base.py:2442: in _handle_dbapi_exception_noconnection
    raise sqlalchemy_exception.with_traceback(exc_info[2]) from e
.venv\Lib\site-packages\sqlalchemy\engine\base.py:146: in __init__
    self._dbapi_connection = engine.raw_connection()
.venv\Lib\site-packages\sqlalchemy\engine\base.py:3302: in raw_connection
    return self.pool.connect()
.venv\Lib\site-packages\sqlalchemy\pool\base.py:449: in connect
    return _ConnectionFairy._checkout(self)
.venv\Lib\site-packages\sqlalchemy\pool\base.py:1263: in _checkout
    fairy = _ConnectionRecord.checkout(pool)
.venv\Lib\site-packages\sqlalchemy\pool\base.py:712: in checkout
    rec = pool._do_get()
.venv\Lib\site-packages\sqlalchemy\pool\impl.py:179: in _do_get
    with util.safe_reraise():
.venv\Lib\site-packages\sqlalchemy\util\langhelpers.py:146: in __exit__
    raise exc_value.with_traceback(exc_tb)
.venv\Lib\site-packages\sqlalchemy\pool\impl.py:177: in _do_get
    return self._create_connection()
.venv\Lib\site-packages\sqlalchemy\pool\base.py:390: in _create_connection
    return _ConnectionRecord(self)
.venv\Lib\site-packages\sqlalchemy\pool\base.py:674: in __init__
    self.__connect()
.venv\Lib\site-packages\sqlalchemy\pool\base.py:900: in __connect
    with util.safe_reraise():
.venv\Lib\site-packages\sqlalchemy\util\langhelpers.py:146: in __exit__
    raise exc_value.with_traceback(exc_tb)
.venv\Lib\site-packages\sqlalchemy\pool\base.py:896: in __connect
    self.dbapi_connection = connection = pool._invoke_creator(self)
.venv\Lib\site-packages\sqlalchemy\engine\create.py:643: in connect
    return dialect.connect(*cargs, **cparams)
.venv\Lib\site-packages\sqlalchemy\engine\default.py:621: in connect
    return self.loaded_dbapi.connect(*cargs, **cparams)
.venv\Lib\site-packages\psycopg2\__init__.py:135: in connect
    conn = _connect(dsn, connection_factory=connection_factory, **kwasync)
E   sqlalchemy.exc.OperationalError: (psycopg2.OperationalError) connection to server at "localhost" (::1), port 5432 failed: FATAL:  database "pulseboard_test" does not exist
E   
E   (Background on this error at: https://sqlalche.me/e/20/e3q8)
___ ERROR at setup of TestDetectShift.test_rising_sentiment_is_not_a_shift ____
.venv\Lib\site-packages\sqlalchemy\engine\base.py:146: in __init__
    self._dbapi_connection = engine.raw_connection()
.venv\Lib\site-packages\sqlalchemy\engine\base.py:3302: in raw_connection
    return self.pool.connect()
.venv\Lib\site-packages\sqlalchemy\pool\base.py:449: in connect
    return _ConnectionFairy._checkout(self)
.venv\Lib\site-packages\sqlalchemy\pool\base.py:1263: in _checkout
    fairy = _ConnectionRecord.checkout(pool)
.venv\Lib\site-packages\sqlalchemy\pool\base.py:712: in checkout
    rec = pool._do_get()
.venv\Lib\site-packages\sqlalchemy\pool\impl.py:179: in _do_get
    with util.safe_reraise():
.venv\Lib\site-packages\sqlalchemy\util\langhelpers.py:146: in __exit__
    raise exc_value.with_traceback(exc_tb)
.venv\Lib\site-packages\sqlalchemy\pool\impl.py:177: in _do_get
    return self._create_connection()
.venv\Lib\site-packages\sqlalchemy\pool\base.py:390: in _create_connection
    return _ConnectionRecord(self)
.venv\Lib\site-packages\sqlalchemy\pool\base.py:674: in __init__
    self.__connect()
.venv\Lib\site-packages\sqlalchemy\pool\base.py:900: in __connect
    with util.safe_reraise():
.venv\Lib\site-packages\sqlalchemy\util\langhelpers.py:146: in __exit__
    raise exc_value.with_traceback(exc_tb)
.venv\Lib\site-packages\sqlalchemy\pool\base.py:896: in __connect
    self.dbapi_connection = connection = pool._invoke_creator(self)
.venv\Lib\site-packages\sqlalchemy\engine\create.py:643: in connect
    return dialect.connect(*cargs, **cparams)
.venv\Lib\site-packages\sqlalchemy\engine\default.py:621: in connect
    return self.loaded_dbapi.connect(*cargs, **cparams)
.venv\Lib\site-packages\psycopg2\__init__.py:135: in connect
    conn = _connect(dsn, connection_factory=connection_factory, **kwasync)
E   psycopg2.OperationalError: connection to server at "localhost" (::1), port 5432 failed: FATAL:  database "pulseboard_test" does not exist

The above exception was the direct cause of the following exception:
app\tests\conftest.py:49: in _create_schema
    Base.metadata.drop_all(bind=sync_engine)
.venv\Lib\site-packages\sqlalchemy\sql\schema.py:5896: in drop_all
    bind._run_ddl_visitor(
.venv\Lib\site-packages\sqlalchemy\engine\base.py:3252: in _run_ddl_visitor
    with self.begin() as conn:
..\..\..\..\AppData\Local\Programs\Python\Python313\Lib\contextlib.py:141: in __enter__
    return next(self.gen)
.venv\Lib\site-packages\sqlalchemy\engine\base.py:3242: in begin
    with self.connect() as conn:
.venv\Lib\site-packages\sqlalchemy\engine\base.py:3278: in connect
    return self._connection_cls(self)
.venv\Lib\site-packages\sqlalchemy\engine\base.py:148: in __init__
    Connection._handle_dbapi_exception_noconnection(
.venv\Lib\site-packages\sqlalchemy\engine\base.py:2442: in _handle_dbapi_exception_noconnection
    raise sqlalchemy_exception.with_traceback(exc_info[2]) from e
.venv\Lib\site-packages\sqlalchemy\engine\base.py:146: in __init__
    self._dbapi_connection = engine.raw_connection()
.venv\Lib\site-packages\sqlalchemy\engine\base.py:3302: in raw_connection
    return self.pool.connect()
.venv\Lib\site-packages\sqlalchemy\pool\base.py:449: in connect
    return _ConnectionFairy._checkout(self)
.venv\Lib\site-packages\sqlalchemy\pool\base.py:1263: in _checkout
    fairy = _ConnectionRecord.checkout(pool)
.venv\Lib\site-packages\sqlalchemy\pool\base.py:712: in checkout
    rec = pool._do_get()
.venv\Lib\site-packages\sqlalchemy\pool\impl.py:179: in _do_get
    with util.safe_reraise():
.venv\Lib\site-packages\sqlalchemy\util\langhelpers.py:146: in __exit__
    raise exc_value.with_traceback(exc_tb)
.venv\Lib\site-packages\sqlalchemy\pool\impl.py:177: in _do_get
    return self._create_connection()
.venv\Lib\site-packages\sqlalchemy\pool\base.py:390: in _create_connection
    return _ConnectionRecord(self)
.venv\Lib\site-packages\sqlalchemy\pool\base.py:674: in __init__
    self.__connect()
.venv\Lib\site-packages\sqlalchemy\pool\base.py:900: in __connect
    with util.safe_reraise():
.venv\Lib\site-packages\sqlalchemy\util\langhelpers.py:146: in __exit__
    raise exc_value.with_traceback(exc_tb)
.venv\Lib\site-packages\sqlalchemy\pool\base.py:896: in __connect
    self.dbapi_connection = connection = pool._invoke_creator(self)
.venv\Lib\site-packages\sqlalchemy\engine\create.py:643: in connect
    return dialect.connect(*cargs, **cparams)
.venv\Lib\site-packages\sqlalchemy\engine\default.py:621: in connect
    return self.loaded_dbapi.connect(*cargs, **cparams)
.venv\Lib\site-packages\psycopg2\__init__.py:135: in connect
    conn = _connect(dsn, connection_factory=connection_factory, **kwasync)
E   sqlalchemy.exc.OperationalError: (psycopg2.OperationalError) connection to server at "localhost" (::1), port 5432 failed: FATAL:  database "pulseboard_test" does not exist
E   
E   (Background on this error at: https://sqlalche.me/e/20/e3q8)
_ ERROR at setup of TestLiteralIPBlocking.test_blocked_ip_literals[http://127.0.0.1/] _
.venv\Lib\site-packages\sqlalchemy\engine\base.py:146: in __init__
    self._dbapi_connection = engine.raw_connection()
.venv\Lib\site-packages\sqlalchemy\engine\base.py:3302: in raw_connection
    return self.pool.connect()
.venv\Lib\site-packages\sqlalchemy\pool\base.py:449: in connect
    return _ConnectionFairy._checkout(self)
.venv\Lib\site-packages\sqlalchemy\pool\base.py:1263: in _checkout
    fairy = _ConnectionRecord.checkout(pool)
.venv\Lib\site-packages\sqlalchemy\pool\base.py:712: in checkout
    rec = pool._do_get()
.venv\Lib\site-packages\sqlalchemy\pool\impl.py:179: in _do_get
    with util.safe_reraise():
.venv\Lib\site-packages\sqlalchemy\util\langhelpers.py:146: in __exit__
    raise exc_value.with_traceback(exc_tb)
.venv\Lib\site-packages\sqlalchemy\pool\impl.py:177: in _do_get
    return self._create_connection()
.venv\Lib\site-packages\sqlalchemy\pool\base.py:390: in _create_connection
    return _ConnectionRecord(self)
.venv\Lib\site-packages\sqlalchemy\pool\base.py:674: in __init__
    self.__connect()
.venv\Lib\site-packages\sqlalchemy\pool\base.py:900: in __connect
    with util.safe_reraise():
.venv\Lib\site-packages\sqlalchemy\util\langhelpers.py:146: in __exit__
    raise exc_value.with_traceback(exc_tb)
.venv\Lib\site-packages\sqlalchemy\pool\base.py:896: in __connect
    self.dbapi_connection = connection = pool._invoke_creator(self)
.venv\Lib\site-packages\sqlalchemy\engine\create.py:643: in connect
    return dialect.connect(*cargs, **cparams)
.venv\Lib\site-packages\sqlalchemy\engine\default.py:621: in connect
    return self.loaded_dbapi.connect(*cargs, **cparams)
.venv\Lib\site-packages\psycopg2\__init__.py:135: in connect
    conn = _connect(dsn, connection_factory=connection_factory, **kwasync)
E   psycopg2.OperationalError: connection to server at "localhost" (::1), port 5432 failed: FATAL:  database "pulseboard_test" does not exist

The above exception was the direct cause of the following exception:
app\tests\conftest.py:49: in _create_schema
    Base.metadata.drop_all(bind=sync_engine)
.venv\Lib\site-packages\sqlalchemy\sql\schema.py:5896: in drop_all
    bind._run_ddl_visitor(
.venv\Lib\site-packages\sqlalchemy\engine\base.py:3252: in _run_ddl_visitor
    with self.begin() as conn:
..\..\..\..\AppData\Local\Programs\Python\Python313\Lib\contextlib.py:141: in __enter__
    return next(self.gen)
.venv\Lib\site-packages\sqlalchemy\engine\base.py:3242: in begin
    with self.connect() as conn:
.venv\Lib\site-packages\sqlalchemy\engine\base.py:3278: in connect
    return self._connection_cls(self)
.venv\Lib\site-packages\sqlalchemy\engine\base.py:148: in __init__
    Connection._handle_dbapi_exception_noconnection(
.venv\Lib\site-packages\sqlalchemy\engine\base.py:2442: in _handle_dbapi_exception_noconnection
    raise sqlalchemy_exception.with_traceback(exc_info[2]) from e
.venv\Lib\site-packages\sqlalchemy\engine\base.py:146: in __init__
    self._dbapi_connection = engine.raw_connection()
.venv\Lib\site-packages\sqlalchemy\engine\base.py:3302: in raw_connection
    return self.pool.connect()
.venv\Lib\site-packages\sqlalchemy\pool\base.py:449: in connect
    return _ConnectionFairy._checkout(self)
.venv\Lib\site-packages\sqlalchemy\pool\base.py:1263: in _checkout
    fairy = _ConnectionRecord.checkout(pool)
.venv\Lib\site-packages\sqlalchemy\pool\base.py:712: in checkout
    rec = pool._do_get()
.venv\Lib\site-packages\sqlalchemy\pool\impl.py:179: in _do_get
    with util.safe_reraise():
.venv\Lib\site-packages\sqlalchemy\util\langhelpers.py:146: in __exit__
    raise exc_value.with_traceback(exc_tb)
.venv\Lib\site-packages\sqlalchemy\pool\impl.py:177: in _do_get
    return self._create_connection()
.venv\Lib\site-packages\sqlalchemy\pool\base.py:390: in _create_connection
    return _ConnectionRecord(self)
.venv\Lib\site-packages\sqlalchemy\pool\base.py:674: in __init__
    self.__connect()
.venv\Lib\site-packages\sqlalchemy\pool\base.py:900: in __connect
    with util.safe_reraise():
.venv\Lib\site-packages\sqlalchemy\util\langhelpers.py:146: in __exit__
    raise exc_value.with_traceback(exc_tb)
.venv\Lib\site-packages\sqlalchemy\pool\base.py:896: in __connect
    self.dbapi_connection = connection = pool._invoke_creator(self)
.venv\Lib\site-packages\sqlalchemy\engine\create.py:643: in connect
    return dialect.connect(*cargs, **cparams)
.venv\Lib\site-packages\sqlalchemy\engine\default.py:621: in connect
    return self.loaded_dbapi.connect(*cargs, **cparams)
.venv\Lib\site-packages\psycopg2\__init__.py:135: in connect
    conn = _connect(dsn, connection_factory=connection_factory, **kwasync)
E   sqlalchemy.exc.OperationalError: (psycopg2.OperationalError) connection to server at "localhost" (::1), port 5432 failed: FATAL:  database "pulseboard_test" does not exist
E   
E   (Background on this error at: https://sqlalche.me/e/20/e3q8)
_ ERROR at setup of TestLiteralIPBlocking.test_blocked_ip_literals[http://127.0.0.1:8080/admin] _
.venv\Lib\site-packages\sqlalchemy\engine\base.py:146: in __init__
    self._dbapi_connection = engine.raw_connection()
.venv\Lib\site-packages\sqlalchemy\engine\base.py:3302: in raw_connection
    return self.pool.connect()
.venv\Lib\site-packages\sqlalchemy\pool\base.py:449: in connect
    return _ConnectionFairy._checkout(self)
.venv\Lib\site-packages\sqlalchemy\pool\base.py:1263: in _checkout
    fairy = _ConnectionRecord.checkout(pool)
.venv\Lib\site-packages\sqlalchemy\pool\base.py:712: in checkout
    rec = pool._do_get()
.venv\Lib\site-packages\sqlalchemy\pool\impl.py:179: in _do_get
    with util.safe_reraise():
.venv\Lib\site-packages\sqlalchemy\util\langhelpers.py:146: in __exit__
    raise exc_value.with_traceback(exc_tb)
.venv\Lib\site-packages\sqlalchemy\pool\impl.py:177: in _do_get
    return self._create_connection()
.venv\Lib\site-packages\sqlalchemy\pool\base.py:390: in _create_connection
    return _ConnectionRecord(self)
.venv\Lib\site-packages\sqlalchemy\pool\base.py:674: in __init__
    self.__connect()
.venv\Lib\site-packages\sqlalchemy\pool\base.py:900: in __connect
    with util.safe_reraise():
.venv\Lib\site-packages\sqlalchemy\util\langhelpers.py:146: in __exit__
    raise exc_value.with_traceback(exc_tb)
.venv\Lib\site-packages\sqlalchemy\pool\base.py:896: in __connect
    self.dbapi_connection = connection = pool._invoke_creator(self)
.venv\Lib\site-packages\sqlalchemy\engine\create.py:643: in connect
    return dialect.connect(*cargs, **cparams)
.venv\Lib\site-packages\sqlalchemy\engine\default.py:621: in connect
    return self.loaded_dbapi.connect(*cargs, **cparams)
.venv\Lib\site-packages\psycopg2\__init__.py:135: in connect
    conn = _connect(dsn, connection_factory=connection_factory, **kwasync)
E   psycopg2.OperationalError: connection to server at "localhost" (::1), port 5432 failed: FATAL:  database "pulseboard_test" does not exist

The above exception was the direct cause of the following exception:
app\tests\conftest.py:49: in _create_schema
    Base.metadata.drop_all(bind=sync_engine)
.venv\Lib\site-packages\sqlalchemy\sql\schema.py:5896: in drop_all
    bind._run_ddl_visitor(
.venv\Lib\site-packages\sqlalchemy\engine\base.py:3252: in _run_ddl_visitor
    with self.begin() as conn:
..\..\..\..\AppData\Local\Programs\Python\Python313\Lib\contextlib.py:141: in __enter__
    return next(self.gen)
.venv\Lib\site-packages\sqlalchemy\engine\base.py:3242: in begin
    with self.connect() as conn:
.venv\Lib\site-packages\sqlalchemy\engine\base.py:3278: in connect
    return self._connection_cls(self)
.venv\Lib\site-packages\sqlalchemy\engine\base.py:148: in __init__
    Connection._handle_dbapi_exception_noconnection(
.venv\Lib\site-packages\sqlalchemy\engine\base.py:2442: in _handle_dbapi_exception_noconnection
    raise sqlalchemy_exception.with_traceback(exc_info[2]) from e
.venv\Lib\site-packages\sqlalchemy\engine\base.py:146: in __init__
    self._dbapi_connection = engine.raw_connection()
.venv\Lib\site-packages\sqlalchemy\engine\base.py:3302: in raw_connection
    return self.pool.connect()
.venv\Lib\site-packages\sqlalchemy\pool\base.py:449: in connect
    return _ConnectionFairy._checkout(self)
.venv\Lib\site-packages\sqlalchemy\pool\base.py:1263: in _checkout
    fairy = _ConnectionRecord.checkout(pool)
.venv\Lib\site-packages\sqlalchemy\pool\base.py:712: in checkout
    rec = pool._do_get()
.venv\Lib\site-packages\sqlalchemy\pool\impl.py:179: in _do_get
    with util.safe_reraise():
.venv\Lib\site-packages\sqlalchemy\util\langhelpers.py:146: in __exit__
    raise exc_value.with_traceback(exc_tb)
.venv\Lib\site-packages\sqlalchemy\pool\impl.py:177: in _do_get
    return self._create_connection()
.venv\Lib\site-packages\sqlalchemy\pool\base.py:390: in _create_connection
    return _ConnectionRecord(self)
.venv\Lib\site-packages\sqlalchemy\pool\base.py:674: in __init__
    self.__connect()
.venv\Lib\site-packages\sqlalchemy\pool\base.py:900: in __connect
    with util.safe_reraise():
.venv\Lib\site-packages\sqlalchemy\util\langhelpers.py:146: in __exit__
    raise exc_value.with_traceback(exc_tb)
.venv\Lib\site-packages\sqlalchemy\pool\base.py:896: in __connect
    self.dbapi_connection = connection = pool._invoke_creator(self)
.venv\Lib\site-packages\sqlalchemy\engine\create.py:643: in connect
    return dialect.connect(*cargs, **cparams)
.venv\Lib\site-packages\sqlalchemy\engine\default.py:621: in connect
    return self.loaded_dbapi.connect(*cargs, **cparams)
.venv\Lib\site-packages\psycopg2\__init__.py:135: in connect
    conn = _connect(dsn, connection_factory=connection_factory, **kwasync)
E   sqlalchemy.exc.OperationalError: (psycopg2.OperationalError) connection to server at "localhost" (::1), port 5432 failed: FATAL:  database "pulseboard_test" does not exist
E   
E   (Background on this error at: https://sqlalche.me/e/20/e3q8)
_ ERROR at setup of TestLiteralIPBlocking.test_blocked_ip_literals[http://[::1]/] _
.venv\Lib\site-packages\sqlalchemy\engine\base.py:146: in __init__
    self._dbapi_connection = engine.raw_connection()
.venv\Lib\site-packages\sqlalchemy\engine\base.py:3302: in raw_connection
    return self.pool.connect()
.venv\Lib\site-packages\sqlalchemy\pool\base.py:449: in connect
    return _ConnectionFairy._checkout(self)
.venv\Lib\site-packages\sqlalchemy\pool\base.py:1263: in _checkout
    fairy = _ConnectionRecord.checkout(pool)
.venv\Lib\site-packages\sqlalchemy\pool\base.py:712: in checkout
    rec = pool._do_get()
.venv\Lib\site-packages\sqlalchemy\pool\impl.py:179: in _do_get
    with util.safe_reraise():
.venv\Lib\site-packages\sqlalchemy\util\langhelpers.py:146: in __exit__
    raise exc_value.with_traceback(exc_tb)
.venv\Lib\site-packages\sqlalchemy\pool\impl.py:177: in _do_get
    return self._create_connection()
.venv\Lib\site-packages\sqlalchemy\pool\base.py:390: in _create_connection
    return _ConnectionRecord(self)
.venv\Lib\site-packages\sqlalchemy\pool\base.py:674: in __init__
    self.__connect()
.venv\Lib\site-packages\sqlalchemy\pool\base.py:900: in __connect
    with util.safe_reraise():
.venv\Lib\site-packages\sqlalchemy\util\langhelpers.py:146: in __exit__
    raise exc_value.with_traceback(exc_tb)
.venv\Lib\site-packages\sqlalchemy\pool\base.py:896: in __connect
    self.dbapi_connection = connection = pool._invoke_creator(self)
.venv\Lib\site-packages\sqlalchemy\engine\create.py:643: in connect
    return dialect.connect(*cargs, **cparams)
.venv\Lib\site-packages\sqlalchemy\engine\default.py:621: in connect
    return self.loaded_dbapi.connect(*cargs, **cparams)
.venv\Lib\site-packages\psycopg2\__init__.py:135: in connect
    conn = _connect(dsn, connection_factory=connection_factory, **kwasync)
E   psycopg2.OperationalError: connection to server at "localhost" (::1), port 5432 failed: FATAL:  database "pulseboard_test" does not exist

The above exception was the direct cause of the following exception:
app\tests\conftest.py:49: in _create_schema
    Base.metadata.drop_all(bind=sync_engine)
.venv\Lib\site-packages\sqlalchemy\sql\schema.py:5896: in drop_all
    bind._run_ddl_visitor(
.venv\Lib\site-packages\sqlalchemy\engine\base.py:3252: in _run_ddl_visitor
    with self.begin() as conn:
..\..\..\..\AppData\Local\Programs\Python\Python313\Lib\contextlib.py:141: in __enter__
    return next(self.gen)
.venv\Lib\site-packages\sqlalchemy\engine\base.py:3242: in begin
    with self.connect() as conn:
.venv\Lib\site-packages\sqlalchemy\engine\base.py:3278: in connect
    return self._connection_cls(self)
.venv\Lib\site-packages\sqlalchemy\engine\base.py:148: in __init__
    Connection._handle_dbapi_exception_noconnection(
.venv\Lib\site-packages\sqlalchemy\engine\base.py:2442: in _handle_dbapi_exception_noconnection
    raise sqlalchemy_exception.with_traceback(exc_info[2]) from e
.venv\Lib\site-packages\sqlalchemy\engine\base.py:146: in __init__
    self._dbapi_connection = engine.raw_connection()
.venv\Lib\site-packages\sqlalchemy\engine\base.py:3302: in raw_connection
    return self.pool.connect()
.venv\Lib\site-packages\sqlalchemy\pool\base.py:449: in connect
    return _ConnectionFairy._checkout(self)
.venv\Lib\site-packages\sqlalchemy\pool\base.py:1263: in _checkout
    fairy = _ConnectionRecord.checkout(pool)
.venv\Lib\site-packages\sqlalchemy\pool\base.py:712: in checkout
    rec = pool._do_get()
.venv\Lib\site-packages\sqlalchemy\pool\impl.py:179: in _do_get
    with util.safe_reraise():
.venv\Lib\site-packages\sqlalchemy\util\langhelpers.py:146: in __exit__
    raise exc_value.with_traceback(exc_tb)
.venv\Lib\site-packages\sqlalchemy\pool\impl.py:177: in _do_get
    return self._create_connection()
.venv\Lib\site-packages\sqlalchemy\pool\base.py:390: in _create_connection
    return _ConnectionRecord(self)
.venv\Lib\site-packages\sqlalchemy\pool\base.py:674: in __init__
    self.__connect()
.venv\Lib\site-packages\sqlalchemy\pool\base.py:900: in __connect
    with util.safe_reraise():
.venv\Lib\site-packages\sqlalchemy\util\langhelpers.py:146: in __exit__
    raise exc_value.with_traceback(exc_tb)
.venv\Lib\site-packages\sqlalchemy\pool\base.py:896: in __connect
    self.dbapi_connection = connection = pool._invoke_creator(self)
.venv\Lib\site-packages\sqlalchemy\engine\create.py:643: in connect
    return dialect.connect(*cargs, **cparams)
.venv\Lib\site-packages\sqlalchemy\engine\default.py:621: in connect
    return self.loaded_dbapi.connect(*cargs, **cparams)
.venv\Lib\site-packages\psycopg2\__init__.py:135: in connect
    conn = _connect(dsn, connection_factory=connection_factory, **kwasync)
E   sqlalchemy.exc.OperationalError: (psycopg2.OperationalError) connection to server at "localhost" (::1), port 5432 failed: FATAL:  database "pulseboard_test" does not exist
E   
E   (Background on this error at: https://sqlalche.me/e/20/e3q8)
_ ERROR at setup of TestLiteralIPBlocking.test_blocked_ip_literals[http://10.0.0.1/] _
.venv\Lib\site-packages\sqlalchemy\engine\base.py:146: in __init__
    self._dbapi_connection = engine.raw_connection()
.venv\Lib\site-packages\sqlalchemy\engine\base.py:3302: in raw_connection
    return self.pool.connect()
.venv\Lib\site-packages\sqlalchemy\pool\base.py:449: in connect
    return _ConnectionFairy._checkout(self)
.venv\Lib\site-packages\sqlalchemy\pool\base.py:1263: in _checkout
    fairy = _ConnectionRecord.checkout(pool)
.venv\Lib\site-packages\sqlalchemy\pool\base.py:712: in checkout
    rec = pool._do_get()
.venv\Lib\site-packages\sqlalchemy\pool\impl.py:179: in _do_get
    with util.safe_reraise():
.venv\Lib\site-packages\sqlalchemy\util\langhelpers.py:146: in __exit__
    raise exc_value.with_traceback(exc_tb)
.venv\Lib\site-packages\sqlalchemy\pool\impl.py:177: in _do_get
    return self._create_connection()
.venv\Lib\site-packages\sqlalchemy\pool\base.py:390: in _create_connection
    return _ConnectionRecord(self)
.venv\Lib\site-packages\sqlalchemy\pool\base.py:674: in __init__
    self.__connect()
.venv\Lib\site-packages\sqlalchemy\pool\base.py:900: in __connect
    with util.safe_reraise():
.venv\Lib\site-packages\sqlalchemy\util\langhelpers.py:146: in __exit__
    raise exc_value.with_traceback(exc_tb)
.venv\Lib\site-packages\sqlalchemy\pool\base.py:896: in __connect
    self.dbapi_connection = connection = pool._invoke_creator(self)
.venv\Lib\site-packages\sqlalchemy\engine\create.py:643: in connect
    return dialect.connect(*cargs, **cparams)
.venv\Lib\site-packages\sqlalchemy\engine\default.py:621: in connect
    return self.loaded_dbapi.connect(*cargs, **cparams)
.venv\Lib\site-packages\psycopg2\__init__.py:135: in connect
    conn = _connect(dsn, connection_factory=connection_factory, **kwasync)
E   psycopg2.OperationalError: connection to server at "localhost" (::1), port 5432 failed: FATAL:  database "pulseboard_test" does not exist

The above exception was the direct cause of the following exception:
app\tests\conftest.py:49: in _create_schema
    Base.metadata.drop_all(bind=sync_engine)
.venv\Lib\site-packages\sqlalchemy\sql\schema.py:5896: in drop_all
    bind._run_ddl_visitor(
.venv\Lib\site-packages\sqlalchemy\engine\base.py:3252: in _run_ddl_visitor
    with self.begin() as conn:
..\..\..\..\AppData\Local\Programs\Python\Python313\Lib\contextlib.py:141: in __enter__
    return next(self.gen)
.venv\Lib\site-packages\sqlalchemy\engine\base.py:3242: in begin
    with self.connect() as conn:
.venv\Lib\site-packages\sqlalchemy\engine\base.py:3278: in connect
    return self._connection_cls(self)
.venv\Lib\site-packages\sqlalchemy\engine\base.py:148: in __init__
    Connection._handle_dbapi_exception_noconnection(
.venv\Lib\site-packages\sqlalchemy\engine\base.py:2442: in _handle_dbapi_exception_noconnection
    raise sqlalchemy_exception.with_traceback(exc_info[2]) from e
.venv\Lib\site-packages\sqlalchemy\engine\base.py:146: in __init__
    self._dbapi_connection = engine.raw_connection()
.venv\Lib\site-packages\sqlalchemy\engine\base.py:3302: in raw_connection
    return self.pool.connect()
.venv\Lib\site-packages\sqlalchemy\pool\base.py:449: in connect
    return _ConnectionFairy._checkout(self)
.venv\Lib\site-packages\sqlalchemy\pool\base.py:1263: in _checkout
    fairy = _ConnectionRecord.checkout(pool)
.venv\Lib\site-packages\sqlalchemy\pool\base.py:712: in checkout
    rec = pool._do_get()
.venv\Lib\site-packages\sqlalchemy\pool\impl.py:179: in _do_get
    with util.safe_reraise():
.venv\Lib\site-packages\sqlalchemy\util\langhelpers.py:146: in __exit__
    raise exc_value.with_traceback(exc_tb)
.venv\Lib\site-packages\sqlalchemy\pool\impl.py:177: in _do_get
    return self._create_connection()
.venv\Lib\site-packages\sqlalchemy\pool\base.py:390: in _create_connection
    return _ConnectionRecord(self)
.venv\Lib\site-packages\sqlalchemy\pool\base.py:674: in __init__
    self.__connect()
.venv\Lib\site-packages\sqlalchemy\pool\base.py:900: in __connect
    with util.safe_reraise():
.venv\Lib\site-packages\sqlalchemy\util\langhelpers.py:146: in __exit__
    raise exc_value.with_traceback(exc_tb)
.venv\Lib\site-packages\sqlalchemy\pool\base.py:896: in __connect
    self.dbapi_connection = connection = pool._invoke_creator(self)
.venv\Lib\site-packages\sqlalchemy\engine\create.py:643: in connect
    return dialect.connect(*cargs, **cparams)
.venv\Lib\site-packages\sqlalchemy\engine\default.py:621: in connect
    return self.loaded_dbapi.connect(*cargs, **cparams)
.venv\Lib\site-packages\psycopg2\__init__.py:135: in connect
    conn = _connect(dsn, connection_factory=connection_factory, **kwasync)
E   sqlalchemy.exc.OperationalError: (psycopg2.OperationalError) connection to server at "localhost" (::1), port 5432 failed: FATAL:  database "pulseboard_test" does not exist
E   
E   (Background on this error at: https://sqlalche.me/e/20/e3q8)
_ ERROR at setup of TestLiteralIPBlocking.test_blocked_ip_literals[http://10.255.255.255/] _
.venv\Lib\site-packages\sqlalchemy\engine\base.py:146: in __init__
    self._dbapi_connection = engine.raw_connection()
.venv\Lib\site-packages\sqlalchemy\engine\base.py:3302: in raw_connection
    return self.pool.connect()
.venv\Lib\site-packages\sqlalchemy\pool\base.py:449: in connect
    return _ConnectionFairy._checkout(self)
.venv\Lib\site-packages\sqlalchemy\pool\base.py:1263: in _checkout
    fairy = _ConnectionRecord.checkout(pool)
.venv\Lib\site-packages\sqlalchemy\pool\base.py:712: in checkout
    rec = pool._do_get()
.venv\Lib\site-packages\sqlalchemy\pool\impl.py:179: in _do_get
    with util.safe_reraise():
.venv\Lib\site-packages\sqlalchemy\util\langhelpers.py:146: in __exit__
    raise exc_value.with_traceback(exc_tb)
.venv\Lib\site-packages\sqlalchemy\pool\impl.py:177: in _do_get
    return self._create_connection()
.venv\Lib\site-packages\sqlalchemy\pool\base.py:390: in _create_connection
    return _ConnectionRecord(self)
.venv\Lib\site-packages\sqlalchemy\pool\base.py:674: in __init__
    self.__connect()
.venv\Lib\site-packages\sqlalchemy\pool\base.py:900: in __connect
    with util.safe_reraise():
.venv\Lib\site-packages\sqlalchemy\util\langhelpers.py:146: in __exit__
    raise exc_value.with_traceback(exc_tb)
.venv\Lib\site-packages\sqlalchemy\pool\base.py:896: in __connect
    self.dbapi_connection = connection = pool._invoke_creator(self)
.venv\Lib\site-packages\sqlalchemy\engine\create.py:643: in connect
    return dialect.connect(*cargs, **cparams)
.venv\Lib\site-packages\sqlalchemy\engine\default.py:621: in connect
    return self.loaded_dbapi.connect(*cargs, **cparams)
.venv\Lib\site-packages\psycopg2\__init__.py:135: in connect
    conn = _connect(dsn, connection_factory=connection_factory, **kwasync)
E   psycopg2.OperationalError: connection to server at "localhost" (::1), port 5432 failed: FATAL:  database "pulseboard_test" does not exist

The above exception was the direct cause of the following exception:
app\tests\conftest.py:49: in _create_schema
    Base.metadata.drop_all(bind=sync_engine)
.venv\Lib\site-packages\sqlalchemy\sql\schema.py:5896: in drop_all
    bind._run_ddl_visitor(
.venv\Lib\site-packages\sqlalchemy\engine\base.py:3252: in _run_ddl_visitor
    with self.begin() as conn:
..\..\..\..\AppData\Local\Programs\Python\Python313\Lib\contextlib.py:141: in __enter__
    return next(self.gen)
.venv\Lib\site-packages\sqlalchemy\engine\base.py:3242: in begin
    with self.connect() as conn:
.venv\Lib\site-packages\sqlalchemy\engine\base.py:3278: in connect
    return self._connection_cls(self)
.venv\Lib\site-packages\sqlalchemy\engine\base.py:148: in __init__
    Connection._handle_dbapi_exception_noconnection(
.venv\Lib\site-packages\sqlalchemy\engine\base.py:2442: in _handle_dbapi_exception_noconnection
    raise sqlalchemy_exception.with_traceback(exc_info[2]) from e
.venv\Lib\site-packages\sqlalchemy\engine\base.py:146: in __init__
    self._dbapi_connection = engine.raw_connection()
.venv\Lib\site-packages\sqlalchemy\engine\base.py:3302: in raw_connection
    return self.pool.connect()
.venv\Lib\site-packages\sqlalchemy\pool\base.py:449: in connect
    return _ConnectionFairy._checkout(self)
.venv\Lib\site-packages\sqlalchemy\pool\base.py:1263: in _checkout
    fairy = _ConnectionRecord.checkout(pool)
.venv\Lib\site-packages\sqlalchemy\pool\base.py:712: in checkout
    rec = pool._do_get()
.venv\Lib\site-packages\sqlalchemy\pool\impl.py:179: in _do_get
    with util.safe_reraise():
.venv\Lib\site-packages\sqlalchemy\util\langhelpers.py:146: in __exit__
    raise exc_value.with_traceback(exc_tb)
.venv\Lib\site-packages\sqlalchemy\pool\impl.py:177: in _do_get
    return self._create_connection()
.venv\Lib\site-packages\sqlalchemy\pool\base.py:390: in _create_connection
    return _ConnectionRecord(self)
.venv\Lib\site-packages\sqlalchemy\pool\base.py:674: in __init__
    self.__connect()
.venv\Lib\site-packages\sqlalchemy\pool\base.py:900: in __connect
    with util.safe_reraise():
.venv\Lib\site-packages\sqlalchemy\util\langhelpers.py:146: in __exit__
    raise exc_value.with_traceback(exc_tb)
.venv\Lib\site-packages\sqlalchemy\pool\base.py:896: in __connect
    self.dbapi_connection = connection = pool._invoke_creator(self)
.venv\Lib\site-packages\sqlalchemy\engine\create.py:643: in connect
    return dialect.connect(*cargs, **cparams)
.venv\Lib\site-packages\sqlalchemy\engine\default.py:621: in connect
    return self.loaded_dbapi.connect(*cargs, **cparams)
.venv\Lib\site-packages\psycopg2\__init__.py:135: in connect
    conn = _connect(dsn, connection_factory=connection_factory, **kwasync)
E   sqlalchemy.exc.OperationalError: (psycopg2.OperationalError) connection to server at "localhost" (::1), port 5432 failed: FATAL:  database "pulseboard_test" does not exist
E   
E   (Background on this error at: https://sqlalche.me/e/20/e3q8)
_ ERROR at setup of TestLiteralIPBlocking.test_blocked_ip_literals[http://172.16.0.1/] _
.venv\Lib\site-packages\sqlalchemy\engine\base.py:146: in __init__
    self._dbapi_connection = engine.raw_connection()
.venv\Lib\site-packages\sqlalchemy\engine\base.py:3302: in raw_connection
    return self.pool.connect()
.venv\Lib\site-packages\sqlalchemy\pool\base.py:449: in connect
    return _ConnectionFairy._checkout(self)
.venv\Lib\site-packages\sqlalchemy\pool\base.py:1263: in _checkout
    fairy = _ConnectionRecord.checkout(pool)
.venv\Lib\site-packages\sqlalchemy\pool\base.py:712: in checkout
    rec = pool._do_get()
.venv\Lib\site-packages\sqlalchemy\pool\impl.py:179: in _do_get
    with util.safe_reraise():
.venv\Lib\site-packages\sqlalchemy\util\langhelpers.py:146: in __exit__
    raise exc_value.with_traceback(exc_tb)
.venv\Lib\site-packages\sqlalchemy\pool\impl.py:177: in _do_get
    return self._create_connection()
.venv\Lib\site-packages\sqlalchemy\pool\base.py:390: in _create_connection
    return _ConnectionRecord(self)
.venv\Lib\site-packages\sqlalchemy\pool\base.py:674: in __init__
    self.__connect()
.venv\Lib\site-packages\sqlalchemy\pool\base.py:900: in __connect
    with util.safe_reraise():
.venv\Lib\site-packages\sqlalchemy\util\langhelpers.py:146: in __exit__
    raise exc_value.with_traceback(exc_tb)
.venv\Lib\site-packages\sqlalchemy\pool\base.py:896: in __connect
    self.dbapi_connection = connection = pool._invoke_creator(self)
.venv\Lib\site-packages\sqlalchemy\engine\create.py:643: in connect
    return dialect.connect(*cargs, **cparams)
.venv\Lib\site-packages\sqlalchemy\engine\default.py:621: in connect
    return self.loaded_dbapi.connect(*cargs, **cparams)
.venv\Lib\site-packages\psycopg2\__init__.py:135: in connect
    conn = _connect(dsn, connection_factory=connection_factory, **kwasync)
E   psycopg2.OperationalError: connection to server at "localhost" (::1), port 5432 failed: FATAL:  database "pulseboard_test" does not exist

The above exception was the direct cause of the following exception:
app\tests\conftest.py:49: in _create_schema
    Base.metadata.drop_all(bind=sync_engine)
.venv\Lib\site-packages\sqlalchemy\sql\schema.py:5896: in drop_all
    bind._run_ddl_visitor(
.venv\Lib\site-packages\sqlalchemy\engine\base.py:3252: in _run_ddl_visitor
    with self.begin() as conn:
..\..\..\..\AppData\Local\Programs\Python\Python313\Lib\contextlib.py:141: in __enter__
    return next(self.gen)
.venv\Lib\site-packages\sqlalchemy\engine\base.py:3242: in begin
    with self.connect() as conn:
.venv\Lib\site-packages\sqlalchemy\engine\base.py:3278: in connect
    return self._connection_cls(self)
.venv\Lib\site-packages\sqlalchemy\engine\base.py:148: in __init__
    Connection._handle_dbapi_exception_noconnection(
.venv\Lib\site-packages\sqlalchemy\engine\base.py:2442: in _handle_dbapi_exception_noconnection
    raise sqlalchemy_exception.with_traceback(exc_info[2]) from e
.venv\Lib\site-packages\sqlalchemy\engine\base.py:146: in __init__
    self._dbapi_connection = engine.raw_connection()
.venv\Lib\site-packages\sqlalchemy\engine\base.py:3302: in raw_connection
    return self.pool.connect()
.venv\Lib\site-packages\sqlalchemy\pool\base.py:449: in connect
    return _ConnectionFairy._checkout(self)
.venv\Lib\site-packages\sqlalchemy\pool\base.py:1263: in _checkout
    fairy = _ConnectionRecord.checkout(pool)
.venv\Lib\site-packages\sqlalchemy\pool\base.py:712: in checkout
    rec = pool._do_get()
.venv\Lib\site-packages\sqlalchemy\pool\impl.py:179: in _do_get
    with util.safe_reraise():
.venv\Lib\site-packages\sqlalchemy\util\langhelpers.py:146: in __exit__
    raise exc_value.with_traceback(exc_tb)
.venv\Lib\site-packages\sqlalchemy\pool\impl.py:177: in _do_get
    return self._create_connection()
.venv\Lib\site-packages\sqlalchemy\pool\base.py:390: in _create_connection
    return _ConnectionRecord(self)
.venv\Lib\site-packages\sqlalchemy\pool\base.py:674: in __init__
    self.__connect()
.venv\Lib\site-packages\sqlalchemy\pool\base.py:900: in __connect
    with util.safe_reraise():
.venv\Lib\site-packages\sqlalchemy\util\langhelpers.py:146: in __exit__
    raise exc_value.with_traceback(exc_tb)
.venv\Lib\site-packages\sqlalchemy\pool\base.py:896: in __connect
    self.dbapi_connection = connection = pool._invoke_creator(self)
.venv\Lib\site-packages\sqlalchemy\engine\create.py:643: in connect
    return dialect.connect(*cargs, **cparams)
.venv\Lib\site-packages\sqlalchemy\engine\default.py:621: in connect
    return self.loaded_dbapi.connect(*cargs, **cparams)
.venv\Lib\site-packages\psycopg2\__init__.py:135: in connect
    conn = _connect(dsn, connection_factory=connection_factory, **kwasync)
E   sqlalchemy.exc.OperationalError: (psycopg2.OperationalError) connection to server at "localhost" (::1), port 5432 failed: FATAL:  database "pulseboard_test" does not exist
E   
E   (Background on this error at: https://sqlalche.me/e/20/e3q8)
_ ERROR at setup of TestLiteralIPBlocking.test_blocked_ip_literals[http://172.31.255.255/] _
.venv\Lib\site-packages\sqlalchemy\engine\base.py:146: in __init__
    self._dbapi_connection = engine.raw_connection()
.venv\Lib\site-packages\sqlalchemy\engine\base.py:3302: in raw_connection
    return self.pool.connect()
.venv\Lib\site-packages\sqlalchemy\pool\base.py:449: in connect
    return _ConnectionFairy._checkout(self)
.venv\Lib\site-packages\sqlalchemy\pool\base.py:1263: in _checkout
    fairy = _ConnectionRecord.checkout(pool)
.venv\Lib\site-packages\sqlalchemy\pool\base.py:712: in checkout
    rec = pool._do_get()
.venv\Lib\site-packages\sqlalchemy\pool\impl.py:179: in _do_get
    with util.safe_reraise():
.venv\Lib\site-packages\sqlalchemy\util\langhelpers.py:146: in __exit__
    raise exc_value.with_traceback(exc_tb)
.venv\Lib\site-packages\sqlalchemy\pool\impl.py:177: in _do_get
    return self._create_connection()
.venv\Lib\site-packages\sqlalchemy\pool\base.py:390: in _create_connection
    return _ConnectionRecord(self)
.venv\Lib\site-packages\sqlalchemy\pool\base.py:674: in __init__
    self.__connect()
.venv\Lib\site-packages\sqlalchemy\pool\base.py:900: in __connect
    with util.safe_reraise():
.venv\Lib\site-packages\sqlalchemy\util\langhelpers.py:146: in __exit__
    raise exc_value.with_traceback(exc_tb)
.venv\Lib\site-packages\sqlalchemy\pool\base.py:896: in __connect
    self.dbapi_connection = connection = pool._invoke_creator(self)
.venv\Lib\site-packages\sqlalchemy\engine\create.py:643: in connect
    return dialect.connect(*cargs, **cparams)
.venv\Lib\site-packages\sqlalchemy\engine\default.py:621: in connect
    return self.loaded_dbapi.connect(*cargs, **cparams)
.venv\Lib\site-packages\psycopg2\__init__.py:135: in connect
    conn = _connect(dsn, connection_factory=connection_factory, **kwasync)
E   psycopg2.OperationalError: connection to server at "localhost" (::1), port 5432 failed: FATAL:  database "pulseboard_test" does not exist

The above exception was the direct cause of the following exception:
app\tests\conftest.py:49: in _create_schema
    Base.metadata.drop_all(bind=sync_engine)
.venv\Lib\site-packages\sqlalchemy\sql\schema.py:5896: in drop_all
    bind._run_ddl_visitor(
.venv\Lib\site-packages\sqlalchemy\engine\base.py:3252: in _run_ddl_visitor
    with self.begin() as conn:
..\..\..\..\AppData\Local\Programs\Python\Python313\Lib\contextlib.py:141: in __enter__
    return next(self.gen)
.venv\Lib\site-packages\sqlalchemy\engine\base.py:3242: in begin
    with self.connect() as conn:
.venv\Lib\site-packages\sqlalchemy\engine\base.py:3278: in connect
    return self._connection_cls(self)
.venv\Lib\site-packages\sqlalchemy\engine\base.py:148: in __init__
    Connection._handle_dbapi_exception_noconnection(
.venv\Lib\site-packages\sqlalchemy\engine\base.py:2442: in _handle_dbapi_exception_noconnection
    raise sqlalchemy_exception.with_traceback(exc_info[2]) from e
.venv\Lib\site-packages\sqlalchemy\engine\base.py:146: in __init__
    self._dbapi_connection = engine.raw_connection()
.venv\Lib\site-packages\sqlalchemy\engine\base.py:3302: in raw_connection
    return self.pool.connect()
.venv\Lib\site-packages\sqlalchemy\pool\base.py:449: in connect
    return _ConnectionFairy._checkout(self)
.venv\Lib\site-packages\sqlalchemy\pool\base.py:1263: in _checkout
    fairy = _ConnectionRecord.checkout(pool)
.venv\Lib\site-packages\sqlalchemy\pool\base.py:712: in checkout
    rec = pool._do_get()
.venv\Lib\site-packages\sqlalchemy\pool\impl.py:179: in _do_get
    with util.safe_reraise():
.venv\Lib\site-packages\sqlalchemy\util\langhelpers.py:146: in __exit__
    raise exc_value.with_traceback(exc_tb)
.venv\Lib\site-packages\sqlalchemy\pool\impl.py:177: in _do_get
    return self._create_connection()
.venv\Lib\site-packages\sqlalchemy\pool\base.py:390: in _create_connection
    return _ConnectionRecord(self)
.venv\Lib\site-packages\sqlalchemy\pool\base.py:674: in __init__
    self.__connect()
.venv\Lib\site-packages\sqlalchemy\pool\base.py:900: in __connect
    with util.safe_reraise():
.venv\Lib\site-packages\sqlalchemy\util\langhelpers.py:146: in __exit__
    raise exc_value.with_traceback(exc_tb)
.venv\Lib\site-packages\sqlalchemy\pool\base.py:896: in __connect
    self.dbapi_connection = connection = pool._invoke_creator(self)
.venv\Lib\site-packages\sqlalchemy\engine\create.py:643: in connect
    return dialect.connect(*cargs, **cparams)
.venv\Lib\site-packages\sqlalchemy\engine\default.py:621: in connect
    return self.loaded_dbapi.connect(*cargs, **cparams)
.venv\Lib\site-packages\psycopg2\__init__.py:135: in connect
    conn = _connect(dsn, connection_factory=connection_factory, **kwasync)
E   sqlalchemy.exc.OperationalError: (psycopg2.OperationalError) connection to server at "localhost" (::1), port 5432 failed: FATAL:  database "pulseboard_test" does not exist
E   
E   (Background on this error at: https://sqlalche.me/e/20/e3q8)
_ ERROR at setup of TestLiteralIPBlocking.test_blocked_ip_literals[http://192.168.0.1/] _
.venv\Lib\site-packages\sqlalchemy\engine\base.py:146: in __init__
    self._dbapi_connection = engine.raw_connection()
.venv\Lib\site-packages\sqlalchemy\engine\base.py:3302: in raw_connection
    return self.pool.connect()
.venv\Lib\site-packages\sqlalchemy\pool\base.py:449: in connect
    return _ConnectionFairy._checkout(self)
.venv\Lib\site-packages\sqlalchemy\pool\base.py:1263: in _checkout
    fairy = _ConnectionRecord.checkout(pool)
.venv\Lib\site-packages\sqlalchemy\pool\base.py:712: in checkout
    rec = pool._do_get()
.venv\Lib\site-packages\sqlalchemy\pool\impl.py:179: in _do_get
    with util.safe_reraise():
.venv\Lib\site-packages\sqlalchemy\util\langhelpers.py:146: in __exit__
    raise exc_value.with_traceback(exc_tb)
.venv\Lib\site-packages\sqlalchemy\pool\impl.py:177: in _do_get
    return self._create_connection()
.venv\Lib\site-packages\sqlalchemy\pool\base.py:390: in _create_connection
    return _ConnectionRecord(self)
.venv\Lib\site-packages\sqlalchemy\pool\base.py:674: in __init__
    self.__connect()
.venv\Lib\site-packages\sqlalchemy\pool\base.py:900: in __connect
    with util.safe_reraise():
.venv\Lib\site-packages\sqlalchemy\util\langhelpers.py:146: in __exit__
    raise exc_value.with_traceback(exc_tb)
.venv\Lib\site-packages\sqlalchemy\pool\base.py:896: in __connect
    self.dbapi_connection = connection = pool._invoke_creator(self)
.venv\Lib\site-packages\sqlalchemy\engine\create.py:643: in connect
    return dialect.connect(*cargs, **cparams)
.venv\Lib\site-packages\sqlalchemy\engine\default.py:621: in connect
    return self.loaded_dbapi.connect(*cargs, **cparams)
.venv\Lib\site-packages\psycopg2\__init__.py:135: in connect
    conn = _connect(dsn, connection_factory=connection_factory, **kwasync)
E   psycopg2.OperationalError: connection to server at "localhost" (::1), port 5432 failed: FATAL:  database "pulseboard_test" does not exist

The above exception was the direct cause of the following exception:
app\tests\conftest.py:49: in _create_schema
    Base.metadata.drop_all(bind=sync_engine)
.venv\Lib\site-packages\sqlalchemy\sql\schema.py:5896: in drop_all
    bind._run_ddl_visitor(
.venv\Lib\site-packages\sqlalchemy\engine\base.py:3252: in _run_ddl_visitor
    with self.begin() as conn:
..\..\..\..\AppData\Local\Programs\Python\Python313\Lib\contextlib.py:141: in __enter__
    return next(self.gen)
.venv\Lib\site-packages\sqlalchemy\engine\base.py:3242: in begin
    with self.connect() as conn:
.venv\Lib\site-packages\sqlalchemy\engine\base.py:3278: in connect
    return self._connection_cls(self)
.venv\Lib\site-packages\sqlalchemy\engine\base.py:148: in __init__
    Connection._handle_dbapi_exception_noconnection(
.venv\Lib\site-packages\sqlalchemy\engine\base.py:2442: in _handle_dbapi_exception_noconnection
    raise sqlalchemy_exception.with_traceback(exc_info[2]) from e
.venv\Lib\site-packages\sqlalchemy\engine\base.py:146: in __init__
    self._dbapi_connection = engine.raw_connection()
.venv\Lib\site-packages\sqlalchemy\engine\base.py:3302: in raw_connection
    return self.pool.connect()
.venv\Lib\site-packages\sqlalchemy\pool\base.py:449: in connect
    return _ConnectionFairy._checkout(self)
.venv\Lib\site-packages\sqlalchemy\pool\base.py:1263: in _checkout
    fairy = _ConnectionRecord.checkout(pool)
.venv\Lib\site-packages\sqlalchemy\pool\base.py:712: in checkout
    rec = pool._do_get()
.venv\Lib\site-packages\sqlalchemy\pool\impl.py:179: in _do_get
    with util.safe_reraise():
.venv\Lib\site-packages\sqlalchemy\util\langhelpers.py:146: in __exit__
    raise exc_value.with_traceback(exc_tb)
.venv\Lib\site-packages\sqlalchemy\pool\impl.py:177: in _do_get
    return self._create_connection()
.venv\Lib\site-packages\sqlalchemy\pool\base.py:390: in _create_connection
    return _ConnectionRecord(self)
.venv\Lib\site-packages\sqlalchemy\pool\base.py:674: in __init__
    self.__connect()
.venv\Lib\site-packages\sqlalchemy\pool\base.py:900: in __connect
    with util.safe_reraise():
.venv\Lib\site-packages\sqlalchemy\util\langhelpers.py:146: in __exit__
    raise exc_value.with_traceback(exc_tb)
.venv\Lib\site-packages\sqlalchemy\pool\base.py:896: in __connect
    self.dbapi_connection = connection = pool._invoke_creator(self)
.venv\Lib\site-packages\sqlalchemy\engine\create.py:643: in connect
    return dialect.connect(*cargs, **cparams)
.venv\Lib\site-packages\sqlalchemy\engine\default.py:621: in connect
    return self.loaded_dbapi.connect(*cargs, **cparams)
.venv\Lib\site-packages\psycopg2\__init__.py:135: in connect
    conn = _connect(dsn, connection_factory=connection_factory, **kwasync)
E   sqlalchemy.exc.OperationalError: (psycopg2.OperationalError) connection to server at "localhost" (::1), port 5432 failed: FATAL:  database "pulseboard_test" does not exist
E   
E   (Background on this error at: https://sqlalche.me/e/20/e3q8)
_ ERROR at setup of TestLiteralIPBlocking.test_blocked_ip_literals[http://192.168.255.255/] _
.venv\Lib\site-packages\sqlalchemy\engine\base.py:146: in __init__
    self._dbapi_connection = engine.raw_connection()
.venv\Lib\site-packages\sqlalchemy\engine\base.py:3302: in raw_connection
    return self.pool.connect()
.venv\Lib\site-packages\sqlalchemy\pool\base.py:449: in connect
    return _ConnectionFairy._checkout(self)
.venv\Lib\site-packages\sqlalchemy\pool\base.py:1263: in _checkout
    fairy = _ConnectionRecord.checkout(pool)
.venv\Lib\site-packages\sqlalchemy\pool\base.py:712: in checkout
    rec = pool._do_get()
.venv\Lib\site-packages\sqlalchemy\pool\impl.py:179: in _do_get
    with util.safe_reraise():
.venv\Lib\site-packages\sqlalchemy\util\langhelpers.py:146: in __exit__
    raise exc_value.with_traceback(exc_tb)
.venv\Lib\site-packages\sqlalchemy\pool\impl.py:177: in _do_get
    return self._create_connection()
.venv\Lib\site-packages\sqlalchemy\pool\base.py:390: in _create_connection
    return _ConnectionRecord(self)
.venv\Lib\site-packages\sqlalchemy\pool\base.py:674: in __init__
    self.__connect()
.venv\Lib\site-packages\sqlalchemy\pool\base.py:900: in __connect
    with util.safe_reraise():
.venv\Lib\site-packages\sqlalchemy\util\langhelpers.py:146: in __exit__
    raise exc_value.with_traceback(exc_tb)
.venv\Lib\site-packages\sqlalchemy\pool\base.py:896: in __connect
    self.dbapi_connection = connection = pool._invoke_creator(self)
.venv\Lib\site-packages\sqlalchemy\engine\create.py:643: in connect
    return dialect.connect(*cargs, **cparams)
.venv\Lib\site-packages\sqlalchemy\engine\default.py:621: in connect
    return self.loaded_dbapi.connect(*cargs, **cparams)
.venv\Lib\site-packages\psycopg2\__init__.py:135: in connect
    conn = _connect(dsn, connection_factory=connection_factory, **kwasync)
E   psycopg2.OperationalError: connection to server at "localhost" (::1), port 5432 failed: FATAL:  database "pulseboard_test" does not exist

The above exception was the direct cause of the following exception:
app\tests\conftest.py:49: in _create_schema
    Base.metadata.drop_all(bind=sync_engine)
.venv\Lib\site-packages\sqlalchemy\sql\schema.py:5896: in drop_all
    bind._run_ddl_visitor(
.venv\Lib\site-packages\sqlalchemy\engine\base.py:3252: in _run_ddl_visitor
    with self.begin() as conn:
..\..\..\..\AppData\Local\Programs\Python\Python313\Lib\contextlib.py:141: in __enter__
    return next(self.gen)
.venv\Lib\site-packages\sqlalchemy\engine\base.py:3242: in begin
    with self.connect() as conn:
.venv\Lib\site-packages\sqlalchemy\engine\base.py:3278: in connect
    return self._connection_cls(self)
.venv\Lib\site-packages\sqlalchemy\engine\base.py:148: in __init__
    Connection._handle_dbapi_exception_noconnection(
.venv\Lib\site-packages\sqlalchemy\engine\base.py:2442: in _handle_dbapi_exception_noconnection
    raise sqlalchemy_exception.with_traceback(exc_info[2]) from e
.venv\Lib\site-packages\sqlalchemy\engine\base.py:146: in __init__
    self._dbapi_connection = engine.raw_connection()
.venv\Lib\site-packages\sqlalchemy\engine\base.py:3302: in raw_connection
    return self.pool.connect()
.venv\Lib\site-packages\sqlalchemy\pool\base.py:449: in connect
    return _ConnectionFairy._checkout(self)
.venv\Lib\site-packages\sqlalchemy\pool\base.py:1263: in _checkout
    fairy = _ConnectionRecord.checkout(pool)
.venv\Lib\site-packages\sqlalchemy\pool\base.py:712: in checkout
    rec = pool._do_get()
.venv\Lib\site-packages\sqlalchemy\pool\impl.py:179: in _do_get
    with util.safe_reraise():
.venv\Lib\site-packages\sqlalchemy\util\langhelpers.py:146: in __exit__
    raise exc_value.with_traceback(exc_tb)
.venv\Lib\site-packages\sqlalchemy\pool\impl.py:177: in _do_get
    return self._create_connection()
.venv\Lib\site-packages\sqlalchemy\pool\base.py:390: in _create_connection
    return _ConnectionRecord(self)
.venv\Lib\site-packages\sqlalchemy\pool\base.py:674: in __init__
    self.__connect()
.venv\Lib\site-packages\sqlalchemy\pool\base.py:900: in __connect
    with util.safe_reraise():
.venv\Lib\site-packages\sqlalchemy\util\langhelpers.py:146: in __exit__
    raise exc_value.with_traceback(exc_tb)
.venv\Lib\site-packages\sqlalchemy\pool\base.py:896: in __connect
    self.dbapi_connection = connection = pool._invoke_creator(self)
.venv\Lib\site-packages\sqlalchemy\engine\create.py:643: in connect
    return dialect.connect(*cargs, **cparams)
.venv\Lib\site-packages\sqlalchemy\engine\default.py:621: in connect
    return self.loaded_dbapi.connect(*cargs, **cparams)
.venv\Lib\site-packages\psycopg2\__init__.py:135: in connect
    conn = _connect(dsn, connection_factory=connection_factory, **kwasync)
E   sqlalchemy.exc.OperationalError: (psycopg2.OperationalError) connection to server at "localhost" (::1), port 5432 failed: FATAL:  database "pulseboard_test" does not exist
E   
E   (Background on this error at: https://sqlalche.me/e/20/e3q8)
_ ERROR at setup of TestLiteralIPBlocking.test_blocked_ip_literals[http://169.254.169.254/] _
.venv\Lib\site-packages\sqlalchemy\engine\base.py:146: in __init__
    self._dbapi_connection = engine.raw_connection()
.venv\Lib\site-packages\sqlalchemy\engine\base.py:3302: in raw_connection
    return self.pool.connect()
.venv\Lib\site-packages\sqlalchemy\pool\base.py:449: in connect
    return _ConnectionFairy._checkout(self)
.venv\Lib\site-packages\sqlalchemy\pool\base.py:1263: in _checkout
    fairy = _ConnectionRecord.checkout(pool)
.venv\Lib\site-packages\sqlalchemy\pool\base.py:712: in checkout
    rec = pool._do_get()
.venv\Lib\site-packages\sqlalchemy\pool\impl.py:179: in _do_get
    with util.safe_reraise():
.venv\Lib\site-packages\sqlalchemy\util\langhelpers.py:146: in __exit__
    raise exc_value.with_traceback(exc_tb)
.venv\Lib\site-packages\sqlalchemy\pool\impl.py:177: in _do_get
    return self._create_connection()
.venv\Lib\site-packages\sqlalchemy\pool\base.py:390: in _create_connection
    return _ConnectionRecord(self)
.venv\Lib\site-packages\sqlalchemy\pool\base.py:674: in __init__
    self.__connect()
.venv\Lib\site-packages\sqlalchemy\pool\base.py:900: in __connect
    with util.safe_reraise():
.venv\Lib\site-packages\sqlalchemy\util\langhelpers.py:146: in __exit__
    raise exc_value.with_traceback(exc_tb)
.venv\Lib\site-packages\sqlalchemy\pool\base.py:896: in __connect
    self.dbapi_connection = connection = pool._invoke_creator(self)
.venv\Lib\site-packages\sqlalchemy\engine\create.py:643: in connect
    return dialect.connect(*cargs, **cparams)
.venv\Lib\site-packages\sqlalchemy\engine\default.py:621: in connect
    return self.loaded_dbapi.connect(*cargs, **cparams)
.venv\Lib\site-packages\psycopg2\__init__.py:135: in connect
    conn = _connect(dsn, connection_factory=connection_factory, **kwasync)
E   psycopg2.OperationalError: connection to server at "localhost" (::1), port 5432 failed: FATAL:  database "pulseboard_test" does not exist

The above exception was the direct cause of the following exception:
app\tests\conftest.py:49: in _create_schema
    Base.metadata.drop_all(bind=sync_engine)
.venv\Lib\site-packages\sqlalchemy\sql\schema.py:5896: in drop_all
    bind._run_ddl_visitor(
.venv\Lib\site-packages\sqlalchemy\engine\base.py:3252: in _run_ddl_visitor
    with self.begin() as conn:
..\..\..\..\AppData\Local\Programs\Python\Python313\Lib\contextlib.py:141: in __enter__
    return next(self.gen)
.venv\Lib\site-packages\sqlalchemy\engine\base.py:3242: in begin
    with self.connect() as conn:
.venv\Lib\site-packages\sqlalchemy\engine\base.py:3278: in connect
    return self._connection_cls(self)
.venv\Lib\site-packages\sqlalchemy\engine\base.py:148: in __init__
    Connection._handle_dbapi_exception_noconnection(
.venv\Lib\site-packages\sqlalchemy\engine\base.py:2442: in _handle_dbapi_exception_noconnection
    raise sqlalchemy_exception.with_traceback(exc_info[2]) from e
.venv\Lib\site-packages\sqlalchemy\engine\base.py:146: in __init__
    self._dbapi_connection = engine.raw_connection()
.venv\Lib\site-packages\sqlalchemy\engine\base.py:3302: in raw_connection
    return self.pool.connect()
.venv\Lib\site-packages\sqlalchemy\pool\base.py:449: in connect
    return _ConnectionFairy._checkout(self)
.venv\Lib\site-packages\sqlalchemy\pool\base.py:1263: in _checkout
    fairy = _ConnectionRecord.checkout(pool)
.venv\Lib\site-packages\sqlalchemy\pool\base.py:712: in checkout
    rec = pool._do_get()
.venv\Lib\site-packages\sqlalchemy\pool\impl.py:179: in _do_get
    with util.safe_reraise():
.venv\Lib\site-packages\sqlalchemy\util\langhelpers.py:146: in __exit__
    raise exc_value.with_traceback(exc_tb)
.venv\Lib\site-packages\sqlalchemy\pool\impl.py:177: in _do_get
    return self._create_connection()
.venv\Lib\site-packages\sqlalchemy\pool\base.py:390: in _create_connection
    return _ConnectionRecord(self)
.venv\Lib\site-packages\sqlalchemy\pool\base.py:674: in __init__
    self.__connect()
.venv\Lib\site-packages\sqlalchemy\pool\base.py:900: in __connect
    with util.safe_reraise():
.venv\Lib\site-packages\sqlalchemy\util\langhelpers.py:146: in __exit__
    raise exc_value.with_traceback(exc_tb)
.venv\Lib\site-packages\sqlalchemy\pool\base.py:896: in __connect
    self.dbapi_connection = connection = pool._invoke_creator(self)
.venv\Lib\site-packages\sqlalchemy\engine\create.py:643: in connect
    return dialect.connect(*cargs, **cparams)
.venv\Lib\site-packages\sqlalchemy\engine\default.py:621: in connect
    return self.loaded_dbapi.connect(*cargs, **cparams)
.venv\Lib\site-packages\psycopg2\__init__.py:135: in connect
    conn = _connect(dsn, connection_factory=connection_factory, **kwasync)
E   sqlalchemy.exc.OperationalError: (psycopg2.OperationalError) connection to server at "localhost" (::1), port 5432 failed: FATAL:  database "pulseboard_test" does not exist
E   
E   (Background on this error at: https://sqlalche.me/e/20/e3q8)
_ ERROR at setup of TestLiteralIPBlocking.test_blocked_ip_literals[http://169.254.0.1/] _
.venv\Lib\site-packages\sqlalchemy\engine\base.py:146: in __init__
    self._dbapi_connection = engine.raw_connection()
.venv\Lib\site-packages\sqlalchemy\engine\base.py:3302: in raw_connection
    return self.pool.connect()
.venv\Lib\site-packages\sqlalchemy\pool\base.py:449: in connect
    return _ConnectionFairy._checkout(self)
.venv\Lib\site-packages\sqlalchemy\pool\base.py:1263: in _checkout
    fairy = _ConnectionRecord.checkout(pool)
.venv\Lib\site-packages\sqlalchemy\pool\base.py:712: in checkout
    rec = pool._do_get()
.venv\Lib\site-packages\sqlalchemy\pool\impl.py:179: in _do_get
    with util.safe_reraise():
.venv\Lib\site-packages\sqlalchemy\util\langhelpers.py:146: in __exit__
    raise exc_value.with_traceback(exc_tb)
.venv\Lib\site-packages\sqlalchemy\pool\impl.py:177: in _do_get
    return self._create_connection()
.venv\Lib\site-packages\sqlalchemy\pool\base.py:390: in _create_connection
    return _ConnectionRecord(self)
.venv\Lib\site-packages\sqlalchemy\pool\base.py:674: in __init__
    self.__connect()
.venv\Lib\site-packages\sqlalchemy\pool\base.py:900: in __connect
    with util.safe_reraise():
.venv\Lib\site-packages\sqlalchemy\util\langhelpers.py:146: in __exit__
    raise exc_value.with_traceback(exc_tb)
.venv\Lib\site-packages\sqlalchemy\pool\base.py:896: in __connect
    self.dbapi_connection = connection = pool._invoke_creator(self)
.venv\Lib\site-packages\sqlalchemy\engine\create.py:643: in connect
    return dialect.connect(*cargs, **cparams)
.venv\Lib\site-packages\sqlalchemy\engine\default.py:621: in connect
    return self.loaded_dbapi.connect(*cargs, **cparams)
.venv\Lib\site-packages\psycopg2\__init__.py:135: in connect
    conn = _connect(dsn, connection_factory=connection_factory, **kwasync)
E   psycopg2.OperationalError: connection to server at "localhost" (::1), port 5432 failed: FATAL:  database "pulseboard_test" does not exist

The above exception was the direct cause of the following exception:
app\tests\conftest.py:49: in _create_schema
    Base.metadata.drop_all(bind=sync_engine)
.venv\Lib\site-packages\sqlalchemy\sql\schema.py:5896: in drop_all
    bind._run_ddl_visitor(
.venv\Lib\site-packages\sqlalchemy\engine\base.py:3252: in _run_ddl_visitor
    with self.begin() as conn:
..\..\..\..\AppData\Local\Programs\Python\Python313\Lib\contextlib.py:141: in __enter__
    return next(self.gen)
.venv\Lib\site-packages\sqlalchemy\engine\base.py:3242: in begin
    with self.connect() as conn:
.venv\Lib\site-packages\sqlalchemy\engine\base.py:3278: in connect
    return self._connection_cls(self)
.venv\Lib\site-packages\sqlalchemy\engine\base.py:148: in __init__
    Connection._handle_dbapi_exception_noconnection(
.venv\Lib\site-packages\sqlalchemy\engine\base.py:2442: in _handle_dbapi_exception_noconnection
    raise sqlalchemy_exception.with_traceback(exc_info[2]) from e
.venv\Lib\site-packages\sqlalchemy\engine\base.py:146: in __init__
    self._dbapi_connection = engine.raw_connection()
.venv\Lib\site-packages\sqlalchemy\engine\base.py:3302: in raw_connection
    return self.pool.connect()
.venv\Lib\site-packages\sqlalchemy\pool\base.py:449: in connect
    return _ConnectionFairy._checkout(self)
.venv\Lib\site-packages\sqlalchemy\pool\base.py:1263: in _checkout
    fairy = _ConnectionRecord.checkout(pool)
.venv\Lib\site-packages\sqlalchemy\pool\base.py:712: in checkout
    rec = pool._do_get()
.venv\Lib\site-packages\sqlalchemy\pool\impl.py:179: in _do_get
    with util.safe_reraise():
.venv\Lib\site-packages\sqlalchemy\util\langhelpers.py:146: in __exit__
    raise exc_value.with_traceback(exc_tb)
.venv\Lib\site-packages\sqlalchemy\pool\impl.py:177: in _do_get
    return self._create_connection()
.venv\Lib\site-packages\sqlalchemy\pool\base.py:390: in _create_connection
    return _ConnectionRecord(self)
.venv\Lib\site-packages\sqlalchemy\pool\base.py:674: in __init__
    self.__connect()
.venv\Lib\site-packages\sqlalchemy\pool\base.py:900: in __connect
    with util.safe_reraise():
.venv\Lib\site-packages\sqlalchemy\util\langhelpers.py:146: in __exit__
    raise exc_value.with_traceback(exc_tb)
.venv\Lib\site-packages\sqlalchemy\pool\base.py:896: in __connect
    self.dbapi_connection = connection = pool._invoke_creator(self)
.venv\Lib\site-packages\sqlalchemy\engine\create.py:643: in connect
    return dialect.connect(*cargs, **cparams)
.venv\Lib\site-packages\sqlalchemy\engine\default.py:621: in connect
    return self.loaded_dbapi.connect(*cargs, **cparams)
.venv\Lib\site-packages\psycopg2\__init__.py:135: in connect
    conn = _connect(dsn, connection_factory=connection_factory, **kwasync)
E   sqlalchemy.exc.OperationalError: (psycopg2.OperationalError) connection to server at "localhost" (::1), port 5432 failed: FATAL:  database "pulseboard_test" does not exist
E   
E   (Background on this error at: https://sqlalche.me/e/20/e3q8)
_ ERROR at setup of TestLiteralIPBlocking.test_blocked_ip_literals[http://100.100.100.200/] _
.venv\Lib\site-packages\sqlalchemy\engine\base.py:146: in __init__
    self._dbapi_connection = engine.raw_connection()
.venv\Lib\site-packages\sqlalchemy\engine\base.py:3302: in raw_connection
    return self.pool.connect()
.venv\Lib\site-packages\sqlalchemy\pool\base.py:449: in connect
    return _ConnectionFairy._checkout(self)
.venv\Lib\site-packages\sqlalchemy\pool\base.py:1263: in _checkout
    fairy = _ConnectionRecord.checkout(pool)
.venv\Lib\site-packages\sqlalchemy\pool\base.py:712: in checkout
    rec = pool._do_get()
.venv\Lib\site-packages\sqlalchemy\pool\impl.py:179: in _do_get
    with util.safe_reraise():
.venv\Lib\site-packages\sqlalchemy\util\langhelpers.py:146: in __exit__
    raise exc_value.with_traceback(exc_tb)
.venv\Lib\site-packages\sqlalchemy\pool\impl.py:177: in _do_get
    return self._create_connection()
.venv\Lib\site-packages\sqlalchemy\pool\base.py:390: in _create_connection
    return _ConnectionRecord(self)
.venv\Lib\site-packages\sqlalchemy\pool\base.py:674: in __init__
    self.__connect()
.venv\Lib\site-packages\sqlalchemy\pool\base.py:900: in __connect
    with util.safe_reraise():
.venv\Lib\site-packages\sqlalchemy\util\langhelpers.py:146: in __exit__
    raise exc_value.with_traceback(exc_tb)
.venv\Lib\site-packages\sqlalchemy\pool\base.py:896: in __connect
    self.dbapi_connection = connection = pool._invoke_creator(self)
.venv\Lib\site-packages\sqlalchemy\engine\create.py:643: in connect
    return dialect.connect(*cargs, **cparams)
.venv\Lib\site-packages\sqlalchemy\engine\default.py:621: in connect
    return self.loaded_dbapi.connect(*cargs, **cparams)
.venv\Lib\site-packages\psycopg2\__init__.py:135: in connect
    conn = _connect(dsn, connection_factory=connection_factory, **kwasync)
E   psycopg2.OperationalError: connection to server at "localhost" (::1), port 5432 failed: FATAL:  database "pulseboard_test" does not exist

The above exception was the direct cause of the following exception:
app\tests\conftest.py:49: in _create_schema
    Base.metadata.drop_all(bind=sync_engine)
.venv\Lib\site-packages\sqlalchemy\sql\schema.py:5896: in drop_all
    bind._run_ddl_visitor(
.venv\Lib\site-packages\sqlalchemy\engine\base.py:3252: in _run_ddl_visitor
    with self.begin() as conn:
..\..\..\..\AppData\Local\Programs\Python\Python313\Lib\contextlib.py:141: in __enter__
    return next(self.gen)
.venv\Lib\site-packages\sqlalchemy\engine\base.py:3242: in begin
    with self.connect() as conn:
.venv\Lib\site-packages\sqlalchemy\engine\base.py:3278: in connect
    return self._connection_cls(self)
.venv\Lib\site-packages\sqlalchemy\engine\base.py:148: in __init__
    Connection._handle_dbapi_exception_noconnection(
.venv\Lib\site-packages\sqlalchemy\engine\base.py:2442: in _handle_dbapi_exception_noconnection
    raise sqlalchemy_exception.with_traceback(exc_info[2]) from e
.venv\Lib\site-packages\sqlalchemy\engine\base.py:146: in __init__
    self._dbapi_connection = engine.raw_connection()
.venv\Lib\site-packages\sqlalchemy\engine\base.py:3302: in raw_connection
    return self.pool.connect()
.venv\Lib\site-packages\sqlalchemy\pool\base.py:449: in connect
    return _ConnectionFairy._checkout(self)
.venv\Lib\site-packages\sqlalchemy\pool\base.py:1263: in _checkout
    fairy = _ConnectionRecord.checkout(pool)
.venv\Lib\site-packages\sqlalchemy\pool\base.py:712: in checkout
    rec = pool._do_get()
.venv\Lib\site-packages\sqlalchemy\pool\impl.py:179: in _do_get
    with util.safe_reraise():
.venv\Lib\site-packages\sqlalchemy\util\langhelpers.py:146: in __exit__
    raise exc_value.with_traceback(exc_tb)
.venv\Lib\site-packages\sqlalchemy\pool\impl.py:177: in _do_get
    return self._create_connection()
.venv\Lib\site-packages\sqlalchemy\pool\base.py:390: in _create_connection
    return _ConnectionRecord(self)
.venv\Lib\site-packages\sqlalchemy\pool\base.py:674: in __init__
    self.__connect()
.venv\Lib\site-packages\sqlalchemy\pool\base.py:900: in __connect
    with util.safe_reraise():
.venv\Lib\site-packages\sqlalchemy\util\langhelpers.py:146: in __exit__
    raise exc_value.with_traceback(exc_tb)
.venv\Lib\site-packages\sqlalchemy\pool\base.py:896: in __connect
    self.dbapi_connection = connection = pool._invoke_creator(self)
.venv\Lib\site-packages\sqlalchemy\engine\create.py:643: in connect
    return dialect.connect(*cargs, **cparams)
.venv\Lib\site-packages\sqlalchemy\engine\default.py:621: in connect
    return self.loaded_dbapi.connect(*cargs, **cparams)
.venv\Lib\site-packages\psycopg2\__init__.py:135: in connect
    conn = _connect(dsn, connection_factory=connection_factory, **kwasync)
E   sqlalchemy.exc.OperationalError: (psycopg2.OperationalError) connection to server at "localhost" (::1), port 5432 failed: FATAL:  database "pulseboard_test" does not exist
E   
E   (Background on this error at: https://sqlalche.me/e/20/e3q8)
_ ERROR at setup of TestLiteralIPBlocking.test_blocked_ip_literals[http://100.64.0.1/] _
.venv\Lib\site-packages\sqlalchemy\engine\base.py:146: in __init__
    self._dbapi_connection = engine.raw_connection()
.venv\Lib\site-packages\sqlalchemy\engine\base.py:3302: in raw_connection
    return self.pool.connect()
.venv\Lib\site-packages\sqlalchemy\pool\base.py:449: in connect
    return _ConnectionFairy._checkout(self)
.venv\Lib\site-packages\sqlalchemy\pool\base.py:1263: in _checkout
    fairy = _ConnectionRecord.checkout(pool)
.venv\Lib\site-packages\sqlalchemy\pool\base.py:712: in checkout
    rec = pool._do_get()
.venv\Lib\site-packages\sqlalchemy\pool\impl.py:179: in _do_get
    with util.safe_reraise():
.venv\Lib\site-packages\sqlalchemy\util\langhelpers.py:146: in __exit__
    raise exc_value.with_traceback(exc_tb)
.venv\Lib\site-packages\sqlalchemy\pool\impl.py:177: in _do_get
    return self._create_connection()
.venv\Lib\site-packages\sqlalchemy\pool\base.py:390: in _create_connection
    return _ConnectionRecord(self)
.venv\Lib\site-packages\sqlalchemy\pool\base.py:674: in __init__
    self.__connect()
.venv\Lib\site-packages\sqlalchemy\pool\base.py:900: in __connect
    with util.safe_reraise():
.venv\Lib\site-packages\sqlalchemy\util\langhelpers.py:146: in __exit__
    raise exc_value.with_traceback(exc_tb)
.venv\Lib\site-packages\sqlalchemy\pool\base.py:896: in __connect
    self.dbapi_connection = connection = pool._invoke_creator(self)
.venv\Lib\site-packages\sqlalchemy\engine\create.py:643: in connect
    return dialect.connect(*cargs, **cparams)
.venv\Lib\site-packages\sqlalchemy\engine\default.py:621: in connect
    return self.loaded_dbapi.connect(*cargs, **cparams)
.venv\Lib\site-packages\psycopg2\__init__.py:135: in connect
    conn = _connect(dsn, connection_factory=connection_factory, **kwasync)
E   psycopg2.OperationalError: connection to server at "localhost" (::1), port 5432 failed: FATAL:  database "pulseboard_test" does not exist

The above exception was the direct cause of the following exception:
app\tests\conftest.py:49: in _create_schema
    Base.metadata.drop_all(bind=sync_engine)
.venv\Lib\site-packages\sqlalchemy\sql\schema.py:5896: in drop_all
    bind._run_ddl_visitor(
.venv\Lib\site-packages\sqlalchemy\engine\base.py:3252: in _run_ddl_visitor
    with self.begin() as conn:
..\..\..\..\AppData\Local\Programs\Python\Python313\Lib\contextlib.py:141: in __enter__
    return next(self.gen)
.venv\Lib\site-packages\sqlalchemy\engine\base.py:3242: in begin
    with self.connect() as conn:
.venv\Lib\site-packages\sqlalchemy\engine\base.py:3278: in connect
    return self._connection_cls(self)
.venv\Lib\site-packages\sqlalchemy\engine\base.py:148: in __init__
    Connection._handle_dbapi_exception_noconnection(
.venv\Lib\site-packages\sqlalchemy\engine\base.py:2442: in _handle_dbapi_exception_noconnection
    raise sqlalchemy_exception.with_traceback(exc_info[2]) from e
.venv\Lib\site-packages\sqlalchemy\engine\base.py:146: in __init__
    self._dbapi_connection = engine.raw_connection()
.venv\Lib\site-packages\sqlalchemy\engine\base.py:3302: in raw_connection
    return self.pool.connect()
.venv\Lib\site-packages\sqlalchemy\pool\base.py:449: in connect
    return _ConnectionFairy._checkout(self)
.venv\Lib\site-packages\sqlalchemy\pool\base.py:1263: in _checkout
    fairy = _ConnectionRecord.checkout(pool)
.venv\Lib\site-packages\sqlalchemy\pool\base.py:712: in checkout
    rec = pool._do_get()
.venv\Lib\site-packages\sqlalchemy\pool\impl.py:179: in _do_get
    with util.safe_reraise():
.venv\Lib\site-packages\sqlalchemy\util\langhelpers.py:146: in __exit__
    raise exc_value.with_traceback(exc_tb)
.venv\Lib\site-packages\sqlalchemy\pool\impl.py:177: in _do_get
    return self._create_connection()
.venv\Lib\site-packages\sqlalchemy\pool\base.py:390: in _create_connection
    return _ConnectionRecord(self)
.venv\Lib\site-packages\sqlalchemy\pool\base.py:674: in __init__
    self.__connect()
.venv\Lib\site-packages\sqlalchemy\pool\base.py:900: in __connect
    with util.safe_reraise():
.venv\Lib\site-packages\sqlalchemy\util\langhelpers.py:146: in __exit__
    raise exc_value.with_traceback(exc_tb)
.venv\Lib\site-packages\sqlalchemy\pool\base.py:896: in __connect
    self.dbapi_connection = connection = pool._invoke_creator(self)
.venv\Lib\site-packages\sqlalchemy\engine\create.py:643: in connect
    return dialect.connect(*cargs, **cparams)
.venv\Lib\site-packages\sqlalchemy\engine\default.py:621: in connect
    return self.loaded_dbapi.connect(*cargs, **cparams)
.venv\Lib\site-packages\psycopg2\__init__.py:135: in connect
    conn = _connect(dsn, connection_factory=connection_factory, **kwasync)
E   sqlalchemy.exc.OperationalError: (psycopg2.OperationalError) connection to server at "localhost" (::1), port 5432 failed: FATAL:  database "pulseboard_test" does not exist
E   
E   (Background on this error at: https://sqlalche.me/e/20/e3q8)
_ ERROR at setup of TestLiteralIPBlocking.test_blocked_ip_literals[http://0.0.0.0/] _
.venv\Lib\site-packages\sqlalchemy\engine\base.py:146: in __init__
    self._dbapi_connection = engine.raw_connection()
.venv\Lib\site-packages\sqlalchemy\engine\base.py:3302: in raw_connection
    return self.pool.connect()
.venv\Lib\site-packages\sqlalchemy\pool\base.py:449: in connect
    return _ConnectionFairy._checkout(self)
.venv\Lib\site-packages\sqlalchemy\pool\base.py:1263: in _checkout
    fairy = _ConnectionRecord.checkout(pool)
.venv\Lib\site-packages\sqlalchemy\pool\base.py:712: in checkout
    rec = pool._do_get()
.venv\Lib\site-packages\sqlalchemy\pool\impl.py:179: in _do_get
    with util.safe_reraise():
.venv\Lib\site-packages\sqlalchemy\util\langhelpers.py:146: in __exit__
    raise exc_value.with_traceback(exc_tb)
.venv\Lib\site-packages\sqlalchemy\pool\impl.py:177: in _do_get
    return self._create_connection()
.venv\Lib\site-packages\sqlalchemy\pool\base.py:390: in _create_connection
    return _ConnectionRecord(self)
.venv\Lib\site-packages\sqlalchemy\pool\base.py:674: in __init__
    self.__connect()
.venv\Lib\site-packages\sqlalchemy\pool\base.py:900: in __connect
    with util.safe_reraise():
.venv\Lib\site-packages\sqlalchemy\util\langhelpers.py:146: in __exit__
    raise exc_value.with_traceback(exc_tb)
.venv\Lib\site-packages\sqlalchemy\pool\base.py:896: in __connect
    self.dbapi_connection = connection = pool._invoke_creator(self)
.venv\Lib\site-packages\sqlalchemy\engine\create.py:643: in connect
    return dialect.connect(*cargs, **cparams)
.venv\Lib\site-packages\sqlalchemy\engine\default.py:621: in connect
    return self.loaded_dbapi.connect(*cargs, **cparams)
.venv\Lib\site-packages\psycopg2\__init__.py:135: in connect
    conn = _connect(dsn, connection_factory=connection_factory, **kwasync)
E   psycopg2.OperationalError: connection to server at "localhost" (::1), port 5432 failed: FATAL:  database "pulseboard_test" does not exist

The above exception was the direct cause of the following exception:
app\tests\conftest.py:49: in _create_schema
    Base.metadata.drop_all(bind=sync_engine)
.venv\Lib\site-packages\sqlalchemy\sql\schema.py:5896: in drop_all
    bind._run_ddl_visitor(
.venv\Lib\site-packages\sqlalchemy\engine\base.py:3252: in _run_ddl_visitor
    with self.begin() as conn:
..\..\..\..\AppData\Local\Programs\Python\Python313\Lib\contextlib.py:141: in __enter__
    return next(self.gen)
.venv\Lib\site-packages\sqlalchemy\engine\base.py:3242: in begin
    with self.connect() as conn:
.venv\Lib\site-packages\sqlalchemy\engine\base.py:3278: in connect
    return self._connection_cls(self)
.venv\Lib\site-packages\sqlalchemy\engine\base.py:148: in __init__
    Connection._handle_dbapi_exception_noconnection(
.venv\Lib\site-packages\sqlalchemy\engine\base.py:2442: in _handle_dbapi_exception_noconnection
    raise sqlalchemy_exception.with_traceback(exc_info[2]) from e
.venv\Lib\site-packages\sqlalchemy\engine\base.py:146: in __init__
    self._dbapi_connection = engine.raw_connection()
.venv\Lib\site-packages\sqlalchemy\engine\base.py:3302: in raw_connection
    return self.pool.connect()
.venv\Lib\site-packages\sqlalchemy\pool\base.py:449: in connect
    return _ConnectionFairy._checkout(self)
.venv\Lib\site-packages\sqlalchemy\pool\base.py:1263: in _checkout
    fairy = _ConnectionRecord.checkout(pool)
.venv\Lib\site-packages\sqlalchemy\pool\base.py:712: in checkout
    rec = pool._do_get()
.venv\Lib\site-packages\sqlalchemy\pool\impl.py:179: in _do_get
    with util.safe_reraise():
.venv\Lib\site-packages\sqlalchemy\util\langhelpers.py:146: in __exit__
    raise exc_value.with_traceback(exc_tb)
.venv\Lib\site-packages\sqlalchemy\pool\impl.py:177: in _do_get
    return self._create_connection()
.venv\Lib\site-packages\sqlalchemy\pool\base.py:390: in _create_connection
    return _ConnectionRecord(self)
.venv\Lib\site-packages\sqlalchemy\pool\base.py:674: in __init__
    self.__connect()
.venv\Lib\site-packages\sqlalchemy\pool\base.py:900: in __connect
    with util.safe_reraise():
.venv\Lib\site-packages\sqlalchemy\util\langhelpers.py:146: in __exit__
    raise exc_value.with_traceback(exc_tb)
.venv\Lib\site-packages\sqlalchemy\pool\base.py:896: in __connect
    self.dbapi_connection = connection = pool._invoke_creator(self)
.venv\Lib\site-packages\sqlalchemy\engine\create.py:643: in connect
    return dialect.connect(*cargs, **cparams)
.venv\Lib\site-packages\sqlalchemy\engine\default.py:621: in connect
    return self.loaded_dbapi.connect(*cargs, **cparams)
.venv\Lib\site-packages\psycopg2\__init__.py:135: in connect
    conn = _connect(dsn, connection_factory=connection_factory, **kwasync)
E   sqlalchemy.exc.OperationalError: (psycopg2.OperationalError) connection to server at "localhost" (::1), port 5432 failed: FATAL:  database "pulseboard_test" does not exist
E   
E   (Background on this error at: https://sqlalche.me/e/20/e3q8)
_ ERROR at setup of TestLiteralIPBlocking.test_blocked_ip_literals[http://224.0.0.1/] _
.venv\Lib\site-packages\sqlalchemy\engine\base.py:146: in __init__
    self._dbapi_connection = engine.raw_connection()
.venv\Lib\site-packages\sqlalchemy\engine\base.py:3302: in raw_connection
    return self.pool.connect()
.venv\Lib\site-packages\sqlalchemy\pool\base.py:449: in connect
    return _ConnectionFairy._checkout(self)
.venv\Lib\site-packages\sqlalchemy\pool\base.py:1263: in _checkout
    fairy = _ConnectionRecord.checkout(pool)
.venv\Lib\site-packages\sqlalchemy\pool\base.py:712: in checkout
    rec = pool._do_get()
.venv\Lib\site-packages\sqlalchemy\pool\impl.py:179: in _do_get
    with util.safe_reraise():
.venv\Lib\site-packages\sqlalchemy\util\langhelpers.py:146: in __exit__
    raise exc_value.with_traceback(exc_tb)
.venv\Lib\site-packages\sqlalchemy\pool\impl.py:177: in _do_get
    return self._create_connection()
.venv\Lib\site-packages\sqlalchemy\pool\base.py:390: in _create_connection
    return _ConnectionRecord(self)
.venv\Lib\site-packages\sqlalchemy\pool\base.py:674: in __init__
    self.__connect()
.venv\Lib\site-packages\sqlalchemy\pool\base.py:900: in __connect
    with util.safe_reraise():
.venv\Lib\site-packages\sqlalchemy\util\langhelpers.py:146: in __exit__
    raise exc_value.with_traceback(exc_tb)
.venv\Lib\site-packages\sqlalchemy\pool\base.py:896: in __connect
    self.dbapi_connection = connection = pool._invoke_creator(self)
.venv\Lib\site-packages\sqlalchemy\engine\create.py:643: in connect
    return dialect.connect(*cargs, **cparams)
.venv\Lib\site-packages\sqlalchemy\engine\default.py:621: in connect
    return self.loaded_dbapi.connect(*cargs, **cparams)
.venv\Lib\site-packages\psycopg2\__init__.py:135: in connect
    conn = _connect(dsn, connection_factory=connection_factory, **kwasync)
E   psycopg2.OperationalError: connection to server at "localhost" (::1), port 5432 failed: FATAL:  database "pulseboard_test" does not exist

The above exception was the direct cause of the following exception:
app\tests\conftest.py:49: in _create_schema
    Base.metadata.drop_all(bind=sync_engine)
.venv\Lib\site-packages\sqlalchemy\sql\schema.py:5896: in drop_all
    bind._run_ddl_visitor(
.venv\Lib\site-packages\sqlalchemy\engine\base.py:3252: in _run_ddl_visitor
    with self.begin() as conn:
..\..\..\..\AppData\Local\Programs\Python\Python313\Lib\contextlib.py:141: in __enter__
    return next(self.gen)
.venv\Lib\site-packages\sqlalchemy\engine\base.py:3242: in begin
    with self.connect() as conn:
.venv\Lib\site-packages\sqlalchemy\engine\base.py:3278: in connect
    return self._connection_cls(self)
.venv\Lib\site-packages\sqlalchemy\engine\base.py:148: in __init__
    Connection._handle_dbapi_exception_noconnection(
.venv\Lib\site-packages\sqlalchemy\engine\base.py:2442: in _handle_dbapi_exception_noconnection
    raise sqlalchemy_exception.with_traceback(exc_info[2]) from e
.venv\Lib\site-packages\sqlalchemy\engine\base.py:146: in __init__
    self._dbapi_connection = engine.raw_connection()
.venv\Lib\site-packages\sqlalchemy\engine\base.py:3302: in raw_connection
    return self.pool.connect()
.venv\Lib\site-packages\sqlalchemy\pool\base.py:449: in connect
    return _ConnectionFairy._checkout(self)
.venv\Lib\site-packages\sqlalchemy\pool\base.py:1263: in _checkout
    fairy = _ConnectionRecord.checkout(pool)
.venv\Lib\site-packages\sqlalchemy\pool\base.py:712: in checkout
    rec = pool._do_get()
.venv\Lib\site-packages\sqlalchemy\pool\impl.py:179: in _do_get
    with util.safe_reraise():
.venv\Lib\site-packages\sqlalchemy\util\langhelpers.py:146: in __exit__
    raise exc_value.with_traceback(exc_tb)
.venv\Lib\site-packages\sqlalchemy\pool\impl.py:177: in _do_get
    return self._create_connection()
.venv\Lib\site-packages\sqlalchemy\pool\base.py:390: in _create_connection
    return _ConnectionRecord(self)
.venv\Lib\site-packages\sqlalchemy\pool\base.py:674: in __init__
    self.__connect()
.venv\Lib\site-packages\sqlalchemy\pool\base.py:900: in __connect
    with util.safe_reraise():
.venv\Lib\site-packages\sqlalchemy\util\langhelpers.py:146: in __exit__
    raise exc_value.with_traceback(exc_tb)
.venv\Lib\site-packages\sqlalchemy\pool\base.py:896: in __connect
    self.dbapi_connection = connection = pool._invoke_creator(self)
.venv\Lib\site-packages\sqlalchemy\engine\create.py:643: in connect
    return dialect.connect(*cargs, **cparams)
.venv\Lib\site-packages\sqlalchemy\engine\default.py:621: in connect
    return self.loaded_dbapi.connect(*cargs, **cparams)
.venv\Lib\site-packages\psycopg2\__init__.py:135: in connect
    conn = _connect(dsn, connection_factory=connection_factory, **kwasync)
E   sqlalchemy.exc.OperationalError: (psycopg2.OperationalError) connection to server at "localhost" (::1), port 5432 failed: FATAL:  database "pulseboard_test" does not exist
E   
E   (Background on this error at: https://sqlalche.me/e/20/e3q8)
_ ERROR at setup of TestLiteralIPBlocking.test_blocked_ip_literals[http://[fe80::1]/] _
.venv\Lib\site-packages\sqlalchemy\engine\base.py:146: in __init__
    self._dbapi_connection = engine.raw_connection()
.venv\Lib\site-packages\sqlalchemy\engine\base.py:3302: in raw_connection
    return self.pool.connect()
.venv\Lib\site-packages\sqlalchemy\pool\base.py:449: in connect
    return _ConnectionFairy._checkout(self)
.venv\Lib\site-packages\sqlalchemy\pool\base.py:1263: in _checkout
    fairy = _ConnectionRecord.checkout(pool)
.venv\Lib\site-packages\sqlalchemy\pool\base.py:712: in checkout
    rec = pool._do_get()
.venv\Lib\site-packages\sqlalchemy\pool\impl.py:179: in _do_get
    with util.safe_reraise():
.venv\Lib\site-packages\sqlalchemy\util\langhelpers.py:146: in __exit__
    raise exc_value.with_traceback(exc_tb)
.venv\Lib\site-packages\sqlalchemy\pool\impl.py:177: in _do_get
    return self._create_connection()
.venv\Lib\site-packages\sqlalchemy\pool\base.py:390: in _create_connection
    return _ConnectionRecord(self)
.venv\Lib\site-packages\sqlalchemy\pool\base.py:674: in __init__
    self.__connect()
.venv\Lib\site-packages\sqlalchemy\pool\base.py:900: in __connect
    with util.safe_reraise():
.venv\Lib\site-packages\sqlalchemy\util\langhelpers.py:146: in __exit__
    raise exc_value.with_traceback(exc_tb)
.venv\Lib\site-packages\sqlalchemy\pool\base.py:896: in __connect
    self.dbapi_connection = connection = pool._invoke_creator(self)
.venv\Lib\site-packages\sqlalchemy\engine\create.py:643: in connect
    return dialect.connect(*cargs, **cparams)
.venv\Lib\site-packages\sqlalchemy\engine\default.py:621: in connect
    return self.loaded_dbapi.connect(*cargs, **cparams)
.venv\Lib\site-packages\psycopg2\__init__.py:135: in connect
    conn = _connect(dsn, connection_factory=connection_factory, **kwasync)
E   psycopg2.OperationalError: connection to server at "localhost" (::1), port 5432 failed: FATAL:  database "pulseboard_test" does not exist

The above exception was the direct cause of the following exception:
app\tests\conftest.py:49: in _create_schema
    Base.metadata.drop_all(bind=sync_engine)
.venv\Lib\site-packages\sqlalchemy\sql\schema.py:5896: in drop_all
    bind._run_ddl_visitor(
.venv\Lib\site-packages\sqlalchemy\engine\base.py:3252: in _run_ddl_visitor
    with self.begin() as conn:
..\..\..\..\AppData\Local\Programs\Python\Python313\Lib\contextlib.py:141: in __enter__
    return next(self.gen)
.venv\Lib\site-packages\sqlalchemy\engine\base.py:3242: in begin
    with self.connect() as conn:
.venv\Lib\site-packages\sqlalchemy\engine\base.py:3278: in connect
    return self._connection_cls(self)
.venv\Lib\site-packages\sqlalchemy\engine\base.py:148: in __init__
    Connection._handle_dbapi_exception_noconnection(
.venv\Lib\site-packages\sqlalchemy\engine\base.py:2442: in _handle_dbapi_exception_noconnection
    raise sqlalchemy_exception.with_traceback(exc_info[2]) from e
.venv\Lib\site-packages\sqlalchemy\engine\base.py:146: in __init__
    self._dbapi_connection = engine.raw_connection()
.venv\Lib\site-packages\sqlalchemy\engine\base.py:3302: in raw_connection
    return self.pool.connect()
.venv\Lib\site-packages\sqlalchemy\pool\base.py:449: in connect
    return _ConnectionFairy._checkout(self)
.venv\Lib\site-packages\sqlalchemy\pool\base.py:1263: in _checkout
    fairy = _ConnectionRecord.checkout(pool)
.venv\Lib\site-packages\sqlalchemy\pool\base.py:712: in checkout
    rec = pool._do_get()
.venv\Lib\site-packages\sqlalchemy\pool\impl.py:179: in _do_get
    with util.safe_reraise():
.venv\Lib\site-packages\sqlalchemy\util\langhelpers.py:146: in __exit__
    raise exc_value.with_traceback(exc_tb)
.venv\Lib\site-packages\sqlalchemy\pool\impl.py:177: in _do_get
    return self._create_connection()
.venv\Lib\site-packages\sqlalchemy\pool\base.py:390: in _create_connection
    return _ConnectionRecord(self)
.venv\Lib\site-packages\sqlalchemy\pool\base.py:674: in __init__
    self.__connect()
.venv\Lib\site-packages\sqlalchemy\pool\base.py:900: in __connect
    with util.safe_reraise():
.venv\Lib\site-packages\sqlalchemy\util\langhelpers.py:146: in __exit__
    raise exc_value.with_traceback(exc_tb)
.venv\Lib\site-packages\sqlalchemy\pool\base.py:896: in __connect
    self.dbapi_connection = connection = pool._invoke_creator(self)
.venv\Lib\site-packages\sqlalchemy\engine\create.py:643: in connect
    return dialect.connect(*cargs, **cparams)
.venv\Lib\site-packages\sqlalchemy\engine\default.py:621: in connect
    return self.loaded_dbapi.connect(*cargs, **cparams)
.venv\Lib\site-packages\psycopg2\__init__.py:135: in connect
    conn = _connect(dsn, connection_factory=connection_factory, **kwasync)
E   sqlalchemy.exc.OperationalError: (psycopg2.OperationalError) connection to server at "localhost" (::1), port 5432 failed: FATAL:  database "pulseboard_test" does not exist
E   
E   (Background on this error at: https://sqlalche.me/e/20/e3q8)
_ ERROR at setup of TestLiteralIPBlocking.test_blocked_ip_literals[http://[fc00::1]/] _
.venv\Lib\site-packages\sqlalchemy\engine\base.py:146: in __init__
    self._dbapi_connection = engine.raw_connection()
.venv\Lib\site-packages\sqlalchemy\engine\base.py:3302: in raw_connection
    return self.pool.connect()
.venv\Lib\site-packages\sqlalchemy\pool\base.py:449: in connect
    return _ConnectionFairy._checkout(self)
.venv\Lib\site-packages\sqlalchemy\pool\base.py:1263: in _checkout
    fairy = _ConnectionRecord.checkout(pool)
.venv\Lib\site-packages\sqlalchemy\pool\base.py:712: in checkout
    rec = pool._do_get()
.venv\Lib\site-packages\sqlalchemy\pool\impl.py:179: in _do_get
    with util.safe_reraise():
.venv\Lib\site-packages\sqlalchemy\util\langhelpers.py:146: in __exit__
    raise exc_value.with_traceback(exc_tb)
.venv\Lib\site-packages\sqlalchemy\pool\impl.py:177: in _do_get
    return self._create_connection()
.venv\Lib\site-packages\sqlalchemy\pool\base.py:390: in _create_connection
    return _ConnectionRecord(self)
.venv\Lib\site-packages\sqlalchemy\pool\base.py:674: in __init__
    self.__connect()
.venv\Lib\site-packages\sqlalchemy\pool\base.py:900: in __connect
    with util.safe_reraise():
.venv\Lib\site-packages\sqlalchemy\util\langhelpers.py:146: in __exit__
    raise exc_value.with_traceback(exc_tb)
.venv\Lib\site-packages\sqlalchemy\pool\base.py:896: in __connect
    self.dbapi_connection = connection = pool._invoke_creator(self)
.venv\Lib\site-packages\sqlalchemy\engine\create.py:643: in connect
    return dialect.connect(*cargs, **cparams)
.venv\Lib\site-packages\sqlalchemy\engine\default.py:621: in connect
    return self.loaded_dbapi.connect(*cargs, **cparams)
.venv\Lib\site-packages\psycopg2\__init__.py:135: in connect
    conn = _connect(dsn, connection_factory=connection_factory, **kwasync)
E   psycopg2.OperationalError: connection to server at "localhost" (::1), port 5432 failed: FATAL:  database "pulseboard_test" does not exist

The above exception was the direct cause of the following exception:
app\tests\conftest.py:49: in _create_schema
    Base.metadata.drop_all(bind=sync_engine)
.venv\Lib\site-packages\sqlalchemy\sql\schema.py:5896: in drop_all
    bind._run_ddl_visitor(
.venv\Lib\site-packages\sqlalchemy\engine\base.py:3252: in _run_ddl_visitor
    with self.begin() as conn:
..\..\..\..\AppData\Local\Programs\Python\Python313\Lib\contextlib.py:141: in __enter__
    return next(self.gen)
.venv\Lib\site-packages\sqlalchemy\engine\base.py:3242: in begin
    with self.connect() as conn:
.venv\Lib\site-packages\sqlalchemy\engine\base.py:3278: in connect
    return self._connection_cls(self)
.venv\Lib\site-packages\sqlalchemy\engine\base.py:148: in __init__
    Connection._handle_dbapi_exception_noconnection(
.venv\Lib\site-packages\sqlalchemy\engine\base.py:2442: in _handle_dbapi_exception_noconnection
    raise sqlalchemy_exception.with_traceback(exc_info[2]) from e
.venv\Lib\site-packages\sqlalchemy\engine\base.py:146: in __init__
    self._dbapi_connection = engine.raw_connection()
.venv\Lib\site-packages\sqlalchemy\engine\base.py:3302: in raw_connection
    return self.pool.connect()
.venv\Lib\site-packages\sqlalchemy\pool\base.py:449: in connect
    return _ConnectionFairy._checkout(self)
.venv\Lib\site-packages\sqlalchemy\pool\base.py:1263: in _checkout
    fairy = _ConnectionRecord.checkout(pool)
.venv\Lib\site-packages\sqlalchemy\pool\base.py:712: in checkout
    rec = pool._do_get()
.venv\Lib\site-packages\sqlalchemy\pool\impl.py:179: in _do_get
    with util.safe_reraise():
.venv\Lib\site-packages\sqlalchemy\util\langhelpers.py:146: in __exit__
    raise exc_value.with_traceback(exc_tb)
.venv\Lib\site-packages\sqlalchemy\pool\impl.py:177: in _do_get
    return self._create_connection()
.venv\Lib\site-packages\sqlalchemy\pool\base.py:390: in _create_connection
    return _ConnectionRecord(self)
.venv\Lib\site-packages\sqlalchemy\pool\base.py:674: in __init__
    self.__connect()
.venv\Lib\site-packages\sqlalchemy\pool\base.py:900: in __connect
    with util.safe_reraise():
.venv\Lib\site-packages\sqlalchemy\util\langhelpers.py:146: in __exit__
    raise exc_value.with_traceback(exc_tb)
.venv\Lib\site-packages\sqlalchemy\pool\base.py:896: in __connect
    self.dbapi_connection = connection = pool._invoke_creator(self)
.venv\Lib\site-packages\sqlalchemy\engine\create.py:643: in connect
    return dialect.connect(*cargs, **cparams)
.venv\Lib\site-packages\sqlalchemy\engine\default.py:621: in connect
    return self.loaded_dbapi.connect(*cargs, **cparams)
.venv\Lib\site-packages\psycopg2\__init__.py:135: in connect
    conn = _connect(dsn, connection_factory=connection_factory, **kwasync)
E   sqlalchemy.exc.OperationalError: (psycopg2.OperationalError) connection to server at "localhost" (::1), port 5432 failed: FATAL:  database "pulseboard_test" does not exist
E   
E   (Background on this error at: https://sqlalche.me/e/20/e3q8)
_ ERROR at setup of TestLiteralIPBlocking.test_blocked_ip_literals[http://[fd00:ec2::254]/] _
.venv\Lib\site-packages\sqlalchemy\engine\base.py:146: in __init__
    self._dbapi_connection = engine.raw_connection()
.venv\Lib\site-packages\sqlalchemy\engine\base.py:3302: in raw_connection
    return self.pool.connect()
.venv\Lib\site-packages\sqlalchemy\pool\base.py:449: in connect
    return _ConnectionFairy._checkout(self)
.venv\Lib\site-packages\sqlalchemy\pool\base.py:1263: in _checkout
    fairy = _ConnectionRecord.checkout(pool)
.venv\Lib\site-packages\sqlalchemy\pool\base.py:712: in checkout
    rec = pool._do_get()
.venv\Lib\site-packages\sqlalchemy\pool\impl.py:179: in _do_get
    with util.safe_reraise():
.venv\Lib\site-packages\sqlalchemy\util\langhelpers.py:146: in __exit__
    raise exc_value.with_traceback(exc_tb)
.venv\Lib\site-packages\sqlalchemy\pool\impl.py:177: in _do_get
    return self._create_connection()
.venv\Lib\site-packages\sqlalchemy\pool\base.py:390: in _create_connection
    return _ConnectionRecord(self)
.venv\Lib\site-packages\sqlalchemy\pool\base.py:674: in __init__
    self.__connect()
.venv\Lib\site-packages\sqlalchemy\pool\base.py:900: in __connect
    with util.safe_reraise():
.venv\Lib\site-packages\sqlalchemy\util\langhelpers.py:146: in __exit__
    raise exc_value.with_traceback(exc_tb)
.venv\Lib\site-packages\sqlalchemy\pool\base.py:896: in __connect
    self.dbapi_connection = connection = pool._invoke_creator(self)
.venv\Lib\site-packages\sqlalchemy\engine\create.py:643: in connect
    return dialect.connect(*cargs, **cparams)
.venv\Lib\site-packages\sqlalchemy\engine\default.py:621: in connect
    return self.loaded_dbapi.connect(*cargs, **cparams)
.venv\Lib\site-packages\psycopg2\__init__.py:135: in connect
    conn = _connect(dsn, connection_factory=connection_factory, **kwasync)
E   psycopg2.OperationalError: connection to server at "localhost" (::1), port 5432 failed: FATAL:  database "pulseboard_test" does not exist

The above exception was the direct cause of the following exception:
app\tests\conftest.py:49: in _create_schema
    Base.metadata.drop_all(bind=sync_engine)
.venv\Lib\site-packages\sqlalchemy\sql\schema.py:5896: in drop_all
    bind._run_ddl_visitor(
.venv\Lib\site-packages\sqlalchemy\engine\base.py:3252: in _run_ddl_visitor
    with self.begin() as conn:
..\..\..\..\AppData\Local\Programs\Python\Python313\Lib\contextlib.py:141: in __enter__
    return next(self.gen)
.venv\Lib\site-packages\sqlalchemy\engine\base.py:3242: in begin
    with self.connect() as conn:
.venv\Lib\site-packages\sqlalchemy\engine\base.py:3278: in connect
    return self._connection_cls(self)
.venv\Lib\site-packages\sqlalchemy\engine\base.py:148: in __init__
    Connection._handle_dbapi_exception_noconnection(
.venv\Lib\site-packages\sqlalchemy\engine\base.py:2442: in _handle_dbapi_exception_noconnection
    raise sqlalchemy_exception.with_traceback(exc_info[2]) from e
.venv\Lib\site-packages\sqlalchemy\engine\base.py:146: in __init__
    self._dbapi_connection = engine.raw_connection()
.venv\Lib\site-packages\sqlalchemy\engine\base.py:3302: in raw_connection
    return self.pool.connect()
.venv\Lib\site-packages\sqlalchemy\pool\base.py:449: in connect
    return _ConnectionFairy._checkout(self)
.venv\Lib\site-packages\sqlalchemy\pool\base.py:1263: in _checkout
    fairy = _ConnectionRecord.checkout(pool)
.venv\Lib\site-packages\sqlalchemy\pool\base.py:712: in checkout
    rec = pool._do_get()
.venv\Lib\site-packages\sqlalchemy\pool\impl.py:179: in _do_get
    with util.safe_reraise():
.venv\Lib\site-packages\sqlalchemy\util\langhelpers.py:146: in __exit__
    raise exc_value.with_traceback(exc_tb)
.venv\Lib\site-packages\sqlalchemy\pool\impl.py:177: in _do_get
    return self._create_connection()
.venv\Lib\site-packages\sqlalchemy\pool\base.py:390: in _create_connection
    return _ConnectionRecord(self)
.venv\Lib\site-packages\sqlalchemy\pool\base.py:674: in __init__
    self.__connect()
.venv\Lib\site-packages\sqlalchemy\pool\base.py:900: in __connect
    with util.safe_reraise():
.venv\Lib\site-packages\sqlalchemy\util\langhelpers.py:146: in __exit__
    raise exc_value.with_traceback(exc_tb)
.venv\Lib\site-packages\sqlalchemy\pool\base.py:896: in __connect
    self.dbapi_connection = connection = pool._invoke_creator(self)
.venv\Lib\site-packages\sqlalchemy\engine\create.py:643: in connect
    return dialect.connect(*cargs, **cparams)
.venv\Lib\site-packages\sqlalchemy\engine\default.py:621: in connect
    return self.loaded_dbapi.connect(*cargs, **cparams)
.venv\Lib\site-packages\psycopg2\__init__.py:135: in connect
    conn = _connect(dsn, connection_factory=connection_factory, **kwasync)
E   sqlalchemy.exc.OperationalError: (psycopg2.OperationalError) connection to server at "localhost" (::1), port 5432 failed: FATAL:  database "pulseboard_test" does not exist
E   
E   (Background on this error at: https://sqlalche.me/e/20/e3q8)
_ ERROR at setup of TestLiteralIPBlocking.test_obfuscated_loopback_encodings_are_still_blocked[http://2130706433/] _
.venv\Lib\site-packages\sqlalchemy\engine\base.py:146: in __init__
    self._dbapi_connection = engine.raw_connection()
.venv\Lib\site-packages\sqlalchemy\engine\base.py:3302: in raw_connection
    return self.pool.connect()
.venv\Lib\site-packages\sqlalchemy\pool\base.py:449: in connect
    return _ConnectionFairy._checkout(self)
.venv\Lib\site-packages\sqlalchemy\pool\base.py:1263: in _checkout
    fairy = _ConnectionRecord.checkout(pool)
.venv\Lib\site-packages\sqlalchemy\pool\base.py:712: in checkout
    rec = pool._do_get()
.venv\Lib\site-packages\sqlalchemy\pool\impl.py:179: in _do_get
    with util.safe_reraise():
.venv\Lib\site-packages\sqlalchemy\util\langhelpers.py:146: in __exit__
    raise exc_value.with_traceback(exc_tb)
.venv\Lib\site-packages\sqlalchemy\pool\impl.py:177: in _do_get
    return self._create_connection()
.venv\Lib\site-packages\sqlalchemy\pool\base.py:390: in _create_connection
    return _ConnectionRecord(self)
.venv\Lib\site-packages\sqlalchemy\pool\base.py:674: in __init__
    self.__connect()
.venv\Lib\site-packages\sqlalchemy\pool\base.py:900: in __connect
    with util.safe_reraise():
.venv\Lib\site-packages\sqlalchemy\util\langhelpers.py:146: in __exit__
    raise exc_value.with_traceback(exc_tb)
.venv\Lib\site-packages\sqlalchemy\pool\base.py:896: in __connect
    self.dbapi_connection = connection = pool._invoke_creator(self)
.venv\Lib\site-packages\sqlalchemy\engine\create.py:643: in connect
    return dialect.connect(*cargs, **cparams)
.venv\Lib\site-packages\sqlalchemy\engine\default.py:621: in connect
    return self.loaded_dbapi.connect(*cargs, **cparams)
.venv\Lib\site-packages\psycopg2\__init__.py:135: in connect
    conn = _connect(dsn, connection_factory=connection_factory, **kwasync)
E   psycopg2.OperationalError: connection to server at "localhost" (::1), port 5432 failed: FATAL:  database "pulseboard_test" does not exist

The above exception was the direct cause of the following exception:
app\tests\conftest.py:49: in _create_schema
    Base.metadata.drop_all(bind=sync_engine)
.venv\Lib\site-packages\sqlalchemy\sql\schema.py:5896: in drop_all
    bind._run_ddl_visitor(
.venv\Lib\site-packages\sqlalchemy\engine\base.py:3252: in _run_ddl_visitor
    with self.begin() as conn:
..\..\..\..\AppData\Local\Programs\Python\Python313\Lib\contextlib.py:141: in __enter__
    return next(self.gen)
.venv\Lib\site-packages\sqlalchemy\engine\base.py:3242: in begin
    with self.connect() as conn:
.venv\Lib\site-packages\sqlalchemy\engine\base.py:3278: in connect
    return self._connection_cls(self)
.venv\Lib\site-packages\sqlalchemy\engine\base.py:148: in __init__
    Connection._handle_dbapi_exception_noconnection(
.venv\Lib\site-packages\sqlalchemy\engine\base.py:2442: in _handle_dbapi_exception_noconnection
    raise sqlalchemy_exception.with_traceback(exc_info[2]) from e
.venv\Lib\site-packages\sqlalchemy\engine\base.py:146: in __init__
    self._dbapi_connection = engine.raw_connection()
.venv\Lib\site-packages\sqlalchemy\engine\base.py:3302: in raw_connection
    return self.pool.connect()
.venv\Lib\site-packages\sqlalchemy\pool\base.py:449: in connect
    return _ConnectionFairy._checkout(self)
.venv\Lib\site-packages\sqlalchemy\pool\base.py:1263: in _checkout
    fairy = _ConnectionRecord.checkout(pool)
.venv\Lib\site-packages\sqlalchemy\pool\base.py:712: in checkout
    rec = pool._do_get()
.venv\Lib\site-packages\sqlalchemy\pool\impl.py:179: in _do_get
    with util.safe_reraise():
.venv\Lib\site-packages\sqlalchemy\util\langhelpers.py:146: in __exit__
    raise exc_value.with_traceback(exc_tb)
.venv\Lib\site-packages\sqlalchemy\pool\impl.py:177: in _do_get
    return self._create_connection()
.venv\Lib\site-packages\sqlalchemy\pool\base.py:390: in _create_connection
    return _ConnectionRecord(self)
.venv\Lib\site-packages\sqlalchemy\pool\base.py:674: in __init__
    self.__connect()
.venv\Lib\site-packages\sqlalchemy\pool\base.py:900: in __connect
    with util.safe_reraise():
.venv\Lib\site-packages\sqlalchemy\util\langhelpers.py:146: in __exit__
    raise exc_value.with_traceback(exc_tb)
.venv\Lib\site-packages\sqlalchemy\pool\base.py:896: in __connect
    self.dbapi_connection = connection = pool._invoke_creator(self)
.venv\Lib\site-packages\sqlalchemy\engine\create.py:643: in connect
    return dialect.connect(*cargs, **cparams)
.venv\Lib\site-packages\sqlalchemy\engine\default.py:621: in connect
    return self.loaded_dbapi.connect(*cargs, **cparams)
.venv\Lib\site-packages\psycopg2\__init__.py:135: in connect
    conn = _connect(dsn, connection_factory=connection_factory, **kwasync)
E   sqlalchemy.exc.OperationalError: (psycopg2.OperationalError) connection to server at "localhost" (::1), port 5432 failed: FATAL:  database "pulseboard_test" does not exist
E   
E   (Background on this error at: https://sqlalche.me/e/20/e3q8)
_ ERROR at setup of TestLiteralIPBlocking.test_obfuscated_loopback_encodings_are_still_blocked[http://0x7f000001/] _
.venv\Lib\site-packages\sqlalchemy\engine\base.py:146: in __init__
    self._dbapi_connection = engine.raw_connection()
.venv\Lib\site-packages\sqlalchemy\engine\base.py:3302: in raw_connection
    return self.pool.connect()
.venv\Lib\site-packages\sqlalchemy\pool\base.py:449: in connect
    return _ConnectionFairy._checkout(self)
.venv\Lib\site-packages\sqlalchemy\pool\base.py:1263: in _checkout
    fairy = _ConnectionRecord.checkout(pool)
.venv\Lib\site-packages\sqlalchemy\pool\base.py:712: in checkout
    rec = pool._do_get()
.venv\Lib\site-packages\sqlalchemy\pool\impl.py:179: in _do_get
    with util.safe_reraise():
.venv\Lib\site-packages\sqlalchemy\util\langhelpers.py:146: in __exit__
    raise exc_value.with_traceback(exc_tb)
.venv\Lib\site-packages\sqlalchemy\pool\impl.py:177: in _do_get
    return self._create_connection()
.venv\Lib\site-packages\sqlalchemy\pool\base.py:390: in _create_connection
    return _ConnectionRecord(self)
.venv\Lib\site-packages\sqlalchemy\pool\base.py:674: in __init__
    self.__connect()
.venv\Lib\site-packages\sqlalchemy\pool\base.py:900: in __connect
    with util.safe_reraise():
.venv\Lib\site-packages\sqlalchemy\util\langhelpers.py:146: in __exit__
    raise exc_value.with_traceback(exc_tb)
.venv\Lib\site-packages\sqlalchemy\pool\base.py:896: in __connect
    self.dbapi_connection = connection = pool._invoke_creator(self)
.venv\Lib\site-packages\sqlalchemy\engine\create.py:643: in connect
    return dialect.connect(*cargs, **cparams)
.venv\Lib\site-packages\sqlalchemy\engine\default.py:621: in connect
    return self.loaded_dbapi.connect(*cargs, **cparams)
.venv\Lib\site-packages\psycopg2\__init__.py:135: in connect
    conn = _connect(dsn, connection_factory=connection_factory, **kwasync)
E   psycopg2.OperationalError: connection to server at "localhost" (::1), port 5432 failed: FATAL:  database "pulseboard_test" does not exist

The above exception was the direct cause of the following exception:
app\tests\conftest.py:49: in _create_schema
    Base.metadata.drop_all(bind=sync_engine)
.venv\Lib\site-packages\sqlalchemy\sql\schema.py:5896: in drop_all
    bind._run_ddl_visitor(
.venv\Lib\site-packages\sqlalchemy\engine\base.py:3252: in _run_ddl_visitor
    with self.begin() as conn:
..\..\..\..\AppData\Local\Programs\Python\Python313\Lib\contextlib.py:141: in __enter__
    return next(self.gen)
.venv\Lib\site-packages\sqlalchemy\engine\base.py:3242: in begin
    with self.connect() as conn:
.venv\Lib\site-packages\sqlalchemy\engine\base.py:3278: in connect
    return self._connection_cls(self)
.venv\Lib\site-packages\sqlalchemy\engine\base.py:148: in __init__
    Connection._handle_dbapi_exception_noconnection(
.venv\Lib\site-packages\sqlalchemy\engine\base.py:2442: in _handle_dbapi_exception_noconnection
    raise sqlalchemy_exception.with_traceback(exc_info[2]) from e
.venv\Lib\site-packages\sqlalchemy\engine\base.py:146: in __init__
    self._dbapi_connection = engine.raw_connection()
.venv\Lib\site-packages\sqlalchemy\engine\base.py:3302: in raw_connection
    return self.pool.connect()
.venv\Lib\site-packages\sqlalchemy\pool\base.py:449: in connect
    return _ConnectionFairy._checkout(self)
.venv\Lib\site-packages\sqlalchemy\pool\base.py:1263: in _checkout
    fairy = _ConnectionRecord.checkout(pool)
.venv\Lib\site-packages\sqlalchemy\pool\base.py:712: in checkout
    rec = pool._do_get()
.venv\Lib\site-packages\sqlalchemy\pool\impl.py:179: in _do_get
    with util.safe_reraise():
.venv\Lib\site-packages\sqlalchemy\util\langhelpers.py:146: in __exit__
    raise exc_value.with_traceback(exc_tb)
.venv\Lib\site-packages\sqlalchemy\pool\impl.py:177: in _do_get
    return self._create_connection()
.venv\Lib\site-packages\sqlalchemy\pool\base.py:390: in _create_connection
    return _ConnectionRecord(self)
.venv\Lib\site-packages\sqlalchemy\pool\base.py:674: in __init__
    self.__connect()
.venv\Lib\site-packages\sqlalchemy\pool\base.py:900: in __connect
    with util.safe_reraise():
.venv\Lib\site-packages\sqlalchemy\util\langhelpers.py:146: in __exit__
    raise exc_value.with_traceback(exc_tb)
.venv\Lib\site-packages\sqlalchemy\pool\base.py:896: in __connect
    self.dbapi_connection = connection = pool._invoke_creator(self)
.venv\Lib\site-packages\sqlalchemy\engine\create.py:643: in connect
    return dialect.connect(*cargs, **cparams)
.venv\Lib\site-packages\sqlalchemy\engine\default.py:621: in connect
    return self.loaded_dbapi.connect(*cargs, **cparams)
.venv\Lib\site-packages\psycopg2\__init__.py:135: in connect
    conn = _connect(dsn, connection_factory=connection_factory, **kwasync)
E   sqlalchemy.exc.OperationalError: (psycopg2.OperationalError) connection to server at "localhost" (::1), port 5432 failed: FATAL:  database "pulseboard_test" does not exist
E   
E   (Background on this error at: https://sqlalche.me/e/20/e3q8)
_ ERROR at setup of TestLiteralIPBlocking.test_obfuscated_loopback_encodings_are_still_blocked[http://017700000001/] _
.venv\Lib\site-packages\sqlalchemy\engine\base.py:146: in __init__
    self._dbapi_connection = engine.raw_connection()
.venv\Lib\site-packages\sqlalchemy\engine\base.py:3302: in raw_connection
    return self.pool.connect()
.venv\Lib\site-packages\sqlalchemy\pool\base.py:449: in connect
    return _ConnectionFairy._checkout(self)
.venv\Lib\site-packages\sqlalchemy\pool\base.py:1263: in _checkout
    fairy = _ConnectionRecord.checkout(pool)
.venv\Lib\site-packages\sqlalchemy\pool\base.py:712: in checkout
    rec = pool._do_get()
.venv\Lib\site-packages\sqlalchemy\pool\impl.py:179: in _do_get
    with util.safe_reraise():
.venv\Lib\site-packages\sqlalchemy\util\langhelpers.py:146: in __exit__
    raise exc_value.with_traceback(exc_tb)
.venv\Lib\site-packages\sqlalchemy\pool\impl.py:177: in _do_get
    return self._create_connection()
.venv\Lib\site-packages\sqlalchemy\pool\base.py:390: in _create_connection
    return _ConnectionRecord(self)
.venv\Lib\site-packages\sqlalchemy\pool\base.py:674: in __init__
    self.__connect()
.venv\Lib\site-packages\sqlalchemy\pool\base.py:900: in __connect
    with util.safe_reraise():
.venv\Lib\site-packages\sqlalchemy\util\langhelpers.py:146: in __exit__
    raise exc_value.with_traceback(exc_tb)
.venv\Lib\site-packages\sqlalchemy\pool\base.py:896: in __connect
    self.dbapi_connection = connection = pool._invoke_creator(self)
.venv\Lib\site-packages\sqlalchemy\engine\create.py:643: in connect
    return dialect.connect(*cargs, **cparams)
.venv\Lib\site-packages\sqlalchemy\engine\default.py:621: in connect
    return self.loaded_dbapi.connect(*cargs, **cparams)
.venv\Lib\site-packages\psycopg2\__init__.py:135: in connect
    conn = _connect(dsn, connection_factory=connection_factory, **kwasync)
E   psycopg2.OperationalError: connection to server at "localhost" (::1), port 5432 failed: FATAL:  database "pulseboard_test" does not exist

The above exception was the direct cause of the following exception:
app\tests\conftest.py:49: in _create_schema
    Base.metadata.drop_all(bind=sync_engine)
.venv\Lib\site-packages\sqlalchemy\sql\schema.py:5896: in drop_all
    bind._run_ddl_visitor(
.venv\Lib\site-packages\sqlalchemy\engine\base.py:3252: in _run_ddl_visitor
    with self.begin() as conn:
..\..\..\..\AppData\Local\Programs\Python\Python313\Lib\contextlib.py:141: in __enter__
    return next(self.gen)
.venv\Lib\site-packages\sqlalchemy\engine\base.py:3242: in begin
    with self.connect() as conn:
.venv\Lib\site-packages\sqlalchemy\engine\base.py:3278: in connect
    return self._connection_cls(self)
.venv\Lib\site-packages\sqlalchemy\engine\base.py:148: in __init__
    Connection._handle_dbapi_exception_noconnection(
.venv\Lib\site-packages\sqlalchemy\engine\base.py:2442: in _handle_dbapi_exception_noconnection
    raise sqlalchemy_exception.with_traceback(exc_info[2]) from e
.venv\Lib\site-packages\sqlalchemy\engine\base.py:146: in __init__
    self._dbapi_connection = engine.raw_connection()
.venv\Lib\site-packages\sqlalchemy\engine\base.py:3302: in raw_connection
    return self.pool.connect()
.venv\Lib\site-packages\sqlalchemy\pool\base.py:449: in connect
    return _ConnectionFairy._checkout(self)
.venv\Lib\site-packages\sqlalchemy\pool\base.py:1263: in _checkout
    fairy = _ConnectionRecord.checkout(pool)
.venv\Lib\site-packages\sqlalchemy\pool\base.py:712: in checkout
    rec = pool._do_get()
.venv\Lib\site-packages\sqlalchemy\pool\impl.py:179: in _do_get
    with util.safe_reraise():
.venv\Lib\site-packages\sqlalchemy\util\langhelpers.py:146: in __exit__
    raise exc_value.with_traceback(exc_tb)
.venv\Lib\site-packages\sqlalchemy\pool\impl.py:177: in _do_get
    return self._create_connection()
.venv\Lib\site-packages\sqlalchemy\pool\base.py:390: in _create_connection
    return _ConnectionRecord(self)
.venv\Lib\site-packages\sqlalchemy\pool\base.py:674: in __init__
    self.__connect()
.venv\Lib\site-packages\sqlalchemy\pool\base.py:900: in __connect
    with util.safe_reraise():
.venv\Lib\site-packages\sqlalchemy\util\langhelpers.py:146: in __exit__
    raise exc_value.with_traceback(exc_tb)
.venv\Lib\site-packages\sqlalchemy\pool\base.py:896: in __connect
    self.dbapi_connection = connection = pool._invoke_creator(self)
.venv\Lib\site-packages\sqlalchemy\engine\create.py:643: in connect
    return dialect.connect(*cargs, **cparams)
.venv\Lib\site-packages\sqlalchemy\engine\default.py:621: in connect
    return self.loaded_dbapi.connect(*cargs, **cparams)
.venv\Lib\site-packages\psycopg2\__init__.py:135: in connect
    conn = _connect(dsn, connection_factory=connection_factory, **kwasync)
E   sqlalchemy.exc.OperationalError: (psycopg2.OperationalError) connection to server at "localhost" (::1), port 5432 failed: FATAL:  database "pulseboard_test" does not exist
E   
E   (Background on this error at: https://sqlalche.me/e/20/e3q8)
__ ERROR at setup of TestLiteralIPBlocking.test_public_ip_literal_is_allowed __
.venv\Lib\site-packages\sqlalchemy\engine\base.py:146: in __init__
    self._dbapi_connection = engine.raw_connection()
.venv\Lib\site-packages\sqlalchemy\engine\base.py:3302: in raw_connection
    return self.pool.connect()
.venv\Lib\site-packages\sqlalchemy\pool\base.py:449: in connect
    return _ConnectionFairy._checkout(self)
.venv\Lib\site-packages\sqlalchemy\pool\base.py:1263: in _checkout
    fairy = _ConnectionRecord.checkout(pool)
.venv\Lib\site-packages\sqlalchemy\pool\base.py:712: in checkout
    rec = pool._do_get()
.venv\Lib\site-packages\sqlalchemy\pool\impl.py:179: in _do_get
    with util.safe_reraise():
.venv\Lib\site-packages\sqlalchemy\util\langhelpers.py:146: in __exit__
    raise exc_value.with_traceback(exc_tb)
.venv\Lib\site-packages\sqlalchemy\pool\impl.py:177: in _do_get
    return self._create_connection()
.venv\Lib\site-packages\sqlalchemy\pool\base.py:390: in _create_connection
    return _ConnectionRecord(self)
.venv\Lib\site-packages\sqlalchemy\pool\base.py:674: in __init__
    self.__connect()
.venv\Lib\site-packages\sqlalchemy\pool\base.py:900: in __connect
    with util.safe_reraise():
.venv\Lib\site-packages\sqlalchemy\util\langhelpers.py:146: in __exit__
    raise exc_value.with_traceback(exc_tb)
.venv\Lib\site-packages\sqlalchemy\pool\base.py:896: in __connect
    self.dbapi_connection = connection = pool._invoke_creator(self)
.venv\Lib\site-packages\sqlalchemy\engine\create.py:643: in connect
    return dialect.connect(*cargs, **cparams)
.venv\Lib\site-packages\sqlalchemy\engine\default.py:621: in connect
    return self.loaded_dbapi.connect(*cargs, **cparams)
.venv\Lib\site-packages\psycopg2\__init__.py:135: in connect
    conn = _connect(dsn, connection_factory=connection_factory, **kwasync)
E   psycopg2.OperationalError: connection to server at "localhost" (::1), port 5432 failed: FATAL:  database "pulseboard_test" does not exist

The above exception was the direct cause of the following exception:
app\tests\conftest.py:49: in _create_schema
    Base.metadata.drop_all(bind=sync_engine)
.venv\Lib\site-packages\sqlalchemy\sql\schema.py:5896: in drop_all
    bind._run_ddl_visitor(
.venv\Lib\site-packages\sqlalchemy\engine\base.py:3252: in _run_ddl_visitor
    with self.begin() as conn:
..\..\..\..\AppData\Local\Programs\Python\Python313\Lib\contextlib.py:141: in __enter__
    return next(self.gen)
.venv\Lib\site-packages\sqlalchemy\engine\base.py:3242: in begin
    with self.connect() as conn:
.venv\Lib\site-packages\sqlalchemy\engine\base.py:3278: in connect
    return self._connection_cls(self)
.venv\Lib\site-packages\sqlalchemy\engine\base.py:148: in __init__
    Connection._handle_dbapi_exception_noconnection(
.venv\Lib\site-packages\sqlalchemy\engine\base.py:2442: in _handle_dbapi_exception_noconnection
    raise sqlalchemy_exception.with_traceback(exc_info[2]) from e
.venv\Lib\site-packages\sqlalchemy\engine\base.py:146: in __init__
    self._dbapi_connection = engine.raw_connection()
.venv\Lib\site-packages\sqlalchemy\engine\base.py:3302: in raw_connection
    return self.pool.connect()
.venv\Lib\site-packages\sqlalchemy\pool\base.py:449: in connect
    return _ConnectionFairy._checkout(self)
.venv\Lib\site-packages\sqlalchemy\pool\base.py:1263: in _checkout
    fairy = _ConnectionRecord.checkout(pool)
.venv\Lib\site-packages\sqlalchemy\pool\base.py:712: in checkout
    rec = pool._do_get()
.venv\Lib\site-packages\sqlalchemy\pool\impl.py:179: in _do_get
    with util.safe_reraise():
.venv\Lib\site-packages\sqlalchemy\util\langhelpers.py:146: in __exit__
    raise exc_value.with_traceback(exc_tb)
.venv\Lib\site-packages\sqlalchemy\pool\impl.py:177: in _do_get
    return self._create_connection()
.venv\Lib\site-packages\sqlalchemy\pool\base.py:390: in _create_connection
    return _ConnectionRecord(self)
.venv\Lib\site-packages\sqlalchemy\pool\base.py:674: in __init__
    self.__connect()
.venv\Lib\site-packages\sqlalchemy\pool\base.py:900: in __connect
    with util.safe_reraise():
.venv\Lib\site-packages\sqlalchemy\util\langhelpers.py:146: in __exit__
    raise exc_value.with_traceback(exc_tb)
.venv\Lib\site-packages\sqlalchemy\pool\base.py:896: in __connect
    self.dbapi_connection = connection = pool._invoke_creator(self)
.venv\Lib\site-packages\sqlalchemy\engine\create.py:643: in connect
    return dialect.connect(*cargs, **cparams)
.venv\Lib\site-packages\sqlalchemy\engine\default.py:621: in connect
    return self.loaded_dbapi.connect(*cargs, **cparams)
.venv\Lib\site-packages\psycopg2\__init__.py:135: in connect
    conn = _connect(dsn, connection_factory=connection_factory, **kwasync)
E   sqlalchemy.exc.OperationalError: (psycopg2.OperationalError) connection to server at "localhost" (::1), port 5432 failed: FATAL:  database "pulseboard_test" does not exist
E   
E   (Background on this error at: https://sqlalche.me/e/20/e3q8)
_ ERROR at setup of TestSchemeValidation.test_disallowed_schemes_rejected[ftp://8.8.8.8/] _
.venv\Lib\site-packages\sqlalchemy\engine\base.py:146: in __init__
    self._dbapi_connection = engine.raw_connection()
.venv\Lib\site-packages\sqlalchemy\engine\base.py:3302: in raw_connection
    return self.pool.connect()
.venv\Lib\site-packages\sqlalchemy\pool\base.py:449: in connect
    return _ConnectionFairy._checkout(self)
.venv\Lib\site-packages\sqlalchemy\pool\base.py:1263: in _checkout
    fairy = _ConnectionRecord.checkout(pool)
.venv\Lib\site-packages\sqlalchemy\pool\base.py:712: in checkout
    rec = pool._do_get()
.venv\Lib\site-packages\sqlalchemy\pool\impl.py:179: in _do_get
    with util.safe_reraise():
.venv\Lib\site-packages\sqlalchemy\util\langhelpers.py:146: in __exit__
    raise exc_value.with_traceback(exc_tb)
.venv\Lib\site-packages\sqlalchemy\pool\impl.py:177: in _do_get
    return self._create_connection()
.venv\Lib\site-packages\sqlalchemy\pool\base.py:390: in _create_connection
    return _ConnectionRecord(self)
.venv\Lib\site-packages\sqlalchemy\pool\base.py:674: in __init__
    self.__connect()
.venv\Lib\site-packages\sqlalchemy\pool\base.py:900: in __connect
    with util.safe_reraise():
.venv\Lib\site-packages\sqlalchemy\util\langhelpers.py:146: in __exit__
    raise exc_value.with_traceback(exc_tb)
.venv\Lib\site-packages\sqlalchemy\pool\base.py:896: in __connect
    self.dbapi_connection = connection = pool._invoke_creator(self)
.venv\Lib\site-packages\sqlalchemy\engine\create.py:643: in connect
    return dialect.connect(*cargs, **cparams)
.venv\Lib\site-packages\sqlalchemy\engine\default.py:621: in connect
    return self.loaded_dbapi.connect(*cargs, **cparams)
.venv\Lib\site-packages\psycopg2\__init__.py:135: in connect
    conn = _connect(dsn, connection_factory=connection_factory, **kwasync)
E   psycopg2.OperationalError: connection to server at "localhost" (::1), port 5432 failed: FATAL:  database "pulseboard_test" does not exist

The above exception was the direct cause of the following exception:
app\tests\conftest.py:49: in _create_schema
    Base.metadata.drop_all(bind=sync_engine)
.venv\Lib\site-packages\sqlalchemy\sql\schema.py:5896: in drop_all
    bind._run_ddl_visitor(
.venv\Lib\site-packages\sqlalchemy\engine\base.py:3252: in _run_ddl_visitor
    with self.begin() as conn:
..\..\..\..\AppData\Local\Programs\Python\Python313\Lib\contextlib.py:141: in __enter__
    return next(self.gen)
.venv\Lib\site-packages\sqlalchemy\engine\base.py:3242: in begin
    with self.connect() as conn:
.venv\Lib\site-packages\sqlalchemy\engine\base.py:3278: in connect
    return self._connection_cls(self)
.venv\Lib\site-packages\sqlalchemy\engine\base.py:148: in __init__
    Connection._handle_dbapi_exception_noconnection(
.venv\Lib\site-packages\sqlalchemy\engine\base.py:2442: in _handle_dbapi_exception_noconnection
    raise sqlalchemy_exception.with_traceback(exc_info[2]) from e
.venv\Lib\site-packages\sqlalchemy\engine\base.py:146: in __init__
    self._dbapi_connection = engine.raw_connection()
.venv\Lib\site-packages\sqlalchemy\engine\base.py:3302: in raw_connection
    return self.pool.connect()
.venv\Lib\site-packages\sqlalchemy\pool\base.py:449: in connect
    return _ConnectionFairy._checkout(self)
.venv\Lib\site-packages\sqlalchemy\pool\base.py:1263: in _checkout
    fairy = _ConnectionRecord.checkout(pool)
.venv\Lib\site-packages\sqlalchemy\pool\base.py:712: in checkout
    rec = pool._do_get()
.venv\Lib\site-packages\sqlalchemy\pool\impl.py:179: in _do_get
    with util.safe_reraise():
.venv\Lib\site-packages\sqlalchemy\util\langhelpers.py:146: in __exit__
    raise exc_value.with_traceback(exc_tb)
.venv\Lib\site-packages\sqlalchemy\pool\impl.py:177: in _do_get
    return self._create_connection()
.venv\Lib\site-packages\sqlalchemy\pool\base.py:390: in _create_connection
    return _ConnectionRecord(self)
.venv\Lib\site-packages\sqlalchemy\pool\base.py:674: in __init__
    self.__connect()
.venv\Lib\site-packages\sqlalchemy\pool\base.py:900: in __connect
    with util.safe_reraise():
.venv\Lib\site-packages\sqlalchemy\util\langhelpers.py:146: in __exit__
    raise exc_value.with_traceback(exc_tb)
.venv\Lib\site-packages\sqlalchemy\pool\base.py:896: in __connect
    self.dbapi_connection = connection = pool._invoke_creator(self)
.venv\Lib\site-packages\sqlalchemy\engine\create.py:643: in connect
    return dialect.connect(*cargs, **cparams)
.venv\Lib\site-packages\sqlalchemy\engine\default.py:621: in connect
    return self.loaded_dbapi.connect(*cargs, **cparams)
.venv\Lib\site-packages\psycopg2\__init__.py:135: in connect
    conn = _connect(dsn, connection_factory=connection_factory, **kwasync)
E   sqlalchemy.exc.OperationalError: (psycopg2.OperationalError) connection to server at "localhost" (::1), port 5432 failed: FATAL:  database "pulseboard_test" does not exist
E   
E   (Background on this error at: https://sqlalche.me/e/20/e3q8)
_ ERROR at setup of TestSchemeValidation.test_disallowed_schemes_rejected[file:///etc/passwd] _
.venv\Lib\site-packages\sqlalchemy\engine\base.py:146: in __init__
    self._dbapi_connection = engine.raw_connection()
.venv\Lib\site-packages\sqlalchemy\engine\base.py:3302: in raw_connection
    return self.pool.connect()
.venv\Lib\site-packages\sqlalchemy\pool\base.py:449: in connect
    return _ConnectionFairy._checkout(self)
.venv\Lib\site-packages\sqlalchemy\pool\base.py:1263: in _checkout
    fairy = _ConnectionRecord.checkout(pool)
.venv\Lib\site-packages\sqlalchemy\pool\base.py:712: in checkout
    rec = pool._do_get()
.venv\Lib\site-packages\sqlalchemy\pool\impl.py:179: in _do_get
    with util.safe_reraise():
.venv\Lib\site-packages\sqlalchemy\util\langhelpers.py:146: in __exit__
    raise exc_value.with_traceback(exc_tb)
.venv\Lib\site-packages\sqlalchemy\pool\impl.py:177: in _do_get
    return self._create_connection()
.venv\Lib\site-packages\sqlalchemy\pool\base.py:390: in _create_connection
    return _ConnectionRecord(self)
.venv\Lib\site-packages\sqlalchemy\pool\base.py:674: in __init__
    self.__connect()
.venv\Lib\site-packages\sqlalchemy\pool\base.py:900: in __connect
    with util.safe_reraise():
.venv\Lib\site-packages\sqlalchemy\util\langhelpers.py:146: in __exit__
    raise exc_value.with_traceback(exc_tb)
.venv\Lib\site-packages\sqlalchemy\pool\base.py:896: in __connect
    self.dbapi_connection = connection = pool._invoke_creator(self)
.venv\Lib\site-packages\sqlalchemy\engine\create.py:643: in connect
    return dialect.connect(*cargs, **cparams)
.venv\Lib\site-packages\sqlalchemy\engine\default.py:621: in connect
    return self.loaded_dbapi.connect(*cargs, **cparams)
.venv\Lib\site-packages\psycopg2\__init__.py:135: in connect
    conn = _connect(dsn, connection_factory=connection_factory, **kwasync)
E   psycopg2.OperationalError: connection to server at "localhost" (::1), port 5432 failed: FATAL:  database "pulseboard_test" does not exist

The above exception was the direct cause of the following exception:
app\tests\conftest.py:49: in _create_schema
    Base.metadata.drop_all(bind=sync_engine)
.venv\Lib\site-packages\sqlalchemy\sql\schema.py:5896: in drop_all
    bind._run_ddl_visitor(
.venv\Lib\site-packages\sqlalchemy\engine\base.py:3252: in _run_ddl_visitor
    with self.begin() as conn:
..\..\..\..\AppData\Local\Programs\Python\Python313\Lib\contextlib.py:141: in __enter__
    return next(self.gen)
.venv\Lib\site-packages\sqlalchemy\engine\base.py:3242: in begin
    with self.connect() as conn:
.venv\Lib\site-packages\sqlalchemy\engine\base.py:3278: in connect
    return self._connection_cls(self)
.venv\Lib\site-packages\sqlalchemy\engine\base.py:148: in __init__
    Connection._handle_dbapi_exception_noconnection(
.venv\Lib\site-packages\sqlalchemy\engine\base.py:2442: in _handle_dbapi_exception_noconnection
    raise sqlalchemy_exception.with_traceback(exc_info[2]) from e
.venv\Lib\site-packages\sqlalchemy\engine\base.py:146: in __init__
    self._dbapi_connection = engine.raw_connection()
.venv\Lib\site-packages\sqlalchemy\engine\base.py:3302: in raw_connection
    return self.pool.connect()
.venv\Lib\site-packages\sqlalchemy\pool\base.py:449: in connect
    return _ConnectionFairy._checkout(self)
.venv\Lib\site-packages\sqlalchemy\pool\base.py:1263: in _checkout
    fairy = _ConnectionRecord.checkout(pool)
.venv\Lib\site-packages\sqlalchemy\pool\base.py:712: in checkout
    rec = pool._do_get()
.venv\Lib\site-packages\sqlalchemy\pool\impl.py:179: in _do_get
    with util.safe_reraise():
.venv\Lib\site-packages\sqlalchemy\util\langhelpers.py:146: in __exit__
    raise exc_value.with_traceback(exc_tb)
.venv\Lib\site-packages\sqlalchemy\pool\impl.py:177: in _do_get
    return self._create_connection()
.venv\Lib\site-packages\sqlalchemy\pool\base.py:390: in _create_connection
    return _ConnectionRecord(self)
.venv\Lib\site-packages\sqlalchemy\pool\base.py:674: in __init__
    self.__connect()
.venv\Lib\site-packages\sqlalchemy\pool\base.py:900: in __connect
    with util.safe_reraise():
.venv\Lib\site-packages\sqlalchemy\util\langhelpers.py:146: in __exit__
    raise exc_value.with_traceback(exc_tb)
.venv\Lib\site-packages\sqlalchemy\pool\base.py:896: in __connect
    self.dbapi_connection = connection = pool._invoke_creator(self)
.venv\Lib\site-packages\sqlalchemy\engine\create.py:643: in connect
    return dialect.connect(*cargs, **cparams)
.venv\Lib\site-packages\sqlalchemy\engine\default.py:621: in connect
    return self.loaded_dbapi.connect(*cargs, **cparams)
.venv\Lib\site-packages\psycopg2\__init__.py:135: in connect
    conn = _connect(dsn, connection_factory=connection_factory, **kwasync)
E   sqlalchemy.exc.OperationalError: (psycopg2.OperationalError) connection to server at "localhost" (::1), port 5432 failed: FATAL:  database "pulseboard_test" does not exist
E   
E   (Background on this error at: https://sqlalche.me/e/20/e3q8)
_ ERROR at setup of TestSchemeValidation.test_disallowed_schemes_rejected[gopher://8.8.8.8/] _
.venv\Lib\site-packages\sqlalchemy\engine\base.py:146: in __init__
    self._dbapi_connection = engine.raw_connection()
.venv\Lib\site-packages\sqlalchemy\engine\base.py:3302: in raw_connection
    return self.pool.connect()
.venv\Lib\site-packages\sqlalchemy\pool\base.py:449: in connect
    return _ConnectionFairy._checkout(self)
.venv\Lib\site-packages\sqlalchemy\pool\base.py:1263: in _checkout
    fairy = _ConnectionRecord.checkout(pool)
.venv\Lib\site-packages\sqlalchemy\pool\base.py:712: in checkout
    rec = pool._do_get()
.venv\Lib\site-packages\sqlalchemy\pool\impl.py:179: in _do_get
    with util.safe_reraise():
.venv\Lib\site-packages\sqlalchemy\util\langhelpers.py:146: in __exit__
    raise exc_value.with_traceback(exc_tb)
.venv\Lib\site-packages\sqlalchemy\pool\impl.py:177: in _do_get
    return self._create_connection()
.venv\Lib\site-packages\sqlalchemy\pool\base.py:390: in _create_connection
    return _ConnectionRecord(self)
.venv\Lib\site-packages\sqlalchemy\pool\base.py:674: in __init__
    self.__connect()
.venv\Lib\site-packages\sqlalchemy\pool\base.py:900: in __connect
    with util.safe_reraise():
.venv\Lib\site-packages\sqlalchemy\util\langhelpers.py:146: in __exit__
    raise exc_value.with_traceback(exc_tb)
.venv\Lib\site-packages\sqlalchemy\pool\base.py:896: in __connect
    self.dbapi_connection = connection = pool._invoke_creator(self)
.venv\Lib\site-packages\sqlalchemy\engine\create.py:643: in connect
    return dialect.connect(*cargs, **cparams)
.venv\Lib\site-packages\sqlalchemy\engine\default.py:621: in connect
    return self.loaded_dbapi.connect(*cargs, **cparams)
.venv\Lib\site-packages\psycopg2\__init__.py:135: in connect
    conn = _connect(dsn, connection_factory=connection_factory, **kwasync)
E   psycopg2.OperationalError: connection to server at "localhost" (::1), port 5432 failed: FATAL:  database "pulseboard_test" does not exist

The above exception was the direct cause of the following exception:
app\tests\conftest.py:49: in _create_schema
    Base.metadata.drop_all(bind=sync_engine)
.venv\Lib\site-packages\sqlalchemy\sql\schema.py:5896: in drop_all
    bind._run_ddl_visitor(
.venv\Lib\site-packages\sqlalchemy\engine\base.py:3252: in _run_ddl_visitor
    with self.begin() as conn:
..\..\..\..\AppData\Local\Programs\Python\Python313\Lib\contextlib.py:141: in __enter__
    return next(self.gen)
.venv\Lib\site-packages\sqlalchemy\engine\base.py:3242: in begin
    with self.connect() as conn:
.venv\Lib\site-packages\sqlalchemy\engine\base.py:3278: in connect
    return self._connection_cls(self)
.venv\Lib\site-packages\sqlalchemy\engine\base.py:148: in __init__
    Connection._handle_dbapi_exception_noconnection(
.venv\Lib\site-packages\sqlalchemy\engine\base.py:2442: in _handle_dbapi_exception_noconnection
    raise sqlalchemy_exception.with_traceback(exc_info[2]) from e
.venv\Lib\site-packages\sqlalchemy\engine\base.py:146: in __init__
    self._dbapi_connection = engine.raw_connection()
.venv\Lib\site-packages\sqlalchemy\engine\base.py:3302: in raw_connection
    return self.pool.connect()
.venv\Lib\site-packages\sqlalchemy\pool\base.py:449: in connect
    return _ConnectionFairy._checkout(self)
.venv\Lib\site-packages\sqlalchemy\pool\base.py:1263: in _checkout
    fairy = _ConnectionRecord.checkout(pool)
.venv\Lib\site-packages\sqlalchemy\pool\base.py:712: in checkout
    rec = pool._do_get()
.venv\Lib\site-packages\sqlalchemy\pool\impl.py:179: in _do_get
    with util.safe_reraise():
.venv\Lib\site-packages\sqlalchemy\util\langhelpers.py:146: in __exit__
    raise exc_value.with_traceback(exc_tb)
.venv\Lib\site-packages\sqlalchemy\pool\impl.py:177: in _do_get
    return self._create_connection()
.venv\Lib\site-packages\sqlalchemy\pool\base.py:390: in _create_connection
    return _ConnectionRecord(self)
.venv\Lib\site-packages\sqlalchemy\pool\base.py:674: in __init__
    self.__connect()
.venv\Lib\site-packages\sqlalchemy\pool\base.py:900: in __connect
    with util.safe_reraise():
.venv\Lib\site-packages\sqlalchemy\util\langhelpers.py:146: in __exit__
    raise exc_value.with_traceback(exc_tb)
.venv\Lib\site-packages\sqlalchemy\pool\base.py:896: in __connect
    self.dbapi_connection = connection = pool._invoke_creator(self)
.venv\Lib\site-packages\sqlalchemy\engine\create.py:643: in connect
    return dialect.connect(*cargs, **cparams)
.venv\Lib\site-packages\sqlalchemy\engine\default.py:621: in connect
    return self.loaded_dbapi.connect(*cargs, **cparams)
.venv\Lib\site-packages\psycopg2\__init__.py:135: in connect
    conn = _connect(dsn, connection_factory=connection_factory, **kwasync)
E   sqlalchemy.exc.OperationalError: (psycopg2.OperationalError) connection to server at "localhost" (::1), port 5432 failed: FATAL:  database "pulseboard_test" does not exist
E   
E   (Background on this error at: https://sqlalche.me/e/20/e3q8)
_ ERROR at setup of TestSchemeValidation.test_disallowed_schemes_rejected[dict://8.8.8.8/] _
.venv\Lib\site-packages\sqlalchemy\engine\base.py:146: in __init__
    self._dbapi_connection = engine.raw_connection()
.venv\Lib\site-packages\sqlalchemy\engine\base.py:3302: in raw_connection
    return self.pool.connect()
.venv\Lib\site-packages\sqlalchemy\pool\base.py:449: in connect
    return _ConnectionFairy._checkout(self)
.venv\Lib\site-packages\sqlalchemy\pool\base.py:1263: in _checkout
    fairy = _ConnectionRecord.checkout(pool)
.venv\Lib\site-packages\sqlalchemy\pool\base.py:712: in checkout
    rec = pool._do_get()
.venv\Lib\site-packages\sqlalchemy\pool\impl.py:179: in _do_get
    with util.safe_reraise():
.venv\Lib\site-packages\sqlalchemy\util\langhelpers.py:146: in __exit__
    raise exc_value.with_traceback(exc_tb)
.venv\Lib\site-packages\sqlalchemy\pool\impl.py:177: in _do_get
    return self._create_connection()
.venv\Lib\site-packages\sqlalchemy\pool\base.py:390: in _create_connection
    return _ConnectionRecord(self)
.venv\Lib\site-packages\sqlalchemy\pool\base.py:674: in __init__
    self.__connect()
.venv\Lib\site-packages\sqlalchemy\pool\base.py:900: in __connect
    with util.safe_reraise():
.venv\Lib\site-packages\sqlalchemy\util\langhelpers.py:146: in __exit__
    raise exc_value.with_traceback(exc_tb)
.venv\Lib\site-packages\sqlalchemy\pool\base.py:896: in __connect
    self.dbapi_connection = connection = pool._invoke_creator(self)
.venv\Lib\site-packages\sqlalchemy\engine\create.py:643: in connect
    return dialect.connect(*cargs, **cparams)
.venv\Lib\site-packages\sqlalchemy\engine\default.py:621: in connect
    return self.loaded_dbapi.connect(*cargs, **cparams)
.venv\Lib\site-packages\psycopg2\__init__.py:135: in connect
    conn = _connect(dsn, connection_factory=connection_factory, **kwasync)
E   psycopg2.OperationalError: connection to server at "localhost" (::1), port 5432 failed: FATAL:  database "pulseboard_test" does not exist

The above exception was the direct cause of the following exception:
app\tests\conftest.py:49: in _create_schema
    Base.metadata.drop_all(bind=sync_engine)
.venv\Lib\site-packages\sqlalchemy\sql\schema.py:5896: in drop_all
    bind._run_ddl_visitor(
.venv\Lib\site-packages\sqlalchemy\engine\base.py:3252: in _run_ddl_visitor
    with self.begin() as conn:
..\..\..\..\AppData\Local\Programs\Python\Python313\Lib\contextlib.py:141: in __enter__
    return next(self.gen)
.venv\Lib\site-packages\sqlalchemy\engine\base.py:3242: in begin
    with self.connect() as conn:
.venv\Lib\site-packages\sqlalchemy\engine\base.py:3278: in connect
    return self._connection_cls(self)
.venv\Lib\site-packages\sqlalchemy\engine\base.py:148: in __init__
    Connection._handle_dbapi_exception_noconnection(
.venv\Lib\site-packages\sqlalchemy\engine\base.py:2442: in _handle_dbapi_exception_noconnection
    raise sqlalchemy_exception.with_traceback(exc_info[2]) from e
.venv\Lib\site-packages\sqlalchemy\engine\base.py:146: in __init__
    self._dbapi_connection = engine.raw_connection()
.venv\Lib\site-packages\sqlalchemy\engine\base.py:3302: in raw_connection
    return self.pool.connect()
.venv\Lib\site-packages\sqlalchemy\pool\base.py:449: in connect
    return _ConnectionFairy._checkout(self)
.venv\Lib\site-packages\sqlalchemy\pool\base.py:1263: in _checkout
    fairy = _ConnectionRecord.checkout(pool)
.venv\Lib\site-packages\sqlalchemy\pool\base.py:712: in checkout
    rec = pool._do_get()
.venv\Lib\site-packages\sqlalchemy\pool\impl.py:179: in _do_get
    with util.safe_reraise():
.venv\Lib\site-packages\sqlalchemy\util\langhelpers.py:146: in __exit__
    raise exc_value.with_traceback(exc_tb)
.venv\Lib\site-packages\sqlalchemy\pool\impl.py:177: in _do_get
    return self._create_connection()
.venv\Lib\site-packages\sqlalchemy\pool\base.py:390: in _create_connection
    return _ConnectionRecord(self)
.venv\Lib\site-packages\sqlalchemy\pool\base.py:674: in __init__
    self.__connect()
.venv\Lib\site-packages\sqlalchemy\pool\base.py:900: in __connect
    with util.safe_reraise():
.venv\Lib\site-packages\sqlalchemy\util\langhelpers.py:146: in __exit__
    raise exc_value.with_traceback(exc_tb)
.venv\Lib\site-packages\sqlalchemy\pool\base.py:896: in __connect
    self.dbapi_connection = connection = pool._invoke_creator(self)
.venv\Lib\site-packages\sqlalchemy\engine\create.py:643: in connect
    return dialect.connect(*cargs, **cparams)
.venv\Lib\site-packages\sqlalchemy\engine\default.py:621: in connect
    return self.loaded_dbapi.connect(*cargs, **cparams)
.venv\Lib\site-packages\psycopg2\__init__.py:135: in connect
    conn = _connect(dsn, connection_factory=connection_factory, **kwasync)
E   sqlalchemy.exc.OperationalError: (psycopg2.OperationalError) connection to server at "localhost" (::1), port 5432 failed: FATAL:  database "pulseboard_test" does not exist
E   
E   (Background on this error at: https://sqlalche.me/e/20/e3q8)
_ ERROR at setup of TestSchemeValidation.test_disallowed_schemes_rejected[javascript:alert(1)] _
.venv\Lib\site-packages\sqlalchemy\engine\base.py:146: in __init__
    self._dbapi_connection = engine.raw_connection()
.venv\Lib\site-packages\sqlalchemy\engine\base.py:3302: in raw_connection
    return self.pool.connect()
.venv\Lib\site-packages\sqlalchemy\pool\base.py:449: in connect
    return _ConnectionFairy._checkout(self)
.venv\Lib\site-packages\sqlalchemy\pool\base.py:1263: in _checkout
    fairy = _ConnectionRecord.checkout(pool)
.venv\Lib\site-packages\sqlalchemy\pool\base.py:712: in checkout
    rec = pool._do_get()
.venv\Lib\site-packages\sqlalchemy\pool\impl.py:179: in _do_get
    with util.safe_reraise():
.venv\Lib\site-packages\sqlalchemy\util\langhelpers.py:146: in __exit__
    raise exc_value.with_traceback(exc_tb)
.venv\Lib\site-packages\sqlalchemy\pool\impl.py:177: in _do_get
    return self._create_connection()
.venv\Lib\site-packages\sqlalchemy\pool\base.py:390: in _create_connection
    return _ConnectionRecord(self)
.venv\Lib\site-packages\sqlalchemy\pool\base.py:674: in __init__
    self.__connect()
.venv\Lib\site-packages\sqlalchemy\pool\base.py:900: in __connect
    with util.safe_reraise():
.venv\Lib\site-packages\sqlalchemy\util\langhelpers.py:146: in __exit__
    raise exc_value.with_traceback(exc_tb)
.venv\Lib\site-packages\sqlalchemy\pool\base.py:896: in __connect
    self.dbapi_connection = connection = pool._invoke_creator(self)
.venv\Lib\site-packages\sqlalchemy\engine\create.py:643: in connect
    return dialect.connect(*cargs, **cparams)
.venv\Lib\site-packages\sqlalchemy\engine\default.py:621: in connect
    return self.loaded_dbapi.connect(*cargs, **cparams)
.venv\Lib\site-packages\psycopg2\__init__.py:135: in connect
    conn = _connect(dsn, connection_factory=connection_factory, **kwasync)
E   psycopg2.OperationalError: connection to server at "localhost" (::1), port 5432 failed: FATAL:  database "pulseboard_test" does not exist

The above exception was the direct cause of the following exception:
app\tests\conftest.py:49: in _create_schema
    Base.metadata.drop_all(bind=sync_engine)
.venv\Lib\site-packages\sqlalchemy\sql\schema.py:5896: in drop_all
    bind._run_ddl_visitor(
.venv\Lib\site-packages\sqlalchemy\engine\base.py:3252: in _run_ddl_visitor
    with self.begin() as conn:
..\..\..\..\AppData\Local\Programs\Python\Python313\Lib\contextlib.py:141: in __enter__
    return next(self.gen)
.venv\Lib\site-packages\sqlalchemy\engine\base.py:3242: in begin
    with self.connect() as conn:
.venv\Lib\site-packages\sqlalchemy\engine\base.py:3278: in connect
    return self._connection_cls(self)
.venv\Lib\site-packages\sqlalchemy\engine\base.py:148: in __init__
    Connection._handle_dbapi_exception_noconnection(
.venv\Lib\site-packages\sqlalchemy\engine\base.py:2442: in _handle_dbapi_exception_noconnection
    raise sqlalchemy_exception.with_traceback(exc_info[2]) from e
.venv\Lib\site-packages\sqlalchemy\engine\base.py:146: in __init__
    self._dbapi_connection = engine.raw_connection()
.venv\Lib\site-packages\sqlalchemy\engine\base.py:3302: in raw_connection
    return self.pool.connect()
.venv\Lib\site-packages\sqlalchemy\pool\base.py:449: in connect
    return _ConnectionFairy._checkout(self)
.venv\Lib\site-packages\sqlalchemy\pool\base.py:1263: in _checkout
    fairy = _ConnectionRecord.checkout(pool)
.venv\Lib\site-packages\sqlalchemy\pool\base.py:712: in checkout
    rec = pool._do_get()
.venv\Lib\site-packages\sqlalchemy\pool\impl.py:179: in _do_get
    with util.safe_reraise():
.venv\Lib\site-packages\sqlalchemy\util\langhelpers.py:146: in __exit__
    raise exc_value.with_traceback(exc_tb)
.venv\Lib\site-packages\sqlalchemy\pool\impl.py:177: in _do_get
    return self._create_connection()
.venv\Lib\site-packages\sqlalchemy\pool\base.py:390: in _create_connection
    return _ConnectionRecord(self)
.venv\Lib\site-packages\sqlalchemy\pool\base.py:674: in __init__
    self.__connect()
.venv\Lib\site-packages\sqlalchemy\pool\base.py:900: in __connect
    with util.safe_reraise():
.venv\Lib\site-packages\sqlalchemy\util\langhelpers.py:146: in __exit__
    raise exc_value.with_traceback(exc_tb)
.venv\Lib\site-packages\sqlalchemy\pool\base.py:896: in __connect
    self.dbapi_connection = connection = pool._invoke_creator(self)
.venv\Lib\site-packages\sqlalchemy\engine\create.py:643: in connect
    return dialect.connect(*cargs, **cparams)
.venv\Lib\site-packages\sqlalchemy\engine\default.py:621: in connect
    return self.loaded_dbapi.connect(*cargs, **cparams)
.venv\Lib\site-packages\psycopg2\__init__.py:135: in connect
    conn = _connect(dsn, connection_factory=connection_factory, **kwasync)
E   sqlalchemy.exc.OperationalError: (psycopg2.OperationalError) connection to server at "localhost" (::1), port 5432 failed: FATAL:  database "pulseboard_test" does not exist
E   
E   (Background on this error at: https://sqlalche.me/e/20/e3q8)
_ ERROR at setup of TestSchemeValidation.test_disallowed_schemes_rejected[8.8.8.8] _
.venv\Lib\site-packages\sqlalchemy\engine\base.py:146: in __init__
    self._dbapi_connection = engine.raw_connection()
.venv\Lib\site-packages\sqlalchemy\engine\base.py:3302: in raw_connection
    return self.pool.connect()
.venv\Lib\site-packages\sqlalchemy\pool\base.py:449: in connect
    return _ConnectionFairy._checkout(self)
.venv\Lib\site-packages\sqlalchemy\pool\base.py:1263: in _checkout
    fairy = _ConnectionRecord.checkout(pool)
.venv\Lib\site-packages\sqlalchemy\pool\base.py:712: in checkout
    rec = pool._do_get()
.venv\Lib\site-packages\sqlalchemy\pool\impl.py:179: in _do_get
    with util.safe_reraise():
.venv\Lib\site-packages\sqlalchemy\util\langhelpers.py:146: in __exit__
    raise exc_value.with_traceback(exc_tb)
.venv\Lib\site-packages\sqlalchemy\pool\impl.py:177: in _do_get
    return self._create_connection()
.venv\Lib\site-packages\sqlalchemy\pool\base.py:390: in _create_connection
    return _ConnectionRecord(self)
.venv\Lib\site-packages\sqlalchemy\pool\base.py:674: in __init__
    self.__connect()
.venv\Lib\site-packages\sqlalchemy\pool\base.py:900: in __connect
    with util.safe_reraise():
.venv\Lib\site-packages\sqlalchemy\util\langhelpers.py:146: in __exit__
    raise exc_value.with_traceback(exc_tb)
.venv\Lib\site-packages\sqlalchemy\pool\base.py:896: in __connect
    self.dbapi_connection = connection = pool._invoke_creator(self)
.venv\Lib\site-packages\sqlalchemy\engine\create.py:643: in connect
    return dialect.connect(*cargs, **cparams)
.venv\Lib\site-packages\sqlalchemy\engine\default.py:621: in connect
    return self.loaded_dbapi.connect(*cargs, **cparams)
.venv\Lib\site-packages\psycopg2\__init__.py:135: in connect
    conn = _connect(dsn, connection_factory=connection_factory, **kwasync)
E   psycopg2.OperationalError: connection to server at "localhost" (::1), port 5432 failed: FATAL:  database "pulseboard_test" does not exist

The above exception was the direct cause of the following exception:
app\tests\conftest.py:49: in _create_schema
    Base.metadata.drop_all(bind=sync_engine)
.venv\Lib\site-packages\sqlalchemy\sql\schema.py:5896: in drop_all
    bind._run_ddl_visitor(
.venv\Lib\site-packages\sqlalchemy\engine\base.py:3252: in _run_ddl_visitor
    with self.begin() as conn:
..\..\..\..\AppData\Local\Programs\Python\Python313\Lib\contextlib.py:141: in __enter__
    return next(self.gen)
.venv\Lib\site-packages\sqlalchemy\engine\base.py:3242: in begin
    with self.connect() as conn:
.venv\Lib\site-packages\sqlalchemy\engine\base.py:3278: in connect
    return self._connection_cls(self)
.venv\Lib\site-packages\sqlalchemy\engine\base.py:148: in __init__
    Connection._handle_dbapi_exception_noconnection(
.venv\Lib\site-packages\sqlalchemy\engine\base.py:2442: in _handle_dbapi_exception_noconnection
    raise sqlalchemy_exception.with_traceback(exc_info[2]) from e
.venv\Lib\site-packages\sqlalchemy\engine\base.py:146: in __init__
    self._dbapi_connection = engine.raw_connection()
.venv\Lib\site-packages\sqlalchemy\engine\base.py:3302: in raw_connection
    return self.pool.connect()
.venv\Lib\site-packages\sqlalchemy\pool\base.py:449: in connect
    return _ConnectionFairy._checkout(self)
.venv\Lib\site-packages\sqlalchemy\pool\base.py:1263: in _checkout
    fairy = _ConnectionRecord.checkout(pool)
.venv\Lib\site-packages\sqlalchemy\pool\base.py:712: in checkout
    rec = pool._do_get()
.venv\Lib\site-packages\sqlalchemy\pool\impl.py:179: in _do_get
    with util.safe_reraise():
.venv\Lib\site-packages\sqlalchemy\util\langhelpers.py:146: in __exit__
    raise exc_value.with_traceback(exc_tb)
.venv\Lib\site-packages\sqlalchemy\pool\impl.py:177: in _do_get
    return self._create_connection()
.venv\Lib\site-packages\sqlalchemy\pool\base.py:390: in _create_connection
    return _ConnectionRecord(self)
.venv\Lib\site-packages\sqlalchemy\pool\base.py:674: in __init__
    self.__connect()
.venv\Lib\site-packages\sqlalchemy\pool\base.py:900: in __connect
    with util.safe_reraise():
.venv\Lib\site-packages\sqlalchemy\util\langhelpers.py:146: in __exit__
    raise exc_value.with_traceback(exc_tb)
.venv\Lib\site-packages\sqlalchemy\pool\base.py:896: in __connect
    self.dbapi_connection = connection = pool._invoke_creator(self)
.venv\Lib\site-packages\sqlalchemy\engine\create.py:643: in connect
    return dialect.connect(*cargs, **cparams)
.venv\Lib\site-packages\sqlalchemy\engine\default.py:621: in connect
    return self.loaded_dbapi.connect(*cargs, **cparams)
.venv\Lib\site-packages\psycopg2\__init__.py:135: in connect
    conn = _connect(dsn, connection_factory=connection_factory, **kwasync)
E   sqlalchemy.exc.OperationalError: (psycopg2.OperationalError) connection to server at "localhost" (::1), port 5432 failed: FATAL:  database "pulseboard_test" does not exist
E   
E   (Background on this error at: https://sqlalche.me/e/20/e3q8)
______ ERROR at setup of TestSchemeValidation.test_https_scheme_allowed _______
.venv\Lib\site-packages\sqlalchemy\engine\base.py:146: in __init__
    self._dbapi_connection = engine.raw_connection()
.venv\Lib\site-packages\sqlalchemy\engine\base.py:3302: in raw_connection
    return self.pool.connect()
.venv\Lib\site-packages\sqlalchemy\pool\base.py:449: in connect
    return _ConnectionFairy._checkout(self)
.venv\Lib\site-packages\sqlalchemy\pool\base.py:1263: in _checkout
    fairy = _ConnectionRecord.checkout(pool)
.venv\Lib\site-packages\sqlalchemy\pool\base.py:712: in checkout
    rec = pool._do_get()
.venv\Lib\site-packages\sqlalchemy\pool\impl.py:179: in _do_get
    with util.safe_reraise():
.venv\Lib\site-packages\sqlalchemy\util\langhelpers.py:146: in __exit__
    raise exc_value.with_traceback(exc_tb)
.venv\Lib\site-packages\sqlalchemy\pool\impl.py:177: in _do_get
    return self._create_connection()
.venv\Lib\site-packages\sqlalchemy\pool\base.py:390: in _create_connection
    return _ConnectionRecord(self)
.venv\Lib\site-packages\sqlalchemy\pool\base.py:674: in __init__
    self.__connect()
.venv\Lib\site-packages\sqlalchemy\pool\base.py:900: in __connect
    with util.safe_reraise():
.venv\Lib\site-packages\sqlalchemy\util\langhelpers.py:146: in __exit__
    raise exc_value.with_traceback(exc_tb)
.venv\Lib\site-packages\sqlalchemy\pool\base.py:896: in __connect
    self.dbapi_connection = connection = pool._invoke_creator(self)
.venv\Lib\site-packages\sqlalchemy\engine\create.py:643: in connect
    return dialect.connect(*cargs, **cparams)
.venv\Lib\site-packages\sqlalchemy\engine\default.py:621: in connect
    return self.loaded_dbapi.connect(*cargs, **cparams)
.venv\Lib\site-packages\psycopg2\__init__.py:135: in connect
    conn = _connect(dsn, connection_factory=connection_factory, **kwasync)
E   psycopg2.OperationalError: connection to server at "localhost" (::1), port 5432 failed: FATAL:  database "pulseboard_test" does not exist

The above exception was the direct cause of the following exception:
app\tests\conftest.py:49: in _create_schema
    Base.metadata.drop_all(bind=sync_engine)
.venv\Lib\site-packages\sqlalchemy\sql\schema.py:5896: in drop_all
    bind._run_ddl_visitor(
.venv\Lib\site-packages\sqlalchemy\engine\base.py:3252: in _run_ddl_visitor
    with self.begin() as conn:
..\..\..\..\AppData\Local\Programs\Python\Python313\Lib\contextlib.py:141: in __enter__
    return next(self.gen)
.venv\Lib\site-packages\sqlalchemy\engine\base.py:3242: in begin
    with self.connect() as conn:
.venv\Lib\site-packages\sqlalchemy\engine\base.py:3278: in connect
    return self._connection_cls(self)
.venv\Lib\site-packages\sqlalchemy\engine\base.py:148: in __init__
    Connection._handle_dbapi_exception_noconnection(
.venv\Lib\site-packages\sqlalchemy\engine\base.py:2442: in _handle_dbapi_exception_noconnection
    raise sqlalchemy_exception.with_traceback(exc_info[2]) from e
.venv\Lib\site-packages\sqlalchemy\engine\base.py:146: in __init__
    self._dbapi_connection = engine.raw_connection()
.venv\Lib\site-packages\sqlalchemy\engine\base.py:3302: in raw_connection
    return self.pool.connect()
.venv\Lib\site-packages\sqlalchemy\pool\base.py:449: in connect
    return _ConnectionFairy._checkout(self)
.venv\Lib\site-packages\sqlalchemy\pool\base.py:1263: in _checkout
    fairy = _ConnectionRecord.checkout(pool)
.venv\Lib\site-packages\sqlalchemy\pool\base.py:712: in checkout
    rec = pool._do_get()
.venv\Lib\site-packages\sqlalchemy\pool\impl.py:179: in _do_get
    with util.safe_reraise():
.venv\Lib\site-packages\sqlalchemy\util\langhelpers.py:146: in __exit__
    raise exc_value.with_traceback(exc_tb)
.venv\Lib\site-packages\sqlalchemy\pool\impl.py:177: in _do_get
    return self._create_connection()
.venv\Lib\site-packages\sqlalchemy\pool\base.py:390: in _create_connection
    return _ConnectionRecord(self)
.venv\Lib\site-packages\sqlalchemy\pool\base.py:674: in __init__
    self.__connect()
.venv\Lib\site-packages\sqlalchemy\pool\base.py:900: in __connect
    with util.safe_reraise():
.venv\Lib\site-packages\sqlalchemy\util\langhelpers.py:146: in __exit__
    raise exc_value.with_traceback(exc_tb)
.venv\Lib\site-packages\sqlalchemy\pool\base.py:896: in __connect
    self.dbapi_connection = connection = pool._invoke_creator(self)
.venv\Lib\site-packages\sqlalchemy\engine\create.py:643: in connect
    return dialect.connect(*cargs, **cparams)
.venv\Lib\site-packages\sqlalchemy\engine\default.py:621: in connect
    return self.loaded_dbapi.connect(*cargs, **cparams)
.venv\Lib\site-packages\psycopg2\__init__.py:135: in connect
    conn = _connect(dsn, connection_factory=connection_factory, **kwasync)
E   sqlalchemy.exc.OperationalError: (psycopg2.OperationalError) connection to server at "localhost" (::1), port 5432 failed: FATAL:  database "pulseboard_test" does not exist
E   
E   (Background on this error at: https://sqlalche.me/e/20/e3q8)
_ ERROR at setup of TestEmbeddedCredentials.test_url_with_embedded_credentials_rejected _
.venv\Lib\site-packages\sqlalchemy\engine\base.py:146: in __init__
    self._dbapi_connection = engine.raw_connection()
.venv\Lib\site-packages\sqlalchemy\engine\base.py:3302: in raw_connection
    return self.pool.connect()
.venv\Lib\site-packages\sqlalchemy\pool\base.py:449: in connect
    return _ConnectionFairy._checkout(self)
.venv\Lib\site-packages\sqlalchemy\pool\base.py:1263: in _checkout
    fairy = _ConnectionRecord.checkout(pool)
.venv\Lib\site-packages\sqlalchemy\pool\base.py:712: in checkout
    rec = pool._do_get()
.venv\Lib\site-packages\sqlalchemy\pool\impl.py:179: in _do_get
    with util.safe_reraise():
.venv\Lib\site-packages\sqlalchemy\util\langhelpers.py:146: in __exit__
    raise exc_value.with_traceback(exc_tb)
.venv\Lib\site-packages\sqlalchemy\pool\impl.py:177: in _do_get
    return self._create_connection()
.venv\Lib\site-packages\sqlalchemy\pool\base.py:390: in _create_connection
    return _ConnectionRecord(self)
.venv\Lib\site-packages\sqlalchemy\pool\base.py:674: in __init__
    self.__connect()
.venv\Lib\site-packages\sqlalchemy\pool\base.py:900: in __connect
    with util.safe_reraise():
.venv\Lib\site-packages\sqlalchemy\util\langhelpers.py:146: in __exit__
    raise exc_value.with_traceback(exc_tb)
.venv\Lib\site-packages\sqlalchemy\pool\base.py:896: in __connect
    self.dbapi_connection = connection = pool._invoke_creator(self)
.venv\Lib\site-packages\sqlalchemy\engine\create.py:643: in connect
    return dialect.connect(*cargs, **cparams)
.venv\Lib\site-packages\sqlalchemy\engine\default.py:621: in connect
    return self.loaded_dbapi.connect(*cargs, **cparams)
.venv\Lib\site-packages\psycopg2\__init__.py:135: in connect
    conn = _connect(dsn, connection_factory=connection_factory, **kwasync)
E   psycopg2.OperationalError: connection to server at "localhost" (::1), port 5432 failed: FATAL:  database "pulseboard_test" does not exist

The above exception was the direct cause of the following exception:
app\tests\conftest.py:49: in _create_schema
    Base.metadata.drop_all(bind=sync_engine)
.venv\Lib\site-packages\sqlalchemy\sql\schema.py:5896: in drop_all
    bind._run_ddl_visitor(
.venv\Lib\site-packages\sqlalchemy\engine\base.py:3252: in _run_ddl_visitor
    with self.begin() as conn:
..\..\..\..\AppData\Local\Programs\Python\Python313\Lib\contextlib.py:141: in __enter__
    return next(self.gen)
.venv\Lib\site-packages\sqlalchemy\engine\base.py:3242: in begin
    with self.connect() as conn:
.venv\Lib\site-packages\sqlalchemy\engine\base.py:3278: in connect
    return self._connection_cls(self)
.venv\Lib\site-packages\sqlalchemy\engine\base.py:148: in __init__
    Connection._handle_dbapi_exception_noconnection(
.venv\Lib\site-packages\sqlalchemy\engine\base.py:2442: in _handle_dbapi_exception_noconnection
    raise sqlalchemy_exception.with_traceback(exc_info[2]) from e
.venv\Lib\site-packages\sqlalchemy\engine\base.py:146: in __init__
    self._dbapi_connection = engine.raw_connection()
.venv\Lib\site-packages\sqlalchemy\engine\base.py:3302: in raw_connection
    return self.pool.connect()
.venv\Lib\site-packages\sqlalchemy\pool\base.py:449: in connect
    return _ConnectionFairy._checkout(self)
.venv\Lib\site-packages\sqlalchemy\pool\base.py:1263: in _checkout
    fairy = _ConnectionRecord.checkout(pool)
.venv\Lib\site-packages\sqlalchemy\pool\base.py:712: in checkout
    rec = pool._do_get()
.venv\Lib\site-packages\sqlalchemy\pool\impl.py:179: in _do_get
    with util.safe_reraise():
.venv\Lib\site-packages\sqlalchemy\util\langhelpers.py:146: in __exit__
    raise exc_value.with_traceback(exc_tb)
.venv\Lib\site-packages\sqlalchemy\pool\impl.py:177: in _do_get
    return self._create_connection()
.venv\Lib\site-packages\sqlalchemy\pool\base.py:390: in _create_connection
    return _ConnectionRecord(self)
.venv\Lib\site-packages\sqlalchemy\pool\base.py:674: in __init__
    self.__connect()
.venv\Lib\site-packages\sqlalchemy\pool\base.py:900: in __connect
    with util.safe_reraise():
.venv\Lib\site-packages\sqlalchemy\util\langhelpers.py:146: in __exit__
    raise exc_value.with_traceback(exc_tb)
.venv\Lib\site-packages\sqlalchemy\pool\base.py:896: in __connect
    self.dbapi_connection = connection = pool._invoke_creator(self)
.venv\Lib\site-packages\sqlalchemy\engine\create.py:643: in connect
    return dialect.connect(*cargs, **cparams)
.venv\Lib\site-packages\sqlalchemy\engine\default.py:621: in connect
    return self.loaded_dbapi.connect(*cargs, **cparams)
.venv\Lib\site-packages\psycopg2\__init__.py:135: in connect
    conn = _connect(dsn, connection_factory=connection_factory, **kwasync)
E   sqlalchemy.exc.OperationalError: (psycopg2.OperationalError) connection to server at "localhost" (::1), port 5432 failed: FATAL:  database "pulseboard_test" does not exist
E   
E   (Background on this error at: https://sqlalche.me/e/20/e3q8)
_ ERROR at setup of TestMalformedURLs.test_missing_hostname_rejected[http:///no-host-at-all] _
.venv\Lib\site-packages\sqlalchemy\engine\base.py:146: in __init__
    self._dbapi_connection = engine.raw_connection()
.venv\Lib\site-packages\sqlalchemy\engine\base.py:3302: in raw_connection
    return self.pool.connect()
.venv\Lib\site-packages\sqlalchemy\pool\base.py:449: in connect
    return _ConnectionFairy._checkout(self)
.venv\Lib\site-packages\sqlalchemy\pool\base.py:1263: in _checkout
    fairy = _ConnectionRecord.checkout(pool)
.venv\Lib\site-packages\sqlalchemy\pool\base.py:712: in checkout
    rec = pool._do_get()
.venv\Lib\site-packages\sqlalchemy\pool\impl.py:179: in _do_get
    with util.safe_reraise():
.venv\Lib\site-packages\sqlalchemy\util\langhelpers.py:146: in __exit__
    raise exc_value.with_traceback(exc_tb)
.venv\Lib\site-packages\sqlalchemy\pool\impl.py:177: in _do_get
    return self._create_connection()
.venv\Lib\site-packages\sqlalchemy\pool\base.py:390: in _create_connection
    return _ConnectionRecord(self)
.venv\Lib\site-packages\sqlalchemy\pool\base.py:674: in __init__
    self.__connect()
.venv\Lib\site-packages\sqlalchemy\pool\base.py:900: in __connect
    with util.safe_reraise():
.venv\Lib\site-packages\sqlalchemy\util\langhelpers.py:146: in __exit__
    raise exc_value.with_traceback(exc_tb)
.venv\Lib\site-packages\sqlalchemy\pool\base.py:896: in __connect
    self.dbapi_connection = connection = pool._invoke_creator(self)
.venv\Lib\site-packages\sqlalchemy\engine\create.py:643: in connect
    return dialect.connect(*cargs, **cparams)
.venv\Lib\site-packages\sqlalchemy\engine\default.py:621: in connect
    return self.loaded_dbapi.connect(*cargs, **cparams)
.venv\Lib\site-packages\psycopg2\__init__.py:135: in connect
    conn = _connect(dsn, connection_factory=connection_factory, **kwasync)
E   psycopg2.OperationalError: connection to server at "localhost" (::1), port 5432 failed: FATAL:  database "pulseboard_test" does not exist

The above exception was the direct cause of the following exception:
app\tests\conftest.py:49: in _create_schema
    Base.metadata.drop_all(bind=sync_engine)
.venv\Lib\site-packages\sqlalchemy\sql\schema.py:5896: in drop_all
    bind._run_ddl_visitor(
.venv\Lib\site-packages\sqlalchemy\engine\base.py:3252: in _run_ddl_visitor
    with self.begin() as conn:
..\..\..\..\AppData\Local\Programs\Python\Python313\Lib\contextlib.py:141: in __enter__
    return next(self.gen)
.venv\Lib\site-packages\sqlalchemy\engine\base.py:3242: in begin
    with self.connect() as conn:
.venv\Lib\site-packages\sqlalchemy\engine\base.py:3278: in connect
    return self._connection_cls(self)
.venv\Lib\site-packages\sqlalchemy\engine\base.py:148: in __init__
    Connection._handle_dbapi_exception_noconnection(
.venv\Lib\site-packages\sqlalchemy\engine\base.py:2442: in _handle_dbapi_exception_noconnection
    raise sqlalchemy_exception.with_traceback(exc_info[2]) from e
.venv\Lib\site-packages\sqlalchemy\engine\base.py:146: in __init__
    self._dbapi_connection = engine.raw_connection()
.venv\Lib\site-packages\sqlalchemy\engine\base.py:3302: in raw_connection
    return self.pool.connect()
.venv\Lib\site-packages\sqlalchemy\pool\base.py:449: in connect
    return _ConnectionFairy._checkout(self)
.venv\Lib\site-packages\sqlalchemy\pool\base.py:1263: in _checkout
    fairy = _ConnectionRecord.checkout(pool)
.venv\Lib\site-packages\sqlalchemy\pool\base.py:712: in checkout
    rec = pool._do_get()
.venv\Lib\site-packages\sqlalchemy\pool\impl.py:179: in _do_get
    with util.safe_reraise():
.venv\Lib\site-packages\sqlalchemy\util\langhelpers.py:146: in __exit__
    raise exc_value.with_traceback(exc_tb)
.venv\Lib\site-packages\sqlalchemy\pool\impl.py:177: in _do_get
    return self._create_connection()
.venv\Lib\site-packages\sqlalchemy\pool\base.py:390: in _create_connection
    return _ConnectionRecord(self)
.venv\Lib\site-packages\sqlalchemy\pool\base.py:674: in __init__
    self.__connect()
.venv\Lib\site-packages\sqlalchemy\pool\base.py:900: in __connect
    with util.safe_reraise():
.venv\Lib\site-packages\sqlalchemy\util\langhelpers.py:146: in __exit__
    raise exc_value.with_traceback(exc_tb)
.venv\Lib\site-packages\sqlalchemy\pool\base.py:896: in __connect
    self.dbapi_connection = connection = pool._invoke_creator(self)
.venv\Lib\site-packages\sqlalchemy\engine\create.py:643: in connect
    return dialect.connect(*cargs, **cparams)
.venv\Lib\site-packages\sqlalchemy\engine\default.py:621: in connect
    return self.loaded_dbapi.connect(*cargs, **cparams)
.venv\Lib\site-packages\psycopg2\__init__.py:135: in connect
    conn = _connect(dsn, connection_factory=connection_factory, **kwasync)
E   sqlalchemy.exc.OperationalError: (psycopg2.OperationalError) connection to server at "localhost" (::1), port 5432 failed: FATAL:  database "pulseboard_test" does not exist
E   
E   (Background on this error at: https://sqlalche.me/e/20/e3q8)
_ ERROR at setup of TestMalformedURLs.test_missing_hostname_rejected[http://] _
.venv\Lib\site-packages\sqlalchemy\engine\base.py:146: in __init__
    self._dbapi_connection = engine.raw_connection()
.venv\Lib\site-packages\sqlalchemy\engine\base.py:3302: in raw_connection
    return self.pool.connect()
.venv\Lib\site-packages\sqlalchemy\pool\base.py:449: in connect
    return _ConnectionFairy._checkout(self)
.venv\Lib\site-packages\sqlalchemy\pool\base.py:1263: in _checkout
    fairy = _ConnectionRecord.checkout(pool)
.venv\Lib\site-packages\sqlalchemy\pool\base.py:712: in checkout
    rec = pool._do_get()
.venv\Lib\site-packages\sqlalchemy\pool\impl.py:179: in _do_get
    with util.safe_reraise():
.venv\Lib\site-packages\sqlalchemy\util\langhelpers.py:146: in __exit__
    raise exc_value.with_traceback(exc_tb)
.venv\Lib\site-packages\sqlalchemy\pool\impl.py:177: in _do_get
    return self._create_connection()
.venv\Lib\site-packages\sqlalchemy\pool\base.py:390: in _create_connection
    return _ConnectionRecord(self)
.venv\Lib\site-packages\sqlalchemy\pool\base.py:674: in __init__
    self.__connect()
.venv\Lib\site-packages\sqlalchemy\pool\base.py:900: in __connect
    with util.safe_reraise():
.venv\Lib\site-packages\sqlalchemy\util\langhelpers.py:146: in __exit__
    raise exc_value.with_traceback(exc_tb)
.venv\Lib\site-packages\sqlalchemy\pool\base.py:896: in __connect
    self.dbapi_connection = connection = pool._invoke_creator(self)
.venv\Lib\site-packages\sqlalchemy\engine\create.py:643: in connect
    return dialect.connect(*cargs, **cparams)
.venv\Lib\site-packages\sqlalchemy\engine\default.py:621: in connect
    return self.loaded_dbapi.connect(*cargs, **cparams)
.venv\Lib\site-packages\psycopg2\__init__.py:135: in connect
    conn = _connect(dsn, connection_factory=connection_factory, **kwasync)
E   psycopg2.OperationalError: connection to server at "localhost" (::1), port 5432 failed: FATAL:  database "pulseboard_test" does not exist

The above exception was the direct cause of the following exception:
app\tests\conftest.py:49: in _create_schema
    Base.metadata.drop_all(bind=sync_engine)
.venv\Lib\site-packages\sqlalchemy\sql\schema.py:5896: in drop_all
    bind._run_ddl_visitor(
.venv\Lib\site-packages\sqlalchemy\engine\base.py:3252: in _run_ddl_visitor
    with self.begin() as conn:
..\..\..\..\AppData\Local\Programs\Python\Python313\Lib\contextlib.py:141: in __enter__
    return next(self.gen)
.venv\Lib\site-packages\sqlalchemy\engine\base.py:3242: in begin
    with self.connect() as conn:
.venv\Lib\site-packages\sqlalchemy\engine\base.py:3278: in connect
    return self._connection_cls(self)
.venv\Lib\site-packages\sqlalchemy\engine\base.py:148: in __init__
    Connection._handle_dbapi_exception_noconnection(
.venv\Lib\site-packages\sqlalchemy\engine\base.py:2442: in _handle_dbapi_exception_noconnection
    raise sqlalchemy_exception.with_traceback(exc_info[2]) from e
.venv\Lib\site-packages\sqlalchemy\engine\base.py:146: in __init__
    self._dbapi_connection = engine.raw_connection()
.venv\Lib\site-packages\sqlalchemy\engine\base.py:3302: in raw_connection
    return self.pool.connect()
.venv\Lib\site-packages\sqlalchemy\pool\base.py:449: in connect
    return _ConnectionFairy._checkout(self)
.venv\Lib\site-packages\sqlalchemy\pool\base.py:1263: in _checkout
    fairy = _ConnectionRecord.checkout(pool)
.venv\Lib\site-packages\sqlalchemy\pool\base.py:712: in checkout
    rec = pool._do_get()
.venv\Lib\site-packages\sqlalchemy\pool\impl.py:179: in _do_get
    with util.safe_reraise():
.venv\Lib\site-packages\sqlalchemy\util\langhelpers.py:146: in __exit__
    raise exc_value.with_traceback(exc_tb)
.venv\Lib\site-packages\sqlalchemy\pool\impl.py:177: in _do_get
    return self._create_connection()
.venv\Lib\site-packages\sqlalchemy\pool\base.py:390: in _create_connection
    return _ConnectionRecord(self)
.venv\Lib\site-packages\sqlalchemy\pool\base.py:674: in __init__
    self.__connect()
.venv\Lib\site-packages\sqlalchemy\pool\base.py:900: in __connect
    with util.safe_reraise():
.venv\Lib\site-packages\sqlalchemy\util\langhelpers.py:146: in __exit__
    raise exc_value.with_traceback(exc_tb)
.venv\Lib\site-packages\sqlalchemy\pool\base.py:896: in __connect
    self.dbapi_connection = connection = pool._invoke_creator(self)
.venv\Lib\site-packages\sqlalchemy\engine\create.py:643: in connect
    return dialect.connect(*cargs, **cparams)
.venv\Lib\site-packages\sqlalchemy\engine\default.py:621: in connect
    return self.loaded_dbapi.connect(*cargs, **cparams)
.venv\Lib\site-packages\psycopg2\__init__.py:135: in connect
    conn = _connect(dsn, connection_factory=connection_factory, **kwasync)
E   sqlalchemy.exc.OperationalError: (psycopg2.OperationalError) connection to server at "localhost" (::1), port 5432 failed: FATAL:  database "pulseboard_test" does not exist
E   
E   (Background on this error at: https://sqlalche.me/e/20/e3q8)
_ ERROR at setup of TestMalformedURLs.test_missing_hostname_rejected[not-a-url-at-all] _
.venv\Lib\site-packages\sqlalchemy\engine\base.py:146: in __init__
    self._dbapi_connection = engine.raw_connection()
.venv\Lib\site-packages\sqlalchemy\engine\base.py:3302: in raw_connection
    return self.pool.connect()
.venv\Lib\site-packages\sqlalchemy\pool\base.py:449: in connect
    return _ConnectionFairy._checkout(self)
.venv\Lib\site-packages\sqlalchemy\pool\base.py:1263: in _checkout
    fairy = _ConnectionRecord.checkout(pool)
.venv\Lib\site-packages\sqlalchemy\pool\base.py:712: in checkout
    rec = pool._do_get()
.venv\Lib\site-packages\sqlalchemy\pool\impl.py:179: in _do_get
    with util.safe_reraise():
.venv\Lib\site-packages\sqlalchemy\util\langhelpers.py:146: in __exit__
    raise exc_value.with_traceback(exc_tb)
.venv\Lib\site-packages\sqlalchemy\pool\impl.py:177: in _do_get
    return self._create_connection()
.venv\Lib\site-packages\sqlalchemy\pool\base.py:390: in _create_connection
    return _ConnectionRecord(self)
.venv\Lib\site-packages\sqlalchemy\pool\base.py:674: in __init__
    self.__connect()
.venv\Lib\site-packages\sqlalchemy\pool\base.py:900: in __connect
    with util.safe_reraise():
.venv\Lib\site-packages\sqlalchemy\util\langhelpers.py:146: in __exit__
    raise exc_value.with_traceback(exc_tb)
.venv\Lib\site-packages\sqlalchemy\pool\base.py:896: in __connect
    self.dbapi_connection = connection = pool._invoke_creator(self)
.venv\Lib\site-packages\sqlalchemy\engine\create.py:643: in connect
    return dialect.connect(*cargs, **cparams)
.venv\Lib\site-packages\sqlalchemy\engine\default.py:621: in connect
    return self.loaded_dbapi.connect(*cargs, **cparams)
.venv\Lib\site-packages\psycopg2\__init__.py:135: in connect
    conn = _connect(dsn, connection_factory=connection_factory, **kwasync)
E   psycopg2.OperationalError: connection to server at "localhost" (::1), port 5432 failed: FATAL:  database "pulseboard_test" does not exist

The above exception was the direct cause of the following exception:
app\tests\conftest.py:49: in _create_schema
    Base.metadata.drop_all(bind=sync_engine)
.venv\Lib\site-packages\sqlalchemy\sql\schema.py:5896: in drop_all
    bind._run_ddl_visitor(
.venv\Lib\site-packages\sqlalchemy\engine\base.py:3252: in _run_ddl_visitor
    with self.begin() as conn:
..\..\..\..\AppData\Local\Programs\Python\Python313\Lib\contextlib.py:141: in __enter__
    return next(self.gen)
.venv\Lib\site-packages\sqlalchemy\engine\base.py:3242: in begin
    with self.connect() as conn:
.venv\Lib\site-packages\sqlalchemy\engine\base.py:3278: in connect
    return self._connection_cls(self)
.venv\Lib\site-packages\sqlalchemy\engine\base.py:148: in __init__
    Connection._handle_dbapi_exception_noconnection(
.venv\Lib\site-packages\sqlalchemy\engine\base.py:2442: in _handle_dbapi_exception_noconnection
    raise sqlalchemy_exception.with_traceback(exc_info[2]) from e
.venv\Lib\site-packages\sqlalchemy\engine\base.py:146: in __init__
    self._dbapi_connection = engine.raw_connection()
.venv\Lib\site-packages\sqlalchemy\engine\base.py:3302: in raw_connection
    return self.pool.connect()
.venv\Lib\site-packages\sqlalchemy\pool\base.py:449: in connect
    return _ConnectionFairy._checkout(self)
.venv\Lib\site-packages\sqlalchemy\pool\base.py:1263: in _checkout
    fairy = _ConnectionRecord.checkout(pool)
.venv\Lib\site-packages\sqlalchemy\pool\base.py:712: in checkout
    rec = pool._do_get()
.venv\Lib\site-packages\sqlalchemy\pool\impl.py:179: in _do_get
    with util.safe_reraise():
.venv\Lib\site-packages\sqlalchemy\util\langhelpers.py:146: in __exit__
    raise exc_value.with_traceback(exc_tb)
.venv\Lib\site-packages\sqlalchemy\pool\impl.py:177: in _do_get
    return self._create_connection()
.venv\Lib\site-packages\sqlalchemy\pool\base.py:390: in _create_connection
    return _ConnectionRecord(self)
.venv\Lib\site-packages\sqlalchemy\pool\base.py:674: in __init__
    self.__connect()
.venv\Lib\site-packages\sqlalchemy\pool\base.py:900: in __connect
    with util.safe_reraise():
.venv\Lib\site-packages\sqlalchemy\util\langhelpers.py:146: in __exit__
    raise exc_value.with_traceback(exc_tb)
.venv\Lib\site-packages\sqlalchemy\pool\base.py:896: in __connect
    self.dbapi_connection = connection = pool._invoke_creator(self)
.venv\Lib\site-packages\sqlalchemy\engine\create.py:643: in connect
    return dialect.connect(*cargs, **cparams)
.venv\Lib\site-packages\sqlalchemy\engine\default.py:621: in connect
    return self.loaded_dbapi.connect(*cargs, **cparams)
.venv\Lib\site-packages\psycopg2\__init__.py:135: in connect
    conn = _connect(dsn, connection_factory=connection_factory, **kwasync)
E   sqlalchemy.exc.OperationalError: (psycopg2.OperationalError) connection to server at "localhost" (::1), port 5432 failed: FATAL:  database "pulseboard_test" does not exist
E   
E   (Background on this error at: https://sqlalche.me/e/20/e3q8)
_ ERROR at setup of TestHostnameResolutionMocked.test_hostname_resolving_to_private_ip_is_blocked _
.venv\Lib\site-packages\sqlalchemy\engine\base.py:146: in __init__
    self._dbapi_connection = engine.raw_connection()
.venv\Lib\site-packages\sqlalchemy\engine\base.py:3302: in raw_connection
    return self.pool.connect()
.venv\Lib\site-packages\sqlalchemy\pool\base.py:449: in connect
    return _ConnectionFairy._checkout(self)
.venv\Lib\site-packages\sqlalchemy\pool\base.py:1263: in _checkout
    fairy = _ConnectionRecord.checkout(pool)
.venv\Lib\site-packages\sqlalchemy\pool\base.py:712: in checkout
    rec = pool._do_get()
.venv\Lib\site-packages\sqlalchemy\pool\impl.py:179: in _do_get
    with util.safe_reraise():
.venv\Lib\site-packages\sqlalchemy\util\langhelpers.py:146: in __exit__
    raise exc_value.with_traceback(exc_tb)
.venv\Lib\site-packages\sqlalchemy\pool\impl.py:177: in _do_get
    return self._create_connection()
.venv\Lib\site-packages\sqlalchemy\pool\base.py:390: in _create_connection
    return _ConnectionRecord(self)
.venv\Lib\site-packages\sqlalchemy\pool\base.py:674: in __init__
    self.__connect()
.venv\Lib\site-packages\sqlalchemy\pool\base.py:900: in __connect
    with util.safe_reraise():
.venv\Lib\site-packages\sqlalchemy\util\langhelpers.py:146: in __exit__
    raise exc_value.with_traceback(exc_tb)
.venv\Lib\site-packages\sqlalchemy\pool\base.py:896: in __connect
    self.dbapi_connection = connection = pool._invoke_creator(self)
.venv\Lib\site-packages\sqlalchemy\engine\create.py:643: in connect
    return dialect.connect(*cargs, **cparams)
.venv\Lib\site-packages\sqlalchemy\engine\default.py:621: in connect
    return self.loaded_dbapi.connect(*cargs, **cparams)
.venv\Lib\site-packages\psycopg2\__init__.py:135: in connect
    conn = _connect(dsn, connection_factory=connection_factory, **kwasync)
E   psycopg2.OperationalError: connection to server at "localhost" (::1), port 5432 failed: FATAL:  database "pulseboard_test" does not exist

The above exception was the direct cause of the following exception:
app\tests\conftest.py:49: in _create_schema
    Base.metadata.drop_all(bind=sync_engine)
.venv\Lib\site-packages\sqlalchemy\sql\schema.py:5896: in drop_all
    bind._run_ddl_visitor(
.venv\Lib\site-packages\sqlalchemy\engine\base.py:3252: in _run_ddl_visitor
    with self.begin() as conn:
..\..\..\..\AppData\Local\Programs\Python\Python313\Lib\contextlib.py:141: in __enter__
    return next(self.gen)
.venv\Lib\site-packages\sqlalchemy\engine\base.py:3242: in begin
    with self.connect() as conn:
.venv\Lib\site-packages\sqlalchemy\engine\base.py:3278: in connect
    return self._connection_cls(self)
.venv\Lib\site-packages\sqlalchemy\engine\base.py:148: in __init__
    Connection._handle_dbapi_exception_noconnection(
.venv\Lib\site-packages\sqlalchemy\engine\base.py:2442: in _handle_dbapi_exception_noconnection
    raise sqlalchemy_exception.with_traceback(exc_info[2]) from e
.venv\Lib\site-packages\sqlalchemy\engine\base.py:146: in __init__
    self._dbapi_connection = engine.raw_connection()
.venv\Lib\site-packages\sqlalchemy\engine\base.py:3302: in raw_connection
    return self.pool.connect()
.venv\Lib\site-packages\sqlalchemy\pool\base.py:449: in connect
    return _ConnectionFairy._checkout(self)
.venv\Lib\site-packages\sqlalchemy\pool\base.py:1263: in _checkout
    fairy = _ConnectionRecord.checkout(pool)
.venv\Lib\site-packages\sqlalchemy\pool\base.py:712: in checkout
    rec = pool._do_get()
.venv\Lib\site-packages\sqlalchemy\pool\impl.py:179: in _do_get
    with util.safe_reraise():
.venv\Lib\site-packages\sqlalchemy\util\langhelpers.py:146: in __exit__
    raise exc_value.with_traceback(exc_tb)
.venv\Lib\site-packages\sqlalchemy\pool\impl.py:177: in _do_get
    return self._create_connection()
.venv\Lib\site-packages\sqlalchemy\pool\base.py:390: in _create_connection
    return _ConnectionRecord(self)
.venv\Lib\site-packages\sqlalchemy\pool\base.py:674: in __init__
    self.__connect()
.venv\Lib\site-packages\sqlalchemy\pool\base.py:900: in __connect
    with util.safe_reraise():
.venv\Lib\site-packages\sqlalchemy\util\langhelpers.py:146: in __exit__
    raise exc_value.with_traceback(exc_tb)
.venv\Lib\site-packages\sqlalchemy\pool\base.py:896: in __connect
    self.dbapi_connection = connection = pool._invoke_creator(self)
.venv\Lib\site-packages\sqlalchemy\engine\create.py:643: in connect
    return dialect.connect(*cargs, **cparams)
.venv\Lib\site-packages\sqlalchemy\engine\default.py:621: in connect
    return self.loaded_dbapi.connect(*cargs, **cparams)
.venv\Lib\site-packages\psycopg2\__init__.py:135: in connect
    conn = _connect(dsn, connection_factory=connection_factory, **kwasync)
E   sqlalchemy.exc.OperationalError: (psycopg2.OperationalError) connection to server at "localhost" (::1), port 5432 failed: FATAL:  database "pulseboard_test" does not exist
E   
E   (Background on this error at: https://sqlalche.me/e/20/e3q8)
_ ERROR at setup of TestHostnameResolutionMocked.test_hostname_resolving_to_metadata_ip_is_blocked _
.venv\Lib\site-packages\sqlalchemy\engine\base.py:146: in __init__
    self._dbapi_connection = engine.raw_connection()
.venv\Lib\site-packages\sqlalchemy\engine\base.py:3302: in raw_connection
    return self.pool.connect()
.venv\Lib\site-packages\sqlalchemy\pool\base.py:449: in connect
    return _ConnectionFairy._checkout(self)
.venv\Lib\site-packages\sqlalchemy\pool\base.py:1263: in _checkout
    fairy = _ConnectionRecord.checkout(pool)
.venv\Lib\site-packages\sqlalchemy\pool\base.py:712: in checkout
    rec = pool._do_get()
.venv\Lib\site-packages\sqlalchemy\pool\impl.py:179: in _do_get
    with util.safe_reraise():
.venv\Lib\site-packages\sqlalchemy\util\langhelpers.py:146: in __exit__
    raise exc_value.with_traceback(exc_tb)
.venv\Lib\site-packages\sqlalchemy\pool\impl.py:177: in _do_get
    return self._create_connection()
.venv\Lib\site-packages\sqlalchemy\pool\base.py:390: in _create_connection
    return _ConnectionRecord(self)
.venv\Lib\site-packages\sqlalchemy\pool\base.py:674: in __init__
    self.__connect()
.venv\Lib\site-packages\sqlalchemy\pool\base.py:900: in __connect
    with util.safe_reraise():
.venv\Lib\site-packages\sqlalchemy\util\langhelpers.py:146: in __exit__
    raise exc_value.with_traceback(exc_tb)
.venv\Lib\site-packages\sqlalchemy\pool\base.py:896: in __connect
    self.dbapi_connection = connection = pool._invoke_creator(self)
.venv\Lib\site-packages\sqlalchemy\engine\create.py:643: in connect
    return dialect.connect(*cargs, **cparams)
.venv\Lib\site-packages\sqlalchemy\engine\default.py:621: in connect
    return self.loaded_dbapi.connect(*cargs, **cparams)
.venv\Lib\site-packages\psycopg2\__init__.py:135: in connect
    conn = _connect(dsn, connection_factory=connection_factory, **kwasync)
E   psycopg2.OperationalError: connection to server at "localhost" (::1), port 5432 failed: FATAL:  database "pulseboard_test" does not exist

The above exception was the direct cause of the following exception:
app\tests\conftest.py:49: in _create_schema
    Base.metadata.drop_all(bind=sync_engine)
.venv\Lib\site-packages\sqlalchemy\sql\schema.py:5896: in drop_all
    bind._run_ddl_visitor(
.venv\Lib\site-packages\sqlalchemy\engine\base.py:3252: in _run_ddl_visitor
    with self.begin() as conn:
..\..\..\..\AppData\Local\Programs\Python\Python313\Lib\contextlib.py:141: in __enter__
    return next(self.gen)
.venv\Lib\site-packages\sqlalchemy\engine\base.py:3242: in begin
    with self.connect() as conn:
.venv\Lib\site-packages\sqlalchemy\engine\base.py:3278: in connect
    return self._connection_cls(self)
.venv\Lib\site-packages\sqlalchemy\engine\base.py:148: in __init__
    Connection._handle_dbapi_exception_noconnection(
.venv\Lib\site-packages\sqlalchemy\engine\base.py:2442: in _handle_dbapi_exception_noconnection
    raise sqlalchemy_exception.with_traceback(exc_info[2]) from e
.venv\Lib\site-packages\sqlalchemy\engine\base.py:146: in __init__
    self._dbapi_connection = engine.raw_connection()
.venv\Lib\site-packages\sqlalchemy\engine\base.py:3302: in raw_connection
    return self.pool.connect()
.venv\Lib\site-packages\sqlalchemy\pool\base.py:449: in connect
    return _ConnectionFairy._checkout(self)
.venv\Lib\site-packages\sqlalchemy\pool\base.py:1263: in _checkout
    fairy = _ConnectionRecord.checkout(pool)
.venv\Lib\site-packages\sqlalchemy\pool\base.py:712: in checkout
    rec = pool._do_get()
.venv\Lib\site-packages\sqlalchemy\pool\impl.py:179: in _do_get
    with util.safe_reraise():
.venv\Lib\site-packages\sqlalchemy\util\langhelpers.py:146: in __exit__
    raise exc_value.with_traceback(exc_tb)
.venv\Lib\site-packages\sqlalchemy\pool\impl.py:177: in _do_get
    return self._create_connection()
.venv\Lib\site-packages\sqlalchemy\pool\base.py:390: in _create_connection
    return _ConnectionRecord(self)
.venv\Lib\site-packages\sqlalchemy\pool\base.py:674: in __init__
    self.__connect()
.venv\Lib\site-packages\sqlalchemy\pool\base.py:900: in __connect
    with util.safe_reraise():
.venv\Lib\site-packages\sqlalchemy\util\langhelpers.py:146: in __exit__
    raise exc_value.with_traceback(exc_tb)
.venv\Lib\site-packages\sqlalchemy\pool\base.py:896: in __connect
    self.dbapi_connection = connection = pool._invoke_creator(self)
.venv\Lib\site-packages\sqlalchemy\engine\create.py:643: in connect
    return dialect.connect(*cargs, **cparams)
.venv\Lib\site-packages\sqlalchemy\engine\default.py:621: in connect
    return self.loaded_dbapi.connect(*cargs, **cparams)
.venv\Lib\site-packages\psycopg2\__init__.py:135: in connect
    conn = _connect(dsn, connection_factory=connection_factory, **kwasync)
E   sqlalchemy.exc.OperationalError: (psycopg2.OperationalError) connection to server at "localhost" (::1), port 5432 failed: FATAL:  database "pulseboard_test" does not exist
E   
E   (Background on this error at: https://sqlalche.me/e/20/e3q8)
_ ERROR at setup of TestHostnameResolutionMocked.test_hostname_resolving_to_public_ip_is_allowed _
.venv\Lib\site-packages\sqlalchemy\engine\base.py:146: in __init__
    self._dbapi_connection = engine.raw_connection()
.venv\Lib\site-packages\sqlalchemy\engine\base.py:3302: in raw_connection
    return self.pool.connect()
.venv\Lib\site-packages\sqlalchemy\pool\base.py:449: in connect
    return _ConnectionFairy._checkout(self)
.venv\Lib\site-packages\sqlalchemy\pool\base.py:1263: in _checkout
    fairy = _ConnectionRecord.checkout(pool)
.venv\Lib\site-packages\sqlalchemy\pool\base.py:712: in checkout
    rec = pool._do_get()
.venv\Lib\site-packages\sqlalchemy\pool\impl.py:179: in _do_get
    with util.safe_reraise():
.venv\Lib\site-packages\sqlalchemy\util\langhelpers.py:146: in __exit__
    raise exc_value.with_traceback(exc_tb)
.venv\Lib\site-packages\sqlalchemy\pool\impl.py:177: in _do_get
    return self._create_connection()
.venv\Lib\site-packages\sqlalchemy\pool\base.py:390: in _create_connection
    return _ConnectionRecord(self)
.venv\Lib\site-packages\sqlalchemy\pool\base.py:674: in __init__
    self.__connect()
.venv\Lib\site-packages\sqlalchemy\pool\base.py:900: in __connect
    with util.safe_reraise():
.venv\Lib\site-packages\sqlalchemy\util\langhelpers.py:146: in __exit__
    raise exc_value.with_traceback(exc_tb)
.venv\Lib\site-packages\sqlalchemy\pool\base.py:896: in __connect
    self.dbapi_connection = connection = pool._invoke_creator(self)
.venv\Lib\site-packages\sqlalchemy\engine\create.py:643: in connect
    return dialect.connect(*cargs, **cparams)
.venv\Lib\site-packages\sqlalchemy\engine\default.py:621: in connect
    return self.loaded_dbapi.connect(*cargs, **cparams)
.venv\Lib\site-packages\psycopg2\__init__.py:135: in connect
    conn = _connect(dsn, connection_factory=connection_factory, **kwasync)
E   psycopg2.OperationalError: connection to server at "localhost" (::1), port 5432 failed: FATAL:  database "pulseboard_test" does not exist

The above exception was the direct cause of the following exception:
app\tests\conftest.py:49: in _create_schema
    Base.metadata.drop_all(bind=sync_engine)
.venv\Lib\site-packages\sqlalchemy\sql\schema.py:5896: in drop_all
    bind._run_ddl_visitor(
.venv\Lib\site-packages\sqlalchemy\engine\base.py:3252: in _run_ddl_visitor
    with self.begin() as conn:
..\..\..\..\AppData\Local\Programs\Python\Python313\Lib\contextlib.py:141: in __enter__
    return next(self.gen)
.venv\Lib\site-packages\sqlalchemy\engine\base.py:3242: in begin
    with self.connect() as conn:
.venv\Lib\site-packages\sqlalchemy\engine\base.py:3278: in connect
    return self._connection_cls(self)
.venv\Lib\site-packages\sqlalchemy\engine\base.py:148: in __init__
    Connection._handle_dbapi_exception_noconnection(
.venv\Lib\site-packages\sqlalchemy\engine\base.py:2442: in _handle_dbapi_exception_noconnection
    raise sqlalchemy_exception.with_traceback(exc_info[2]) from e
.venv\Lib\site-packages\sqlalchemy\engine\base.py:146: in __init__
    self._dbapi_connection = engine.raw_connection()
.venv\Lib\site-packages\sqlalchemy\engine\base.py:3302: in raw_connection
    return self.pool.connect()
.venv\Lib\site-packages\sqlalchemy\pool\base.py:449: in connect
    return _ConnectionFairy._checkout(self)
.venv\Lib\site-packages\sqlalchemy\pool\base.py:1263: in _checkout
    fairy = _ConnectionRecord.checkout(pool)
.venv\Lib\site-packages\sqlalchemy\pool\base.py:712: in checkout
    rec = pool._do_get()
.venv\Lib\site-packages\sqlalchemy\pool\impl.py:179: in _do_get
    with util.safe_reraise():
.venv\Lib\site-packages\sqlalchemy\util\langhelpers.py:146: in __exit__
    raise exc_value.with_traceback(exc_tb)
.venv\Lib\site-packages\sqlalchemy\pool\impl.py:177: in _do_get
    return self._create_connection()
.venv\Lib\site-packages\sqlalchemy\pool\base.py:390: in _create_connection
    return _ConnectionRecord(self)
.venv\Lib\site-packages\sqlalchemy\pool\base.py:674: in __init__
    self.__connect()
.venv\Lib\site-packages\sqlalchemy\pool\base.py:900: in __connect
    with util.safe_reraise():
.venv\Lib\site-packages\sqlalchemy\util\langhelpers.py:146: in __exit__
    raise exc_value.with_traceback(exc_tb)
.venv\Lib\site-packages\sqlalchemy\pool\base.py:896: in __connect
    self.dbapi_connection = connection = pool._invoke_creator(self)
.venv\Lib\site-packages\sqlalchemy\engine\create.py:643: in connect
    return dialect.connect(*cargs, **cparams)
.venv\Lib\site-packages\sqlalchemy\engine\default.py:621: in connect
    return self.loaded_dbapi.connect(*cargs, **cparams)
.venv\Lib\site-packages\psycopg2\__init__.py:135: in connect
    conn = _connect(dsn, connection_factory=connection_factory, **kwasync)
E   sqlalchemy.exc.OperationalError: (psycopg2.OperationalError) connection to server at "localhost" (::1), port 5432 failed: FATAL:  database "pulseboard_test" does not exist
E   
E   (Background on this error at: https://sqlalche.me/e/20/e3q8)
_ ERROR at setup of TestHostnameResolutionMocked.test_one_bad_ip_among_multiple_resolved_ips_blocks_the_whole_url _
.venv\Lib\site-packages\sqlalchemy\engine\base.py:146: in __init__
    self._dbapi_connection = engine.raw_connection()
.venv\Lib\site-packages\sqlalchemy\engine\base.py:3302: in raw_connection
    return self.pool.connect()
.venv\Lib\site-packages\sqlalchemy\pool\base.py:449: in connect
    return _ConnectionFairy._checkout(self)
.venv\Lib\site-packages\sqlalchemy\pool\base.py:1263: in _checkout
    fairy = _ConnectionRecord.checkout(pool)
.venv\Lib\site-packages\sqlalchemy\pool\base.py:712: in checkout
    rec = pool._do_get()
.venv\Lib\site-packages\sqlalchemy\pool\impl.py:179: in _do_get
    with util.safe_reraise():
.venv\Lib\site-packages\sqlalchemy\util\langhelpers.py:146: in __exit__
    raise exc_value.with_traceback(exc_tb)
.venv\Lib\site-packages\sqlalchemy\pool\impl.py:177: in _do_get
    return self._create_connection()
.venv\Lib\site-packages\sqlalchemy\pool\base.py:390: in _create_connection
    return _ConnectionRecord(self)
.venv\Lib\site-packages\sqlalchemy\pool\base.py:674: in __init__
    self.__connect()
.venv\Lib\site-packages\sqlalchemy\pool\base.py:900: in __connect
    with util.safe_reraise():
.venv\Lib\site-packages\sqlalchemy\util\langhelpers.py:146: in __exit__
    raise exc_value.with_traceback(exc_tb)
.venv\Lib\site-packages\sqlalchemy\pool\base.py:896: in __connect
    self.dbapi_connection = connection = pool._invoke_creator(self)
.venv\Lib\site-packages\sqlalchemy\engine\create.py:643: in connect
    return dialect.connect(*cargs, **cparams)
.venv\Lib\site-packages\sqlalchemy\engine\default.py:621: in connect
    return self.loaded_dbapi.connect(*cargs, **cparams)
.venv\Lib\site-packages\psycopg2\__init__.py:135: in connect
    conn = _connect(dsn, connection_factory=connection_factory, **kwasync)
E   psycopg2.OperationalError: connection to server at "localhost" (::1), port 5432 failed: FATAL:  database "pulseboard_test" does not exist

The above exception was the direct cause of the following exception:
app\tests\conftest.py:49: in _create_schema
    Base.metadata.drop_all(bind=sync_engine)
.venv\Lib\site-packages\sqlalchemy\sql\schema.py:5896: in drop_all
    bind._run_ddl_visitor(
.venv\Lib\site-packages\sqlalchemy\engine\base.py:3252: in _run_ddl_visitor
    with self.begin() as conn:
..\..\..\..\AppData\Local\Programs\Python\Python313\Lib\contextlib.py:141: in __enter__
    return next(self.gen)
.venv\Lib\site-packages\sqlalchemy\engine\base.py:3242: in begin
    with self.connect() as conn:
.venv\Lib\site-packages\sqlalchemy\engine\base.py:3278: in connect
    return self._connection_cls(self)
.venv\Lib\site-packages\sqlalchemy\engine\base.py:148: in __init__
    Connection._handle_dbapi_exception_noconnection(
.venv\Lib\site-packages\sqlalchemy\engine\base.py:2442: in _handle_dbapi_exception_noconnection
    raise sqlalchemy_exception.with_traceback(exc_info[2]) from e
.venv\Lib\site-packages\sqlalchemy\engine\base.py:146: in __init__
    self._dbapi_connection = engine.raw_connection()
.venv\Lib\site-packages\sqlalchemy\engine\base.py:3302: in raw_connection
    return self.pool.connect()
.venv\Lib\site-packages\sqlalchemy\pool\base.py:449: in connect
    return _ConnectionFairy._checkout(self)
.venv\Lib\site-packages\sqlalchemy\pool\base.py:1263: in _checkout
    fairy = _ConnectionRecord.checkout(pool)
.venv\Lib\site-packages\sqlalchemy\pool\base.py:712: in checkout
    rec = pool._do_get()
.venv\Lib\site-packages\sqlalchemy\pool\impl.py:179: in _do_get
    with util.safe_reraise():
.venv\Lib\site-packages\sqlalchemy\util\langhelpers.py:146: in __exit__
    raise exc_value.with_traceback(exc_tb)
.venv\Lib\site-packages\sqlalchemy\pool\impl.py:177: in _do_get
    return self._create_connection()
.venv\Lib\site-packages\sqlalchemy\pool\base.py:390: in _create_connection
    return _ConnectionRecord(self)
.venv\Lib\site-packages\sqlalchemy\pool\base.py:674: in __init__
    self.__connect()
.venv\Lib\site-packages\sqlalchemy\pool\base.py:900: in __connect
    with util.safe_reraise():
.venv\Lib\site-packages\sqlalchemy\util\langhelpers.py:146: in __exit__
    raise exc_value.with_traceback(exc_tb)
.venv\Lib\site-packages\sqlalchemy\pool\base.py:896: in __connect
    self.dbapi_connection = connection = pool._invoke_creator(self)
.venv\Lib\site-packages\sqlalchemy\engine\create.py:643: in connect
    return dialect.connect(*cargs, **cparams)
.venv\Lib\site-packages\sqlalchemy\engine\default.py:621: in connect
    return self.loaded_dbapi.connect(*cargs, **cparams)
.venv\Lib\site-packages\psycopg2\__init__.py:135: in connect
    conn = _connect(dsn, connection_factory=connection_factory, **kwasync)
E   sqlalchemy.exc.OperationalError: (psycopg2.OperationalError) connection to server at "localhost" (::1), port 5432 failed: FATAL:  database "pulseboard_test" does not exist
E   
E   (Background on this error at: https://sqlalche.me/e/20/e3q8)
_ ERROR at setup of TestHostnameResolutionMocked.test_dns_resolution_failure_is_rejected_not_crashed _
.venv\Lib\site-packages\sqlalchemy\engine\base.py:146: in __init__
    self._dbapi_connection = engine.raw_connection()
.venv\Lib\site-packages\sqlalchemy\engine\base.py:3302: in raw_connection
    return self.pool.connect()
.venv\Lib\site-packages\sqlalchemy\pool\base.py:449: in connect
    return _ConnectionFairy._checkout(self)
.venv\Lib\site-packages\sqlalchemy\pool\base.py:1263: in _checkout
    fairy = _ConnectionRecord.checkout(pool)
.venv\Lib\site-packages\sqlalchemy\pool\base.py:712: in checkout
    rec = pool._do_get()
.venv\Lib\site-packages\sqlalchemy\pool\impl.py:179: in _do_get
    with util.safe_reraise():
.venv\Lib\site-packages\sqlalchemy\util\langhelpers.py:146: in __exit__
    raise exc_value.with_traceback(exc_tb)
.venv\Lib\site-packages\sqlalchemy\pool\impl.py:177: in _do_get
    return self._create_connection()
.venv\Lib\site-packages\sqlalchemy\pool\base.py:390: in _create_connection
    return _ConnectionRecord(self)
.venv\Lib\site-packages\sqlalchemy\pool\base.py:674: in __init__
    self.__connect()
.venv\Lib\site-packages\sqlalchemy\pool\base.py:900: in __connect
    with util.safe_reraise():
.venv\Lib\site-packages\sqlalchemy\util\langhelpers.py:146: in __exit__
    raise exc_value.with_traceback(exc_tb)
.venv\Lib\site-packages\sqlalchemy\pool\base.py:896: in __connect
    self.dbapi_connection = connection = pool._invoke_creator(self)
.venv\Lib\site-packages\sqlalchemy\engine\create.py:643: in connect
    return dialect.connect(*cargs, **cparams)
.venv\Lib\site-packages\sqlalchemy\engine\default.py:621: in connect
    return self.loaded_dbapi.connect(*cargs, **cparams)
.venv\Lib\site-packages\psycopg2\__init__.py:135: in connect
    conn = _connect(dsn, connection_factory=connection_factory, **kwasync)
E   psycopg2.OperationalError: connection to server at "localhost" (::1), port 5432 failed: FATAL:  database "pulseboard_test" does not exist

The above exception was the direct cause of the following exception:
app\tests\conftest.py:49: in _create_schema
    Base.metadata.drop_all(bind=sync_engine)
.venv\Lib\site-packages\sqlalchemy\sql\schema.py:5896: in drop_all
    bind._run_ddl_visitor(
.venv\Lib\site-packages\sqlalchemy\engine\base.py:3252: in _run_ddl_visitor
    with self.begin() as conn:
..\..\..\..\AppData\Local\Programs\Python\Python313\Lib\contextlib.py:141: in __enter__
    return next(self.gen)
.venv\Lib\site-packages\sqlalchemy\engine\base.py:3242: in begin
    with self.connect() as conn:
.venv\Lib\site-packages\sqlalchemy\engine\base.py:3278: in connect
    return self._connection_cls(self)
.venv\Lib\site-packages\sqlalchemy\engine\base.py:148: in __init__
    Connection._handle_dbapi_exception_noconnection(
.venv\Lib\site-packages\sqlalchemy\engine\base.py:2442: in _handle_dbapi_exception_noconnection
    raise sqlalchemy_exception.with_traceback(exc_info[2]) from e
.venv\Lib\site-packages\sqlalchemy\engine\base.py:146: in __init__
    self._dbapi_connection = engine.raw_connection()
.venv\Lib\site-packages\sqlalchemy\engine\base.py:3302: in raw_connection
    return self.pool.connect()
.venv\Lib\site-packages\sqlalchemy\pool\base.py:449: in connect
    return _ConnectionFairy._checkout(self)
.venv\Lib\site-packages\sqlalchemy\pool\base.py:1263: in _checkout
    fairy = _ConnectionRecord.checkout(pool)
.venv\Lib\site-packages\sqlalchemy\pool\base.py:712: in checkout
    rec = pool._do_get()
.venv\Lib\site-packages\sqlalchemy\pool\impl.py:179: in _do_get
    with util.safe_reraise():
.venv\Lib\site-packages\sqlalchemy\util\langhelpers.py:146: in __exit__
    raise exc_value.with_traceback(exc_tb)
.venv\Lib\site-packages\sqlalchemy\pool\impl.py:177: in _do_get
    return self._create_connection()
.venv\Lib\site-packages\sqlalchemy\pool\base.py:390: in _create_connection
    return _ConnectionRecord(self)
.venv\Lib\site-packages\sqlalchemy\pool\base.py:674: in __init__
    self.__connect()
.venv\Lib\site-packages\sqlalchemy\pool\base.py:900: in __connect
    with util.safe_reraise():
.venv\Lib\site-packages\sqlalchemy\util\langhelpers.py:146: in __exit__
    raise exc_value.with_traceback(exc_tb)
.venv\Lib\site-packages\sqlalchemy\pool\base.py:896: in __connect
    self.dbapi_connection = connection = pool._invoke_creator(self)
.venv\Lib\site-packages\sqlalchemy\engine\create.py:643: in connect
    return dialect.connect(*cargs, **cparams)
.venv\Lib\site-packages\sqlalchemy\engine\default.py:621: in connect
    return self.loaded_dbapi.connect(*cargs, **cparams)
.venv\Lib\site-packages\psycopg2\__init__.py:135: in connect
    conn = _connect(dsn, connection_factory=connection_factory, **kwasync)
E   sqlalchemy.exc.OperationalError: (psycopg2.OperationalError) connection to server at "localhost" (::1), port 5432 failed: FATAL:  database "pulseboard_test" does not exist
E   
E   (Background on this error at: https://sqlalche.me/e/20/e3q8)
__ ERROR at setup of TestIPv4MappedIPv6.test_ipv4_mapped_loopback_is_blocked __
.venv\Lib\site-packages\sqlalchemy\engine\base.py:146: in __init__
    self._dbapi_connection = engine.raw_connection()
.venv\Lib\site-packages\sqlalchemy\engine\base.py:3302: in raw_connection
    return self.pool.connect()
.venv\Lib\site-packages\sqlalchemy\pool\base.py:449: in connect
    return _ConnectionFairy._checkout(self)
.venv\Lib\site-packages\sqlalchemy\pool\base.py:1263: in _checkout
    fairy = _ConnectionRecord.checkout(pool)
.venv\Lib\site-packages\sqlalchemy\pool\base.py:712: in checkout
    rec = pool._do_get()
.venv\Lib\site-packages\sqlalchemy\pool\impl.py:179: in _do_get
    with util.safe_reraise():
.venv\Lib\site-packages\sqlalchemy\util\langhelpers.py:146: in __exit__
    raise exc_value.with_traceback(exc_tb)
.venv\Lib\site-packages\sqlalchemy\pool\impl.py:177: in _do_get
    return self._create_connection()
.venv\Lib\site-packages\sqlalchemy\pool\base.py:390: in _create_connection
    return _ConnectionRecord(self)
.venv\Lib\site-packages\sqlalchemy\pool\base.py:674: in __init__
    self.__connect()
.venv\Lib\site-packages\sqlalchemy\pool\base.py:900: in __connect
    with util.safe_reraise():
.venv\Lib\site-packages\sqlalchemy\util\langhelpers.py:146: in __exit__
    raise exc_value.with_traceback(exc_tb)
.venv\Lib\site-packages\sqlalchemy\pool\base.py:896: in __connect
    self.dbapi_connection = connection = pool._invoke_creator(self)
.venv\Lib\site-packages\sqlalchemy\engine\create.py:643: in connect
    return dialect.connect(*cargs, **cparams)
.venv\Lib\site-packages\sqlalchemy\engine\default.py:621: in connect
    return self.loaded_dbapi.connect(*cargs, **cparams)
.venv\Lib\site-packages\psycopg2\__init__.py:135: in connect
    conn = _connect(dsn, connection_factory=connection_factory, **kwasync)
E   psycopg2.OperationalError: connection to server at "localhost" (::1), port 5432 failed: FATAL:  database "pulseboard_test" does not exist

The above exception was the direct cause of the following exception:
app\tests\conftest.py:49: in _create_schema
    Base.metadata.drop_all(bind=sync_engine)
.venv\Lib\site-packages\sqlalchemy\sql\schema.py:5896: in drop_all
    bind._run_ddl_visitor(
.venv\Lib\site-packages\sqlalchemy\engine\base.py:3252: in _run_ddl_visitor
    with self.begin() as conn:
..\..\..\..\AppData\Local\Programs\Python\Python313\Lib\contextlib.py:141: in __enter__
    return next(self.gen)
.venv\Lib\site-packages\sqlalchemy\engine\base.py:3242: in begin
    with self.connect() as conn:
.venv\Lib\site-packages\sqlalchemy\engine\base.py:3278: in connect
    return self._connection_cls(self)
.venv\Lib\site-packages\sqlalchemy\engine\base.py:148: in __init__
    Connection._handle_dbapi_exception_noconnection(
.venv\Lib\site-packages\sqlalchemy\engine\base.py:2442: in _handle_dbapi_exception_noconnection
    raise sqlalchemy_exception.with_traceback(exc_info[2]) from e
.venv\Lib\site-packages\sqlalchemy\engine\base.py:146: in __init__
    self._dbapi_connection = engine.raw_connection()
.venv\Lib\site-packages\sqlalchemy\engine\base.py:3302: in raw_connection
    return self.pool.connect()
.venv\Lib\site-packages\sqlalchemy\pool\base.py:449: in connect
    return _ConnectionFairy._checkout(self)
.venv\Lib\site-packages\sqlalchemy\pool\base.py:1263: in _checkout
    fairy = _ConnectionRecord.checkout(pool)
.venv\Lib\site-packages\sqlalchemy\pool\base.py:712: in checkout
    rec = pool._do_get()
.venv\Lib\site-packages\sqlalchemy\pool\impl.py:179: in _do_get
    with util.safe_reraise():
.venv\Lib\site-packages\sqlalchemy\util\langhelpers.py:146: in __exit__
    raise exc_value.with_traceback(exc_tb)
.venv\Lib\site-packages\sqlalchemy\pool\impl.py:177: in _do_get
    return self._create_connection()
.venv\Lib\site-packages\sqlalchemy\pool\base.py:390: in _create_connection
    return _ConnectionRecord(self)
.venv\Lib\site-packages\sqlalchemy\pool\base.py:674: in __init__
    self.__connect()
.venv\Lib\site-packages\sqlalchemy\pool\base.py:900: in __connect
    with util.safe_reraise():
.venv\Lib\site-packages\sqlalchemy\util\langhelpers.py:146: in __exit__
    raise exc_value.with_traceback(exc_tb)
.venv\Lib\site-packages\sqlalchemy\pool\base.py:896: in __connect
    self.dbapi_connection = connection = pool._invoke_creator(self)
.venv\Lib\site-packages\sqlalchemy\engine\create.py:643: in connect
    return dialect.connect(*cargs, **cparams)
.venv\Lib\site-packages\sqlalchemy\engine\default.py:621: in connect
    return self.loaded_dbapi.connect(*cargs, **cparams)
.venv\Lib\site-packages\psycopg2\__init__.py:135: in connect
    conn = _connect(dsn, connection_factory=connection_factory, **kwasync)
E   sqlalchemy.exc.OperationalError: (psycopg2.OperationalError) connection to server at "localhost" (::1), port 5432 failed: FATAL:  database "pulseboard_test" does not exist
E   
E   (Background on this error at: https://sqlalche.me/e/20/e3q8)
_________ ERROR at setup of TestExtractKeywords.test_strips_stopwords _________
.venv\Lib\site-packages\sqlalchemy\engine\base.py:146: in __init__
    self._dbapi_connection = engine.raw_connection()
.venv\Lib\site-packages\sqlalchemy\engine\base.py:3302: in raw_connection
    return self.pool.connect()
.venv\Lib\site-packages\sqlalchemy\pool\base.py:449: in connect
    return _ConnectionFairy._checkout(self)
.venv\Lib\site-packages\sqlalchemy\pool\base.py:1263: in _checkout
    fairy = _ConnectionRecord.checkout(pool)
.venv\Lib\site-packages\sqlalchemy\pool\base.py:712: in checkout
    rec = pool._do_get()
.venv\Lib\site-packages\sqlalchemy\pool\impl.py:179: in _do_get
    with util.safe_reraise():
.venv\Lib\site-packages\sqlalchemy\util\langhelpers.py:146: in __exit__
    raise exc_value.with_traceback(exc_tb)
.venv\Lib\site-packages\sqlalchemy\pool\impl.py:177: in _do_get
    return self._create_connection()
.venv\Lib\site-packages\sqlalchemy\pool\base.py:390: in _create_connection
    return _ConnectionRecord(self)
.venv\Lib\site-packages\sqlalchemy\pool\base.py:674: in __init__
    self.__connect()
.venv\Lib\site-packages\sqlalchemy\pool\base.py:900: in __connect
    with util.safe_reraise():
.venv\Lib\site-packages\sqlalchemy\util\langhelpers.py:146: in __exit__
    raise exc_value.with_traceback(exc_tb)
.venv\Lib\site-packages\sqlalchemy\pool\base.py:896: in __connect
    self.dbapi_connection = connection = pool._invoke_creator(self)
.venv\Lib\site-packages\sqlalchemy\engine\create.py:643: in connect
    return dialect.connect(*cargs, **cparams)
.venv\Lib\site-packages\sqlalchemy\engine\default.py:621: in connect
    return self.loaded_dbapi.connect(*cargs, **cparams)
.venv\Lib\site-packages\psycopg2\__init__.py:135: in connect
    conn = _connect(dsn, connection_factory=connection_factory, **kwasync)
E   psycopg2.OperationalError: connection to server at "localhost" (::1), port 5432 failed: FATAL:  database "pulseboard_test" does not exist

The above exception was the direct cause of the following exception:
app\tests\conftest.py:49: in _create_schema
    Base.metadata.drop_all(bind=sync_engine)
.venv\Lib\site-packages\sqlalchemy\sql\schema.py:5896: in drop_all
    bind._run_ddl_visitor(
.venv\Lib\site-packages\sqlalchemy\engine\base.py:3252: in _run_ddl_visitor
    with self.begin() as conn:
..\..\..\..\AppData\Local\Programs\Python\Python313\Lib\contextlib.py:141: in __enter__
    return next(self.gen)
.venv\Lib\site-packages\sqlalchemy\engine\base.py:3242: in begin
    with self.connect() as conn:
.venv\Lib\site-packages\sqlalchemy\engine\base.py:3278: in connect
    return self._connection_cls(self)
.venv\Lib\site-packages\sqlalchemy\engine\base.py:148: in __init__
    Connection._handle_dbapi_exception_noconnection(
.venv\Lib\site-packages\sqlalchemy\engine\base.py:2442: in _handle_dbapi_exception_noconnection
    raise sqlalchemy_exception.with_traceback(exc_info[2]) from e
.venv\Lib\site-packages\sqlalchemy\engine\base.py:146: in __init__
    self._dbapi_connection = engine.raw_connection()
.venv\Lib\site-packages\sqlalchemy\engine\base.py:3302: in raw_connection
    return self.pool.connect()
.venv\Lib\site-packages\sqlalchemy\pool\base.py:449: in connect
    return _ConnectionFairy._checkout(self)
.venv\Lib\site-packages\sqlalchemy\pool\base.py:1263: in _checkout
    fairy = _ConnectionRecord.checkout(pool)
.venv\Lib\site-packages\sqlalchemy\pool\base.py:712: in checkout
    rec = pool._do_get()
.venv\Lib\site-packages\sqlalchemy\pool\impl.py:179: in _do_get
    with util.safe_reraise():
.venv\Lib\site-packages\sqlalchemy\util\langhelpers.py:146: in __exit__
    raise exc_value.with_traceback(exc_tb)
.venv\Lib\site-packages\sqlalchemy\pool\impl.py:177: in _do_get
    return self._create_connection()
.venv\Lib\site-packages\sqlalchemy\pool\base.py:390: in _create_connection
    return _ConnectionRecord(self)
.venv\Lib\site-packages\sqlalchemy\pool\base.py:674: in __init__
    self.__connect()
.venv\Lib\site-packages\sqlalchemy\pool\base.py:900: in __connect
    with util.safe_reraise():
.venv\Lib\site-packages\sqlalchemy\util\langhelpers.py:146: in __exit__
    raise exc_value.with_traceback(exc_tb)
.venv\Lib\site-packages\sqlalchemy\pool\base.py:896: in __connect
    self.dbapi_connection = connection = pool._invoke_creator(self)
.venv\Lib\site-packages\sqlalchemy\engine\create.py:643: in connect
    return dialect.connect(*cargs, **cparams)
.venv\Lib\site-packages\sqlalchemy\engine\default.py:621: in connect
    return self.loaded_dbapi.connect(*cargs, **cparams)
.venv\Lib\site-packages\psycopg2\__init__.py:135: in connect
    conn = _connect(dsn, connection_factory=connection_factory, **kwasync)
E   sqlalchemy.exc.OperationalError: (psycopg2.OperationalError) connection to server at "localhost" (::1), port 5432 failed: FATAL:  database "pulseboard_test" does not exist
E   
E   (Background on this error at: https://sqlalche.me/e/20/e3q8)
__ ERROR at setup of TestExtractKeywords.test_empty_text_returns_empty_list ___
.venv\Lib\site-packages\sqlalchemy\engine\base.py:146: in __init__
    self._dbapi_connection = engine.raw_connection()
.venv\Lib\site-packages\sqlalchemy\engine\base.py:3302: in raw_connection
    return self.pool.connect()
.venv\Lib\site-packages\sqlalchemy\pool\base.py:449: in connect
    return _ConnectionFairy._checkout(self)
.venv\Lib\site-packages\sqlalchemy\pool\base.py:1263: in _checkout
    fairy = _ConnectionRecord.checkout(pool)
.venv\Lib\site-packages\sqlalchemy\pool\base.py:712: in checkout
    rec = pool._do_get()
.venv\Lib\site-packages\sqlalchemy\pool\impl.py:179: in _do_get
    with util.safe_reraise():
.venv\Lib\site-packages\sqlalchemy\util\langhelpers.py:146: in __exit__
    raise exc_value.with_traceback(exc_tb)
.venv\Lib\site-packages\sqlalchemy\pool\impl.py:177: in _do_get
    return self._create_connection()
.venv\Lib\site-packages\sqlalchemy\pool\base.py:390: in _create_connection
    return _ConnectionRecord(self)
.venv\Lib\site-packages\sqlalchemy\pool\base.py:674: in __init__
    self.__connect()
.venv\Lib\site-packages\sqlalchemy\pool\base.py:900: in __connect
    with util.safe_reraise():
.venv\Lib\site-packages\sqlalchemy\util\langhelpers.py:146: in __exit__
    raise exc_value.with_traceback(exc_tb)
.venv\Lib\site-packages\sqlalchemy\pool\base.py:896: in __connect
    self.dbapi_connection = connection = pool._invoke_creator(self)
.venv\Lib\site-packages\sqlalchemy\engine\create.py:643: in connect
    return dialect.connect(*cargs, **cparams)
.venv\Lib\site-packages\sqlalchemy\engine\default.py:621: in connect
    return self.loaded_dbapi.connect(*cargs, **cparams)
.venv\Lib\site-packages\psycopg2\__init__.py:135: in connect
    conn = _connect(dsn, connection_factory=connection_factory, **kwasync)
E   psycopg2.OperationalError: connection to server at "localhost" (::1), port 5432 failed: FATAL:  database "pulseboard_test" does not exist

The above exception was the direct cause of the following exception:
app\tests\conftest.py:49: in _create_schema
    Base.metadata.drop_all(bind=sync_engine)
.venv\Lib\site-packages\sqlalchemy\sql\schema.py:5896: in drop_all
    bind._run_ddl_visitor(
.venv\Lib\site-packages\sqlalchemy\engine\base.py:3252: in _run_ddl_visitor
    with self.begin() as conn:
..\..\..\..\AppData\Local\Programs\Python\Python313\Lib\contextlib.py:141: in __enter__
    return next(self.gen)
.venv\Lib\site-packages\sqlalchemy\engine\base.py:3242: in begin
    with self.connect() as conn:
.venv\Lib\site-packages\sqlalchemy\engine\base.py:3278: in connect
    return self._connection_cls(self)
.venv\Lib\site-packages\sqlalchemy\engine\base.py:148: in __init__
    Connection._handle_dbapi_exception_noconnection(
.venv\Lib\site-packages\sqlalchemy\engine\base.py:2442: in _handle_dbapi_exception_noconnection
    raise sqlalchemy_exception.with_traceback(exc_info[2]) from e
.venv\Lib\site-packages\sqlalchemy\engine\base.py:146: in __init__
    self._dbapi_connection = engine.raw_connection()
.venv\Lib\site-packages\sqlalchemy\engine\base.py:3302: in raw_connection
    return self.pool.connect()
.venv\Lib\site-packages\sqlalchemy\pool\base.py:449: in connect
    return _ConnectionFairy._checkout(self)
.venv\Lib\site-packages\sqlalchemy\pool\base.py:1263: in _checkout
    fairy = _ConnectionRecord.checkout(pool)
.venv\Lib\site-packages\sqlalchemy\pool\base.py:712: in checkout
    rec = pool._do_get()
.venv\Lib\site-packages\sqlalchemy\pool\impl.py:179: in _do_get
    with util.safe_reraise():
.venv\Lib\site-packages\sqlalchemy\util\langhelpers.py:146: in __exit__
    raise exc_value.with_traceback(exc_tb)
.venv\Lib\site-packages\sqlalchemy\pool\impl.py:177: in _do_get
    return self._create_connection()
.venv\Lib\site-packages\sqlalchemy\pool\base.py:390: in _create_connection
    return _ConnectionRecord(self)
.venv\Lib\site-packages\sqlalchemy\pool\base.py:674: in __init__
    self.__connect()
.venv\Lib\site-packages\sqlalchemy\pool\base.py:900: in __connect
    with util.safe_reraise():
.venv\Lib\site-packages\sqlalchemy\util\langhelpers.py:146: in __exit__
    raise exc_value.with_traceback(exc_tb)
.venv\Lib\site-packages\sqlalchemy\pool\base.py:896: in __connect
    self.dbapi_connection = connection = pool._invoke_creator(self)
.venv\Lib\site-packages\sqlalchemy\engine\create.py:643: in connect
    return dialect.connect(*cargs, **cparams)
.venv\Lib\site-packages\sqlalchemy\engine\default.py:621: in connect
    return self.loaded_dbapi.connect(*cargs, **cparams)
.venv\Lib\site-packages\psycopg2\__init__.py:135: in connect
    conn = _connect(dsn, connection_factory=connection_factory, **kwasync)
E   sqlalchemy.exc.OperationalError: (psycopg2.OperationalError) connection to server at "localhost" (::1), port 5432 failed: FATAL:  database "pulseboard_test" does not exist
E   
E   (Background on this error at: https://sqlalche.me/e/20/e3q8)
____ ERROR at setup of TestJaccardSimilarity.test_identical_sets_score_one ____
.venv\Lib\site-packages\sqlalchemy\engine\base.py:146: in __init__
    self._dbapi_connection = engine.raw_connection()
.venv\Lib\site-packages\sqlalchemy\engine\base.py:3302: in raw_connection
    return self.pool.connect()
.venv\Lib\site-packages\sqlalchemy\pool\base.py:449: in connect
    return _ConnectionFairy._checkout(self)
.venv\Lib\site-packages\sqlalchemy\pool\base.py:1263: in _checkout
    fairy = _ConnectionRecord.checkout(pool)
.venv\Lib\site-packages\sqlalchemy\pool\base.py:712: in checkout
    rec = pool._do_get()
.venv\Lib\site-packages\sqlalchemy\pool\impl.py:179: in _do_get
    with util.safe_reraise():
.venv\Lib\site-packages\sqlalchemy\util\langhelpers.py:146: in __exit__
    raise exc_value.with_traceback(exc_tb)
.venv\Lib\site-packages\sqlalchemy\pool\impl.py:177: in _do_get
    return self._create_connection()
.venv\Lib\site-packages\sqlalchemy\pool\base.py:390: in _create_connection
    return _ConnectionRecord(self)
.venv\Lib\site-packages\sqlalchemy\pool\base.py:674: in __init__
    self.__connect()
.venv\Lib\site-packages\sqlalchemy\pool\base.py:900: in __connect
    with util.safe_reraise():
.venv\Lib\site-packages\sqlalchemy\util\langhelpers.py:146: in __exit__
    raise exc_value.with_traceback(exc_tb)
.venv\Lib\site-packages\sqlalchemy\pool\base.py:896: in __connect
    self.dbapi_connection = connection = pool._invoke_creator(self)
.venv\Lib\site-packages\sqlalchemy\engine\create.py:643: in connect
    return dialect.connect(*cargs, **cparams)
.venv\Lib\site-packages\sqlalchemy\engine\default.py:621: in connect
    return self.loaded_dbapi.connect(*cargs, **cparams)
.venv\Lib\site-packages\psycopg2\__init__.py:135: in connect
    conn = _connect(dsn, connection_factory=connection_factory, **kwasync)
E   psycopg2.OperationalError: connection to server at "localhost" (::1), port 5432 failed: FATAL:  database "pulseboard_test" does not exist

The above exception was the direct cause of the following exception:
app\tests\conftest.py:49: in _create_schema
    Base.metadata.drop_all(bind=sync_engine)
.venv\Lib\site-packages\sqlalchemy\sql\schema.py:5896: in drop_all
    bind._run_ddl_visitor(
.venv\Lib\site-packages\sqlalchemy\engine\base.py:3252: in _run_ddl_visitor
    with self.begin() as conn:
..\..\..\..\AppData\Local\Programs\Python\Python313\Lib\contextlib.py:141: in __enter__
    return next(self.gen)
.venv\Lib\site-packages\sqlalchemy\engine\base.py:3242: in begin
    with self.connect() as conn:
.venv\Lib\site-packages\sqlalchemy\engine\base.py:3278: in connect
    return self._connection_cls(self)
.venv\Lib\site-packages\sqlalchemy\engine\base.py:148: in __init__
    Connection._handle_dbapi_exception_noconnection(
.venv\Lib\site-packages\sqlalchemy\engine\base.py:2442: in _handle_dbapi_exception_noconnection
    raise sqlalchemy_exception.with_traceback(exc_info[2]) from e
.venv\Lib\site-packages\sqlalchemy\engine\base.py:146: in __init__
    self._dbapi_connection = engine.raw_connection()
.venv\Lib\site-packages\sqlalchemy\engine\base.py:3302: in raw_connection
    return self.pool.connect()
.venv\Lib\site-packages\sqlalchemy\pool\base.py:449: in connect
    return _ConnectionFairy._checkout(self)
.venv\Lib\site-packages\sqlalchemy\pool\base.py:1263: in _checkout
    fairy = _ConnectionRecord.checkout(pool)
.venv\Lib\site-packages\sqlalchemy\pool\base.py:712: in checkout
    rec = pool._do_get()
.venv\Lib\site-packages\sqlalchemy\pool\impl.py:179: in _do_get
    with util.safe_reraise():
.venv\Lib\site-packages\sqlalchemy\util\langhelpers.py:146: in __exit__
    raise exc_value.with_traceback(exc_tb)
.venv\Lib\site-packages\sqlalchemy\pool\impl.py:177: in _do_get
    return self._create_connection()
.venv\Lib\site-packages\sqlalchemy\pool\base.py:390: in _create_connection
    return _ConnectionRecord(self)
.venv\Lib\site-packages\sqlalchemy\pool\base.py:674: in __init__
    self.__connect()
.venv\Lib\site-packages\sqlalchemy\pool\base.py:900: in __connect
    with util.safe_reraise():
.venv\Lib\site-packages\sqlalchemy\util\langhelpers.py:146: in __exit__
    raise exc_value.with_traceback(exc_tb)
.venv\Lib\site-packages\sqlalchemy\pool\base.py:896: in __connect
    self.dbapi_connection = connection = pool._invoke_creator(self)
.venv\Lib\site-packages\sqlalchemy\engine\create.py:643: in connect
    return dialect.connect(*cargs, **cparams)
.venv\Lib\site-packages\sqlalchemy\engine\default.py:621: in connect
    return self.loaded_dbapi.connect(*cargs, **cparams)
.venv\Lib\site-packages\psycopg2\__init__.py:135: in connect
    conn = _connect(dsn, connection_factory=connection_factory, **kwasync)
E   sqlalchemy.exc.OperationalError: (psycopg2.OperationalError) connection to server at "localhost" (::1), port 5432 failed: FATAL:  database "pulseboard_test" does not exist
E   
E   (Background on this error at: https://sqlalche.me/e/20/e3q8)
____ ERROR at setup of TestJaccardSimilarity.test_disjoint_sets_score_zero ____
.venv\Lib\site-packages\sqlalchemy\engine\base.py:146: in __init__
    self._dbapi_connection = engine.raw_connection()
.venv\Lib\site-packages\sqlalchemy\engine\base.py:3302: in raw_connection
    return self.pool.connect()
.venv\Lib\site-packages\sqlalchemy\pool\base.py:449: in connect
    return _ConnectionFairy._checkout(self)
.venv\Lib\site-packages\sqlalchemy\pool\base.py:1263: in _checkout
    fairy = _ConnectionRecord.checkout(pool)
.venv\Lib\site-packages\sqlalchemy\pool\base.py:712: in checkout
    rec = pool._do_get()
.venv\Lib\site-packages\sqlalchemy\pool\impl.py:179: in _do_get
    with util.safe_reraise():
.venv\Lib\site-packages\sqlalchemy\util\langhelpers.py:146: in __exit__
    raise exc_value.with_traceback(exc_tb)
.venv\Lib\site-packages\sqlalchemy\pool\impl.py:177: in _do_get
    return self._create_connection()
.venv\Lib\site-packages\sqlalchemy\pool\base.py:390: in _create_connection
    return _ConnectionRecord(self)
.venv\Lib\site-packages\sqlalchemy\pool\base.py:674: in __init__
    self.__connect()
.venv\Lib\site-packages\sqlalchemy\pool\base.py:900: in __connect
    with util.safe_reraise():
.venv\Lib\site-packages\sqlalchemy\util\langhelpers.py:146: in __exit__
    raise exc_value.with_traceback(exc_tb)
.venv\Lib\site-packages\sqlalchemy\pool\base.py:896: in __connect
    self.dbapi_connection = connection = pool._invoke_creator(self)
.venv\Lib\site-packages\sqlalchemy\engine\create.py:643: in connect
    return dialect.connect(*cargs, **cparams)
.venv\Lib\site-packages\sqlalchemy\engine\default.py:621: in connect
    return self.loaded_dbapi.connect(*cargs, **cparams)
.venv\Lib\site-packages\psycopg2\__init__.py:135: in connect
    conn = _connect(dsn, connection_factory=connection_factory, **kwasync)
E   psycopg2.OperationalError: connection to server at "localhost" (::1), port 5432 failed: FATAL:  database "pulseboard_test" does not exist

The above exception was the direct cause of the following exception:
app\tests\conftest.py:49: in _create_schema
    Base.metadata.drop_all(bind=sync_engine)
.venv\Lib\site-packages\sqlalchemy\sql\schema.py:5896: in drop_all
    bind._run_ddl_visitor(
.venv\Lib\site-packages\sqlalchemy\engine\base.py:3252: in _run_ddl_visitor
    with self.begin() as conn:
..\..\..\..\AppData\Local\Programs\Python\Python313\Lib\contextlib.py:141: in __enter__
    return next(self.gen)
.venv\Lib\site-packages\sqlalchemy\engine\base.py:3242: in begin
    with self.connect() as conn:
.venv\Lib\site-packages\sqlalchemy\engine\base.py:3278: in connect
    return self._connection_cls(self)
.venv\Lib\site-packages\sqlalchemy\engine\base.py:148: in __init__
    Connection._handle_dbapi_exception_noconnection(
.venv\Lib\site-packages\sqlalchemy\engine\base.py:2442: in _handle_dbapi_exception_noconnection
    raise sqlalchemy_exception.with_traceback(exc_info[2]) from e
.venv\Lib\site-packages\sqlalchemy\engine\base.py:146: in __init__
    self._dbapi_connection = engine.raw_connection()
.venv\Lib\site-packages\sqlalchemy\engine\base.py:3302: in raw_connection
    return self.pool.connect()
.venv\Lib\site-packages\sqlalchemy\pool\base.py:449: in connect
    return _ConnectionFairy._checkout(self)
.venv\Lib\site-packages\sqlalchemy\pool\base.py:1263: in _checkout
    fairy = _ConnectionRecord.checkout(pool)
.venv\Lib\site-packages\sqlalchemy\pool\base.py:712: in checkout
    rec = pool._do_get()
.venv\Lib\site-packages\sqlalchemy\pool\impl.py:179: in _do_get
    with util.safe_reraise():
.venv\Lib\site-packages\sqlalchemy\util\langhelpers.py:146: in __exit__
    raise exc_value.with_traceback(exc_tb)
.venv\Lib\site-packages\sqlalchemy\pool\impl.py:177: in _do_get
    return self._create_connection()
.venv\Lib\site-packages\sqlalchemy\pool\base.py:390: in _create_connection
    return _ConnectionRecord(self)
.venv\Lib\site-packages\sqlalchemy\pool\base.py:674: in __init__
    self.__connect()
.venv\Lib\site-packages\sqlalchemy\pool\base.py:900: in __connect
    with util.safe_reraise():
.venv\Lib\site-packages\sqlalchemy\util\langhelpers.py:146: in __exit__
    raise exc_value.with_traceback(exc_tb)
.venv\Lib\site-packages\sqlalchemy\pool\base.py:896: in __connect
    self.dbapi_connection = connection = pool._invoke_creator(self)
.venv\Lib\site-packages\sqlalchemy\engine\create.py:643: in connect
    return dialect.connect(*cargs, **cparams)
.venv\Lib\site-packages\sqlalchemy\engine\default.py:621: in connect
    return self.loaded_dbapi.connect(*cargs, **cparams)
.venv\Lib\site-packages\psycopg2\__init__.py:135: in connect
    conn = _connect(dsn, connection_factory=connection_factory, **kwasync)
E   sqlalchemy.exc.OperationalError: (psycopg2.OperationalError) connection to server at "localhost" (::1), port 5432 failed: FATAL:  database "pulseboard_test" does not exist
E   
E   (Background on this error at: https://sqlalche.me/e/20/e3q8)
_ ERROR at setup of TestJaccardSimilarity.test_empty_lists_score_zero_not_error _
.venv\Lib\site-packages\sqlalchemy\engine\base.py:146: in __init__
    self._dbapi_connection = engine.raw_connection()
.venv\Lib\site-packages\sqlalchemy\engine\base.py:3302: in raw_connection
    return self.pool.connect()
.venv\Lib\site-packages\sqlalchemy\pool\base.py:449: in connect
    return _ConnectionFairy._checkout(self)
.venv\Lib\site-packages\sqlalchemy\pool\base.py:1263: in _checkout
    fairy = _ConnectionRecord.checkout(pool)
.venv\Lib\site-packages\sqlalchemy\pool\base.py:712: in checkout
    rec = pool._do_get()
.venv\Lib\site-packages\sqlalchemy\pool\impl.py:179: in _do_get
    with util.safe_reraise():
.venv\Lib\site-packages\sqlalchemy\util\langhelpers.py:146: in __exit__
    raise exc_value.with_traceback(exc_tb)
.venv\Lib\site-packages\sqlalchemy\pool\impl.py:177: in _do_get
    return self._create_connection()
.venv\Lib\site-packages\sqlalchemy\pool\base.py:390: in _create_connection
    return _ConnectionRecord(self)
.venv\Lib\site-packages\sqlalchemy\pool\base.py:674: in __init__
    self.__connect()
.venv\Lib\site-packages\sqlalchemy\pool\base.py:900: in __connect
    with util.safe_reraise():
.venv\Lib\site-packages\sqlalchemy\util\langhelpers.py:146: in __exit__
    raise exc_value.with_traceback(exc_tb)
.venv\Lib\site-packages\sqlalchemy\pool\base.py:896: in __connect
    self.dbapi_connection = connection = pool._invoke_creator(self)
.venv\Lib\site-packages\sqlalchemy\engine\create.py:643: in connect
    return dialect.connect(*cargs, **cparams)
.venv\Lib\site-packages\sqlalchemy\engine\default.py:621: in connect
    return self.loaded_dbapi.connect(*cargs, **cparams)
.venv\Lib\site-packages\psycopg2\__init__.py:135: in connect
    conn = _connect(dsn, connection_factory=connection_factory, **kwasync)
E   psycopg2.OperationalError: connection to server at "localhost" (::1), port 5432 failed: FATAL:  database "pulseboard_test" does not exist

The above exception was the direct cause of the following exception:
app\tests\conftest.py:49: in _create_schema
    Base.metadata.drop_all(bind=sync_engine)
.venv\Lib\site-packages\sqlalchemy\sql\schema.py:5896: in drop_all
    bind._run_ddl_visitor(
.venv\Lib\site-packages\sqlalchemy\engine\base.py:3252: in _run_ddl_visitor
    with self.begin() as conn:
..\..\..\..\AppData\Local\Programs\Python\Python313\Lib\contextlib.py:141: in __enter__
    return next(self.gen)
.venv\Lib\site-packages\sqlalchemy\engine\base.py:3242: in begin
    with self.connect() as conn:
.venv\Lib\site-packages\sqlalchemy\engine\base.py:3278: in connect
    return self._connection_cls(self)
.venv\Lib\site-packages\sqlalchemy\engine\base.py:148: in __init__
    Connection._handle_dbapi_exception_noconnection(
.venv\Lib\site-packages\sqlalchemy\engine\base.py:2442: in _handle_dbapi_exception_noconnection
    raise sqlalchemy_exception.with_traceback(exc_info[2]) from e
.venv\Lib\site-packages\sqlalchemy\engine\base.py:146: in __init__
    self._dbapi_connection = engine.raw_connection()
.venv\Lib\site-packages\sqlalchemy\engine\base.py:3302: in raw_connection
    return self.pool.connect()
.venv\Lib\site-packages\sqlalchemy\pool\base.py:449: in connect
    return _ConnectionFairy._checkout(self)
.venv\Lib\site-packages\sqlalchemy\pool\base.py:1263: in _checkout
    fairy = _ConnectionRecord.checkout(pool)
.venv\Lib\site-packages\sqlalchemy\pool\base.py:712: in checkout
    rec = pool._do_get()
.venv\Lib\site-packages\sqlalchemy\pool\impl.py:179: in _do_get
    with util.safe_reraise():
.venv\Lib\site-packages\sqlalchemy\util\langhelpers.py:146: in __exit__
    raise exc_value.with_traceback(exc_tb)
.venv\Lib\site-packages\sqlalchemy\pool\impl.py:177: in _do_get
    return self._create_connection()
.venv\Lib\site-packages\sqlalchemy\pool\base.py:390: in _create_connection
    return _ConnectionRecord(self)
.venv\Lib\site-packages\sqlalchemy\pool\base.py:674: in __init__
    self.__connect()
.venv\Lib\site-packages\sqlalchemy\pool\base.py:900: in __connect
    with util.safe_reraise():
.venv\Lib\site-packages\sqlalchemy\util\langhelpers.py:146: in __exit__
    raise exc_value.with_traceback(exc_tb)
.venv\Lib\site-packages\sqlalchemy\pool\base.py:896: in __connect
    self.dbapi_connection = connection = pool._invoke_creator(self)
.venv\Lib\site-packages\sqlalchemy\engine\create.py:643: in connect
    return dialect.connect(*cargs, **cparams)
.venv\Lib\site-packages\sqlalchemy\engine\default.py:621: in connect
    return self.loaded_dbapi.connect(*cargs, **cparams)
.venv\Lib\site-packages\psycopg2\__init__.py:135: in connect
    conn = _connect(dsn, connection_factory=connection_factory, **kwasync)
E   sqlalchemy.exc.OperationalError: (psycopg2.OperationalError) connection to server at "localhost" (::1), port 5432 failed: FATAL:  database "pulseboard_test" does not exist
E   
E   (Background on this error at: https://sqlalche.me/e/20/e3q8)
__ ERROR at setup of TestMatchOrNewTopic.test_similar_posts_cluster_together __
.venv\Lib\site-packages\sqlalchemy\engine\base.py:146: in __init__
    self._dbapi_connection = engine.raw_connection()
.venv\Lib\site-packages\sqlalchemy\engine\base.py:3302: in raw_connection
    return self.pool.connect()
.venv\Lib\site-packages\sqlalchemy\pool\base.py:449: in connect
    return _ConnectionFairy._checkout(self)
.venv\Lib\site-packages\sqlalchemy\pool\base.py:1263: in _checkout
    fairy = _ConnectionRecord.checkout(pool)
.venv\Lib\site-packages\sqlalchemy\pool\base.py:712: in checkout
    rec = pool._do_get()
.venv\Lib\site-packages\sqlalchemy\pool\impl.py:179: in _do_get
    with util.safe_reraise():
.venv\Lib\site-packages\sqlalchemy\util\langhelpers.py:146: in __exit__
    raise exc_value.with_traceback(exc_tb)
.venv\Lib\site-packages\sqlalchemy\pool\impl.py:177: in _do_get
    return self._create_connection()
.venv\Lib\site-packages\sqlalchemy\pool\base.py:390: in _create_connection
    return _ConnectionRecord(self)
.venv\Lib\site-packages\sqlalchemy\pool\base.py:674: in __init__
    self.__connect()
.venv\Lib\site-packages\sqlalchemy\pool\base.py:900: in __connect
    with util.safe_reraise():
.venv\Lib\site-packages\sqlalchemy\util\langhelpers.py:146: in __exit__
    raise exc_value.with_traceback(exc_tb)
.venv\Lib\site-packages\sqlalchemy\pool\base.py:896: in __connect
    self.dbapi_connection = connection = pool._invoke_creator(self)
.venv\Lib\site-packages\sqlalchemy\engine\create.py:643: in connect
    return dialect.connect(*cargs, **cparams)
.venv\Lib\site-packages\sqlalchemy\engine\default.py:621: in connect
    return self.loaded_dbapi.connect(*cargs, **cparams)
.venv\Lib\site-packages\psycopg2\__init__.py:135: in connect
    conn = _connect(dsn, connection_factory=connection_factory, **kwasync)
E   psycopg2.OperationalError: connection to server at "localhost" (::1), port 5432 failed: FATAL:  database "pulseboard_test" does not exist

The above exception was the direct cause of the following exception:
app\tests\conftest.py:49: in _create_schema
    Base.metadata.drop_all(bind=sync_engine)
.venv\Lib\site-packages\sqlalchemy\sql\schema.py:5896: in drop_all
    bind._run_ddl_visitor(
.venv\Lib\site-packages\sqlalchemy\engine\base.py:3252: in _run_ddl_visitor
    with self.begin() as conn:
..\..\..\..\AppData\Local\Programs\Python\Python313\Lib\contextlib.py:141: in __enter__
    return next(self.gen)
.venv\Lib\site-packages\sqlalchemy\engine\base.py:3242: in begin
    with self.connect() as conn:
.venv\Lib\site-packages\sqlalchemy\engine\base.py:3278: in connect
    return self._connection_cls(self)
.venv\Lib\site-packages\sqlalchemy\engine\base.py:148: in __init__
    Connection._handle_dbapi_exception_noconnection(
.venv\Lib\site-packages\sqlalchemy\engine\base.py:2442: in _handle_dbapi_exception_noconnection
    raise sqlalchemy_exception.with_traceback(exc_info[2]) from e
.venv\Lib\site-packages\sqlalchemy\engine\base.py:146: in __init__
    self._dbapi_connection = engine.raw_connection()
.venv\Lib\site-packages\sqlalchemy\engine\base.py:3302: in raw_connection
    return self.pool.connect()
.venv\Lib\site-packages\sqlalchemy\pool\base.py:449: in connect
    return _ConnectionFairy._checkout(self)
.venv\Lib\site-packages\sqlalchemy\pool\base.py:1263: in _checkout
    fairy = _ConnectionRecord.checkout(pool)
.venv\Lib\site-packages\sqlalchemy\pool\base.py:712: in checkout
    rec = pool._do_get()
.venv\Lib\site-packages\sqlalchemy\pool\impl.py:179: in _do_get
    with util.safe_reraise():
.venv\Lib\site-packages\sqlalchemy\util\langhelpers.py:146: in __exit__
    raise exc_value.with_traceback(exc_tb)
.venv\Lib\site-packages\sqlalchemy\pool\impl.py:177: in _do_get
    return self._create_connection()
.venv\Lib\site-packages\sqlalchemy\pool\base.py:390: in _create_connection
    return _ConnectionRecord(self)
.venv\Lib\site-packages\sqlalchemy\pool\base.py:674: in __init__
    self.__connect()
.venv\Lib\site-packages\sqlalchemy\pool\base.py:900: in __connect
    with util.safe_reraise():
.venv\Lib\site-packages\sqlalchemy\util\langhelpers.py:146: in __exit__
    raise exc_value.with_traceback(exc_tb)
.venv\Lib\site-packages\sqlalchemy\pool\base.py:896: in __connect
    self.dbapi_connection = connection = pool._invoke_creator(self)
.venv\Lib\site-packages\sqlalchemy\engine\create.py:643: in connect
    return dialect.connect(*cargs, **cparams)
.venv\Lib\site-packages\sqlalchemy\engine\default.py:621: in connect
    return self.loaded_dbapi.connect(*cargs, **cparams)
.venv\Lib\site-packages\psycopg2\__init__.py:135: in connect
    conn = _connect(dsn, connection_factory=connection_factory, **kwasync)
E   sqlalchemy.exc.OperationalError: (psycopg2.OperationalError) connection to server at "localhost" (::1), port 5432 failed: FATAL:  database "pulseboard_test" does not exist
E   
E   (Background on this error at: https://sqlalche.me/e/20/e3q8)
__ ERROR at setup of TestMatchOrNewTopic.test_unrelated_post_does_not_match ___
.venv\Lib\site-packages\sqlalchemy\engine\base.py:146: in __init__
    self._dbapi_connection = engine.raw_connection()
.venv\Lib\site-packages\sqlalchemy\engine\base.py:3302: in raw_connection
    return self.pool.connect()
.venv\Lib\site-packages\sqlalchemy\pool\base.py:449: in connect
    return _ConnectionFairy._checkout(self)
.venv\Lib\site-packages\sqlalchemy\pool\base.py:1263: in _checkout
    fairy = _ConnectionRecord.checkout(pool)
.venv\Lib\site-packages\sqlalchemy\pool\base.py:712: in checkout
    rec = pool._do_get()
.venv\Lib\site-packages\sqlalchemy\pool\impl.py:179: in _do_get
    with util.safe_reraise():
.venv\Lib\site-packages\sqlalchemy\util\langhelpers.py:146: in __exit__
    raise exc_value.with_traceback(exc_tb)
.venv\Lib\site-packages\sqlalchemy\pool\impl.py:177: in _do_get
    return self._create_connection()
.venv\Lib\site-packages\sqlalchemy\pool\base.py:390: in _create_connection
    return _ConnectionRecord(self)
.venv\Lib\site-packages\sqlalchemy\pool\base.py:674: in __init__
    self.__connect()
.venv\Lib\site-packages\sqlalchemy\pool\base.py:900: in __connect
    with util.safe_reraise():
.venv\Lib\site-packages\sqlalchemy\util\langhelpers.py:146: in __exit__
    raise exc_value.with_traceback(exc_tb)
.venv\Lib\site-packages\sqlalchemy\pool\base.py:896: in __connect
    self.dbapi_connection = connection = pool._invoke_creator(self)
.venv\Lib\site-packages\sqlalchemy\engine\create.py:643: in connect
    return dialect.connect(*cargs, **cparams)
.venv\Lib\site-packages\sqlalchemy\engine\default.py:621: in connect
    return self.loaded_dbapi.connect(*cargs, **cparams)
.venv\Lib\site-packages\psycopg2\__init__.py:135: in connect
    conn = _connect(dsn, connection_factory=connection_factory, **kwasync)
E   psycopg2.OperationalError: connection to server at "localhost" (::1), port 5432 failed: FATAL:  database "pulseboard_test" does not exist

The above exception was the direct cause of the following exception:
app\tests\conftest.py:49: in _create_schema
    Base.metadata.drop_all(bind=sync_engine)
.venv\Lib\site-packages\sqlalchemy\sql\schema.py:5896: in drop_all
    bind._run_ddl_visitor(
.venv\Lib\site-packages\sqlalchemy\engine\base.py:3252: in _run_ddl_visitor
    with self.begin() as conn:
..\..\..\..\AppData\Local\Programs\Python\Python313\Lib\contextlib.py:141: in __enter__
    return next(self.gen)
.venv\Lib\site-packages\sqlalchemy\engine\base.py:3242: in begin
    with self.connect() as conn:
.venv\Lib\site-packages\sqlalchemy\engine\base.py:3278: in connect
    return self._connection_cls(self)
.venv\Lib\site-packages\sqlalchemy\engine\base.py:148: in __init__
    Connection._handle_dbapi_exception_noconnection(
.venv\Lib\site-packages\sqlalchemy\engine\base.py:2442: in _handle_dbapi_exception_noconnection
    raise sqlalchemy_exception.with_traceback(exc_info[2]) from e
.venv\Lib\site-packages\sqlalchemy\engine\base.py:146: in __init__
    self._dbapi_connection = engine.raw_connection()
.venv\Lib\site-packages\sqlalchemy\engine\base.py:3302: in raw_connection
    return self.pool.connect()
.venv\Lib\site-packages\sqlalchemy\pool\base.py:449: in connect
    return _ConnectionFairy._checkout(self)
.venv\Lib\site-packages\sqlalchemy\pool\base.py:1263: in _checkout
    fairy = _ConnectionRecord.checkout(pool)
.venv\Lib\site-packages\sqlalchemy\pool\base.py:712: in checkout
    rec = pool._do_get()
.venv\Lib\site-packages\sqlalchemy\pool\impl.py:179: in _do_get
    with util.safe_reraise():
.venv\Lib\site-packages\sqlalchemy\util\langhelpers.py:146: in __exit__
    raise exc_value.with_traceback(exc_tb)
.venv\Lib\site-packages\sqlalchemy\pool\impl.py:177: in _do_get
    return self._create_connection()
.venv\Lib\site-packages\sqlalchemy\pool\base.py:390: in _create_connection
    return _ConnectionRecord(self)
.venv\Lib\site-packages\sqlalchemy\pool\base.py:674: in __init__
    self.__connect()
.venv\Lib\site-packages\sqlalchemy\pool\base.py:900: in __connect
    with util.safe_reraise():
.venv\Lib\site-packages\sqlalchemy\util\langhelpers.py:146: in __exit__
    raise exc_value.with_traceback(exc_tb)
.venv\Lib\site-packages\sqlalchemy\pool\base.py:896: in __connect
    self.dbapi_connection = connection = pool._invoke_creator(self)
.venv\Lib\site-packages\sqlalchemy\engine\create.py:643: in connect
    return dialect.connect(*cargs, **cparams)
.venv\Lib\site-packages\sqlalchemy\engine\default.py:621: in connect
    return self.loaded_dbapi.connect(*cargs, **cparams)
.venv\Lib\site-packages\psycopg2\__init__.py:135: in connect
    conn = _connect(dsn, connection_factory=connection_factory, **kwasync)
E   sqlalchemy.exc.OperationalError: (psycopg2.OperationalError) connection to server at "localhost" (::1), port 5432 failed: FATAL:  database "pulseboard_test" does not exist
E   
E   (Background on this error at: https://sqlalche.me/e/20/e3q8)
_ ERROR at setup of TestMatchOrNewTopic.test_no_existing_topics_returns_none __
.venv\Lib\site-packages\sqlalchemy\engine\base.py:146: in __init__
    self._dbapi_connection = engine.raw_connection()
.venv\Lib\site-packages\sqlalchemy\engine\base.py:3302: in raw_connection
    return self.pool.connect()
.venv\Lib\site-packages\sqlalchemy\pool\base.py:449: in connect
    return _ConnectionFairy._checkout(self)
.venv\Lib\site-packages\sqlalchemy\pool\base.py:1263: in _checkout
    fairy = _ConnectionRecord.checkout(pool)
.venv\Lib\site-packages\sqlalchemy\pool\base.py:712: in checkout
    rec = pool._do_get()
.venv\Lib\site-packages\sqlalchemy\pool\impl.py:179: in _do_get
    with util.safe_reraise():
.venv\Lib\site-packages\sqlalchemy\util\langhelpers.py:146: in __exit__
    raise exc_value.with_traceback(exc_tb)
.venv\Lib\site-packages\sqlalchemy\pool\impl.py:177: in _do_get
    return self._create_connection()
.venv\Lib\site-packages\sqlalchemy\pool\base.py:390: in _create_connection
    return _ConnectionRecord(self)
.venv\Lib\site-packages\sqlalchemy\pool\base.py:674: in __init__
    self.__connect()
.venv\Lib\site-packages\sqlalchemy\pool\base.py:900: in __connect
    with util.safe_reraise():
.venv\Lib\site-packages\sqlalchemy\util\langhelpers.py:146: in __exit__
    raise exc_value.with_traceback(exc_tb)
.venv\Lib\site-packages\sqlalchemy\pool\base.py:896: in __connect
    self.dbapi_connection = connection = pool._invoke_creator(self)
.venv\Lib\site-packages\sqlalchemy\engine\create.py:643: in connect
    return dialect.connect(*cargs, **cparams)
.venv\Lib\site-packages\sqlalchemy\engine\default.py:621: in connect
    return self.loaded_dbapi.connect(*cargs, **cparams)
.venv\Lib\site-packages\psycopg2\__init__.py:135: in connect
    conn = _connect(dsn, connection_factory=connection_factory, **kwasync)
E   psycopg2.OperationalError: connection to server at "localhost" (::1), port 5432 failed: FATAL:  database "pulseboard_test" does not exist

The above exception was the direct cause of the following exception:
app\tests\conftest.py:49: in _create_schema
    Base.metadata.drop_all(bind=sync_engine)
.venv\Lib\site-packages\sqlalchemy\sql\schema.py:5896: in drop_all
    bind._run_ddl_visitor(
.venv\Lib\site-packages\sqlalchemy\engine\base.py:3252: in _run_ddl_visitor
    with self.begin() as conn:
..\..\..\..\AppData\Local\Programs\Python\Python313\Lib\contextlib.py:141: in __enter__
    return next(self.gen)
.venv\Lib\site-packages\sqlalchemy\engine\base.py:3242: in begin
    with self.connect() as conn:
.venv\Lib\site-packages\sqlalchemy\engine\base.py:3278: in connect
    return self._connection_cls(self)
.venv\Lib\site-packages\sqlalchemy\engine\base.py:148: in __init__
    Connection._handle_dbapi_exception_noconnection(
.venv\Lib\site-packages\sqlalchemy\engine\base.py:2442: in _handle_dbapi_exception_noconnection
    raise sqlalchemy_exception.with_traceback(exc_info[2]) from e
.venv\Lib\site-packages\sqlalchemy\engine\base.py:146: in __init__
    self._dbapi_connection = engine.raw_connection()
.venv\Lib\site-packages\sqlalchemy\engine\base.py:3302: in raw_connection
    return self.pool.connect()
.venv\Lib\site-packages\sqlalchemy\pool\base.py:449: in connect
    return _ConnectionFairy._checkout(self)
.venv\Lib\site-packages\sqlalchemy\pool\base.py:1263: in _checkout
    fairy = _ConnectionRecord.checkout(pool)
.venv\Lib\site-packages\sqlalchemy\pool\base.py:712: in checkout
    rec = pool._do_get()
.venv\Lib\site-packages\sqlalchemy\pool\impl.py:179: in _do_get
    with util.safe_reraise():
.venv\Lib\site-packages\sqlalchemy\util\langhelpers.py:146: in __exit__
    raise exc_value.with_traceback(exc_tb)
.venv\Lib\site-packages\sqlalchemy\pool\impl.py:177: in _do_get
    return self._create_connection()
.venv\Lib\site-packages\sqlalchemy\pool\base.py:390: in _create_connection
    return _ConnectionRecord(self)
.venv\Lib\site-packages\sqlalchemy\pool\base.py:674: in __init__
    self.__connect()
.venv\Lib\site-packages\sqlalchemy\pool\base.py:900: in __connect
    with util.safe_reraise():
.venv\Lib\site-packages\sqlalchemy\util\langhelpers.py:146: in __exit__
    raise exc_value.with_traceback(exc_tb)
.venv\Lib\site-packages\sqlalchemy\pool\base.py:896: in __connect
    self.dbapi_connection = connection = pool._invoke_creator(self)
.venv\Lib\site-packages\sqlalchemy\engine\create.py:643: in connect
    return dialect.connect(*cargs, **cparams)
.venv\Lib\site-packages\sqlalchemy\engine\default.py:621: in connect
    return self.loaded_dbapi.connect(*cargs, **cparams)
.venv\Lib\site-packages\psycopg2\__init__.py:135: in connect
    conn = _connect(dsn, connection_factory=connection_factory, **kwasync)
E   sqlalchemy.exc.OperationalError: (psycopg2.OperationalError) connection to server at "localhost" (::1), port 5432 failed: FATAL:  database "pulseboard_test" does not exist
E   
E   (Background on this error at: https://sqlalche.me/e/20/e3q8)
__ ERROR at setup of TestMatchesBrand.test_case_insensitive_substring_match ___
.venv\Lib\site-packages\sqlalchemy\engine\base.py:146: in __init__
    self._dbapi_connection = engine.raw_connection()
.venv\Lib\site-packages\sqlalchemy\engine\base.py:3302: in raw_connection
    return self.pool.connect()
.venv\Lib\site-packages\sqlalchemy\pool\base.py:449: in connect
    return _ConnectionFairy._checkout(self)
.venv\Lib\site-packages\sqlalchemy\pool\base.py:1263: in _checkout
    fairy = _ConnectionRecord.checkout(pool)
.venv\Lib\site-packages\sqlalchemy\pool\base.py:712: in checkout
    rec = pool._do_get()
.venv\Lib\site-packages\sqlalchemy\pool\impl.py:179: in _do_get
    with util.safe_reraise():
.venv\Lib\site-packages\sqlalchemy\util\langhelpers.py:146: in __exit__
    raise exc_value.with_traceback(exc_tb)
.venv\Lib\site-packages\sqlalchemy\pool\impl.py:177: in _do_get
    return self._create_connection()
.venv\Lib\site-packages\sqlalchemy\pool\base.py:390: in _create_connection
    return _ConnectionRecord(self)
.venv\Lib\site-packages\sqlalchemy\pool\base.py:674: in __init__
    self.__connect()
.venv\Lib\site-packages\sqlalchemy\pool\base.py:900: in __connect
    with util.safe_reraise():
.venv\Lib\site-packages\sqlalchemy\util\langhelpers.py:146: in __exit__
    raise exc_value.with_traceback(exc_tb)
.venv\Lib\site-packages\sqlalchemy\pool\base.py:896: in __connect
    self.dbapi_connection = connection = pool._invoke_creator(self)
.venv\Lib\site-packages\sqlalchemy\engine\create.py:643: in connect
    return dialect.connect(*cargs, **cparams)
.venv\Lib\site-packages\sqlalchemy\engine\default.py:621: in connect
    return self.loaded_dbapi.connect(*cargs, **cparams)
.venv\Lib\site-packages\psycopg2\__init__.py:135: in connect
    conn = _connect(dsn, connection_factory=connection_factory, **kwasync)
E   psycopg2.OperationalError: connection to server at "localhost" (::1), port 5432 failed: FATAL:  database "pulseboard_test" does not exist

The above exception was the direct cause of the following exception:
app\tests\conftest.py:49: in _create_schema
    Base.metadata.drop_all(bind=sync_engine)
.venv\Lib\site-packages\sqlalchemy\sql\schema.py:5896: in drop_all
    bind._run_ddl_visitor(
.venv\Lib\site-packages\sqlalchemy\engine\base.py:3252: in _run_ddl_visitor
    with self.begin() as conn:
..\..\..\..\AppData\Local\Programs\Python\Python313\Lib\contextlib.py:141: in __enter__
    return next(self.gen)
.venv\Lib\site-packages\sqlalchemy\engine\base.py:3242: in begin
    with self.connect() as conn:
.venv\Lib\site-packages\sqlalchemy\engine\base.py:3278: in connect
    return self._connection_cls(self)
.venv\Lib\site-packages\sqlalchemy\engine\base.py:148: in __init__
    Connection._handle_dbapi_exception_noconnection(
.venv\Lib\site-packages\sqlalchemy\engine\base.py:2442: in _handle_dbapi_exception_noconnection
    raise sqlalchemy_exception.with_traceback(exc_info[2]) from e
.venv\Lib\site-packages\sqlalchemy\engine\base.py:146: in __init__
    self._dbapi_connection = engine.raw_connection()
.venv\Lib\site-packages\sqlalchemy\engine\base.py:3302: in raw_connection
    return self.pool.connect()
.venv\Lib\site-packages\sqlalchemy\pool\base.py:449: in connect
    return _ConnectionFairy._checkout(self)
.venv\Lib\site-packages\sqlalchemy\pool\base.py:1263: in _checkout
    fairy = _ConnectionRecord.checkout(pool)
.venv\Lib\site-packages\sqlalchemy\pool\base.py:712: in checkout
    rec = pool._do_get()
.venv\Lib\site-packages\sqlalchemy\pool\impl.py:179: in _do_get
    with util.safe_reraise():
.venv\Lib\site-packages\sqlalchemy\util\langhelpers.py:146: in __exit__
    raise exc_value.with_traceback(exc_tb)
.venv\Lib\site-packages\sqlalchemy\pool\impl.py:177: in _do_get
    return self._create_connection()
.venv\Lib\site-packages\sqlalchemy\pool\base.py:390: in _create_connection
    return _ConnectionRecord(self)
.venv\Lib\site-packages\sqlalchemy\pool\base.py:674: in __init__
    self.__connect()
.venv\Lib\site-packages\sqlalchemy\pool\base.py:900: in __connect
    with util.safe_reraise():
.venv\Lib\site-packages\sqlalchemy\util\langhelpers.py:146: in __exit__
    raise exc_value.with_traceback(exc_tb)
.venv\Lib\site-packages\sqlalchemy\pool\base.py:896: in __connect
    self.dbapi_connection = connection = pool._invoke_creator(self)
.venv\Lib\site-packages\sqlalchemy\engine\create.py:643: in connect
    return dialect.connect(*cargs, **cparams)
.venv\Lib\site-packages\sqlalchemy\engine\default.py:621: in connect
    return self.loaded_dbapi.connect(*cargs, **cparams)
.venv\Lib\site-packages\psycopg2\__init__.py:135: in connect
    conn = _connect(dsn, connection_factory=connection_factory, **kwasync)
E   sqlalchemy.exc.OperationalError: (psycopg2.OperationalError) connection to server at "localhost" (::1), port 5432 failed: FATAL:  database "pulseboard_test" does not exist
E   
E   (Background on this error at: https://sqlalche.me/e/20/e3q8)
______________ ERROR at setup of TestMatchesBrand.test_no_match _______________
.venv\Lib\site-packages\sqlalchemy\engine\base.py:146: in __init__
    self._dbapi_connection = engine.raw_connection()
.venv\Lib\site-packages\sqlalchemy\engine\base.py:3302: in raw_connection
    return self.pool.connect()
.venv\Lib\site-packages\sqlalchemy\pool\base.py:449: in connect
    return _ConnectionFairy._checkout(self)
.venv\Lib\site-packages\sqlalchemy\pool\base.py:1263: in _checkout
    fairy = _ConnectionRecord.checkout(pool)
.venv\Lib\site-packages\sqlalchemy\pool\base.py:712: in checkout
    rec = pool._do_get()
.venv\Lib\site-packages\sqlalchemy\pool\impl.py:179: in _do_get
    with util.safe_reraise():
.venv\Lib\site-packages\sqlalchemy\util\langhelpers.py:146: in __exit__
    raise exc_value.with_traceback(exc_tb)
.venv\Lib\site-packages\sqlalchemy\pool\impl.py:177: in _do_get
    return self._create_connection()
.venv\Lib\site-packages\sqlalchemy\pool\base.py:390: in _create_connection
    return _ConnectionRecord(self)
.venv\Lib\site-packages\sqlalchemy\pool\base.py:674: in __init__
    self.__connect()
.venv\Lib\site-packages\sqlalchemy\pool\base.py:900: in __connect
    with util.safe_reraise():
.venv\Lib\site-packages\sqlalchemy\util\langhelpers.py:146: in __exit__
    raise exc_value.with_traceback(exc_tb)
.venv\Lib\site-packages\sqlalchemy\pool\base.py:896: in __connect
    self.dbapi_connection = connection = pool._invoke_creator(self)
.venv\Lib\site-packages\sqlalchemy\engine\create.py:643: in connect
    return dialect.connect(*cargs, **cparams)
.venv\Lib\site-packages\sqlalchemy\engine\default.py:621: in connect
    return self.loaded_dbapi.connect(*cargs, **cparams)
.venv\Lib\site-packages\psycopg2\__init__.py:135: in connect
    conn = _connect(dsn, connection_factory=connection_factory, **kwasync)
E   psycopg2.OperationalError: connection to server at "localhost" (::1), port 5432 failed: FATAL:  database "pulseboard_test" does not exist

The above exception was the direct cause of the following exception:
app\tests\conftest.py:49: in _create_schema
    Base.metadata.drop_all(bind=sync_engine)
.venv\Lib\site-packages\sqlalchemy\sql\schema.py:5896: in drop_all
    bind._run_ddl_visitor(
.venv\Lib\site-packages\sqlalchemy\engine\base.py:3252: in _run_ddl_visitor
    with self.begin() as conn:
..\..\..\..\AppData\Local\Programs\Python\Python313\Lib\contextlib.py:141: in __enter__
    return next(self.gen)
.venv\Lib\site-packages\sqlalchemy\engine\base.py:3242: in begin
    with self.connect() as conn:
.venv\Lib\site-packages\sqlalchemy\engine\base.py:3278: in connect
    return self._connection_cls(self)
.venv\Lib\site-packages\sqlalchemy\engine\base.py:148: in __init__
    Connection._handle_dbapi_exception_noconnection(
.venv\Lib\site-packages\sqlalchemy\engine\base.py:2442: in _handle_dbapi_exception_noconnection
    raise sqlalchemy_exception.with_traceback(exc_info[2]) from e
.venv\Lib\site-packages\sqlalchemy\engine\base.py:146: in __init__
    self._dbapi_connection = engine.raw_connection()
.venv\Lib\site-packages\sqlalchemy\engine\base.py:3302: in raw_connection
    return self.pool.connect()
.venv\Lib\site-packages\sqlalchemy\pool\base.py:449: in connect
    return _ConnectionFairy._checkout(self)
.venv\Lib\site-packages\sqlalchemy\pool\base.py:1263: in _checkout
    fairy = _ConnectionRecord.checkout(pool)
.venv\Lib\site-packages\sqlalchemy\pool\base.py:712: in checkout
    rec = pool._do_get()
.venv\Lib\site-packages\sqlalchemy\pool\impl.py:179: in _do_get
    with util.safe_reraise():
.venv\Lib\site-packages\sqlalchemy\util\langhelpers.py:146: in __exit__
    raise exc_value.with_traceback(exc_tb)
.venv\Lib\site-packages\sqlalchemy\pool\impl.py:177: in _do_get
    return self._create_connection()
.venv\Lib\site-packages\sqlalchemy\pool\base.py:390: in _create_connection
    return _ConnectionRecord(self)
.venv\Lib\site-packages\sqlalchemy\pool\base.py:674: in __init__
    self.__connect()
.venv\Lib\site-packages\sqlalchemy\pool\base.py:900: in __connect
    with util.safe_reraise():
.venv\Lib\site-packages\sqlalchemy\util\langhelpers.py:146: in __exit__
    raise exc_value.with_traceback(exc_tb)
.venv\Lib\site-packages\sqlalchemy\pool\base.py:896: in __connect
    self.dbapi_connection = connection = pool._invoke_creator(self)
.venv\Lib\site-packages\sqlalchemy\engine\create.py:643: in connect
    return dialect.connect(*cargs, **cparams)
.venv\Lib\site-packages\sqlalchemy\engine\default.py:621: in connect
    return self.loaded_dbapi.connect(*cargs, **cparams)
.venv\Lib\site-packages\psycopg2\__init__.py:135: in connect
    conn = _connect(dsn, connection_factory=connection_factory, **kwasync)
E   sqlalchemy.exc.OperationalError: (psycopg2.OperationalError) connection to server at "localhost" (::1), port 5432 failed: FATAL:  database "pulseboard_test" does not exist
E   
E   (Background on this error at: https://sqlalche.me/e/20/e3q8)
_____ ERROR at setup of TestMatchesBrand.test_empty_keywords_never_match ______
.venv\Lib\site-packages\sqlalchemy\engine\base.py:146: in __init__
    self._dbapi_connection = engine.raw_connection()
.venv\Lib\site-packages\sqlalchemy\engine\base.py:3302: in raw_connection
    return self.pool.connect()
.venv\Lib\site-packages\sqlalchemy\pool\base.py:449: in connect
    return _ConnectionFairy._checkout(self)
.venv\Lib\site-packages\sqlalchemy\pool\base.py:1263: in _checkout
    fairy = _ConnectionRecord.checkout(pool)
.venv\Lib\site-packages\sqlalchemy\pool\base.py:712: in checkout
    rec = pool._do_get()
.venv\Lib\site-packages\sqlalchemy\pool\impl.py:179: in _do_get
    with util.safe_reraise():
.venv\Lib\site-packages\sqlalchemy\util\langhelpers.py:146: in __exit__
    raise exc_value.with_traceback(exc_tb)
.venv\Lib\site-packages\sqlalchemy\pool\impl.py:177: in _do_get
    return self._create_connection()
.venv\Lib\site-packages\sqlalchemy\pool\base.py:390: in _create_connection
    return _ConnectionRecord(self)
.venv\Lib\site-packages\sqlalchemy\pool\base.py:674: in __init__
    self.__connect()
.venv\Lib\site-packages\sqlalchemy\pool\base.py:900: in __connect
    with util.safe_reraise():
.venv\Lib\site-packages\sqlalchemy\util\langhelpers.py:146: in __exit__
    raise exc_value.with_traceback(exc_tb)
.venv\Lib\site-packages\sqlalchemy\pool\base.py:896: in __connect
    self.dbapi_connection = connection = pool._invoke_creator(self)
.venv\Lib\site-packages\sqlalchemy\engine\create.py:643: in connect
    return dialect.connect(*cargs, **cparams)
.venv\Lib\site-packages\sqlalchemy\engine\default.py:621: in connect
    return self.loaded_dbapi.connect(*cargs, **cparams)
.venv\Lib\site-packages\psycopg2\__init__.py:135: in connect
    conn = _connect(dsn, connection_factory=connection_factory, **kwasync)
E   psycopg2.OperationalError: connection to server at "localhost" (::1), port 5432 failed: FATAL:  database "pulseboard_test" does not exist

The above exception was the direct cause of the following exception:
app\tests\conftest.py:49: in _create_schema
    Base.metadata.drop_all(bind=sync_engine)
.venv\Lib\site-packages\sqlalchemy\sql\schema.py:5896: in drop_all
    bind._run_ddl_visitor(
.venv\Lib\site-packages\sqlalchemy\engine\base.py:3252: in _run_ddl_visitor
    with self.begin() as conn:
..\..\..\..\AppData\Local\Programs\Python\Python313\Lib\contextlib.py:141: in __enter__
    return next(self.gen)
.venv\Lib\site-packages\sqlalchemy\engine\base.py:3242: in begin
    with self.connect() as conn:
.venv\Lib\site-packages\sqlalchemy\engine\base.py:3278: in connect
    return self._connection_cls(self)
.venv\Lib\site-packages\sqlalchemy\engine\base.py:148: in __init__
    Connection._handle_dbapi_exception_noconnection(
.venv\Lib\site-packages\sqlalchemy\engine\base.py:2442: in _handle_dbapi_exception_noconnection
    raise sqlalchemy_exception.with_traceback(exc_info[2]) from e
.venv\Lib\site-packages\sqlalchemy\engine\base.py:146: in __init__
    self._dbapi_connection = engine.raw_connection()
.venv\Lib\site-packages\sqlalchemy\engine\base.py:3302: in raw_connection
    return self.pool.connect()
.venv\Lib\site-packages\sqlalchemy\pool\base.py:449: in connect
    return _ConnectionFairy._checkout(self)
.venv\Lib\site-packages\sqlalchemy\pool\base.py:1263: in _checkout
    fairy = _ConnectionRecord.checkout(pool)
.venv\Lib\site-packages\sqlalchemy\pool\base.py:712: in checkout
    rec = pool._do_get()
.venv\Lib\site-packages\sqlalchemy\pool\impl.py:179: in _do_get
    with util.safe_reraise():
.venv\Lib\site-packages\sqlalchemy\util\langhelpers.py:146: in __exit__
    raise exc_value.with_traceback(exc_tb)
.venv\Lib\site-packages\sqlalchemy\pool\impl.py:177: in _do_get
    return self._create_connection()
.venv\Lib\site-packages\sqlalchemy\pool\base.py:390: in _create_connection
    return _ConnectionRecord(self)
.venv\Lib\site-packages\sqlalchemy\pool\base.py:674: in __init__
    self.__connect()
.venv\Lib\site-packages\sqlalchemy\pool\base.py:900: in __connect
    with util.safe_reraise():
.venv\Lib\site-packages\sqlalchemy\util\langhelpers.py:146: in __exit__
    raise exc_value.with_traceback(exc_tb)
.venv\Lib\site-packages\sqlalchemy\pool\base.py:896: in __connect
    self.dbapi_connection = connection = pool._invoke_creator(self)
.venv\Lib\site-packages\sqlalchemy\engine\create.py:643: in connect
    return dialect.connect(*cargs, **cparams)
.venv\Lib\site-packages\sqlalchemy\engine\default.py:621: in connect
    return self.loaded_dbapi.connect(*cargs, **cparams)
.venv\Lib\site-packages\psycopg2\__init__.py:135: in connect
    conn = _connect(dsn, connection_factory=connection_factory, **kwasync)
E   sqlalchemy.exc.OperationalError: (psycopg2.OperationalError) connection to server at "localhost" (::1), port 5432 failed: FATAL:  database "pulseboard_test" does not exist
E   
E   (Background on this error at: https://sqlalche.me/e/20/e3q8)
____ ERROR at setup of TestRelatedTopics.test_ranks_by_overlap_descending _____
.venv\Lib\site-packages\sqlalchemy\engine\base.py:146: in __init__
    self._dbapi_connection = engine.raw_connection()
.venv\Lib\site-packages\sqlalchemy\engine\base.py:3302: in raw_connection
    return self.pool.connect()
.venv\Lib\site-packages\sqlalchemy\pool\base.py:449: in connect
    return _ConnectionFairy._checkout(self)
.venv\Lib\site-packages\sqlalchemy\pool\base.py:1263: in _checkout
    fairy = _ConnectionRecord.checkout(pool)
.venv\Lib\site-packages\sqlalchemy\pool\base.py:712: in checkout
    rec = pool._do_get()
.venv\Lib\site-packages\sqlalchemy\pool\impl.py:179: in _do_get
    with util.safe_reraise():
.venv\Lib\site-packages\sqlalchemy\util\langhelpers.py:146: in __exit__
    raise exc_value.with_traceback(exc_tb)
.venv\Lib\site-packages\sqlalchemy\pool\impl.py:177: in _do_get
    return self._create_connection()
.venv\Lib\site-packages\sqlalchemy\pool\base.py:390: in _create_connection
    return _ConnectionRecord(self)
.venv\Lib\site-packages\sqlalchemy\pool\base.py:674: in __init__
    self.__connect()
.venv\Lib\site-packages\sqlalchemy\pool\base.py:900: in __connect
    with util.safe_reraise():
.venv\Lib\site-packages\sqlalchemy\util\langhelpers.py:146: in __exit__
    raise exc_value.with_traceback(exc_tb)
.venv\Lib\site-packages\sqlalchemy\pool\base.py:896: in __connect
    self.dbapi_connection = connection = pool._invoke_creator(self)
.venv\Lib\site-packages\sqlalchemy\engine\create.py:643: in connect
    return dialect.connect(*cargs, **cparams)
.venv\Lib\site-packages\sqlalchemy\engine\default.py:621: in connect
    return self.loaded_dbapi.connect(*cargs, **cparams)
.venv\Lib\site-packages\psycopg2\__init__.py:135: in connect
    conn = _connect(dsn, connection_factory=connection_factory, **kwasync)
E   psycopg2.OperationalError: connection to server at "localhost" (::1), port 5432 failed: FATAL:  database "pulseboard_test" does not exist

The above exception was the direct cause of the following exception:
app\tests\conftest.py:49: in _create_schema
    Base.metadata.drop_all(bind=sync_engine)
.venv\Lib\site-packages\sqlalchemy\sql\schema.py:5896: in drop_all
    bind._run_ddl_visitor(
.venv\Lib\site-packages\sqlalchemy\engine\base.py:3252: in _run_ddl_visitor
    with self.begin() as conn:
..\..\..\..\AppData\Local\Programs\Python\Python313\Lib\contextlib.py:141: in __enter__
    return next(self.gen)
.venv\Lib\site-packages\sqlalchemy\engine\base.py:3242: in begin
    with self.connect() as conn:
.venv\Lib\site-packages\sqlalchemy\engine\base.py:3278: in connect
    return self._connection_cls(self)
.venv\Lib\site-packages\sqlalchemy\engine\base.py:148: in __init__
    Connection._handle_dbapi_exception_noconnection(
.venv\Lib\site-packages\sqlalchemy\engine\base.py:2442: in _handle_dbapi_exception_noconnection
    raise sqlalchemy_exception.with_traceback(exc_info[2]) from e
.venv\Lib\site-packages\sqlalchemy\engine\base.py:146: in __init__
    self._dbapi_connection = engine.raw_connection()
.venv\Lib\site-packages\sqlalchemy\engine\base.py:3302: in raw_connection
    return self.pool.connect()
.venv\Lib\site-packages\sqlalchemy\pool\base.py:449: in connect
    return _ConnectionFairy._checkout(self)
.venv\Lib\site-packages\sqlalchemy\pool\base.py:1263: in _checkout
    fairy = _ConnectionRecord.checkout(pool)
.venv\Lib\site-packages\sqlalchemy\pool\base.py:712: in checkout
    rec = pool._do_get()
.venv\Lib\site-packages\sqlalchemy\pool\impl.py:179: in _do_get
    with util.safe_reraise():
.venv\Lib\site-packages\sqlalchemy\util\langhelpers.py:146: in __exit__
    raise exc_value.with_traceback(exc_tb)
.venv\Lib\site-packages\sqlalchemy\pool\impl.py:177: in _do_get
    return self._create_connection()
.venv\Lib\site-packages\sqlalchemy\pool\base.py:390: in _create_connection
    return _ConnectionRecord(self)
.venv\Lib\site-packages\sqlalchemy\pool\base.py:674: in __init__
    self.__connect()
.venv\Lib\site-packages\sqlalchemy\pool\base.py:900: in __connect
    with util.safe_reraise():
.venv\Lib\site-packages\sqlalchemy\util\langhelpers.py:146: in __exit__
    raise exc_value.with_traceback(exc_tb)
.venv\Lib\site-packages\sqlalchemy\pool\base.py:896: in __connect
    self.dbapi_connection = connection = pool._invoke_creator(self)
.venv\Lib\site-packages\sqlalchemy\engine\create.py:643: in connect
    return dialect.connect(*cargs, **cparams)
.venv\Lib\site-packages\sqlalchemy\engine\default.py:621: in connect
    return self.loaded_dbapi.connect(*cargs, **cparams)
.venv\Lib\site-packages\psycopg2\__init__.py:135: in connect
    conn = _connect(dsn, connection_factory=connection_factory, **kwasync)
E   sqlalchemy.exc.OperationalError: (psycopg2.OperationalError) connection to server at "localhost" (::1), port 5432 failed: FATAL:  database "pulseboard_test" does not exist
E   
E   (Background on this error at: https://sqlalche.me/e/20/e3q8)
_______ ERROR at setup of TestRelatedTopics.test_zero_overlap_excluded ________
.venv\Lib\site-packages\sqlalchemy\engine\base.py:146: in __init__
    self._dbapi_connection = engine.raw_connection()
.venv\Lib\site-packages\sqlalchemy\engine\base.py:3302: in raw_connection
    return self.pool.connect()
.venv\Lib\site-packages\sqlalchemy\pool\base.py:449: in connect
    return _ConnectionFairy._checkout(self)
.venv\Lib\site-packages\sqlalchemy\pool\base.py:1263: in _checkout
    fairy = _ConnectionRecord.checkout(pool)
.venv\Lib\site-packages\sqlalchemy\pool\base.py:712: in checkout
    rec = pool._do_get()
.venv\Lib\site-packages\sqlalchemy\pool\impl.py:179: in _do_get
    with util.safe_reraise():
.venv\Lib\site-packages\sqlalchemy\util\langhelpers.py:146: in __exit__
    raise exc_value.with_traceback(exc_tb)
.venv\Lib\site-packages\sqlalchemy\pool\impl.py:177: in _do_get
    return self._create_connection()
.venv\Lib\site-packages\sqlalchemy\pool\base.py:390: in _create_connection
    return _ConnectionRecord(self)
.venv\Lib\site-packages\sqlalchemy\pool\base.py:674: in __init__
    self.__connect()
.venv\Lib\site-packages\sqlalchemy\pool\base.py:900: in __connect
    with util.safe_reraise():
.venv\Lib\site-packages\sqlalchemy\util\langhelpers.py:146: in __exit__
    raise exc_value.with_traceback(exc_tb)
.venv\Lib\site-packages\sqlalchemy\pool\base.py:896: in __connect
    self.dbapi_connection = connection = pool._invoke_creator(self)
.venv\Lib\site-packages\sqlalchemy\engine\create.py:643: in connect
    return dialect.connect(*cargs, **cparams)
.venv\Lib\site-packages\sqlalchemy\engine\default.py:621: in connect
    return self.loaded_dbapi.connect(*cargs, **cparams)
.venv\Lib\site-packages\psycopg2\__init__.py:135: in connect
    conn = _connect(dsn, connection_factory=connection_factory, **kwasync)
E   psycopg2.OperationalError: connection to server at "localhost" (::1), port 5432 failed: FATAL:  database "pulseboard_test" does not exist

The above exception was the direct cause of the following exception:
app\tests\conftest.py:49: in _create_schema
    Base.metadata.drop_all(bind=sync_engine)
.venv\Lib\site-packages\sqlalchemy\sql\schema.py:5896: in drop_all
    bind._run_ddl_visitor(
.venv\Lib\site-packages\sqlalchemy\engine\base.py:3252: in _run_ddl_visitor
    with self.begin() as conn:
..\..\..\..\AppData\Local\Programs\Python\Python313\Lib\contextlib.py:141: in __enter__
    return next(self.gen)
.venv\Lib\site-packages\sqlalchemy\engine\base.py:3242: in begin
    with self.connect() as conn:
.venv\Lib\site-packages\sqlalchemy\engine\base.py:3278: in connect
    return self._connection_cls(self)
.venv\Lib\site-packages\sqlalchemy\engine\base.py:148: in __init__
    Connection._handle_dbapi_exception_noconnection(
.venv\Lib\site-packages\sqlalchemy\engine\base.py:2442: in _handle_dbapi_exception_noconnection
    raise sqlalchemy_exception.with_traceback(exc_info[2]) from e
.venv\Lib\site-packages\sqlalchemy\engine\base.py:146: in __init__
    self._dbapi_connection = engine.raw_connection()
.venv\Lib\site-packages\sqlalchemy\engine\base.py:3302: in raw_connection
    return self.pool.connect()
.venv\Lib\site-packages\sqlalchemy\pool\base.py:449: in connect
    return _ConnectionFairy._checkout(self)
.venv\Lib\site-packages\sqlalchemy\pool\base.py:1263: in _checkout
    fairy = _ConnectionRecord.checkout(pool)
.venv\Lib\site-packages\sqlalchemy\pool\base.py:712: in checkout
    rec = pool._do_get()
.venv\Lib\site-packages\sqlalchemy\pool\impl.py:179: in _do_get
    with util.safe_reraise():
.venv\Lib\site-packages\sqlalchemy\util\langhelpers.py:146: in __exit__
    raise exc_value.with_traceback(exc_tb)
.venv\Lib\site-packages\sqlalchemy\pool\impl.py:177: in _do_get
    return self._create_connection()
.venv\Lib\site-packages\sqlalchemy\pool\base.py:390: in _create_connection
    return _ConnectionRecord(self)
.venv\Lib\site-packages\sqlalchemy\pool\base.py:674: in __init__
    self.__connect()
.venv\Lib\site-packages\sqlalchemy\pool\base.py:900: in __connect
    with util.safe_reraise():
.venv\Lib\site-packages\sqlalchemy\util\langhelpers.py:146: in __exit__
    raise exc_value.with_traceback(exc_tb)
.venv\Lib\site-packages\sqlalchemy\pool\base.py:896: in __connect
    self.dbapi_connection = connection = pool._invoke_creator(self)
.venv\Lib\site-packages\sqlalchemy\engine\create.py:643: in connect
    return dialect.connect(*cargs, **cparams)
.venv\Lib\site-packages\sqlalchemy\engine\default.py:621: in connect
    return self.loaded_dbapi.connect(*cargs, **cparams)
.venv\Lib\site-packages\psycopg2\__init__.py:135: in connect
    conn = _connect(dsn, connection_factory=connection_factory, **kwasync)
E   sqlalchemy.exc.OperationalError: (psycopg2.OperationalError) connection to server at "localhost" (::1), port 5432 failed: FATAL:  database "pulseboard_test" does not exist
E   
E   (Background on this error at: https://sqlalche.me/e/20/e3q8)
__ ERROR at setup of TestTopTerms.test_finds_most_common_terms_across_texts ___
.venv\Lib\site-packages\sqlalchemy\engine\base.py:146: in __init__
    self._dbapi_connection = engine.raw_connection()
.venv\Lib\site-packages\sqlalchemy\engine\base.py:3302: in raw_connection
    return self.pool.connect()
.venv\Lib\site-packages\sqlalchemy\pool\base.py:449: in connect
    return _ConnectionFairy._checkout(self)
.venv\Lib\site-packages\sqlalchemy\pool\base.py:1263: in _checkout
    fairy = _ConnectionRecord.checkout(pool)
.venv\Lib\site-packages\sqlalchemy\pool\base.py:712: in checkout
    rec = pool._do_get()
.venv\Lib\site-packages\sqlalchemy\pool\impl.py:179: in _do_get
    with util.safe_reraise():
.venv\Lib\site-packages\sqlalchemy\util\langhelpers.py:146: in __exit__
    raise exc_value.with_traceback(exc_tb)
.venv\Lib\site-packages\sqlalchemy\pool\impl.py:177: in _do_get
    return self._create_connection()
.venv\Lib\site-packages\sqlalchemy\pool\base.py:390: in _create_connection
    return _ConnectionRecord(self)
.venv\Lib\site-packages\sqlalchemy\pool\base.py:674: in __init__
    self.__connect()
.venv\Lib\site-packages\sqlalchemy\pool\base.py:900: in __connect
    with util.safe_reraise():
.venv\Lib\site-packages\sqlalchemy\util\langhelpers.py:146: in __exit__
    raise exc_value.with_traceback(exc_tb)
.venv\Lib\site-packages\sqlalchemy\pool\base.py:896: in __connect
    self.dbapi_connection = connection = pool._invoke_creator(self)
.venv\Lib\site-packages\sqlalchemy\engine\create.py:643: in connect
    return dialect.connect(*cargs, **cparams)
.venv\Lib\site-packages\sqlalchemy\engine\default.py:621: in connect
    return self.loaded_dbapi.connect(*cargs, **cparams)
.venv\Lib\site-packages\psycopg2\__init__.py:135: in connect
    conn = _connect(dsn, connection_factory=connection_factory, **kwasync)
E   psycopg2.OperationalError: connection to server at "localhost" (::1), port 5432 failed: FATAL:  database "pulseboard_test" does not exist

The above exception was the direct cause of the following exception:
app\tests\conftest.py:49: in _create_schema
    Base.metadata.drop_all(bind=sync_engine)
.venv\Lib\site-packages\sqlalchemy\sql\schema.py:5896: in drop_all
    bind._run_ddl_visitor(
.venv\Lib\site-packages\sqlalchemy\engine\base.py:3252: in _run_ddl_visitor
    with self.begin() as conn:
..\..\..\..\AppData\Local\Programs\Python\Python313\Lib\contextlib.py:141: in __enter__
    return next(self.gen)
.venv\Lib\site-packages\sqlalchemy\engine\base.py:3242: in begin
    with self.connect() as conn:
.venv\Lib\site-packages\sqlalchemy\engine\base.py:3278: in connect
    return self._connection_cls(self)
.venv\Lib\site-packages\sqlalchemy\engine\base.py:148: in __init__
    Connection._handle_dbapi_exception_noconnection(
.venv\Lib\site-packages\sqlalchemy\engine\base.py:2442: in _handle_dbapi_exception_noconnection
    raise sqlalchemy_exception.with_traceback(exc_info[2]) from e
.venv\Lib\site-packages\sqlalchemy\engine\base.py:146: in __init__
    self._dbapi_connection = engine.raw_connection()
.venv\Lib\site-packages\sqlalchemy\engine\base.py:3302: in raw_connection
    return self.pool.connect()
.venv\Lib\site-packages\sqlalchemy\pool\base.py:449: in connect
    return _ConnectionFairy._checkout(self)
.venv\Lib\site-packages\sqlalchemy\pool\base.py:1263: in _checkout
    fairy = _ConnectionRecord.checkout(pool)
.venv\Lib\site-packages\sqlalchemy\pool\base.py:712: in checkout
    rec = pool._do_get()
.venv\Lib\site-packages\sqlalchemy\pool\impl.py:179: in _do_get
    with util.safe_reraise():
.venv\Lib\site-packages\sqlalchemy\util\langhelpers.py:146: in __exit__
    raise exc_value.with_traceback(exc_tb)
.venv\Lib\site-packages\sqlalchemy\pool\impl.py:177: in _do_get
    return self._create_connection()
.venv\Lib\site-packages\sqlalchemy\pool\base.py:390: in _create_connection
    return _ConnectionRecord(self)
.venv\Lib\site-packages\sqlalchemy\pool\base.py:674: in __init__
    self.__connect()
.venv\Lib\site-packages\sqlalchemy\pool\base.py:900: in __connect
    with util.safe_reraise():
.venv\Lib\site-packages\sqlalchemy\util\langhelpers.py:146: in __exit__
    raise exc_value.with_traceback(exc_tb)
.venv\Lib\site-packages\sqlalchemy\pool\base.py:896: in __connect
    self.dbapi_connection = connection = pool._invoke_creator(self)
.venv\Lib\site-packages\sqlalchemy\engine\create.py:643: in connect
    return dialect.connect(*cargs, **cparams)
.venv\Lib\site-packages\sqlalchemy\engine\default.py:621: in connect
    return self.loaded_dbapi.connect(*cargs, **cparams)
.venv\Lib\site-packages\psycopg2\__init__.py:135: in connect
    conn = _connect(dsn, connection_factory=connection_factory, **kwasync)
E   sqlalchemy.exc.OperationalError: (psycopg2.OperationalError) connection to server at "localhost" (::1), port 5432 failed: FATAL:  database "pulseboard_test" does not exist
E   
E   (Background on this error at: https://sqlalche.me/e/20/e3q8)
_ ERROR at setup of TestGrowthRate.test_zero_baseline_with_mentions_is_fresh_topic _
.venv\Lib\site-packages\sqlalchemy\engine\base.py:146: in __init__
    self._dbapi_connection = engine.raw_connection()
.venv\Lib\site-packages\sqlalchemy\engine\base.py:3302: in raw_connection
    return self.pool.connect()
.venv\Lib\site-packages\sqlalchemy\pool\base.py:449: in connect
    return _ConnectionFairy._checkout(self)
.venv\Lib\site-packages\sqlalchemy\pool\base.py:1263: in _checkout
    fairy = _ConnectionRecord.checkout(pool)
.venv\Lib\site-packages\sqlalchemy\pool\base.py:712: in checkout
    rec = pool._do_get()
.venv\Lib\site-packages\sqlalchemy\pool\impl.py:179: in _do_get
    with util.safe_reraise():
.venv\Lib\site-packages\sqlalchemy\util\langhelpers.py:146: in __exit__
    raise exc_value.with_traceback(exc_tb)
.venv\Lib\site-packages\sqlalchemy\pool\impl.py:177: in _do_get
    return self._create_connection()
.venv\Lib\site-packages\sqlalchemy\pool\base.py:390: in _create_connection
    return _ConnectionRecord(self)
.venv\Lib\site-packages\sqlalchemy\pool\base.py:674: in __init__
    self.__connect()
.venv\Lib\site-packages\sqlalchemy\pool\base.py:900: in __connect
    with util.safe_reraise():
.venv\Lib\site-packages\sqlalchemy\util\langhelpers.py:146: in __exit__
    raise exc_value.with_traceback(exc_tb)
.venv\Lib\site-packages\sqlalchemy\pool\base.py:896: in __connect
    self.dbapi_connection = connection = pool._invoke_creator(self)
.venv\Lib\site-packages\sqlalchemy\engine\create.py:643: in connect
    return dialect.connect(*cargs, **cparams)
.venv\Lib\site-packages\sqlalchemy\engine\default.py:621: in connect
    return self.loaded_dbapi.connect(*cargs, **cparams)
.venv\Lib\site-packages\psycopg2\__init__.py:135: in connect
    conn = _connect(dsn, connection_factory=connection_factory, **kwasync)
E   psycopg2.OperationalError: connection to server at "localhost" (::1), port 5432 failed: FATAL:  database "pulseboard_test" does not exist

The above exception was the direct cause of the following exception:
app\tests\conftest.py:49: in _create_schema
    Base.metadata.drop_all(bind=sync_engine)
.venv\Lib\site-packages\sqlalchemy\sql\schema.py:5896: in drop_all
    bind._run_ddl_visitor(
.venv\Lib\site-packages\sqlalchemy\engine\base.py:3252: in _run_ddl_visitor
    with self.begin() as conn:
..\..\..\..\AppData\Local\Programs\Python\Python313\Lib\contextlib.py:141: in __enter__
    return next(self.gen)
.venv\Lib\site-packages\sqlalchemy\engine\base.py:3242: in begin
    with self.connect() as conn:
.venv\Lib\site-packages\sqlalchemy\engine\base.py:3278: in connect
    return self._connection_cls(self)
.venv\Lib\site-packages\sqlalchemy\engine\base.py:148: in __init__
    Connection._handle_dbapi_exception_noconnection(
.venv\Lib\site-packages\sqlalchemy\engine\base.py:2442: in _handle_dbapi_exception_noconnection
    raise sqlalchemy_exception.with_traceback(exc_info[2]) from e
.venv\Lib\site-packages\sqlalchemy\engine\base.py:146: in __init__
    self._dbapi_connection = engine.raw_connection()
.venv\Lib\site-packages\sqlalchemy\engine\base.py:3302: in raw_connection
    return self.pool.connect()
.venv\Lib\site-packages\sqlalchemy\pool\base.py:449: in connect
    return _ConnectionFairy._checkout(self)
.venv\Lib\site-packages\sqlalchemy\pool\base.py:1263: in _checkout
    fairy = _ConnectionRecord.checkout(pool)
.venv\Lib\site-packages\sqlalchemy\pool\base.py:712: in checkout
    rec = pool._do_get()
.venv\Lib\site-packages\sqlalchemy\pool\impl.py:179: in _do_get
    with util.safe_reraise():
.venv\Lib\site-packages\sqlalchemy\util\langhelpers.py:146: in __exit__
    raise exc_value.with_traceback(exc_tb)
.venv\Lib\site-packages\sqlalchemy\pool\impl.py:177: in _do_get
    return self._create_connection()
.venv\Lib\site-packages\sqlalchemy\pool\base.py:390: in _create_connection
    return _ConnectionRecord(self)
.venv\Lib\site-packages\sqlalchemy\pool\base.py:674: in __init__
    self.__connect()
.venv\Lib\site-packages\sqlalchemy\pool\base.py:900: in __connect
    with util.safe_reraise():
.venv\Lib\site-packages\sqlalchemy\util\langhelpers.py:146: in __exit__
    raise exc_value.with_traceback(exc_tb)
.venv\Lib\site-packages\sqlalchemy\pool\base.py:896: in __connect
    self.dbapi_connection = connection = pool._invoke_creator(self)
.venv\Lib\site-packages\sqlalchemy\engine\create.py:643: in connect
    return dialect.connect(*cargs, **cparams)
.venv\Lib\site-packages\sqlalchemy\engine\default.py:621: in connect
    return self.loaded_dbapi.connect(*cargs, **cparams)
.venv\Lib\site-packages\psycopg2\__init__.py:135: in connect
    conn = _connect(dsn, connection_factory=connection_factory, **kwasync)
E   sqlalchemy.exc.OperationalError: (psycopg2.OperationalError) connection to server at "localhost" (::1), port 5432 failed: FATAL:  database "pulseboard_test" does not exist
E   
E   (Background on this error at: https://sqlalche.me/e/20/e3q8)
_ ERROR at setup of TestGrowthRate.test_zero_baseline_with_no_mentions_is_zero _
.venv\Lib\site-packages\sqlalchemy\engine\base.py:146: in __init__
    self._dbapi_connection = engine.raw_connection()
.venv\Lib\site-packages\sqlalchemy\engine\base.py:3302: in raw_connection
    return self.pool.connect()
.venv\Lib\site-packages\sqlalchemy\pool\base.py:449: in connect
    return _ConnectionFairy._checkout(self)
.venv\Lib\site-packages\sqlalchemy\pool\base.py:1263: in _checkout
    fairy = _ConnectionRecord.checkout(pool)
.venv\Lib\site-packages\sqlalchemy\pool\base.py:712: in checkout
    rec = pool._do_get()
.venv\Lib\site-packages\sqlalchemy\pool\impl.py:179: in _do_get
    with util.safe_reraise():
.venv\Lib\site-packages\sqlalchemy\util\langhelpers.py:146: in __exit__
    raise exc_value.with_traceback(exc_tb)
.venv\Lib\site-packages\sqlalchemy\pool\impl.py:177: in _do_get
    return self._create_connection()
.venv\Lib\site-packages\sqlalchemy\pool\base.py:390: in _create_connection
    return _ConnectionRecord(self)
.venv\Lib\site-packages\sqlalchemy\pool\base.py:674: in __init__
    self.__connect()
.venv\Lib\site-packages\sqlalchemy\pool\base.py:900: in __connect
    with util.safe_reraise():
.venv\Lib\site-packages\sqlalchemy\util\langhelpers.py:146: in __exit__
    raise exc_value.with_traceback(exc_tb)
.venv\Lib\site-packages\sqlalchemy\pool\base.py:896: in __connect
    self.dbapi_connection = connection = pool._invoke_creator(self)
.venv\Lib\site-packages\sqlalchemy\engine\create.py:643: in connect
    return dialect.connect(*cargs, **cparams)
.venv\Lib\site-packages\sqlalchemy\engine\default.py:621: in connect
    return self.loaded_dbapi.connect(*cargs, **cparams)
.venv\Lib\site-packages\psycopg2\__init__.py:135: in connect
    conn = _connect(dsn, connection_factory=connection_factory, **kwasync)
E   psycopg2.OperationalError: connection to server at "localhost" (::1), port 5432 failed: FATAL:  database "pulseboard_test" does not exist

The above exception was the direct cause of the following exception:
app\tests\conftest.py:49: in _create_schema
    Base.metadata.drop_all(bind=sync_engine)
.venv\Lib\site-packages\sqlalchemy\sql\schema.py:5896: in drop_all
    bind._run_ddl_visitor(
.venv\Lib\site-packages\sqlalchemy\engine\base.py:3252: in _run_ddl_visitor
    with self.begin() as conn:
..\..\..\..\AppData\Local\Programs\Python\Python313\Lib\contextlib.py:141: in __enter__
    return next(self.gen)
.venv\Lib\site-packages\sqlalchemy\engine\base.py:3242: in begin
    with self.connect() as conn:
.venv\Lib\site-packages\sqlalchemy\engine\base.py:3278: in connect
    return self._connection_cls(self)
.venv\Lib\site-packages\sqlalchemy\engine\base.py:148: in __init__
    Connection._handle_dbapi_exception_noconnection(
.venv\Lib\site-packages\sqlalchemy\engine\base.py:2442: in _handle_dbapi_exception_noconnection
    raise sqlalchemy_exception.with_traceback(exc_info[2]) from e
.venv\Lib\site-packages\sqlalchemy\engine\base.py:146: in __init__
    self._dbapi_connection = engine.raw_connection()
.venv\Lib\site-packages\sqlalchemy\engine\base.py:3302: in raw_connection
    return self.pool.connect()
.venv\Lib\site-packages\sqlalchemy\pool\base.py:449: in connect
    return _ConnectionFairy._checkout(self)
.venv\Lib\site-packages\sqlalchemy\pool\base.py:1263: in _checkout
    fairy = _ConnectionRecord.checkout(pool)
.venv\Lib\site-packages\sqlalchemy\pool\base.py:712: in checkout
    rec = pool._do_get()
.venv\Lib\site-packages\sqlalchemy\pool\impl.py:179: in _do_get
    with util.safe_reraise():
.venv\Lib\site-packages\sqlalchemy\util\langhelpers.py:146: in __exit__
    raise exc_value.with_traceback(exc_tb)
.venv\Lib\site-packages\sqlalchemy\pool\impl.py:177: in _do_get
    return self._create_connection()
.venv\Lib\site-packages\sqlalchemy\pool\base.py:390: in _create_connection
    return _ConnectionRecord(self)
.venv\Lib\site-packages\sqlalchemy\pool\base.py:674: in __init__
    self.__connect()
.venv\Lib\site-packages\sqlalchemy\pool\base.py:900: in __connect
    with util.safe_reraise():
.venv\Lib\site-packages\sqlalchemy\util\langhelpers.py:146: in __exit__
    raise exc_value.with_traceback(exc_tb)
.venv\Lib\site-packages\sqlalchemy\pool\base.py:896: in __connect
    self.dbapi_connection = connection = pool._invoke_creator(self)
.venv\Lib\site-packages\sqlalchemy\engine\create.py:643: in connect
    return dialect.connect(*cargs, **cparams)
.venv\Lib\site-packages\sqlalchemy\engine\default.py:621: in connect
    return self.loaded_dbapi.connect(*cargs, **cparams)
.venv\Lib\site-packages\psycopg2\__init__.py:135: in connect
    conn = _connect(dsn, connection_factory=connection_factory, **kwasync)
E   sqlalchemy.exc.OperationalError: (psycopg2.OperationalError) connection to server at "localhost" (::1), port 5432 failed: FATAL:  database "pulseboard_test" does not exist
E   
E   (Background on this error at: https://sqlalche.me/e/20/e3q8)
______ ERROR at setup of TestGrowthRate.test_standard_growth_calculation ______
.venv\Lib\site-packages\sqlalchemy\engine\base.py:146: in __init__
    self._dbapi_connection = engine.raw_connection()
.venv\Lib\site-packages\sqlalchemy\engine\base.py:3302: in raw_connection
    return self.pool.connect()
.venv\Lib\site-packages\sqlalchemy\pool\base.py:449: in connect
    return _ConnectionFairy._checkout(self)
.venv\Lib\site-packages\sqlalchemy\pool\base.py:1263: in _checkout
    fairy = _ConnectionRecord.checkout(pool)
.venv\Lib\site-packages\sqlalchemy\pool\base.py:712: in checkout
    rec = pool._do_get()
.venv\Lib\site-packages\sqlalchemy\pool\impl.py:179: in _do_get
    with util.safe_reraise():
.venv\Lib\site-packages\sqlalchemy\util\langhelpers.py:146: in __exit__
    raise exc_value.with_traceback(exc_tb)
.venv\Lib\site-packages\sqlalchemy\pool\impl.py:177: in _do_get
    return self._create_connection()
.venv\Lib\site-packages\sqlalchemy\pool\base.py:390: in _create_connection
    return _ConnectionRecord(self)
.venv\Lib\site-packages\sqlalchemy\pool\base.py:674: in __init__
    self.__connect()
.venv\Lib\site-packages\sqlalchemy\pool\base.py:900: in __connect
    with util.safe_reraise():
.venv\Lib\site-packages\sqlalchemy\util\langhelpers.py:146: in __exit__
    raise exc_value.with_traceback(exc_tb)
.venv\Lib\site-packages\sqlalchemy\pool\base.py:896: in __connect
    self.dbapi_connection = connection = pool._invoke_creator(self)
.venv\Lib\site-packages\sqlalchemy\engine\create.py:643: in connect
    return dialect.connect(*cargs, **cparams)
.venv\Lib\site-packages\sqlalchemy\engine\default.py:621: in connect
    return self.loaded_dbapi.connect(*cargs, **cparams)
.venv\Lib\site-packages\psycopg2\__init__.py:135: in connect
    conn = _connect(dsn, connection_factory=connection_factory, **kwasync)
E   psycopg2.OperationalError: connection to server at "localhost" (::1), port 5432 failed: FATAL:  database "pulseboard_test" does not exist

The above exception was the direct cause of the following exception:
app\tests\conftest.py:49: in _create_schema
    Base.metadata.drop_all(bind=sync_engine)
.venv\Lib\site-packages\sqlalchemy\sql\schema.py:5896: in drop_all
    bind._run_ddl_visitor(
.venv\Lib\site-packages\sqlalchemy\engine\base.py:3252: in _run_ddl_visitor
    with self.begin() as conn:
..\..\..\..\AppData\Local\Programs\Python\Python313\Lib\contextlib.py:141: in __enter__
    return next(self.gen)
.venv\Lib\site-packages\sqlalchemy\engine\base.py:3242: in begin
    with self.connect() as conn:
.venv\Lib\site-packages\sqlalchemy\engine\base.py:3278: in connect
    return self._connection_cls(self)
.venv\Lib\site-packages\sqlalchemy\engine\base.py:148: in __init__
    Connection._handle_dbapi_exception_noconnection(
.venv\Lib\site-packages\sqlalchemy\engine\base.py:2442: in _handle_dbapi_exception_noconnection
    raise sqlalchemy_exception.with_traceback(exc_info[2]) from e
.venv\Lib\site-packages\sqlalchemy\engine\base.py:146: in __init__
    self._dbapi_connection = engine.raw_connection()
.venv\Lib\site-packages\sqlalchemy\engine\base.py:3302: in raw_connection
    return self.pool.connect()
.venv\Lib\site-packages\sqlalchemy\pool\base.py:449: in connect
    return _ConnectionFairy._checkout(self)
.venv\Lib\site-packages\sqlalchemy\pool\base.py:1263: in _checkout
    fairy = _ConnectionRecord.checkout(pool)
.venv\Lib\site-packages\sqlalchemy\pool\base.py:712: in checkout
    rec = pool._do_get()
.venv\Lib\site-packages\sqlalchemy\pool\impl.py:179: in _do_get
    with util.safe_reraise():
.venv\Lib\site-packages\sqlalchemy\util\langhelpers.py:146: in __exit__
    raise exc_value.with_traceback(exc_tb)
.venv\Lib\site-packages\sqlalchemy\pool\impl.py:177: in _do_get
    return self._create_connection()
.venv\Lib\site-packages\sqlalchemy\pool\base.py:390: in _create_connection
    return _ConnectionRecord(self)
.venv\Lib\site-packages\sqlalchemy\pool\base.py:674: in __init__
    self.__connect()
.venv\Lib\site-packages\sqlalchemy\pool\base.py:900: in __connect
    with util.safe_reraise():
.venv\Lib\site-packages\sqlalchemy\util\langhelpers.py:146: in __exit__
    raise exc_value.with_traceback(exc_tb)
.venv\Lib\site-packages\sqlalchemy\pool\base.py:896: in __connect
    self.dbapi_connection = connection = pool._invoke_creator(self)
.venv\Lib\site-packages\sqlalchemy\engine\create.py:643: in connect
    return dialect.connect(*cargs, **cparams)
.venv\Lib\site-packages\sqlalchemy\engine\default.py:621: in connect
    return self.loaded_dbapi.connect(*cargs, **cparams)
.venv\Lib\site-packages\psycopg2\__init__.py:135: in connect
    conn = _connect(dsn, connection_factory=connection_factory, **kwasync)
E   sqlalchemy.exc.OperationalError: (psycopg2.OperationalError) connection to server at "localhost" (::1), port 5432 failed: FATAL:  database "pulseboard_test" does not exist
E   
E   (Background on this error at: https://sqlalche.me/e/20/e3q8)
__________ ERROR at setup of TestGrowthRate.test_decline_is_negative __________
.venv\Lib\site-packages\sqlalchemy\engine\base.py:146: in __init__
    self._dbapi_connection = engine.raw_connection()
.venv\Lib\site-packages\sqlalchemy\engine\base.py:3302: in raw_connection
    return self.pool.connect()
.venv\Lib\site-packages\sqlalchemy\pool\base.py:449: in connect
    return _ConnectionFairy._checkout(self)
.venv\Lib\site-packages\sqlalchemy\pool\base.py:1263: in _checkout
    fairy = _ConnectionRecord.checkout(pool)
.venv\Lib\site-packages\sqlalchemy\pool\base.py:712: in checkout
    rec = pool._do_get()
.venv\Lib\site-packages\sqlalchemy\pool\impl.py:179: in _do_get
    with util.safe_reraise():
.venv\Lib\site-packages\sqlalchemy\util\langhelpers.py:146: in __exit__
    raise exc_value.with_traceback(exc_tb)
.venv\Lib\site-packages\sqlalchemy\pool\impl.py:177: in _do_get
    return self._create_connection()
.venv\Lib\site-packages\sqlalchemy\pool\base.py:390: in _create_connection
    return _ConnectionRecord(self)
.venv\Lib\site-packages\sqlalchemy\pool\base.py:674: in __init__
    self.__connect()
.venv\Lib\site-packages\sqlalchemy\pool\base.py:900: in __connect
    with util.safe_reraise():
.venv\Lib\site-packages\sqlalchemy\util\langhelpers.py:146: in __exit__
    raise exc_value.with_traceback(exc_tb)
.venv\Lib\site-packages\sqlalchemy\pool\base.py:896: in __connect
    self.dbapi_connection = connection = pool._invoke_creator(self)
.venv\Lib\site-packages\sqlalchemy\engine\create.py:643: in connect
    return dialect.connect(*cargs, **cparams)
.venv\Lib\site-packages\sqlalchemy\engine\default.py:621: in connect
    return self.loaded_dbapi.connect(*cargs, **cparams)
.venv\Lib\site-packages\psycopg2\__init__.py:135: in connect
    conn = _connect(dsn, connection_factory=connection_factory, **kwasync)
E   psycopg2.OperationalError: connection to server at "localhost" (::1), port 5432 failed: FATAL:  database "pulseboard_test" does not exist

The above exception was the direct cause of the following exception:
app\tests\conftest.py:49: in _create_schema
    Base.metadata.drop_all(bind=sync_engine)
.venv\Lib\site-packages\sqlalchemy\sql\schema.py:5896: in drop_all
    bind._run_ddl_visitor(
.venv\Lib\site-packages\sqlalchemy\engine\base.py:3252: in _run_ddl_visitor
    with self.begin() as conn:
..\..\..\..\AppData\Local\Programs\Python\Python313\Lib\contextlib.py:141: in __enter__
    return next(self.gen)
.venv\Lib\site-packages\sqlalchemy\engine\base.py:3242: in begin
    with self.connect() as conn:
.venv\Lib\site-packages\sqlalchemy\engine\base.py:3278: in connect
    return self._connection_cls(self)
.venv\Lib\site-packages\sqlalchemy\engine\base.py:148: in __init__
    Connection._handle_dbapi_exception_noconnection(
.venv\Lib\site-packages\sqlalchemy\engine\base.py:2442: in _handle_dbapi_exception_noconnection
    raise sqlalchemy_exception.with_traceback(exc_info[2]) from e
.venv\Lib\site-packages\sqlalchemy\engine\base.py:146: in __init__
    self._dbapi_connection = engine.raw_connection()
.venv\Lib\site-packages\sqlalchemy\engine\base.py:3302: in raw_connection
    return self.pool.connect()
.venv\Lib\site-packages\sqlalchemy\pool\base.py:449: in connect
    return _ConnectionFairy._checkout(self)
.venv\Lib\site-packages\sqlalchemy\pool\base.py:1263: in _checkout
    fairy = _ConnectionRecord.checkout(pool)
.venv\Lib\site-packages\sqlalchemy\pool\base.py:712: in checkout
    rec = pool._do_get()
.venv\Lib\site-packages\sqlalchemy\pool\impl.py:179: in _do_get
    with util.safe_reraise():
.venv\Lib\site-packages\sqlalchemy\util\langhelpers.py:146: in __exit__
    raise exc_value.with_traceback(exc_tb)
.venv\Lib\site-packages\sqlalchemy\pool\impl.py:177: in _do_get
    return self._create_connection()
.venv\Lib\site-packages\sqlalchemy\pool\base.py:390: in _create_connection
    return _ConnectionRecord(self)
.venv\Lib\site-packages\sqlalchemy\pool\base.py:674: in __init__
    self.__connect()
.venv\Lib\site-packages\sqlalchemy\pool\base.py:900: in __connect
    with util.safe_reraise():
.venv\Lib\site-packages\sqlalchemy\util\langhelpers.py:146: in __exit__
    raise exc_value.with_traceback(exc_tb)
.venv\Lib\site-packages\sqlalchemy\pool\base.py:896: in __connect
    self.dbapi_connection = connection = pool._invoke_creator(self)
.venv\Lib\site-packages\sqlalchemy\engine\create.py:643: in connect
    return dialect.connect(*cargs, **cparams)
.venv\Lib\site-packages\sqlalchemy\engine\default.py:621: in connect
    return self.loaded_dbapi.connect(*cargs, **cparams)
.venv\Lib\site-packages\psycopg2\__init__.py:135: in connect
    conn = _connect(dsn, connection_factory=connection_factory, **kwasync)
E   sqlalchemy.exc.OperationalError: (psycopg2.OperationalError) connection to server at "localhost" (::1), port 5432 failed: FATAL:  database "pulseboard_test" does not exist
E   
E   (Background on this error at: https://sqlalche.me/e/20/e3q8)
_________ ERROR at setup of TestScoreTrend.test_flat_topic_scores_low _________
.venv\Lib\site-packages\sqlalchemy\engine\base.py:146: in __init__
    self._dbapi_connection = engine.raw_connection()
.venv\Lib\site-packages\sqlalchemy\engine\base.py:3302: in raw_connection
    return self.pool.connect()
.venv\Lib\site-packages\sqlalchemy\pool\base.py:449: in connect
    return _ConnectionFairy._checkout(self)
.venv\Lib\site-packages\sqlalchemy\pool\base.py:1263: in _checkout
    fairy = _ConnectionRecord.checkout(pool)
.venv\Lib\site-packages\sqlalchemy\pool\base.py:712: in checkout
    rec = pool._do_get()
.venv\Lib\site-packages\sqlalchemy\pool\impl.py:179: in _do_get
    with util.safe_reraise():
.venv\Lib\site-packages\sqlalchemy\util\langhelpers.py:146: in __exit__
    raise exc_value.with_traceback(exc_tb)
.venv\Lib\site-packages\sqlalchemy\pool\impl.py:177: in _do_get
    return self._create_connection()
.venv\Lib\site-packages\sqlalchemy\pool\base.py:390: in _create_connection
    return _ConnectionRecord(self)
.venv\Lib\site-packages\sqlalchemy\pool\base.py:674: in __init__
    self.__connect()
.venv\Lib\site-packages\sqlalchemy\pool\base.py:900: in __connect
    with util.safe_reraise():
.venv\Lib\site-packages\sqlalchemy\util\langhelpers.py:146: in __exit__
    raise exc_value.with_traceback(exc_tb)
.venv\Lib\site-packages\sqlalchemy\pool\base.py:896: in __connect
    self.dbapi_connection = connection = pool._invoke_creator(self)
.venv\Lib\site-packages\sqlalchemy\engine\create.py:643: in connect
    return dialect.connect(*cargs, **cparams)
.venv\Lib\site-packages\sqlalchemy\engine\default.py:621: in connect
    return self.loaded_dbapi.connect(*cargs, **cparams)
.venv\Lib\site-packages\psycopg2\__init__.py:135: in connect
    conn = _connect(dsn, connection_factory=connection_factory, **kwasync)
E   psycopg2.OperationalError: connection to server at "localhost" (::1), port 5432 failed: FATAL:  database "pulseboard_test" does not exist

The above exception was the direct cause of the following exception:
app\tests\conftest.py:49: in _create_schema
    Base.metadata.drop_all(bind=sync_engine)
.venv\Lib\site-packages\sqlalchemy\sql\schema.py:5896: in drop_all
    bind._run_ddl_visitor(
.venv\Lib\site-packages\sqlalchemy\engine\base.py:3252: in _run_ddl_visitor
    with self.begin() as conn:
..\..\..\..\AppData\Local\Programs\Python\Python313\Lib\contextlib.py:141: in __enter__
    return next(self.gen)
.venv\Lib\site-packages\sqlalchemy\engine\base.py:3242: in begin
    with self.connect() as conn:
.venv\Lib\site-packages\sqlalchemy\engine\base.py:3278: in connect
    return self._connection_cls(self)
.venv\Lib\site-packages\sqlalchemy\engine\base.py:148: in __init__
    Connection._handle_dbapi_exception_noconnection(
.venv\Lib\site-packages\sqlalchemy\engine\base.py:2442: in _handle_dbapi_exception_noconnection
    raise sqlalchemy_exception.with_traceback(exc_info[2]) from e
.venv\Lib\site-packages\sqlalchemy\engine\base.py:146: in __init__
    self._dbapi_connection = engine.raw_connection()
.venv\Lib\site-packages\sqlalchemy\engine\base.py:3302: in raw_connection
    return self.pool.connect()
.venv\Lib\site-packages\sqlalchemy\pool\base.py:449: in connect
    return _ConnectionFairy._checkout(self)
.venv\Lib\site-packages\sqlalchemy\pool\base.py:1263: in _checkout
    fairy = _ConnectionRecord.checkout(pool)
.venv\Lib\site-packages\sqlalchemy\pool\base.py:712: in checkout
    rec = pool._do_get()
.venv\Lib\site-packages\sqlalchemy\pool\impl.py:179: in _do_get
    with util.safe_reraise():
.venv\Lib\site-packages\sqlalchemy\util\langhelpers.py:146: in __exit__
    raise exc_value.with_traceback(exc_tb)
.venv\Lib\site-packages\sqlalchemy\pool\impl.py:177: in _do_get
    return self._create_connection()
.venv\Lib\site-packages\sqlalchemy\pool\base.py:390: in _create_connection
    return _ConnectionRecord(self)
.venv\Lib\site-packages\sqlalchemy\pool\base.py:674: in __init__
    self.__connect()
.venv\Lib\site-packages\sqlalchemy\pool\base.py:900: in __connect
    with util.safe_reraise():
.venv\Lib\site-packages\sqlalchemy\util\langhelpers.py:146: in __exit__
    raise exc_value.with_traceback(exc_tb)
.venv\Lib\site-packages\sqlalchemy\pool\base.py:896: in __connect
    self.dbapi_connection = connection = pool._invoke_creator(self)
.venv\Lib\site-packages\sqlalchemy\engine\create.py:643: in connect
    return dialect.connect(*cargs, **cparams)
.venv\Lib\site-packages\sqlalchemy\engine\default.py:621: in connect
    return self.loaded_dbapi.connect(*cargs, **cparams)
.venv\Lib\site-packages\psycopg2\__init__.py:135: in connect
    conn = _connect(dsn, connection_factory=connection_factory, **kwasync)
E   sqlalchemy.exc.OperationalError: (psycopg2.OperationalError) connection to server at "localhost" (::1), port 5432 failed: FATAL:  database "pulseboard_test" does not exist
E   
E   (Background on this error at: https://sqlalche.me/e/20/e3q8)
_______ ERROR at setup of TestScoreTrend.test_spiking_topic_scores_high _______
.venv\Lib\site-packages\sqlalchemy\engine\base.py:146: in __init__
    self._dbapi_connection = engine.raw_connection()
.venv\Lib\site-packages\sqlalchemy\engine\base.py:3302: in raw_connection
    return self.pool.connect()
.venv\Lib\site-packages\sqlalchemy\pool\base.py:449: in connect
    return _ConnectionFairy._checkout(self)
.venv\Lib\site-packages\sqlalchemy\pool\base.py:1263: in _checkout
    fairy = _ConnectionRecord.checkout(pool)
.venv\Lib\site-packages\sqlalchemy\pool\base.py:712: in checkout
    rec = pool._do_get()
.venv\Lib\site-packages\sqlalchemy\pool\impl.py:179: in _do_get
    with util.safe_reraise():
.venv\Lib\site-packages\sqlalchemy\util\langhelpers.py:146: in __exit__
    raise exc_value.with_traceback(exc_tb)
.venv\Lib\site-packages\sqlalchemy\pool\impl.py:177: in _do_get
    return self._create_connection()
.venv\Lib\site-packages\sqlalchemy\pool\base.py:390: in _create_connection
    return _ConnectionRecord(self)
.venv\Lib\site-packages\sqlalchemy\pool\base.py:674: in __init__
    self.__connect()
.venv\Lib\site-packages\sqlalchemy\pool\base.py:900: in __connect
    with util.safe_reraise():
.venv\Lib\site-packages\sqlalchemy\util\langhelpers.py:146: in __exit__
    raise exc_value.with_traceback(exc_tb)
.venv\Lib\site-packages\sqlalchemy\pool\base.py:896: in __connect
    self.dbapi_connection = connection = pool._invoke_creator(self)
.venv\Lib\site-packages\sqlalchemy\engine\create.py:643: in connect
    return dialect.connect(*cargs, **cparams)
.venv\Lib\site-packages\sqlalchemy\engine\default.py:621: in connect
    return self.loaded_dbapi.connect(*cargs, **cparams)
.venv\Lib\site-packages\psycopg2\__init__.py:135: in connect
    conn = _connect(dsn, connection_factory=connection_factory, **kwasync)
E   psycopg2.OperationalError: connection to server at "localhost" (::1), port 5432 failed: FATAL:  database "pulseboard_test" does not exist

The above exception was the direct cause of the following exception:
app\tests\conftest.py:49: in _create_schema
    Base.metadata.drop_all(bind=sync_engine)
.venv\Lib\site-packages\sqlalchemy\sql\schema.py:5896: in drop_all
    bind._run_ddl_visitor(
.venv\Lib\site-packages\sqlalchemy\engine\base.py:3252: in _run_ddl_visitor
    with self.begin() as conn:
..\..\..\..\AppData\Local\Programs\Python\Python313\Lib\contextlib.py:141: in __enter__
    return next(self.gen)
.venv\Lib\site-packages\sqlalchemy\engine\base.py:3242: in begin
    with self.connect() as conn:
.venv\Lib\site-packages\sqlalchemy\engine\base.py:3278: in connect
    return self._connection_cls(self)
.venv\Lib\site-packages\sqlalchemy\engine\base.py:148: in __init__
    Connection._handle_dbapi_exception_noconnection(
.venv\Lib\site-packages\sqlalchemy\engine\base.py:2442: in _handle_dbapi_exception_noconnection
    raise sqlalchemy_exception.with_traceback(exc_info[2]) from e
.venv\Lib\site-packages\sqlalchemy\engine\base.py:146: in __init__
    self._dbapi_connection = engine.raw_connection()
.venv\Lib\site-packages\sqlalchemy\engine\base.py:3302: in raw_connection
    return self.pool.connect()
.venv\Lib\site-packages\sqlalchemy\pool\base.py:449: in connect
    return _ConnectionFairy._checkout(self)
.venv\Lib\site-packages\sqlalchemy\pool\base.py:1263: in _checkout
    fairy = _ConnectionRecord.checkout(pool)
.venv\Lib\site-packages\sqlalchemy\pool\base.py:712: in checkout
    rec = pool._do_get()
.venv\Lib\site-packages\sqlalchemy\pool\impl.py:179: in _do_get
    with util.safe_reraise():
.venv\Lib\site-packages\sqlalchemy\util\langhelpers.py:146: in __exit__
    raise exc_value.with_traceback(exc_tb)
.venv\Lib\site-packages\sqlalchemy\pool\impl.py:177: in _do_get
    return self._create_connection()
.venv\Lib\site-packages\sqlalchemy\pool\base.py:390: in _create_connection
    return _ConnectionRecord(self)
.venv\Lib\site-packages\sqlalchemy\pool\base.py:674: in __init__
    self.__connect()
.venv\Lib\site-packages\sqlalchemy\pool\base.py:900: in __connect
    with util.safe_reraise():
.venv\Lib\site-packages\sqlalchemy\util\langhelpers.py:146: in __exit__
    raise exc_value.with_traceback(exc_tb)
.venv\Lib\site-packages\sqlalchemy\pool\base.py:896: in __connect
    self.dbapi_connection = connection = pool._invoke_creator(self)
.venv\Lib\site-packages\sqlalchemy\engine\create.py:643: in connect
    return dialect.connect(*cargs, **cparams)
.venv\Lib\site-packages\sqlalchemy\engine\default.py:621: in connect
    return self.loaded_dbapi.connect(*cargs, **cparams)
.venv\Lib\site-packages\psycopg2\__init__.py:135: in connect
    conn = _connect(dsn, connection_factory=connection_factory, **kwasync)
E   sqlalchemy.exc.OperationalError: (psycopg2.OperationalError) connection to server at "localhost" (::1), port 5432 failed: FATAL:  database "pulseboard_test" does not exist
E   
E   (Background on this error at: https://sqlalche.me/e/20/e3q8)
________ ERROR at setup of TestScoreTrend.test_score_never_exceeds_100 ________
.venv\Lib\site-packages\sqlalchemy\engine\base.py:146: in __init__
    self._dbapi_connection = engine.raw_connection()
.venv\Lib\site-packages\sqlalchemy\engine\base.py:3302: in raw_connection
    return self.pool.connect()
.venv\Lib\site-packages\sqlalchemy\pool\base.py:449: in connect
    return _ConnectionFairy._checkout(self)
.venv\Lib\site-packages\sqlalchemy\pool\base.py:1263: in _checkout
    fairy = _ConnectionRecord.checkout(pool)
.venv\Lib\site-packages\sqlalchemy\pool\base.py:712: in checkout
    rec = pool._do_get()
.venv\Lib\site-packages\sqlalchemy\pool\impl.py:179: in _do_get
    with util.safe_reraise():
.venv\Lib\site-packages\sqlalchemy\util\langhelpers.py:146: in __exit__
    raise exc_value.with_traceback(exc_tb)
.venv\Lib\site-packages\sqlalchemy\pool\impl.py:177: in _do_get
    return self._create_connection()
.venv\Lib\site-packages\sqlalchemy\pool\base.py:390: in _create_connection
    return _ConnectionRecord(self)
.venv\Lib\site-packages\sqlalchemy\pool\base.py:674: in __init__
    self.__connect()
.venv\Lib\site-packages\sqlalchemy\pool\base.py:900: in __connect
    with util.safe_reraise():
.venv\Lib\site-packages\sqlalchemy\util\langhelpers.py:146: in __exit__
    raise exc_value.with_traceback(exc_tb)
.venv\Lib\site-packages\sqlalchemy\pool\base.py:896: in __connect
    self.dbapi_connection = connection = pool._invoke_creator(self)
.venv\Lib\site-packages\sqlalchemy\engine\create.py:643: in connect
    return dialect.connect(*cargs, **cparams)
.venv\Lib\site-packages\sqlalchemy\engine\default.py:621: in connect
    return self.loaded_dbapi.connect(*cargs, **cparams)
.venv\Lib\site-packages\psycopg2\__init__.py:135: in connect
    conn = _connect(dsn, connection_factory=connection_factory, **kwasync)
E   psycopg2.OperationalError: connection to server at "localhost" (::1), port 5432 failed: FATAL:  database "pulseboard_test" does not exist

The above exception was the direct cause of the following exception:
app\tests\conftest.py:49: in _create_schema
    Base.metadata.drop_all(bind=sync_engine)
.venv\Lib\site-packages\sqlalchemy\sql\schema.py:5896: in drop_all
    bind._run_ddl_visitor(
.venv\Lib\site-packages\sqlalchemy\engine\base.py:3252: in _run_ddl_visitor
    with self.begin() as conn:
..\..\..\..\AppData\Local\Programs\Python\Python313\Lib\contextlib.py:141: in __enter__
    return next(self.gen)
.venv\Lib\site-packages\sqlalchemy\engine\base.py:3242: in begin
    with self.connect() as conn:
.venv\Lib\site-packages\sqlalchemy\engine\base.py:3278: in connect
    return self._connection_cls(self)
.venv\Lib\site-packages\sqlalchemy\engine\base.py:148: in __init__
    Connection._handle_dbapi_exception_noconnection(
.venv\Lib\site-packages\sqlalchemy\engine\base.py:2442: in _handle_dbapi_exception_noconnection
    raise sqlalchemy_exception.with_traceback(exc_info[2]) from e
.venv\Lib\site-packages\sqlalchemy\engine\base.py:146: in __init__
    self._dbapi_connection = engine.raw_connection()
.venv\Lib\site-packages\sqlalchemy\engine\base.py:3302: in raw_connection
    return self.pool.connect()
.venv\Lib\site-packages\sqlalchemy\pool\base.py:449: in connect
    return _ConnectionFairy._checkout(self)
.venv\Lib\site-packages\sqlalchemy\pool\base.py:1263: in _checkout
    fairy = _ConnectionRecord.checkout(pool)
.venv\Lib\site-packages\sqlalchemy\pool\base.py:712: in checkout
    rec = pool._do_get()
.venv\Lib\site-packages\sqlalchemy\pool\impl.py:179: in _do_get
    with util.safe_reraise():
.venv\Lib\site-packages\sqlalchemy\util\langhelpers.py:146: in __exit__
    raise exc_value.with_traceback(exc_tb)
.venv\Lib\site-packages\sqlalchemy\pool\impl.py:177: in _do_get
    return self._create_connection()
.venv\Lib\site-packages\sqlalchemy\pool\base.py:390: in _create_connection
    return _ConnectionRecord(self)
.venv\Lib\site-packages\sqlalchemy\pool\base.py:674: in __init__
    self.__connect()
.venv\Lib\site-packages\sqlalchemy\pool\base.py:900: in __connect
    with util.safe_reraise():
.venv\Lib\site-packages\sqlalchemy\util\langhelpers.py:146: in __exit__
    raise exc_value.with_traceback(exc_tb)
.venv\Lib\site-packages\sqlalchemy\pool\base.py:896: in __connect
    self.dbapi_connection = connection = pool._invoke_creator(self)
.venv\Lib\site-packages\sqlalchemy\engine\create.py:643: in connect
    return dialect.connect(*cargs, **cparams)
.venv\Lib\site-packages\sqlalchemy\engine\default.py:621: in connect
    return self.loaded_dbapi.connect(*cargs, **cparams)
.venv\Lib\site-packages\psycopg2\__init__.py:135: in connect
    conn = _connect(dsn, connection_factory=connection_factory, **kwasync)
E   sqlalchemy.exc.OperationalError: (psycopg2.OperationalError) connection to server at "localhost" (::1), port 5432 failed: FATAL:  database "pulseboard_test" does not exist
E   
E   (Background on this error at: https://sqlalche.me/e/20/e3q8)
_________ ERROR at setup of TestScoreTrend.test_score_never_negative __________
.venv\Lib\site-packages\sqlalchemy\engine\base.py:146: in __init__
    self._dbapi_connection = engine.raw_connection()
.venv\Lib\site-packages\sqlalchemy\engine\base.py:3302: in raw_connection
    return self.pool.connect()
.venv\Lib\site-packages\sqlalchemy\pool\base.py:449: in connect
    return _ConnectionFairy._checkout(self)
.venv\Lib\site-packages\sqlalchemy\pool\base.py:1263: in _checkout
    fairy = _ConnectionRecord.checkout(pool)
.venv\Lib\site-packages\sqlalchemy\pool\base.py:712: in checkout
    rec = pool._do_get()
.venv\Lib\site-packages\sqlalchemy\pool\impl.py:179: in _do_get
    with util.safe_reraise():
.venv\Lib\site-packages\sqlalchemy\util\langhelpers.py:146: in __exit__
    raise exc_value.with_traceback(exc_tb)
.venv\Lib\site-packages\sqlalchemy\pool\impl.py:177: in _do_get
    return self._create_connection()
.venv\Lib\site-packages\sqlalchemy\pool\base.py:390: in _create_connection
    return _ConnectionRecord(self)
.venv\Lib\site-packages\sqlalchemy\pool\base.py:674: in __init__
    self.__connect()
.venv\Lib\site-packages\sqlalchemy\pool\base.py:900: in __connect
    with util.safe_reraise():
.venv\Lib\site-packages\sqlalchemy\util\langhelpers.py:146: in __exit__
    raise exc_value.with_traceback(exc_tb)
.venv\Lib\site-packages\sqlalchemy\pool\base.py:896: in __connect
    self.dbapi_connection = connection = pool._invoke_creator(self)
.venv\Lib\site-packages\sqlalchemy\engine\create.py:643: in connect
    return dialect.connect(*cargs, **cparams)
.venv\Lib\site-packages\sqlalchemy\engine\default.py:621: in connect
    return self.loaded_dbapi.connect(*cargs, **cparams)
.venv\Lib\site-packages\psycopg2\__init__.py:135: in connect
    conn = _connect(dsn, connection_factory=connection_factory, **kwasync)
E   psycopg2.OperationalError: connection to server at "localhost" (::1), port 5432 failed: FATAL:  database "pulseboard_test" does not exist

The above exception was the direct cause of the following exception:
app\tests\conftest.py:49: in _create_schema
    Base.metadata.drop_all(bind=sync_engine)
.venv\Lib\site-packages\sqlalchemy\sql\schema.py:5896: in drop_all
    bind._run_ddl_visitor(
.venv\Lib\site-packages\sqlalchemy\engine\base.py:3252: in _run_ddl_visitor
    with self.begin() as conn:
..\..\..\..\AppData\Local\Programs\Python\Python313\Lib\contextlib.py:141: in __enter__
    return next(self.gen)
.venv\Lib\site-packages\sqlalchemy\engine\base.py:3242: in begin
    with self.connect() as conn:
.venv\Lib\site-packages\sqlalchemy\engine\base.py:3278: in connect
    return self._connection_cls(self)
.venv\Lib\site-packages\sqlalchemy\engine\base.py:148: in __init__
    Connection._handle_dbapi_exception_noconnection(
.venv\Lib\site-packages\sqlalchemy\engine\base.py:2442: in _handle_dbapi_exception_noconnection
    raise sqlalchemy_exception.with_traceback(exc_info[2]) from e
.venv\Lib\site-packages\sqlalchemy\engine\base.py:146: in __init__
    self._dbapi_connection = engine.raw_connection()
.venv\Lib\site-packages\sqlalchemy\engine\base.py:3302: in raw_connection
    return self.pool.connect()
.venv\Lib\site-packages\sqlalchemy\pool\base.py:449: in connect
    return _ConnectionFairy._checkout(self)
.venv\Lib\site-packages\sqlalchemy\pool\base.py:1263: in _checkout
    fairy = _ConnectionRecord.checkout(pool)
.venv\Lib\site-packages\sqlalchemy\pool\base.py:712: in checkout
    rec = pool._do_get()
.venv\Lib\site-packages\sqlalchemy\pool\impl.py:179: in _do_get
    with util.safe_reraise():
.venv\Lib\site-packages\sqlalchemy\util\langhelpers.py:146: in __exit__
    raise exc_value.with_traceback(exc_tb)
.venv\Lib\site-packages\sqlalchemy\pool\impl.py:177: in _do_get
    return self._create_connection()
.venv\Lib\site-packages\sqlalchemy\pool\base.py:390: in _create_connection
    return _ConnectionRecord(self)
.venv\Lib\site-packages\sqlalchemy\pool\base.py:674: in __init__
    self.__connect()
.venv\Lib\site-packages\sqlalchemy\pool\base.py:900: in __connect
    with util.safe_reraise():
.venv\Lib\site-packages\sqlalchemy\util\langhelpers.py:146: in __exit__
    raise exc_value.with_traceback(exc_tb)
.venv\Lib\site-packages\sqlalchemy\pool\base.py:896: in __connect
    self.dbapi_connection = connection = pool._invoke_creator(self)
.venv\Lib\site-packages\sqlalchemy\engine\create.py:643: in connect
    return dialect.connect(*cargs, **cparams)
.venv\Lib\site-packages\sqlalchemy\engine\default.py:621: in connect
    return self.loaded_dbapi.connect(*cargs, **cparams)
.venv\Lib\site-packages\psycopg2\__init__.py:135: in connect
    conn = _connect(dsn, connection_factory=connection_factory, **kwasync)
E   sqlalchemy.exc.OperationalError: (psycopg2.OperationalError) connection to server at "localhost" (::1), port 5432 failed: FATAL:  database "pulseboard_test" does not exist
E   
E   (Background on this error at: https://sqlalche.me/e/20/e3q8)
_ ERROR at setup of TestScoreTrend.test_acceleration_reflects_growth_rate_delta _
.venv\Lib\site-packages\sqlalchemy\engine\base.py:146: in __init__
    self._dbapi_connection = engine.raw_connection()
.venv\Lib\site-packages\sqlalchemy\engine\base.py:3302: in raw_connection
    return self.pool.connect()
.venv\Lib\site-packages\sqlalchemy\pool\base.py:449: in connect
    return _ConnectionFairy._checkout(self)
.venv\Lib\site-packages\sqlalchemy\pool\base.py:1263: in _checkout
    fairy = _ConnectionRecord.checkout(pool)
.venv\Lib\site-packages\sqlalchemy\pool\base.py:712: in checkout
    rec = pool._do_get()
.venv\Lib\site-packages\sqlalchemy\pool\impl.py:179: in _do_get
    with util.safe_reraise():
.venv\Lib\site-packages\sqlalchemy\util\langhelpers.py:146: in __exit__
    raise exc_value.with_traceback(exc_tb)
.venv\Lib\site-packages\sqlalchemy\pool\impl.py:177: in _do_get
    return self._create_connection()
.venv\Lib\site-packages\sqlalchemy\pool\base.py:390: in _create_connection
    return _ConnectionRecord(self)
.venv\Lib\site-packages\sqlalchemy\pool\base.py:674: in __init__
    self.__connect()
.venv\Lib\site-packages\sqlalchemy\pool\base.py:900: in __connect
    with util.safe_reraise():
.venv\Lib\site-packages\sqlalchemy\util\langhelpers.py:146: in __exit__
    raise exc_value.with_traceback(exc_tb)
.venv\Lib\site-packages\sqlalchemy\pool\base.py:896: in __connect
    self.dbapi_connection = connection = pool._invoke_creator(self)
.venv\Lib\site-packages\sqlalchemy\engine\create.py:643: in connect
    return dialect.connect(*cargs, **cparams)
.venv\Lib\site-packages\sqlalchemy\engine\default.py:621: in connect
    return self.loaded_dbapi.connect(*cargs, **cparams)
.venv\Lib\site-packages\psycopg2\__init__.py:135: in connect
    conn = _connect(dsn, connection_factory=connection_factory, **kwasync)
E   psycopg2.OperationalError: connection to server at "localhost" (::1), port 5432 failed: FATAL:  database "pulseboard_test" does not exist

The above exception was the direct cause of the following exception:
app\tests\conftest.py:49: in _create_schema
    Base.metadata.drop_all(bind=sync_engine)
.venv\Lib\site-packages\sqlalchemy\sql\schema.py:5896: in drop_all
    bind._run_ddl_visitor(
.venv\Lib\site-packages\sqlalchemy\engine\base.py:3252: in _run_ddl_visitor
    with self.begin() as conn:
..\..\..\..\AppData\Local\Programs\Python\Python313\Lib\contextlib.py:141: in __enter__
    return next(self.gen)
.venv\Lib\site-packages\sqlalchemy\engine\base.py:3242: in begin
    with self.connect() as conn:
.venv\Lib\site-packages\sqlalchemy\engine\base.py:3278: in connect
    return self._connection_cls(self)
.venv\Lib\site-packages\sqlalchemy\engine\base.py:148: in __init__
    Connection._handle_dbapi_exception_noconnection(
.venv\Lib\site-packages\sqlalchemy\engine\base.py:2442: in _handle_dbapi_exception_noconnection
    raise sqlalchemy_exception.with_traceback(exc_info[2]) from e
.venv\Lib\site-packages\sqlalchemy\engine\base.py:146: in __init__
    self._dbapi_connection = engine.raw_connection()
.venv\Lib\site-packages\sqlalchemy\engine\base.py:3302: in raw_connection
    return self.pool.connect()
.venv\Lib\site-packages\sqlalchemy\pool\base.py:449: in connect
    return _ConnectionFairy._checkout(self)
.venv\Lib\site-packages\sqlalchemy\pool\base.py:1263: in _checkout
    fairy = _ConnectionRecord.checkout(pool)
.venv\Lib\site-packages\sqlalchemy\pool\base.py:712: in checkout
    rec = pool._do_get()
.venv\Lib\site-packages\sqlalchemy\pool\impl.py:179: in _do_get
    with util.safe_reraise():
.venv\Lib\site-packages\sqlalchemy\util\langhelpers.py:146: in __exit__
    raise exc_value.with_traceback(exc_tb)
.venv\Lib\site-packages\sqlalchemy\pool\impl.py:177: in _do_get
    return self._create_connection()
.venv\Lib\site-packages\sqlalchemy\pool\base.py:390: in _create_connection
    return _ConnectionRecord(self)
.venv\Lib\site-packages\sqlalchemy\pool\base.py:674: in __init__
    self.__connect()
.venv\Lib\site-packages\sqlalchemy\pool\base.py:900: in __connect
    with util.safe_reraise():
.venv\Lib\site-packages\sqlalchemy\util\langhelpers.py:146: in __exit__
    raise exc_value.with_traceback(exc_tb)
.venv\Lib\site-packages\sqlalchemy\pool\base.py:896: in __connect
    self.dbapi_connection = connection = pool._invoke_creator(self)
.venv\Lib\site-packages\sqlalchemy\engine\create.py:643: in connect
    return dialect.connect(*cargs, **cparams)
.venv\Lib\site-packages\sqlalchemy\engine\default.py:621: in connect
    return self.loaded_dbapi.connect(*cargs, **cparams)
.venv\Lib\site-packages\psycopg2\__init__.py:135: in connect
    conn = _connect(dsn, connection_factory=connection_factory, **kwasync)
E   sqlalchemy.exc.OperationalError: (psycopg2.OperationalError) connection to server at "localhost" (::1), port 5432 failed: FATAL:  database "pulseboard_test" does not exist
E   
E   (Background on this error at: https://sqlalche.me/e/20/e3q8)
__ ERROR at setup of TestScoreTrend.test_score_breakdown_sums_to_trend_score __
.venv\Lib\site-packages\sqlalchemy\engine\base.py:146: in __init__
    self._dbapi_connection = engine.raw_connection()
.venv\Lib\site-packages\sqlalchemy\engine\base.py:3302: in raw_connection
    return self.pool.connect()
.venv\Lib\site-packages\sqlalchemy\pool\base.py:449: in connect
    return _ConnectionFairy._checkout(self)
.venv\Lib\site-packages\sqlalchemy\pool\base.py:1263: in _checkout
    fairy = _ConnectionRecord.checkout(pool)
.venv\Lib\site-packages\sqlalchemy\pool\base.py:712: in checkout
    rec = pool._do_get()
.venv\Lib\site-packages\sqlalchemy\pool\impl.py:179: in _do_get
    with util.safe_reraise():
.venv\Lib\site-packages\sqlalchemy\util\langhelpers.py:146: in __exit__
    raise exc_value.with_traceback(exc_tb)
.venv\Lib\site-packages\sqlalchemy\pool\impl.py:177: in _do_get
    return self._create_connection()
.venv\Lib\site-packages\sqlalchemy\pool\base.py:390: in _create_connection
    return _ConnectionRecord(self)
.venv\Lib\site-packages\sqlalchemy\pool\base.py:674: in __init__
    self.__connect()
.venv\Lib\site-packages\sqlalchemy\pool\base.py:900: in __connect
    with util.safe_reraise():
.venv\Lib\site-packages\sqlalchemy\util\langhelpers.py:146: in __exit__
    raise exc_value.with_traceback(exc_tb)
.venv\Lib\site-packages\sqlalchemy\pool\base.py:896: in __connect
    self.dbapi_connection = connection = pool._invoke_creator(self)
.venv\Lib\site-packages\sqlalchemy\engine\create.py:643: in connect
    return dialect.connect(*cargs, **cparams)
.venv\Lib\site-packages\sqlalchemy\engine\default.py:621: in connect
    return self.loaded_dbapi.connect(*cargs, **cparams)
.venv\Lib\site-packages\psycopg2\__init__.py:135: in connect
    conn = _connect(dsn, connection_factory=connection_factory, **kwasync)
E   psycopg2.OperationalError: connection to server at "localhost" (::1), port 5432 failed: FATAL:  database "pulseboard_test" does not exist

The above exception was the direct cause of the following exception:
app\tests\conftest.py:49: in _create_schema
    Base.metadata.drop_all(bind=sync_engine)
.venv\Lib\site-packages\sqlalchemy\sql\schema.py:5896: in drop_all
    bind._run_ddl_visitor(
.venv\Lib\site-packages\sqlalchemy\engine\base.py:3252: in _run_ddl_visitor
    with self.begin() as conn:
..\..\..\..\AppData\Local\Programs\Python\Python313\Lib\contextlib.py:141: in __enter__
    return next(self.gen)
.venv\Lib\site-packages\sqlalchemy\engine\base.py:3242: in begin
    with self.connect() as conn:
.venv\Lib\site-packages\sqlalchemy\engine\base.py:3278: in connect
    return self._connection_cls(self)
.venv\Lib\site-packages\sqlalchemy\engine\base.py:148: in __init__
    Connection._handle_dbapi_exception_noconnection(
.venv\Lib\site-packages\sqlalchemy\engine\base.py:2442: in _handle_dbapi_exception_noconnection
    raise sqlalchemy_exception.with_traceback(exc_info[2]) from e
.venv\Lib\site-packages\sqlalchemy\engine\base.py:146: in __init__
    self._dbapi_connection = engine.raw_connection()
.venv\Lib\site-packages\sqlalchemy\engine\base.py:3302: in raw_connection
    return self.pool.connect()
.venv\Lib\site-packages\sqlalchemy\pool\base.py:449: in connect
    return _ConnectionFairy._checkout(self)
.venv\Lib\site-packages\sqlalchemy\pool\base.py:1263: in _checkout
    fairy = _ConnectionRecord.checkout(pool)
.venv\Lib\site-packages\sqlalchemy\pool\base.py:712: in checkout
    rec = pool._do_get()
.venv\Lib\site-packages\sqlalchemy\pool\impl.py:179: in _do_get
    with util.safe_reraise():
.venv\Lib\site-packages\sqlalchemy\util\langhelpers.py:146: in __exit__
    raise exc_value.with_traceback(exc_tb)
.venv\Lib\site-packages\sqlalchemy\pool\impl.py:177: in _do_get
    return self._create_connection()
.venv\Lib\site-packages\sqlalchemy\pool\base.py:390: in _create_connection
    return _ConnectionRecord(self)
.venv\Lib\site-packages\sqlalchemy\pool\base.py:674: in __init__
    self.__connect()
.venv\Lib\site-packages\sqlalchemy\pool\base.py:900: in __connect
    with util.safe_reraise():
.venv\Lib\site-packages\sqlalchemy\util\langhelpers.py:146: in __exit__
    raise exc_value.with_traceback(exc_tb)
.venv\Lib\site-packages\sqlalchemy\pool\base.py:896: in __connect
    self.dbapi_connection = connection = pool._invoke_creator(self)
.venv\Lib\site-packages\sqlalchemy\engine\create.py:643: in connect
    return dialect.connect(*cargs, **cparams)
.venv\Lib\site-packages\sqlalchemy\engine\default.py:621: in connect
    return self.loaded_dbapi.connect(*cargs, **cparams)
.venv\Lib\site-packages\psycopg2\__init__.py:135: in connect
    conn = _connect(dsn, connection_factory=connection_factory, **kwasync)
E   sqlalchemy.exc.OperationalError: (psycopg2.OperationalError) connection to server at "localhost" (::1), port 5432 failed: FATAL:  database "pulseboard_test" does not exist
E   
E   (Background on this error at: https://sqlalche.me/e/20/e3q8)
_ ERROR at setup of TestScoreTrend.test_higher_growth_always_scores_at_least_as_high _
.venv\Lib\site-packages\sqlalchemy\engine\base.py:146: in __init__
    self._dbapi_connection = engine.raw_connection()
.venv\Lib\site-packages\sqlalchemy\engine\base.py:3302: in raw_connection
    return self.pool.connect()
.venv\Lib\site-packages\sqlalchemy\pool\base.py:449: in connect
    return _ConnectionFairy._checkout(self)
.venv\Lib\site-packages\sqlalchemy\pool\base.py:1263: in _checkout
    fairy = _ConnectionRecord.checkout(pool)
.venv\Lib\site-packages\sqlalchemy\pool\base.py:712: in checkout
    rec = pool._do_get()
.venv\Lib\site-packages\sqlalchemy\pool\impl.py:179: in _do_get
    with util.safe_reraise():
.venv\Lib\site-packages\sqlalchemy\util\langhelpers.py:146: in __exit__
    raise exc_value.with_traceback(exc_tb)
.venv\Lib\site-packages\sqlalchemy\pool\impl.py:177: in _do_get
    return self._create_connection()
.venv\Lib\site-packages\sqlalchemy\pool\base.py:390: in _create_connection
    return _ConnectionRecord(self)
.venv\Lib\site-packages\sqlalchemy\pool\base.py:674: in __init__
    self.__connect()
.venv\Lib\site-packages\sqlalchemy\pool\base.py:900: in __connect
    with util.safe_reraise():
.venv\Lib\site-packages\sqlalchemy\util\langhelpers.py:146: in __exit__
    raise exc_value.with_traceback(exc_tb)
.venv\Lib\site-packages\sqlalchemy\pool\base.py:896: in __connect
    self.dbapi_connection = connection = pool._invoke_creator(self)
.venv\Lib\site-packages\sqlalchemy\engine\create.py:643: in connect
    return dialect.connect(*cargs, **cparams)
.venv\Lib\site-packages\sqlalchemy\engine\default.py:621: in connect
    return self.loaded_dbapi.connect(*cargs, **cparams)
.venv\Lib\site-packages\psycopg2\__init__.py:135: in connect
    conn = _connect(dsn, connection_factory=connection_factory, **kwasync)
E   psycopg2.OperationalError: connection to server at "localhost" (::1), port 5432 failed: FATAL:  database "pulseboard_test" does not exist

The above exception was the direct cause of the following exception:
app\tests\conftest.py:49: in _create_schema
    Base.metadata.drop_all(bind=sync_engine)
.venv\Lib\site-packages\sqlalchemy\sql\schema.py:5896: in drop_all
    bind._run_ddl_visitor(
.venv\Lib\site-packages\sqlalchemy\engine\base.py:3252: in _run_ddl_visitor
    with self.begin() as conn:
..\..\..\..\AppData\Local\Programs\Python\Python313\Lib\contextlib.py:141: in __enter__
    return next(self.gen)
.venv\Lib\site-packages\sqlalchemy\engine\base.py:3242: in begin
    with self.connect() as conn:
.venv\Lib\site-packages\sqlalchemy\engine\base.py:3278: in connect
    return self._connection_cls(self)
.venv\Lib\site-packages\sqlalchemy\engine\base.py:148: in __init__
    Connection._handle_dbapi_exception_noconnection(
.venv\Lib\site-packages\sqlalchemy\engine\base.py:2442: in _handle_dbapi_exception_noconnection
    raise sqlalchemy_exception.with_traceback(exc_info[2]) from e
.venv\Lib\site-packages\sqlalchemy\engine\base.py:146: in __init__
    self._dbapi_connection = engine.raw_connection()
.venv\Lib\site-packages\sqlalchemy\engine\base.py:3302: in raw_connection
    return self.pool.connect()
.venv\Lib\site-packages\sqlalchemy\pool\base.py:449: in connect
    return _ConnectionFairy._checkout(self)
.venv\Lib\site-packages\sqlalchemy\pool\base.py:1263: in _checkout
    fairy = _ConnectionRecord.checkout(pool)
.venv\Lib\site-packages\sqlalchemy\pool\base.py:712: in checkout
    rec = pool._do_get()
.venv\Lib\site-packages\sqlalchemy\pool\impl.py:179: in _do_get
    with util.safe_reraise():
.venv\Lib\site-packages\sqlalchemy\util\langhelpers.py:146: in __exit__
    raise exc_value.with_traceback(exc_tb)
.venv\Lib\site-packages\sqlalchemy\pool\impl.py:177: in _do_get
    return self._create_connection()
.venv\Lib\site-packages\sqlalchemy\pool\base.py:390: in _create_connection
    return _ConnectionRecord(self)
.venv\Lib\site-packages\sqlalchemy\pool\base.py:674: in __init__
    self.__connect()
.venv\Lib\site-packages\sqlalchemy\pool\base.py:900: in __connect
    with util.safe_reraise():
.venv\Lib\site-packages\sqlalchemy\util\langhelpers.py:146: in __exit__
    raise exc_value.with_traceback(exc_tb)
.venv\Lib\site-packages\sqlalchemy\pool\base.py:896: in __connect
    self.dbapi_connection = connection = pool._invoke_creator(self)
.venv\Lib\site-packages\sqlalchemy\engine\create.py:643: in connect
    return dialect.connect(*cargs, **cparams)
.venv\Lib\site-packages\sqlalchemy\engine\default.py:621: in connect
    return self.loaded_dbapi.connect(*cargs, **cparams)
.venv\Lib\site-packages\psycopg2\__init__.py:135: in connect
    conn = _connect(dsn, connection_factory=connection_factory, **kwasync)
E   sqlalchemy.exc.OperationalError: (psycopg2.OperationalError) connection to server at "localhost" (::1), port 5432 failed: FATAL:  database "pulseboard_test" does not exist
E   
E   (Background on this error at: https://sqlalche.me/e/20/e3q8)
___ ERROR at setup of TestConnectionManager.test_connect_accepts_and_tracks ___
.venv\Lib\site-packages\sqlalchemy\engine\base.py:146: in __init__
    self._dbapi_connection = engine.raw_connection()
.venv\Lib\site-packages\sqlalchemy\engine\base.py:3302: in raw_connection
    return self.pool.connect()
.venv\Lib\site-packages\sqlalchemy\pool\base.py:449: in connect
    return _ConnectionFairy._checkout(self)
.venv\Lib\site-packages\sqlalchemy\pool\base.py:1263: in _checkout
    fairy = _ConnectionRecord.checkout(pool)
.venv\Lib\site-packages\sqlalchemy\pool\base.py:712: in checkout
    rec = pool._do_get()
.venv\Lib\site-packages\sqlalchemy\pool\impl.py:179: in _do_get
    with util.safe_reraise():
.venv\Lib\site-packages\sqlalchemy\util\langhelpers.py:146: in __exit__
    raise exc_value.with_traceback(exc_tb)
.venv\Lib\site-packages\sqlalchemy\pool\impl.py:177: in _do_get
    return self._create_connection()
.venv\Lib\site-packages\sqlalchemy\pool\base.py:390: in _create_connection
    return _ConnectionRecord(self)
.venv\Lib\site-packages\sqlalchemy\pool\base.py:674: in __init__
    self.__connect()
.venv\Lib\site-packages\sqlalchemy\pool\base.py:900: in __connect
    with util.safe_reraise():
.venv\Lib\site-packages\sqlalchemy\util\langhelpers.py:146: in __exit__
    raise exc_value.with_traceback(exc_tb)
.venv\Lib\site-packages\sqlalchemy\pool\base.py:896: in __connect
    self.dbapi_connection = connection = pool._invoke_creator(self)
.venv\Lib\site-packages\sqlalchemy\engine\create.py:643: in connect
    return dialect.connect(*cargs, **cparams)
.venv\Lib\site-packages\sqlalchemy\engine\default.py:621: in connect
    return self.loaded_dbapi.connect(*cargs, **cparams)
.venv\Lib\site-packages\psycopg2\__init__.py:135: in connect
    conn = _connect(dsn, connection_factory=connection_factory, **kwasync)
E   psycopg2.OperationalError: connection to server at "localhost" (::1), port 5432 failed: FATAL:  database "pulseboard_test" does not exist

The above exception was the direct cause of the following exception:
app\tests\conftest.py:49: in _create_schema
    Base.metadata.drop_all(bind=sync_engine)
.venv\Lib\site-packages\sqlalchemy\sql\schema.py:5896: in drop_all
    bind._run_ddl_visitor(
.venv\Lib\site-packages\sqlalchemy\engine\base.py:3252: in _run_ddl_visitor
    with self.begin() as conn:
..\..\..\..\AppData\Local\Programs\Python\Python313\Lib\contextlib.py:141: in __enter__
    return next(self.gen)
.venv\Lib\site-packages\sqlalchemy\engine\base.py:3242: in begin
    with self.connect() as conn:
.venv\Lib\site-packages\sqlalchemy\engine\base.py:3278: in connect
    return self._connection_cls(self)
.venv\Lib\site-packages\sqlalchemy\engine\base.py:148: in __init__
    Connection._handle_dbapi_exception_noconnection(
.venv\Lib\site-packages\sqlalchemy\engine\base.py:2442: in _handle_dbapi_exception_noconnection
    raise sqlalchemy_exception.with_traceback(exc_info[2]) from e
.venv\Lib\site-packages\sqlalchemy\engine\base.py:146: in __init__
    self._dbapi_connection = engine.raw_connection()
.venv\Lib\site-packages\sqlalchemy\engine\base.py:3302: in raw_connection
    return self.pool.connect()
.venv\Lib\site-packages\sqlalchemy\pool\base.py:449: in connect
    return _ConnectionFairy._checkout(self)
.venv\Lib\site-packages\sqlalchemy\pool\base.py:1263: in _checkout
    fairy = _ConnectionRecord.checkout(pool)
.venv\Lib\site-packages\sqlalchemy\pool\base.py:712: in checkout
    rec = pool._do_get()
.venv\Lib\site-packages\sqlalchemy\pool\impl.py:179: in _do_get
    with util.safe_reraise():
.venv\Lib\site-packages\sqlalchemy\util\langhelpers.py:146: in __exit__
    raise exc_value.with_traceback(exc_tb)
.venv\Lib\site-packages\sqlalchemy\pool\impl.py:177: in _do_get
    return self._create_connection()
.venv\Lib\site-packages\sqlalchemy\pool\base.py:390: in _create_connection
    return _ConnectionRecord(self)
.venv\Lib\site-packages\sqlalchemy\pool\base.py:674: in __init__
    self.__connect()
.venv\Lib\site-packages\sqlalchemy\pool\base.py:900: in __connect
    with util.safe_reraise():
.venv\Lib\site-packages\sqlalchemy\util\langhelpers.py:146: in __exit__
    raise exc_value.with_traceback(exc_tb)
.venv\Lib\site-packages\sqlalchemy\pool\base.py:896: in __connect
    self.dbapi_connection = connection = pool._invoke_creator(self)
.venv\Lib\site-packages\sqlalchemy\engine\create.py:643: in connect
    return dialect.connect(*cargs, **cparams)
.venv\Lib\site-packages\sqlalchemy\engine\default.py:621: in connect
    return self.loaded_dbapi.connect(*cargs, **cparams)
.venv\Lib\site-packages\psycopg2\__init__.py:135: in connect
    conn = _connect(dsn, connection_factory=connection_factory, **kwasync)
E   sqlalchemy.exc.OperationalError: (psycopg2.OperationalError) connection to server at "localhost" (::1), port 5432 failed: FATAL:  database "pulseboard_test" does not exist
E   
E   (Background on this error at: https://sqlalche.me/e/20/e3q8)
_ ERROR at setup of TestConnectionManager.test_disconnect_removes_connection __
.venv\Lib\site-packages\sqlalchemy\engine\base.py:146: in __init__
    self._dbapi_connection = engine.raw_connection()
.venv\Lib\site-packages\sqlalchemy\engine\base.py:3302: in raw_connection
    return self.pool.connect()
.venv\Lib\site-packages\sqlalchemy\pool\base.py:449: in connect
    return _ConnectionFairy._checkout(self)
.venv\Lib\site-packages\sqlalchemy\pool\base.py:1263: in _checkout
    fairy = _ConnectionRecord.checkout(pool)
.venv\Lib\site-packages\sqlalchemy\pool\base.py:712: in checkout
    rec = pool._do_get()
.venv\Lib\site-packages\sqlalchemy\pool\impl.py:179: in _do_get
    with util.safe_reraise():
.venv\Lib\site-packages\sqlalchemy\util\langhelpers.py:146: in __exit__
    raise exc_value.with_traceback(exc_tb)
.venv\Lib\site-packages\sqlalchemy\pool\impl.py:177: in _do_get
    return self._create_connection()
.venv\Lib\site-packages\sqlalchemy\pool\base.py:390: in _create_connection
    return _ConnectionRecord(self)
.venv\Lib\site-packages\sqlalchemy\pool\base.py:674: in __init__
    self.__connect()
.venv\Lib\site-packages\sqlalchemy\pool\base.py:900: in __connect
    with util.safe_reraise():
.venv\Lib\site-packages\sqlalchemy\util\langhelpers.py:146: in __exit__
    raise exc_value.with_traceback(exc_tb)
.venv\Lib\site-packages\sqlalchemy\pool\base.py:896: in __connect
    self.dbapi_connection = connection = pool._invoke_creator(self)
.venv\Lib\site-packages\sqlalchemy\engine\create.py:643: in connect
    return dialect.connect(*cargs, **cparams)
.venv\Lib\site-packages\sqlalchemy\engine\default.py:621: in connect
    return self.loaded_dbapi.connect(*cargs, **cparams)
.venv\Lib\site-packages\psycopg2\__init__.py:135: in connect
    conn = _connect(dsn, connection_factory=connection_factory, **kwasync)
E   psycopg2.OperationalError: connection to server at "localhost" (::1), port 5432 failed: FATAL:  database "pulseboard_test" does not exist

The above exception was the direct cause of the following exception:
app\tests\conftest.py:49: in _create_schema
    Base.metadata.drop_all(bind=sync_engine)
.venv\Lib\site-packages\sqlalchemy\sql\schema.py:5896: in drop_all
    bind._run_ddl_visitor(
.venv\Lib\site-packages\sqlalchemy\engine\base.py:3252: in _run_ddl_visitor
    with self.begin() as conn:
..\..\..\..\AppData\Local\Programs\Python\Python313\Lib\contextlib.py:141: in __enter__
    return next(self.gen)
.venv\Lib\site-packages\sqlalchemy\engine\base.py:3242: in begin
    with self.connect() as conn:
.venv\Lib\site-packages\sqlalchemy\engine\base.py:3278: in connect
    return self._connection_cls(self)
.venv\Lib\site-packages\sqlalchemy\engine\base.py:148: in __init__
    Connection._handle_dbapi_exception_noconnection(
.venv\Lib\site-packages\sqlalchemy\engine\base.py:2442: in _handle_dbapi_exception_noconnection
    raise sqlalchemy_exception.with_traceback(exc_info[2]) from e
.venv\Lib\site-packages\sqlalchemy\engine\base.py:146: in __init__
    self._dbapi_connection = engine.raw_connection()
.venv\Lib\site-packages\sqlalchemy\engine\base.py:3302: in raw_connection
    return self.pool.connect()
.venv\Lib\site-packages\sqlalchemy\pool\base.py:449: in connect
    return _ConnectionFairy._checkout(self)
.venv\Lib\site-packages\sqlalchemy\pool\base.py:1263: in _checkout
    fairy = _ConnectionRecord.checkout(pool)
.venv\Lib\site-packages\sqlalchemy\pool\base.py:712: in checkout
    rec = pool._do_get()
.venv\Lib\site-packages\sqlalchemy\pool\impl.py:179: in _do_get
    with util.safe_reraise():
.venv\Lib\site-packages\sqlalchemy\util\langhelpers.py:146: in __exit__
    raise exc_value.with_traceback(exc_tb)
.venv\Lib\site-packages\sqlalchemy\pool\impl.py:177: in _do_get
    return self._create_connection()
.venv\Lib\site-packages\sqlalchemy\pool\base.py:390: in _create_connection
    return _ConnectionRecord(self)
.venv\Lib\site-packages\sqlalchemy\pool\base.py:674: in __init__
    self.__connect()
.venv\Lib\site-packages\sqlalchemy\pool\base.py:900: in __connect
    with util.safe_reraise():
.venv\Lib\site-packages\sqlalchemy\util\langhelpers.py:146: in __exit__
    raise exc_value.with_traceback(exc_tb)
.venv\Lib\site-packages\sqlalchemy\pool\base.py:896: in __connect
    self.dbapi_connection = connection = pool._invoke_creator(self)
.venv\Lib\site-packages\sqlalchemy\engine\create.py:643: in connect
    return dialect.connect(*cargs, **cparams)
.venv\Lib\site-packages\sqlalchemy\engine\default.py:621: in connect
    return self.loaded_dbapi.connect(*cargs, **cparams)
.venv\Lib\site-packages\psycopg2\__init__.py:135: in connect
    conn = _connect(dsn, connection_factory=connection_factory, **kwasync)
E   sqlalchemy.exc.OperationalError: (psycopg2.OperationalError) connection to server at "localhost" (::1), port 5432 failed: FATAL:  database "pulseboard_test" does not exist
E   
E   (Background on this error at: https://sqlalche.me/e/20/e3q8)
_ ERROR at setup of TestConnectionManager.test_disconnecting_unknown_connection_does_not_raise _
.venv\Lib\site-packages\sqlalchemy\engine\base.py:146: in __init__
    self._dbapi_connection = engine.raw_connection()
.venv\Lib\site-packages\sqlalchemy\engine\base.py:3302: in raw_connection
    return self.pool.connect()
.venv\Lib\site-packages\sqlalchemy\pool\base.py:449: in connect
    return _ConnectionFairy._checkout(self)
.venv\Lib\site-packages\sqlalchemy\pool\base.py:1263: in _checkout
    fairy = _ConnectionRecord.checkout(pool)
.venv\Lib\site-packages\sqlalchemy\pool\base.py:712: in checkout
    rec = pool._do_get()
.venv\Lib\site-packages\sqlalchemy\pool\impl.py:179: in _do_get
    with util.safe_reraise():
.venv\Lib\site-packages\sqlalchemy\util\langhelpers.py:146: in __exit__
    raise exc_value.with_traceback(exc_tb)
.venv\Lib\site-packages\sqlalchemy\pool\impl.py:177: in _do_get
    return self._create_connection()
.venv\Lib\site-packages\sqlalchemy\pool\base.py:390: in _create_connection
    return _ConnectionRecord(self)
.venv\Lib\site-packages\sqlalchemy\pool\base.py:674: in __init__
    self.__connect()
.venv\Lib\site-packages\sqlalchemy\pool\base.py:900: in __connect
    with util.safe_reraise():
.venv\Lib\site-packages\sqlalchemy\util\langhelpers.py:146: in __exit__
    raise exc_value.with_traceback(exc_tb)
.venv\Lib\site-packages\sqlalchemy\pool\base.py:896: in __connect
    self.dbapi_connection = connection = pool._invoke_creator(self)
.venv\Lib\site-packages\sqlalchemy\engine\create.py:643: in connect
    return dialect.connect(*cargs, **cparams)
.venv\Lib\site-packages\sqlalchemy\engine\default.py:621: in connect
    return self.loaded_dbapi.connect(*cargs, **cparams)
.venv\Lib\site-packages\psycopg2\__init__.py:135: in connect
    conn = _connect(dsn, connection_factory=connection_factory, **kwasync)
E   psycopg2.OperationalError: connection to server at "localhost" (::1), port 5432 failed: FATAL:  database "pulseboard_test" does not exist

The above exception was the direct cause of the following exception:
app\tests\conftest.py:49: in _create_schema
    Base.metadata.drop_all(bind=sync_engine)
.venv\Lib\site-packages\sqlalchemy\sql\schema.py:5896: in drop_all
    bind._run_ddl_visitor(
.venv\Lib\site-packages\sqlalchemy\engine\base.py:3252: in _run_ddl_visitor
    with self.begin() as conn:
..\..\..\..\AppData\Local\Programs\Python\Python313\Lib\contextlib.py:141: in __enter__
    return next(self.gen)
.venv\Lib\site-packages\sqlalchemy\engine\base.py:3242: in begin
    with self.connect() as conn:
.venv\Lib\site-packages\sqlalchemy\engine\base.py:3278: in connect
    return self._connection_cls(self)
.venv\Lib\site-packages\sqlalchemy\engine\base.py:148: in __init__
    Connection._handle_dbapi_exception_noconnection(
.venv\Lib\site-packages\sqlalchemy\engine\base.py:2442: in _handle_dbapi_exception_noconnection
    raise sqlalchemy_exception.with_traceback(exc_info[2]) from e
.venv\Lib\site-packages\sqlalchemy\engine\base.py:146: in __init__
    self._dbapi_connection = engine.raw_connection()
.venv\Lib\site-packages\sqlalchemy\engine\base.py:3302: in raw_connection
    return self.pool.connect()
.venv\Lib\site-packages\sqlalchemy\pool\base.py:449: in connect
    return _ConnectionFairy._checkout(self)
.venv\Lib\site-packages\sqlalchemy\pool\base.py:1263: in _checkout
    fairy = _ConnectionRecord.checkout(pool)
.venv\Lib\site-packages\sqlalchemy\pool\base.py:712: in checkout
    rec = pool._do_get()
.venv\Lib\site-packages\sqlalchemy\pool\impl.py:179: in _do_get
    with util.safe_reraise():
.venv\Lib\site-packages\sqlalchemy\util\langhelpers.py:146: in __exit__
    raise exc_value.with_traceback(exc_tb)
.venv\Lib\site-packages\sqlalchemy\pool\impl.py:177: in _do_get
    return self._create_connection()
.venv\Lib\site-packages\sqlalchemy\pool\base.py:390: in _create_connection
    return _ConnectionRecord(self)
.venv\Lib\site-packages\sqlalchemy\pool\base.py:674: in __init__
    self.__connect()
.venv\Lib\site-packages\sqlalchemy\pool\base.py:900: in __connect
    with util.safe_reraise():
.venv\Lib\site-packages\sqlalchemy\util\langhelpers.py:146: in __exit__
    raise exc_value.with_traceback(exc_tb)
.venv\Lib\site-packages\sqlalchemy\pool\base.py:896: in __connect
    self.dbapi_connection = connection = pool._invoke_creator(self)
.venv\Lib\site-packages\sqlalchemy\engine\create.py:643: in connect
    return dialect.connect(*cargs, **cparams)
.venv\Lib\site-packages\sqlalchemy\engine\default.py:621: in connect
    return self.loaded_dbapi.connect(*cargs, **cparams)
.venv\Lib\site-packages\psycopg2\__init__.py:135: in connect
    conn = _connect(dsn, connection_factory=connection_factory, **kwasync)
E   sqlalchemy.exc.OperationalError: (psycopg2.OperationalError) connection to server at "localhost" (::1), port 5432 failed: FATAL:  database "pulseboard_test" does not exist
E   
E   (Background on this error at: https://sqlalche.me/e/20/e3q8)
_ ERROR at setup of TestConnectionManager.test_broadcast_reaches_every_connected_client _
.venv\Lib\site-packages\sqlalchemy\engine\base.py:146: in __init__
    self._dbapi_connection = engine.raw_connection()
.venv\Lib\site-packages\sqlalchemy\engine\base.py:3302: in raw_connection
    return self.pool.connect()
.venv\Lib\site-packages\sqlalchemy\pool\base.py:449: in connect
    return _ConnectionFairy._checkout(self)
.venv\Lib\site-packages\sqlalchemy\pool\base.py:1263: in _checkout
    fairy = _ConnectionRecord.checkout(pool)
.venv\Lib\site-packages\sqlalchemy\pool\base.py:712: in checkout
    rec = pool._do_get()
.venv\Lib\site-packages\sqlalchemy\pool\impl.py:179: in _do_get
    with util.safe_reraise():
.venv\Lib\site-packages\sqlalchemy\util\langhelpers.py:146: in __exit__
    raise exc_value.with_traceback(exc_tb)
.venv\Lib\site-packages\sqlalchemy\pool\impl.py:177: in _do_get
    return self._create_connection()
.venv\Lib\site-packages\sqlalchemy\pool\base.py:390: in _create_connection
    return _ConnectionRecord(self)
.venv\Lib\site-packages\sqlalchemy\pool\base.py:674: in __init__
    self.__connect()
.venv\Lib\site-packages\sqlalchemy\pool\base.py:900: in __connect
    with util.safe_reraise():
.venv\Lib\site-packages\sqlalchemy\util\langhelpers.py:146: in __exit__
    raise exc_value.with_traceback(exc_tb)
.venv\Lib\site-packages\sqlalchemy\pool\base.py:896: in __connect
    self.dbapi_connection = connection = pool._invoke_creator(self)
.venv\Lib\site-packages\sqlalchemy\engine\create.py:643: in connect
    return dialect.connect(*cargs, **cparams)
.venv\Lib\site-packages\sqlalchemy\engine\default.py:621: in connect
    return self.loaded_dbapi.connect(*cargs, **cparams)
.venv\Lib\site-packages\psycopg2\__init__.py:135: in connect
    conn = _connect(dsn, connection_factory=connection_factory, **kwasync)
E   psycopg2.OperationalError: connection to server at "localhost" (::1), port 5432 failed: FATAL:  database "pulseboard_test" does not exist

The above exception was the direct cause of the following exception:
app\tests\conftest.py:49: in _create_schema
    Base.metadata.drop_all(bind=sync_engine)
.venv\Lib\site-packages\sqlalchemy\sql\schema.py:5896: in drop_all
    bind._run_ddl_visitor(
.venv\Lib\site-packages\sqlalchemy\engine\base.py:3252: in _run_ddl_visitor
    with self.begin() as conn:
..\..\..\..\AppData\Local\Programs\Python\Python313\Lib\contextlib.py:141: in __enter__
    return next(self.gen)
.venv\Lib\site-packages\sqlalchemy\engine\base.py:3242: in begin
    with self.connect() as conn:
.venv\Lib\site-packages\sqlalchemy\engine\base.py:3278: in connect
    return self._connection_cls(self)
.venv\Lib\site-packages\sqlalchemy\engine\base.py:148: in __init__
    Connection._handle_dbapi_exception_noconnection(
.venv\Lib\site-packages\sqlalchemy\engine\base.py:2442: in _handle_dbapi_exception_noconnection
    raise sqlalchemy_exception.with_traceback(exc_info[2]) from e
.venv\Lib\site-packages\sqlalchemy\engine\base.py:146: in __init__
    self._dbapi_connection = engine.raw_connection()
.venv\Lib\site-packages\sqlalchemy\engine\base.py:3302: in raw_connection
    return self.pool.connect()
.venv\Lib\site-packages\sqlalchemy\pool\base.py:449: in connect
    return _ConnectionFairy._checkout(self)
.venv\Lib\site-packages\sqlalchemy\pool\base.py:1263: in _checkout
    fairy = _ConnectionRecord.checkout(pool)
.venv\Lib\site-packages\sqlalchemy\pool\base.py:712: in checkout
    rec = pool._do_get()
.venv\Lib\site-packages\sqlalchemy\pool\impl.py:179: in _do_get
    with util.safe_reraise():
.venv\Lib\site-packages\sqlalchemy\util\langhelpers.py:146: in __exit__
    raise exc_value.with_traceback(exc_tb)
.venv\Lib\site-packages\sqlalchemy\pool\impl.py:177: in _do_get
    return self._create_connection()
.venv\Lib\site-packages\sqlalchemy\pool\base.py:390: in _create_connection
    return _ConnectionRecord(self)
.venv\Lib\site-packages\sqlalchemy\pool\base.py:674: in __init__
    self.__connect()
.venv\Lib\site-packages\sqlalchemy\pool\base.py:900: in __connect
    with util.safe_reraise():
.venv\Lib\site-packages\sqlalchemy\util\langhelpers.py:146: in __exit__
    raise exc_value.with_traceback(exc_tb)
.venv\Lib\site-packages\sqlalchemy\pool\base.py:896: in __connect
    self.dbapi_connection = connection = pool._invoke_creator(self)
.venv\Lib\site-packages\sqlalchemy\engine\create.py:643: in connect
    return dialect.connect(*cargs, **cparams)
.venv\Lib\site-packages\sqlalchemy\engine\default.py:621: in connect
    return self.loaded_dbapi.connect(*cargs, **cparams)
.venv\Lib\site-packages\psycopg2\__init__.py:135: in connect
    conn = _connect(dsn, connection_factory=connection_factory, **kwasync)
E   sqlalchemy.exc.OperationalError: (psycopg2.OperationalError) connection to server at "localhost" (::1), port 5432 failed: FATAL:  database "pulseboard_test" does not exist
E   
E   (Background on this error at: https://sqlalche.me/e/20/e3q8)
_ ERROR at setup of TestConnectionManager.test_broadcast_sends_identical_message_to_all _
.venv\Lib\site-packages\sqlalchemy\engine\base.py:146: in __init__
    self._dbapi_connection = engine.raw_connection()
.venv\Lib\site-packages\sqlalchemy\engine\base.py:3302: in raw_connection
    return self.pool.connect()
.venv\Lib\site-packages\sqlalchemy\pool\base.py:449: in connect
    return _ConnectionFairy._checkout(self)
.venv\Lib\site-packages\sqlalchemy\pool\base.py:1263: in _checkout
    fairy = _ConnectionRecord.checkout(pool)
.venv\Lib\site-packages\sqlalchemy\pool\base.py:712: in checkout
    rec = pool._do_get()
.venv\Lib\site-packages\sqlalchemy\pool\impl.py:179: in _do_get
    with util.safe_reraise():
.venv\Lib\site-packages\sqlalchemy\util\langhelpers.py:146: in __exit__
    raise exc_value.with_traceback(exc_tb)
.venv\Lib\site-packages\sqlalchemy\pool\impl.py:177: in _do_get
    return self._create_connection()
.venv\Lib\site-packages\sqlalchemy\pool\base.py:390: in _create_connection
    return _ConnectionRecord(self)
.venv\Lib\site-packages\sqlalchemy\pool\base.py:674: in __init__
    self.__connect()
.venv\Lib\site-packages\sqlalchemy\pool\base.py:900: in __connect
    with util.safe_reraise():
.venv\Lib\site-packages\sqlalchemy\util\langhelpers.py:146: in __exit__
    raise exc_value.with_traceback(exc_tb)
.venv\Lib\site-packages\sqlalchemy\pool\base.py:896: in __connect
    self.dbapi_connection = connection = pool._invoke_creator(self)
.venv\Lib\site-packages\sqlalchemy\engine\create.py:643: in connect
    return dialect.connect(*cargs, **cparams)
.venv\Lib\site-packages\sqlalchemy\engine\default.py:621: in connect
    return self.loaded_dbapi.connect(*cargs, **cparams)
.venv\Lib\site-packages\psycopg2\__init__.py:135: in connect
    conn = _connect(dsn, connection_factory=connection_factory, **kwasync)
E   psycopg2.OperationalError: connection to server at "localhost" (::1), port 5432 failed: FATAL:  database "pulseboard_test" does not exist

The above exception was the direct cause of the following exception:
app\tests\conftest.py:49: in _create_schema
    Base.metadata.drop_all(bind=sync_engine)
.venv\Lib\site-packages\sqlalchemy\sql\schema.py:5896: in drop_all
    bind._run_ddl_visitor(
.venv\Lib\site-packages\sqlalchemy\engine\base.py:3252: in _run_ddl_visitor
    with self.begin() as conn:
..\..\..\..\AppData\Local\Programs\Python\Python313\Lib\contextlib.py:141: in __enter__
    return next(self.gen)
.venv\Lib\site-packages\sqlalchemy\engine\base.py:3242: in begin
    with self.connect() as conn:
.venv\Lib\site-packages\sqlalchemy\engine\base.py:3278: in connect
    return self._connection_cls(self)
.venv\Lib\site-packages\sqlalchemy\engine\base.py:148: in __init__
    Connection._handle_dbapi_exception_noconnection(
.venv\Lib\site-packages\sqlalchemy\engine\base.py:2442: in _handle_dbapi_exception_noconnection
    raise sqlalchemy_exception.with_traceback(exc_info[2]) from e
.venv\Lib\site-packages\sqlalchemy\engine\base.py:146: in __init__
    self._dbapi_connection = engine.raw_connection()
.venv\Lib\site-packages\sqlalchemy\engine\base.py:3302: in raw_connection
    return self.pool.connect()
.venv\Lib\site-packages\sqlalchemy\pool\base.py:449: in connect
    return _ConnectionFairy._checkout(self)
.venv\Lib\site-packages\sqlalchemy\pool\base.py:1263: in _checkout
    fairy = _ConnectionRecord.checkout(pool)
.venv\Lib\site-packages\sqlalchemy\pool\base.py:712: in checkout
    rec = pool._do_get()
.venv\Lib\site-packages\sqlalchemy\pool\impl.py:179: in _do_get
    with util.safe_reraise():
.venv\Lib\site-packages\sqlalchemy\util\langhelpers.py:146: in __exit__
    raise exc_value.with_traceback(exc_tb)
.venv\Lib\site-packages\sqlalchemy\pool\impl.py:177: in _do_get
    return self._create_connection()
.venv\Lib\site-packages\sqlalchemy\pool\base.py:390: in _create_connection
    return _ConnectionRecord(self)
.venv\Lib\site-packages\sqlalchemy\pool\base.py:674: in __init__
    self.__connect()
.venv\Lib\site-packages\sqlalchemy\pool\base.py:900: in __connect
    with util.safe_reraise():
.venv\Lib\site-packages\sqlalchemy\util\langhelpers.py:146: in __exit__
    raise exc_value.with_traceback(exc_tb)
.venv\Lib\site-packages\sqlalchemy\pool\base.py:896: in __connect
    self.dbapi_connection = connection = pool._invoke_creator(self)
.venv\Lib\site-packages\sqlalchemy\engine\create.py:643: in connect
    return dialect.connect(*cargs, **cparams)
.venv\Lib\site-packages\sqlalchemy\engine\default.py:621: in connect
    return self.loaded_dbapi.connect(*cargs, **cparams)
.venv\Lib\site-packages\psycopg2\__init__.py:135: in connect
    conn = _connect(dsn, connection_factory=connection_factory, **kwasync)
E   sqlalchemy.exc.OperationalError: (psycopg2.OperationalError) connection to server at "localhost" (::1), port 5432 failed: FATAL:  database "pulseboard_test" does not exist
E   
E   (Background on this error at: https://sqlalche.me/e/20/e3q8)
_ ERROR at setup of TestConnectionManager.test_dead_connection_is_dropped_without_affecting_others _
.venv\Lib\site-packages\sqlalchemy\engine\base.py:146: in __init__
    self._dbapi_connection = engine.raw_connection()
.venv\Lib\site-packages\sqlalchemy\engine\base.py:3302: in raw_connection
    return self.pool.connect()
.venv\Lib\site-packages\sqlalchemy\pool\base.py:449: in connect
    return _ConnectionFairy._checkout(self)
.venv\Lib\site-packages\sqlalchemy\pool\base.py:1263: in _checkout
    fairy = _ConnectionRecord.checkout(pool)
.venv\Lib\site-packages\sqlalchemy\pool\base.py:712: in checkout
    rec = pool._do_get()
.venv\Lib\site-packages\sqlalchemy\pool\impl.py:179: in _do_get
    with util.safe_reraise():
.venv\Lib\site-packages\sqlalchemy\util\langhelpers.py:146: in __exit__
    raise exc_value.with_traceback(exc_tb)
.venv\Lib\site-packages\sqlalchemy\pool\impl.py:177: in _do_get
    return self._create_connection()
.venv\Lib\site-packages\sqlalchemy\pool\base.py:390: in _create_connection
    return _ConnectionRecord(self)
.venv\Lib\site-packages\sqlalchemy\pool\base.py:674: in __init__
    self.__connect()
.venv\Lib\site-packages\sqlalchemy\pool\base.py:900: in __connect
    with util.safe_reraise():
.venv\Lib\site-packages\sqlalchemy\util\langhelpers.py:146: in __exit__
    raise exc_value.with_traceback(exc_tb)
.venv\Lib\site-packages\sqlalchemy\pool\base.py:896: in __connect
    self.dbapi_connection = connection = pool._invoke_creator(self)
.venv\Lib\site-packages\sqlalchemy\engine\create.py:643: in connect
    return dialect.connect(*cargs, **cparams)
.venv\Lib\site-packages\sqlalchemy\engine\default.py:621: in connect
    return self.loaded_dbapi.connect(*cargs, **cparams)
.venv\Lib\site-packages\psycopg2\__init__.py:135: in connect
    conn = _connect(dsn, connection_factory=connection_factory, **kwasync)
E   psycopg2.OperationalError: connection to server at "localhost" (::1), port 5432 failed: FATAL:  database "pulseboard_test" does not exist

The above exception was the direct cause of the following exception:
app\tests\conftest.py:49: in _create_schema
    Base.metadata.drop_all(bind=sync_engine)
.venv\Lib\site-packages\sqlalchemy\sql\schema.py:5896: in drop_all
    bind._run_ddl_visitor(
.venv\Lib\site-packages\sqlalchemy\engine\base.py:3252: in _run_ddl_visitor
    with self.begin() as conn:
..\..\..\..\AppData\Local\Programs\Python\Python313\Lib\contextlib.py:141: in __enter__
    return next(self.gen)
.venv\Lib\site-packages\sqlalchemy\engine\base.py:3242: in begin
    with self.connect() as conn:
.venv\Lib\site-packages\sqlalchemy\engine\base.py:3278: in connect
    return self._connection_cls(self)
.venv\Lib\site-packages\sqlalchemy\engine\base.py:148: in __init__
    Connection._handle_dbapi_exception_noconnection(
.venv\Lib\site-packages\sqlalchemy\engine\base.py:2442: in _handle_dbapi_exception_noconnection
    raise sqlalchemy_exception.with_traceback(exc_info[2]) from e
.venv\Lib\site-packages\sqlalchemy\engine\base.py:146: in __init__
    self._dbapi_connection = engine.raw_connection()
.venv\Lib\site-packages\sqlalchemy\engine\base.py:3302: in raw_connection
    return self.pool.connect()
.venv\Lib\site-packages\sqlalchemy\pool\base.py:449: in connect
    return _ConnectionFairy._checkout(self)
.venv\Lib\site-packages\sqlalchemy\pool\base.py:1263: in _checkout
    fairy = _ConnectionRecord.checkout(pool)
.venv\Lib\site-packages\sqlalchemy\pool\base.py:712: in checkout
    rec = pool._do_get()
.venv\Lib\site-packages\sqlalchemy\pool\impl.py:179: in _do_get
    with util.safe_reraise():
.venv\Lib\site-packages\sqlalchemy\util\langhelpers.py:146: in __exit__
    raise exc_value.with_traceback(exc_tb)
.venv\Lib\site-packages\sqlalchemy\pool\impl.py:177: in _do_get
    return self._create_connection()
.venv\Lib\site-packages\sqlalchemy\pool\base.py:390: in _create_connection
    return _ConnectionRecord(self)
.venv\Lib\site-packages\sqlalchemy\pool\base.py:674: in __init__
    self.__connect()
.venv\Lib\site-packages\sqlalchemy\pool\base.py:900: in __connect
    with util.safe_reraise():
.venv\Lib\site-packages\sqlalchemy\util\langhelpers.py:146: in __exit__
    raise exc_value.with_traceback(exc_tb)
.venv\Lib\site-packages\sqlalchemy\pool\base.py:896: in __connect
    self.dbapi_connection = connection = pool._invoke_creator(self)
.venv\Lib\site-packages\sqlalchemy\engine\create.py:643: in connect
    return dialect.connect(*cargs, **cparams)
.venv\Lib\site-packages\sqlalchemy\engine\default.py:621: in connect
    return self.loaded_dbapi.connect(*cargs, **cparams)
.venv\Lib\site-packages\psycopg2\__init__.py:135: in connect
    conn = _connect(dsn, connection_factory=connection_factory, **kwasync)
E   sqlalchemy.exc.OperationalError: (psycopg2.OperationalError) connection to server at "localhost" (::1), port 5432 failed: FATAL:  database "pulseboard_test" does not exist
E   
E   (Background on this error at: https://sqlalche.me/e/20/e3q8)
_ ERROR at setup of TestConnectionManager.test_broadcast_with_no_connections_does_not_raise _
.venv\Lib\site-packages\sqlalchemy\engine\base.py:146: in __init__
    self._dbapi_connection = engine.raw_connection()
.venv\Lib\site-packages\sqlalchemy\engine\base.py:3302: in raw_connection
    return self.pool.connect()
.venv\Lib\site-packages\sqlalchemy\pool\base.py:449: in connect
    return _ConnectionFairy._checkout(self)
.venv\Lib\site-packages\sqlalchemy\pool\base.py:1263: in _checkout
    fairy = _ConnectionRecord.checkout(pool)
.venv\Lib\site-packages\sqlalchemy\pool\base.py:712: in checkout
    rec = pool._do_get()
.venv\Lib\site-packages\sqlalchemy\pool\impl.py:179: in _do_get
    with util.safe_reraise():
.venv\Lib\site-packages\sqlalchemy\util\langhelpers.py:146: in __exit__
    raise exc_value.with_traceback(exc_tb)
.venv\Lib\site-packages\sqlalchemy\pool\impl.py:177: in _do_get
    return self._create_connection()
.venv\Lib\site-packages\sqlalchemy\pool\base.py:390: in _create_connection
    return _ConnectionRecord(self)
.venv\Lib\site-packages\sqlalchemy\pool\base.py:674: in __init__
    self.__connect()
.venv\Lib\site-packages\sqlalchemy\pool\base.py:900: in __connect
    with util.safe_reraise():
.venv\Lib\site-packages\sqlalchemy\util\langhelpers.py:146: in __exit__
    raise exc_value.with_traceback(exc_tb)
.venv\Lib\site-packages\sqlalchemy\pool\base.py:896: in __connect
    self.dbapi_connection = connection = pool._invoke_creator(self)
.venv\Lib\site-packages\sqlalchemy\engine\create.py:643: in connect
    return dialect.connect(*cargs, **cparams)
.venv\Lib\site-packages\sqlalchemy\engine\default.py:621: in connect
    return self.loaded_dbapi.connect(*cargs, **cparams)
.venv\Lib\site-packages\psycopg2\__init__.py:135: in connect
    conn = _connect(dsn, connection_factory=connection_factory, **kwasync)
E   psycopg2.OperationalError: connection to server at "localhost" (::1), port 5432 failed: FATAL:  database "pulseboard_test" does not exist

The above exception was the direct cause of the following exception:
app\tests\conftest.py:49: in _create_schema
    Base.metadata.drop_all(bind=sync_engine)
.venv\Lib\site-packages\sqlalchemy\sql\schema.py:5896: in drop_all
    bind._run_ddl_visitor(
.venv\Lib\site-packages\sqlalchemy\engine\base.py:3252: in _run_ddl_visitor
    with self.begin() as conn:
..\..\..\..\AppData\Local\Programs\Python\Python313\Lib\contextlib.py:141: in __enter__
    return next(self.gen)
.venv\Lib\site-packages\sqlalchemy\engine\base.py:3242: in begin
    with self.connect() as conn:
.venv\Lib\site-packages\sqlalchemy\engine\base.py:3278: in connect
    return self._connection_cls(self)
.venv\Lib\site-packages\sqlalchemy\engine\base.py:148: in __init__
    Connection._handle_dbapi_exception_noconnection(
.venv\Lib\site-packages\sqlalchemy\engine\base.py:2442: in _handle_dbapi_exception_noconnection
    raise sqlalchemy_exception.with_traceback(exc_info[2]) from e
.venv\Lib\site-packages\sqlalchemy\engine\base.py:146: in __init__
    self._dbapi_connection = engine.raw_connection()
.venv\Lib\site-packages\sqlalchemy\engine\base.py:3302: in raw_connection
    return self.pool.connect()
.venv\Lib\site-packages\sqlalchemy\pool\base.py:449: in connect
    return _ConnectionFairy._checkout(self)
.venv\Lib\site-packages\sqlalchemy\pool\base.py:1263: in _checkout
    fairy = _ConnectionRecord.checkout(pool)
.venv\Lib\site-packages\sqlalchemy\pool\base.py:712: in checkout
    rec = pool._do_get()
.venv\Lib\site-packages\sqlalchemy\pool\impl.py:179: in _do_get
    with util.safe_reraise():
.venv\Lib\site-packages\sqlalchemy\util\langhelpers.py:146: in __exit__
    raise exc_value.with_traceback(exc_tb)
.venv\Lib\site-packages\sqlalchemy\pool\impl.py:177: in _do_get
    return self._create_connection()
.venv\Lib\site-packages\sqlalchemy\pool\base.py:390: in _create_connection
    return _ConnectionRecord(self)
.venv\Lib\site-packages\sqlalchemy\pool\base.py:674: in __init__
    self.__connect()
.venv\Lib\site-packages\sqlalchemy\pool\base.py:900: in __connect
    with util.safe_reraise():
.venv\Lib\site-packages\sqlalchemy\util\langhelpers.py:146: in __exit__
    raise exc_value.with_traceback(exc_tb)
.venv\Lib\site-packages\sqlalchemy\pool\base.py:896: in __connect
    self.dbapi_connection = connection = pool._invoke_creator(self)
.venv\Lib\site-packages\sqlalchemy\engine\create.py:643: in connect
    return dialect.connect(*cargs, **cparams)
.venv\Lib\site-packages\sqlalchemy\engine\default.py:621: in connect
    return self.loaded_dbapi.connect(*cargs, **cparams)
.venv\Lib\site-packages\psycopg2\__init__.py:135: in connect
    conn = _connect(dsn, connection_factory=connection_factory, **kwasync)
E   sqlalchemy.exc.OperationalError: (psycopg2.OperationalError) connection to server at "localhost" (::1), port 5432 failed: FATAL:  database "pulseboard_test" does not exist
E   
E   (Background on this error at: https://sqlalche.me/e/20/e3q8)
_ ERROR at setup of TestRealtimeEventEnvelope.test_publish_event_builds_consistent_envelope _
.venv\Lib\site-packages\sqlalchemy\engine\base.py:146: in __init__
    self._dbapi_connection = engine.raw_connection()
.venv\Lib\site-packages\sqlalchemy\engine\base.py:3302: in raw_connection
    return self.pool.connect()
.venv\Lib\site-packages\sqlalchemy\pool\base.py:449: in connect
    return _ConnectionFairy._checkout(self)
.venv\Lib\site-packages\sqlalchemy\pool\base.py:1263: in _checkout
    fairy = _ConnectionRecord.checkout(pool)
.venv\Lib\site-packages\sqlalchemy\pool\base.py:712: in checkout
    rec = pool._do_get()
.venv\Lib\site-packages\sqlalchemy\pool\impl.py:179: in _do_get
    with util.safe_reraise():
.venv\Lib\site-packages\sqlalchemy\util\langhelpers.py:146: in __exit__
    raise exc_value.with_traceback(exc_tb)
.venv\Lib\site-packages\sqlalchemy\pool\impl.py:177: in _do_get
    return self._create_connection()
.venv\Lib\site-packages\sqlalchemy\pool\base.py:390: in _create_connection
    return _ConnectionRecord(self)
.venv\Lib\site-packages\sqlalchemy\pool\base.py:674: in __init__
    self.__connect()
.venv\Lib\site-packages\sqlalchemy\pool\base.py:900: in __connect
    with util.safe_reraise():
.venv\Lib\site-packages\sqlalchemy\util\langhelpers.py:146: in __exit__
    raise exc_value.with_traceback(exc_tb)
.venv\Lib\site-packages\sqlalchemy\pool\base.py:896: in __connect
    self.dbapi_connection = connection = pool._invoke_creator(self)
.venv\Lib\site-packages\sqlalchemy\engine\create.py:643: in connect
    return dialect.connect(*cargs, **cparams)
.venv\Lib\site-packages\sqlalchemy\engine\default.py:621: in connect
    return self.loaded_dbapi.connect(*cargs, **cparams)
.venv\Lib\site-packages\psycopg2\__init__.py:135: in connect
    conn = _connect(dsn, connection_factory=connection_factory, **kwasync)
E   psycopg2.OperationalError: connection to server at "localhost" (::1), port 5432 failed: FATAL:  database "pulseboard_test" does not exist

The above exception was the direct cause of the following exception:
app\tests\conftest.py:49: in _create_schema
    Base.metadata.drop_all(bind=sync_engine)
.venv\Lib\site-packages\sqlalchemy\sql\schema.py:5896: in drop_all
    bind._run_ddl_visitor(
.venv\Lib\site-packages\sqlalchemy\engine\base.py:3252: in _run_ddl_visitor
    with self.begin() as conn:
..\..\..\..\AppData\Local\Programs\Python\Python313\Lib\contextlib.py:141: in __enter__
    return next(self.gen)
.venv\Lib\site-packages\sqlalchemy\engine\base.py:3242: in begin
    with self.connect() as conn:
.venv\Lib\site-packages\sqlalchemy\engine\base.py:3278: in connect
    return self._connection_cls(self)
.venv\Lib\site-packages\sqlalchemy\engine\base.py:148: in __init__
    Connection._handle_dbapi_exception_noconnection(
.venv\Lib\site-packages\sqlalchemy\engine\base.py:2442: in _handle_dbapi_exception_noconnection
    raise sqlalchemy_exception.with_traceback(exc_info[2]) from e
.venv\Lib\site-packages\sqlalchemy\engine\base.py:146: in __init__
    self._dbapi_connection = engine.raw_connection()
.venv\Lib\site-packages\sqlalchemy\engine\base.py:3302: in raw_connection
    return self.pool.connect()
.venv\Lib\site-packages\sqlalchemy\pool\base.py:449: in connect
    return _ConnectionFairy._checkout(self)
.venv\Lib\site-packages\sqlalchemy\pool\base.py:1263: in _checkout
    fairy = _ConnectionRecord.checkout(pool)
.venv\Lib\site-packages\sqlalchemy\pool\base.py:712: in checkout
    rec = pool._do_get()
.venv\Lib\site-packages\sqlalchemy\pool\impl.py:179: in _do_get
    with util.safe_reraise():
.venv\Lib\site-packages\sqlalchemy\util\langhelpers.py:146: in __exit__
    raise exc_value.with_traceback(exc_tb)
.venv\Lib\site-packages\sqlalchemy\pool\impl.py:177: in _do_get
    return self._create_connection()
.venv\Lib\site-packages\sqlalchemy\pool\base.py:390: in _create_connection
    return _ConnectionRecord(self)
.venv\Lib\site-packages\sqlalchemy\pool\base.py:674: in __init__
    self.__connect()
.venv\Lib\site-packages\sqlalchemy\pool\base.py:900: in __connect
    with util.safe_reraise():
.venv\Lib\site-packages\sqlalchemy\util\langhelpers.py:146: in __exit__
    raise exc_value.with_traceback(exc_tb)
.venv\Lib\site-packages\sqlalchemy\pool\base.py:896: in __connect
    self.dbapi_connection = connection = pool._invoke_creator(self)
.venv\Lib\site-packages\sqlalchemy\engine\create.py:643: in connect
    return dialect.connect(*cargs, **cparams)
.venv\Lib\site-packages\sqlalchemy\engine\default.py:621: in connect
    return self.loaded_dbapi.connect(*cargs, **cparams)
.venv\Lib\site-packages\psycopg2\__init__.py:135: in connect
    conn = _connect(dsn, connection_factory=connection_factory, **kwasync)
E   sqlalchemy.exc.OperationalError: (psycopg2.OperationalError) connection to server at "localhost" (::1), port 5432 failed: FATAL:  database "pulseboard_test" does not exist
E   
E   (Background on this error at: https://sqlalche.me/e/20/e3q8)
_ ERROR at setup of TestRealtimeEventEnvelope.test_publish_event_serializes_uuids _
.venv\Lib\site-packages\sqlalchemy\engine\base.py:146: in __init__
    self._dbapi_connection = engine.raw_connection()
.venv\Lib\site-packages\sqlalchemy\engine\base.py:3302: in raw_connection
    return self.pool.connect()
.venv\Lib\site-packages\sqlalchemy\pool\base.py:449: in connect
    return _ConnectionFairy._checkout(self)
.venv\Lib\site-packages\sqlalchemy\pool\base.py:1263: in _checkout
    fairy = _ConnectionRecord.checkout(pool)
.venv\Lib\site-packages\sqlalchemy\pool\base.py:712: in checkout
    rec = pool._do_get()
.venv\Lib\site-packages\sqlalchemy\pool\impl.py:179: in _do_get
    with util.safe_reraise():
.venv\Lib\site-packages\sqlalchemy\util\langhelpers.py:146: in __exit__
    raise exc_value.with_traceback(exc_tb)
.venv\Lib\site-packages\sqlalchemy\pool\impl.py:177: in _do_get
    return self._create_connection()
.venv\Lib\site-packages\sqlalchemy\pool\base.py:390: in _create_connection
    return _ConnectionRecord(self)
.venv\Lib\site-packages\sqlalchemy\pool\base.py:674: in __init__
    self.__connect()
.venv\Lib\site-packages\sqlalchemy\pool\base.py:900: in __connect
    with util.safe_reraise():
.venv\Lib\site-packages\sqlalchemy\util\langhelpers.py:146: in __exit__
    raise exc_value.with_traceback(exc_tb)
.venv\Lib\site-packages\sqlalchemy\pool\base.py:896: in __connect
    self.dbapi_connection = connection = pool._invoke_creator(self)
.venv\Lib\site-packages\sqlalchemy\engine\create.py:643: in connect
    return dialect.connect(*cargs, **cparams)
.venv\Lib\site-packages\sqlalchemy\engine\default.py:621: in connect
    return self.loaded_dbapi.connect(*cargs, **cparams)
.venv\Lib\site-packages\psycopg2\__init__.py:135: in connect
    conn = _connect(dsn, connection_factory=connection_factory, **kwasync)
E   psycopg2.OperationalError: connection to server at "localhost" (::1), port 5432 failed: FATAL:  database "pulseboard_test" does not exist

The above exception was the direct cause of the following exception:
app\tests\conftest.py:49: in _create_schema
    Base.metadata.drop_all(bind=sync_engine)
.venv\Lib\site-packages\sqlalchemy\sql\schema.py:5896: in drop_all
    bind._run_ddl_visitor(
.venv\Lib\site-packages\sqlalchemy\engine\base.py:3252: in _run_ddl_visitor
    with self.begin() as conn:
..\..\..\..\AppData\Local\Programs\Python\Python313\Lib\contextlib.py:141: in __enter__
    return next(self.gen)
.venv\Lib\site-packages\sqlalchemy\engine\base.py:3242: in begin
    with self.connect() as conn:
.venv\Lib\site-packages\sqlalchemy\engine\base.py:3278: in connect
    return self._connection_cls(self)
.venv\Lib\site-packages\sqlalchemy\engine\base.py:148: in __init__
    Connection._handle_dbapi_exception_noconnection(
.venv\Lib\site-packages\sqlalchemy\engine\base.py:2442: in _handle_dbapi_exception_noconnection
    raise sqlalchemy_exception.with_traceback(exc_info[2]) from e
.venv\Lib\site-packages\sqlalchemy\engine\base.py:146: in __init__
    self._dbapi_connection = engine.raw_connection()
.venv\Lib\site-packages\sqlalchemy\engine\base.py:3302: in raw_connection
    return self.pool.connect()
.venv\Lib\site-packages\sqlalchemy\pool\base.py:449: in connect
    return _ConnectionFairy._checkout(self)
.venv\Lib\site-packages\sqlalchemy\pool\base.py:1263: in _checkout
    fairy = _ConnectionRecord.checkout(pool)
.venv\Lib\site-packages\sqlalchemy\pool\base.py:712: in checkout
    rec = pool._do_get()
.venv\Lib\site-packages\sqlalchemy\pool\impl.py:179: in _do_get
    with util.safe_reraise():
.venv\Lib\site-packages\sqlalchemy\util\langhelpers.py:146: in __exit__
    raise exc_value.with_traceback(exc_tb)
.venv\Lib\site-packages\sqlalchemy\pool\impl.py:177: in _do_get
    return self._create_connection()
.venv\Lib\site-packages\sqlalchemy\pool\base.py:390: in _create_connection
    return _ConnectionRecord(self)
.venv\Lib\site-packages\sqlalchemy\pool\base.py:674: in __init__
    self.__connect()
.venv\Lib\site-packages\sqlalchemy\pool\base.py:900: in __connect
    with util.safe_reraise():
.venv\Lib\site-packages\sqlalchemy\util\langhelpers.py:146: in __exit__
    raise exc_value.with_traceback(exc_tb)
.venv\Lib\site-packages\sqlalchemy\pool\base.py:896: in __connect
    self.dbapi_connection = connection = pool._invoke_creator(self)
.venv\Lib\site-packages\sqlalchemy\engine\create.py:643: in connect
    return dialect.connect(*cargs, **cparams)
.venv\Lib\site-packages\sqlalchemy\engine\default.py:621: in connect
    return self.loaded_dbapi.connect(*cargs, **cparams)
.venv\Lib\site-packages\psycopg2\__init__.py:135: in connect
    conn = _connect(dsn, connection_factory=connection_factory, **kwasync)
E   sqlalchemy.exc.OperationalError: (psycopg2.OperationalError) connection to server at "localhost" (::1), port 5432 failed: FATAL:  database "pulseboard_test" does not exist
E   
E   (Background on this error at: https://sqlalche.me/e/20/e3q8)
_ ERROR at setup of TestRealtimeEventEnvelope.test_publish_event_serializes_enums _
.venv\Lib\site-packages\sqlalchemy\engine\base.py:146: in __init__
    self._dbapi_connection = engine.raw_connection()
.venv\Lib\site-packages\sqlalchemy\engine\base.py:3302: in raw_connection
    return self.pool.connect()
.venv\Lib\site-packages\sqlalchemy\pool\base.py:449: in connect
    return _ConnectionFairy._checkout(self)
.venv\Lib\site-packages\sqlalchemy\pool\base.py:1263: in _checkout
    fairy = _ConnectionRecord.checkout(pool)
.venv\Lib\site-packages\sqlalchemy\pool\base.py:712: in checkout
    rec = pool._do_get()
.venv\Lib\site-packages\sqlalchemy\pool\impl.py:179: in _do_get
    with util.safe_reraise():
.venv\Lib\site-packages\sqlalchemy\util\langhelpers.py:146: in __exit__
    raise exc_value.with_traceback(exc_tb)
.venv\Lib\site-packages\sqlalchemy\pool\impl.py:177: in _do_get
    return self._create_connection()
.venv\Lib\site-packages\sqlalchemy\pool\base.py:390: in _create_connection
    return _ConnectionRecord(self)
.venv\Lib\site-packages\sqlalchemy\pool\base.py:674: in __init__
    self.__connect()
.venv\Lib\site-packages\sqlalchemy\pool\base.py:900: in __connect
    with util.safe_reraise():
.venv\Lib\site-packages\sqlalchemy\util\langhelpers.py:146: in __exit__
    raise exc_value.with_traceback(exc_tb)
.venv\Lib\site-packages\sqlalchemy\pool\base.py:896: in __connect
    self.dbapi_connection = connection = pool._invoke_creator(self)
.venv\Lib\site-packages\sqlalchemy\engine\create.py:643: in connect
    return dialect.connect(*cargs, **cparams)
.venv\Lib\site-packages\sqlalchemy\engine\default.py:621: in connect
    return self.loaded_dbapi.connect(*cargs, **cparams)
.venv\Lib\site-packages\psycopg2\__init__.py:135: in connect
    conn = _connect(dsn, connection_factory=connection_factory, **kwasync)
E   psycopg2.OperationalError: connection to server at "localhost" (::1), port 5432 failed: FATAL:  database "pulseboard_test" does not exist

The above exception was the direct cause of the following exception:
app\tests\conftest.py:49: in _create_schema
    Base.metadata.drop_all(bind=sync_engine)
.venv\Lib\site-packages\sqlalchemy\sql\schema.py:5896: in drop_all
    bind._run_ddl_visitor(
.venv\Lib\site-packages\sqlalchemy\engine\base.py:3252: in _run_ddl_visitor
    with self.begin() as conn:
..\..\..\..\AppData\Local\Programs\Python\Python313\Lib\contextlib.py:141: in __enter__
    return next(self.gen)
.venv\Lib\site-packages\sqlalchemy\engine\base.py:3242: in begin
    with self.connect() as conn:
.venv\Lib\site-packages\sqlalchemy\engine\base.py:3278: in connect
    return self._connection_cls(self)
.venv\Lib\site-packages\sqlalchemy\engine\base.py:148: in __init__
    Connection._handle_dbapi_exception_noconnection(
.venv\Lib\site-packages\sqlalchemy\engine\base.py:2442: in _handle_dbapi_exception_noconnection
    raise sqlalchemy_exception.with_traceback(exc_info[2]) from e
.venv\Lib\site-packages\sqlalchemy\engine\base.py:146: in __init__
    self._dbapi_connection = engine.raw_connection()
.venv\Lib\site-packages\sqlalchemy\engine\base.py:3302: in raw_connection
    return self.pool.connect()
.venv\Lib\site-packages\sqlalchemy\pool\base.py:449: in connect
    return _ConnectionFairy._checkout(self)
.venv\Lib\site-packages\sqlalchemy\pool\base.py:1263: in _checkout
    fairy = _ConnectionRecord.checkout(pool)
.venv\Lib\site-packages\sqlalchemy\pool\base.py:712: in checkout
    rec = pool._do_get()
.venv\Lib\site-packages\sqlalchemy\pool\impl.py:179: in _do_get
    with util.safe_reraise():
.venv\Lib\site-packages\sqlalchemy\util\langhelpers.py:146: in __exit__
    raise exc_value.with_traceback(exc_tb)
.venv\Lib\site-packages\sqlalchemy\pool\impl.py:177: in _do_get
    return self._create_connection()
.venv\Lib\site-packages\sqlalchemy\pool\base.py:390: in _create_connection
    return _ConnectionRecord(self)
.venv\Lib\site-packages\sqlalchemy\pool\base.py:674: in __init__
    self.__connect()
.venv\Lib\site-packages\sqlalchemy\pool\base.py:900: in __connect
    with util.safe_reraise():
.venv\Lib\site-packages\sqlalchemy\util\langhelpers.py:146: in __exit__
    raise exc_value.with_traceback(exc_tb)
.venv\Lib\site-packages\sqlalchemy\pool\base.py:896: in __connect
    self.dbapi_connection = connection = pool._invoke_creator(self)
.venv\Lib\site-packages\sqlalchemy\engine\create.py:643: in connect
    return dialect.connect(*cargs, **cparams)
.venv\Lib\site-packages\sqlalchemy\engine\default.py:621: in connect
    return self.loaded_dbapi.connect(*cargs, **cparams)
.venv\Lib\site-packages\psycopg2\__init__.py:135: in connect
    conn = _connect(dsn, connection_factory=connection_factory, **kwasync)
E   sqlalchemy.exc.OperationalError: (psycopg2.OperationalError) connection to server at "localhost" (::1), port 5432 failed: FATAL:  database "pulseboard_test" does not exist
E   
E   (Background on this error at: https://sqlalche.me/e/20/e3q8)
_ ERROR at setup of TestRealtimeEventEnvelope.test_all_required_event_types_exist _
.venv\Lib\site-packages\sqlalchemy\engine\base.py:146: in __init__
    self._dbapi_connection = engine.raw_connection()
.venv\Lib\site-packages\sqlalchemy\engine\base.py:3302: in raw_connection
    return self.pool.connect()
.venv\Lib\site-packages\sqlalchemy\pool\base.py:449: in connect
    return _ConnectionFairy._checkout(self)
.venv\Lib\site-packages\sqlalchemy\pool\base.py:1263: in _checkout
    fairy = _ConnectionRecord.checkout(pool)
.venv\Lib\site-packages\sqlalchemy\pool\base.py:712: in checkout
    rec = pool._do_get()
.venv\Lib\site-packages\sqlalchemy\pool\impl.py:179: in _do_get
    with util.safe_reraise():
.venv\Lib\site-packages\sqlalchemy\util\langhelpers.py:146: in __exit__
    raise exc_value.with_traceback(exc_tb)
.venv\Lib\site-packages\sqlalchemy\pool\impl.py:177: in _do_get
    return self._create_connection()
.venv\Lib\site-packages\sqlalchemy\pool\base.py:390: in _create_connection
    return _ConnectionRecord(self)
.venv\Lib\site-packages\sqlalchemy\pool\base.py:674: in __init__
    self.__connect()
.venv\Lib\site-packages\sqlalchemy\pool\base.py:900: in __connect
    with util.safe_reraise():
.venv\Lib\site-packages\sqlalchemy\util\langhelpers.py:146: in __exit__
    raise exc_value.with_traceback(exc_tb)
.venv\Lib\site-packages\sqlalchemy\pool\base.py:896: in __connect
    self.dbapi_connection = connection = pool._invoke_creator(self)
.venv\Lib\site-packages\sqlalchemy\engine\create.py:643: in connect
    return dialect.connect(*cargs, **cparams)
.venv\Lib\site-packages\sqlalchemy\engine\default.py:621: in connect
    return self.loaded_dbapi.connect(*cargs, **cparams)
.venv\Lib\site-packages\psycopg2\__init__.py:135: in connect
    conn = _connect(dsn, connection_factory=connection_factory, **kwasync)
E   psycopg2.OperationalError: connection to server at "localhost" (::1), port 5432 failed: FATAL:  database "pulseboard_test" does not exist

The above exception was the direct cause of the following exception:
app\tests\conftest.py:49: in _create_schema
    Base.metadata.drop_all(bind=sync_engine)
.venv\Lib\site-packages\sqlalchemy\sql\schema.py:5896: in drop_all
    bind._run_ddl_visitor(
.venv\Lib\site-packages\sqlalchemy\engine\base.py:3252: in _run_ddl_visitor
    with self.begin() as conn:
..\..\..\..\AppData\Local\Programs\Python\Python313\Lib\contextlib.py:141: in __enter__
    return next(self.gen)
.venv\Lib\site-packages\sqlalchemy\engine\base.py:3242: in begin
    with self.connect() as conn:
.venv\Lib\site-packages\sqlalchemy\engine\base.py:3278: in connect
    return self._connection_cls(self)
.venv\Lib\site-packages\sqlalchemy\engine\base.py:148: in __init__
    Connection._handle_dbapi_exception_noconnection(
.venv\Lib\site-packages\sqlalchemy\engine\base.py:2442: in _handle_dbapi_exception_noconnection
    raise sqlalchemy_exception.with_traceback(exc_info[2]) from e
.venv\Lib\site-packages\sqlalchemy\engine\base.py:146: in __init__
    self._dbapi_connection = engine.raw_connection()
.venv\Lib\site-packages\sqlalchemy\engine\base.py:3302: in raw_connection
    return self.pool.connect()
.venv\Lib\site-packages\sqlalchemy\pool\base.py:449: in connect
    return _ConnectionFairy._checkout(self)
.venv\Lib\site-packages\sqlalchemy\pool\base.py:1263: in _checkout
    fairy = _ConnectionRecord.checkout(pool)
.venv\Lib\site-packages\sqlalchemy\pool\base.py:712: in checkout
    rec = pool._do_get()
.venv\Lib\site-packages\sqlalchemy\pool\impl.py:179: in _do_get
    with util.safe_reraise():
.venv\Lib\site-packages\sqlalchemy\util\langhelpers.py:146: in __exit__
    raise exc_value.with_traceback(exc_tb)
.venv\Lib\site-packages\sqlalchemy\pool\impl.py:177: in _do_get
    return self._create_connection()
.venv\Lib\site-packages\sqlalchemy\pool\base.py:390: in _create_connection
    return _ConnectionRecord(self)
.venv\Lib\site-packages\sqlalchemy\pool\base.py:674: in __init__
    self.__connect()
.venv\Lib\site-packages\sqlalchemy\pool\base.py:900: in __connect
    with util.safe_reraise():
.venv\Lib\site-packages\sqlalchemy\util\langhelpers.py:146: in __exit__
    raise exc_value.with_traceback(exc_tb)
.venv\Lib\site-packages\sqlalchemy\pool\base.py:896: in __connect
    self.dbapi_connection = connection = pool._invoke_creator(self)
.venv\Lib\site-packages\sqlalchemy\engine\create.py:643: in connect
    return dialect.connect(*cargs, **cparams)
.venv\Lib\site-packages\sqlalchemy\engine\default.py:621: in connect
    return self.loaded_dbapi.connect(*cargs, **cparams)
.venv\Lib\site-packages\psycopg2\__init__.py:135: in connect
    conn = _connect(dsn, connection_factory=connection_factory, **kwasync)
E   sqlalchemy.exc.OperationalError: (psycopg2.OperationalError) connection to server at "localhost" (::1), port 5432 failed: FATAL:  database "pulseboard_test" does not exist
E   
E   (Background on this error at: https://sqlalche.me/e/20/e3q8)
_ ERROR at setup of TestWebSocketIntegration.test_connect_and_disconnect_cleanly _
.venv\Lib\site-packages\sqlalchemy\engine\base.py:146: in __init__
    self._dbapi_connection = engine.raw_connection()
.venv\Lib\site-packages\sqlalchemy\engine\base.py:3302: in raw_connection
    return self.pool.connect()
.venv\Lib\site-packages\sqlalchemy\pool\base.py:449: in connect
    return _ConnectionFairy._checkout(self)
.venv\Lib\site-packages\sqlalchemy\pool\base.py:1263: in _checkout
    fairy = _ConnectionRecord.checkout(pool)
.venv\Lib\site-packages\sqlalchemy\pool\base.py:712: in checkout
    rec = pool._do_get()
.venv\Lib\site-packages\sqlalchemy\pool\impl.py:179: in _do_get
    with util.safe_reraise():
.venv\Lib\site-packages\sqlalchemy\util\langhelpers.py:146: in __exit__
    raise exc_value.with_traceback(exc_tb)
.venv\Lib\site-packages\sqlalchemy\pool\impl.py:177: in _do_get
    return self._create_connection()
.venv\Lib\site-packages\sqlalchemy\pool\base.py:390: in _create_connection
    return _ConnectionRecord(self)
.venv\Lib\site-packages\sqlalchemy\pool\base.py:674: in __init__
    self.__connect()
.venv\Lib\site-packages\sqlalchemy\pool\base.py:900: in __connect
    with util.safe_reraise():
.venv\Lib\site-packages\sqlalchemy\util\langhelpers.py:146: in __exit__
    raise exc_value.with_traceback(exc_tb)
.venv\Lib\site-packages\sqlalchemy\pool\base.py:896: in __connect
    self.dbapi_connection = connection = pool._invoke_creator(self)
.venv\Lib\site-packages\sqlalchemy\engine\create.py:643: in connect
    return dialect.connect(*cargs, **cparams)
.venv\Lib\site-packages\sqlalchemy\engine\default.py:621: in connect
    return self.loaded_dbapi.connect(*cargs, **cparams)
.venv\Lib\site-packages\psycopg2\__init__.py:135: in connect
    conn = _connect(dsn, connection_factory=connection_factory, **kwasync)
E   psycopg2.OperationalError: connection to server at "localhost" (::1), port 5432 failed: FATAL:  database "pulseboard_test" does not exist

The above exception was the direct cause of the following exception:
app\tests\conftest.py:49: in _create_schema
    Base.metadata.drop_all(bind=sync_engine)
.venv\Lib\site-packages\sqlalchemy\sql\schema.py:5896: in drop_all
    bind._run_ddl_visitor(
.venv\Lib\site-packages\sqlalchemy\engine\base.py:3252: in _run_ddl_visitor
    with self.begin() as conn:
..\..\..\..\AppData\Local\Programs\Python\Python313\Lib\contextlib.py:141: in __enter__
    return next(self.gen)
.venv\Lib\site-packages\sqlalchemy\engine\base.py:3242: in begin
    with self.connect() as conn:
.venv\Lib\site-packages\sqlalchemy\engine\base.py:3278: in connect
    return self._connection_cls(self)
.venv\Lib\site-packages\sqlalchemy\engine\base.py:148: in __init__
    Connection._handle_dbapi_exception_noconnection(
.venv\Lib\site-packages\sqlalchemy\engine\base.py:2442: in _handle_dbapi_exception_noconnection
    raise sqlalchemy_exception.with_traceback(exc_info[2]) from e
.venv\Lib\site-packages\sqlalchemy\engine\base.py:146: in __init__
    self._dbapi_connection = engine.raw_connection()
.venv\Lib\site-packages\sqlalchemy\engine\base.py:3302: in raw_connection
    return self.pool.connect()
.venv\Lib\site-packages\sqlalchemy\pool\base.py:449: in connect
    return _ConnectionFairy._checkout(self)
.venv\Lib\site-packages\sqlalchemy\pool\base.py:1263: in _checkout
    fairy = _ConnectionRecord.checkout(pool)
.venv\Lib\site-packages\sqlalchemy\pool\base.py:712: in checkout
    rec = pool._do_get()
.venv\Lib\site-packages\sqlalchemy\pool\impl.py:179: in _do_get
    with util.safe_reraise():
.venv\Lib\site-packages\sqlalchemy\util\langhelpers.py:146: in __exit__
    raise exc_value.with_traceback(exc_tb)
.venv\Lib\site-packages\sqlalchemy\pool\impl.py:177: in _do_get
    return self._create_connection()
.venv\Lib\site-packages\sqlalchemy\pool\base.py:390: in _create_connection
    return _ConnectionRecord(self)
.venv\Lib\site-packages\sqlalchemy\pool\base.py:674: in __init__
    self.__connect()
.venv\Lib\site-packages\sqlalchemy\pool\base.py:900: in __connect
    with util.safe_reraise():
.venv\Lib\site-packages\sqlalchemy\util\langhelpers.py:146: in __exit__
    raise exc_value.with_traceback(exc_tb)
.venv\Lib\site-packages\sqlalchemy\pool\base.py:896: in __connect
    self.dbapi_connection = connection = pool._invoke_creator(self)
.venv\Lib\site-packages\sqlalchemy\engine\create.py:643: in connect
    return dialect.connect(*cargs, **cparams)
.venv\Lib\site-packages\sqlalchemy\engine\default.py:621: in connect
    return self.loaded_dbapi.connect(*cargs, **cparams)
.venv\Lib\site-packages\psycopg2\__init__.py:135: in connect
    conn = _connect(dsn, connection_factory=connection_factory, **kwasync)
E   sqlalchemy.exc.OperationalError: (psycopg2.OperationalError) connection to server at "localhost" (::1), port 5432 failed: FATAL:  database "pulseboard_test" does not exist
E   
E   (Background on this error at: https://sqlalche.me/e/20/e3q8)
_ ERROR at setup of TestWebSocketIntegration.test_receives_a_real_redis_published_event _
.venv\Lib\site-packages\sqlalchemy\engine\base.py:146: in __init__
    self._dbapi_connection = engine.raw_connection()
.venv\Lib\site-packages\sqlalchemy\engine\base.py:3302: in raw_connection
    return self.pool.connect()
.venv\Lib\site-packages\sqlalchemy\pool\base.py:449: in connect
    return _ConnectionFairy._checkout(self)
.venv\Lib\site-packages\sqlalchemy\pool\base.py:1263: in _checkout
    fairy = _ConnectionRecord.checkout(pool)
.venv\Lib\site-packages\sqlalchemy\pool\base.py:712: in checkout
    rec = pool._do_get()
.venv\Lib\site-packages\sqlalchemy\pool\impl.py:179: in _do_get
    with util.safe_reraise():
.venv\Lib\site-packages\sqlalchemy\util\langhelpers.py:146: in __exit__
    raise exc_value.with_traceback(exc_tb)
.venv\Lib\site-packages\sqlalchemy\pool\impl.py:177: in _do_get
    return self._create_connection()
.venv\Lib\site-packages\sqlalchemy\pool\base.py:390: in _create_connection
    return _ConnectionRecord(self)
.venv\Lib\site-packages\sqlalchemy\pool\base.py:674: in __init__
    self.__connect()
.venv\Lib\site-packages\sqlalchemy\pool\base.py:900: in __connect
    with util.safe_reraise():
.venv\Lib\site-packages\sqlalchemy\util\langhelpers.py:146: in __exit__
    raise exc_value.with_traceback(exc_tb)
.venv\Lib\site-packages\sqlalchemy\pool\base.py:896: in __connect
    self.dbapi_connection = connection = pool._invoke_creator(self)
.venv\Lib\site-packages\sqlalchemy\engine\create.py:643: in connect
    return dialect.connect(*cargs, **cparams)
.venv\Lib\site-packages\sqlalchemy\engine\default.py:621: in connect
    return self.loaded_dbapi.connect(*cargs, **cparams)
.venv\Lib\site-packages\psycopg2\__init__.py:135: in connect
    conn = _connect(dsn, connection_factory=connection_factory, **kwasync)
E   psycopg2.OperationalError: connection to server at "localhost" (::1), port 5432 failed: FATAL:  database "pulseboard_test" does not exist

The above exception was the direct cause of the following exception:
app\tests\conftest.py:49: in _create_schema
    Base.metadata.drop_all(bind=sync_engine)
.venv\Lib\site-packages\sqlalchemy\sql\schema.py:5896: in drop_all
    bind._run_ddl_visitor(
.venv\Lib\site-packages\sqlalchemy\engine\base.py:3252: in _run_ddl_visitor
    with self.begin() as conn:
..\..\..\..\AppData\Local\Programs\Python\Python313\Lib\contextlib.py:141: in __enter__
    return next(self.gen)
.venv\Lib\site-packages\sqlalchemy\engine\base.py:3242: in begin
    with self.connect() as conn:
.venv\Lib\site-packages\sqlalchemy\engine\base.py:3278: in connect
    return self._connection_cls(self)
.venv\Lib\site-packages\sqlalchemy\engine\base.py:148: in __init__
    Connection._handle_dbapi_exception_noconnection(
.venv\Lib\site-packages\sqlalchemy\engine\base.py:2442: in _handle_dbapi_exception_noconnection
    raise sqlalchemy_exception.with_traceback(exc_info[2]) from e
.venv\Lib\site-packages\sqlalchemy\engine\base.py:146: in __init__
    self._dbapi_connection = engine.raw_connection()
.venv\Lib\site-packages\sqlalchemy\engine\base.py:3302: in raw_connection
    return self.pool.connect()
.venv\Lib\site-packages\sqlalchemy\pool\base.py:449: in connect
    return _ConnectionFairy._checkout(self)
.venv\Lib\site-packages\sqlalchemy\pool\base.py:1263: in _checkout
    fairy = _ConnectionRecord.checkout(pool)
.venv\Lib\site-packages\sqlalchemy\pool\base.py:712: in checkout
    rec = pool._do_get()
.venv\Lib\site-packages\sqlalchemy\pool\impl.py:179: in _do_get
    with util.safe_reraise():
.venv\Lib\site-packages\sqlalchemy\util\langhelpers.py:146: in __exit__
    raise exc_value.with_traceback(exc_tb)
.venv\Lib\site-packages\sqlalchemy\pool\impl.py:177: in _do_get
    return self._create_connection()
.venv\Lib\site-packages\sqlalchemy\pool\base.py:390: in _create_connection
    return _ConnectionRecord(self)
.venv\Lib\site-packages\sqlalchemy\pool\base.py:674: in __init__
    self.__connect()
.venv\Lib\site-packages\sqlalchemy\pool\base.py:900: in __connect
    with util.safe_reraise():
.venv\Lib\site-packages\sqlalchemy\util\langhelpers.py:146: in __exit__
    raise exc_value.with_traceback(exc_tb)
.venv\Lib\site-packages\sqlalchemy\pool\base.py:896: in __connect
    self.dbapi_connection = connection = pool._invoke_creator(self)
.venv\Lib\site-packages\sqlalchemy\engine\create.py:643: in connect
    return dialect.connect(*cargs, **cparams)
.venv\Lib\site-packages\sqlalchemy\engine\default.py:621: in connect
    return self.loaded_dbapi.connect(*cargs, **cparams)
.venv\Lib\site-packages\psycopg2\__init__.py:135: in connect
    conn = _connect(dsn, connection_factory=connection_factory, **kwasync)
E   sqlalchemy.exc.OperationalError: (psycopg2.OperationalError) connection to server at "localhost" (::1), port 5432 failed: FATAL:  database "pulseboard_test" does not exist
E   
E   (Background on this error at: https://sqlalche.me/e/20/e3q8)
_ ERROR at setup of TestWebSocketIntegration.test_two_simultaneous_clients_both_receive_the_broadcast _
.venv\Lib\site-packages\sqlalchemy\engine\base.py:146: in __init__
    self._dbapi_connection = engine.raw_connection()
.venv\Lib\site-packages\sqlalchemy\engine\base.py:3302: in raw_connection
    return self.pool.connect()
.venv\Lib\site-packages\sqlalchemy\pool\base.py:449: in connect
    return _ConnectionFairy._checkout(self)
.venv\Lib\site-packages\sqlalchemy\pool\base.py:1263: in _checkout
    fairy = _ConnectionRecord.checkout(pool)
.venv\Lib\site-packages\sqlalchemy\pool\base.py:712: in checkout
    rec = pool._do_get()
.venv\Lib\site-packages\sqlalchemy\pool\impl.py:179: in _do_get
    with util.safe_reraise():
.venv\Lib\site-packages\sqlalchemy\util\langhelpers.py:146: in __exit__
    raise exc_value.with_traceback(exc_tb)
.venv\Lib\site-packages\sqlalchemy\pool\impl.py:177: in _do_get
    return self._create_connection()
.venv\Lib\site-packages\sqlalchemy\pool\base.py:390: in _create_connection
    return _ConnectionRecord(self)
.venv\Lib\site-packages\sqlalchemy\pool\base.py:674: in __init__
    self.__connect()
.venv\Lib\site-packages\sqlalchemy\pool\base.py:900: in __connect
    with util.safe_reraise():
.venv\Lib\site-packages\sqlalchemy\util\langhelpers.py:146: in __exit__
    raise exc_value.with_traceback(exc_tb)
.venv\Lib\site-packages\sqlalchemy\pool\base.py:896: in __connect
    self.dbapi_connection = connection = pool._invoke_creator(self)
.venv\Lib\site-packages\sqlalchemy\engine\create.py:643: in connect
    return dialect.connect(*cargs, **cparams)
.venv\Lib\site-packages\sqlalchemy\engine\default.py:621: in connect
    return self.loaded_dbapi.connect(*cargs, **cparams)
.venv\Lib\site-packages\psycopg2\__init__.py:135: in connect
    conn = _connect(dsn, connection_factory=connection_factory, **kwasync)
E   psycopg2.OperationalError: connection to server at "localhost" (::1), port 5432 failed: FATAL:  database "pulseboard_test" does not exist

The above exception was the direct cause of the following exception:
app\tests\conftest.py:49: in _create_schema
    Base.metadata.drop_all(bind=sync_engine)
.venv\Lib\site-packages\sqlalchemy\sql\schema.py:5896: in drop_all
    bind._run_ddl_visitor(
.venv\Lib\site-packages\sqlalchemy\engine\base.py:3252: in _run_ddl_visitor
    with self.begin() as conn:
..\..\..\..\AppData\Local\Programs\Python\Python313\Lib\contextlib.py:141: in __enter__
    return next(self.gen)
.venv\Lib\site-packages\sqlalchemy\engine\base.py:3242: in begin
    with self.connect() as conn:
.venv\Lib\site-packages\sqlalchemy\engine\base.py:3278: in connect
    return self._connection_cls(self)
.venv\Lib\site-packages\sqlalchemy\engine\base.py:148: in __init__
    Connection._handle_dbapi_exception_noconnection(
.venv\Lib\site-packages\sqlalchemy\engine\base.py:2442: in _handle_dbapi_exception_noconnection
    raise sqlalchemy_exception.with_traceback(exc_info[2]) from e
.venv\Lib\site-packages\sqlalchemy\engine\base.py:146: in __init__
    self._dbapi_connection = engine.raw_connection()
.venv\Lib\site-packages\sqlalchemy\engine\base.py:3302: in raw_connection
    return self.pool.connect()
.venv\Lib\site-packages\sqlalchemy\pool\base.py:449: in connect
    return _ConnectionFairy._checkout(self)
.venv\Lib\site-packages\sqlalchemy\pool\base.py:1263: in _checkout
    fairy = _ConnectionRecord.checkout(pool)
.venv\Lib\site-packages\sqlalchemy\pool\base.py:712: in checkout
    rec = pool._do_get()
.venv\Lib\site-packages\sqlalchemy\pool\impl.py:179: in _do_get
    with util.safe_reraise():
.venv\Lib\site-packages\sqlalchemy\util\langhelpers.py:146: in __exit__
    raise exc_value.with_traceback(exc_tb)
.venv\Lib\site-packages\sqlalchemy\pool\impl.py:177: in _do_get
    return self._create_connection()
.venv\Lib\site-packages\sqlalchemy\pool\base.py:390: in _create_connection
    return _ConnectionRecord(self)
.venv\Lib\site-packages\sqlalchemy\pool\base.py:674: in __init__
    self.__connect()
.venv\Lib\site-packages\sqlalchemy\pool\base.py:900: in __connect
    with util.safe_reraise():
.venv\Lib\site-packages\sqlalchemy\util\langhelpers.py:146: in __exit__
    raise exc_value.with_traceback(exc_tb)
.venv\Lib\site-packages\sqlalchemy\pool\base.py:896: in __connect
    self.dbapi_connection = connection = pool._invoke_creator(self)
.venv\Lib\site-packages\sqlalchemy\engine\create.py:643: in connect
    return dialect.connect(*cargs, **cparams)
.venv\Lib\site-packages\sqlalchemy\engine\default.py:621: in connect
    return self.loaded_dbapi.connect(*cargs, **cparams)
.venv\Lib\site-packages\psycopg2\__init__.py:135: in connect
    conn = _connect(dsn, connection_factory=connection_factory, **kwasync)
E   sqlalchemy.exc.OperationalError: (psycopg2.OperationalError) connection to server at "localhost" (::1), port 5432 failed: FATAL:  database "pulseboard_test" does not exist
E   
E   (Background on this error at: https://sqlalche.me/e/20/e3q8)
============================== warnings summary ===============================
.venv\Lib\site-packages\pydantic\_internal\_config.py:295
.venv\Lib\site-packages\pydantic\_internal\_config.py:295
  C:\Users\Neevetha N\Downloads\pulseboard-redesigned\pulseboard\backend\.venv\Lib\site-packages\pydantic\_internal\_config.py:295: PydanticDeprecatedSince20: Support for class-based `config` is deprecated, use ConfigDict instead. Deprecated in Pydantic V2.0 to be removed in V3.0. See Pydantic V2 Migration Guide at https://errors.pydantic.dev/2.10/migration/
    warnings.warn(DEPRECATION_MESSAGE, DeprecationWarning)

.venv\Lib\site-packages\starlette\testclient.py:40
  C:\Users\Neevetha N\Downloads\pulseboard-redesigned\pulseboard\backend\.venv\Lib\site-packages\starlette\testclient.py:40: DeprecationWarning: The anyio.abc.BlockingPortal alias is deprecated, use anyio.from_thread.BlockingPortal instead.
    _PortalFactoryType = typing.Callable[[], typing.ContextManager[anyio.abc.BlockingPortal]]

-- Docs: https://docs.pytest.org/en/stable/how-to/capture-warnings.html
=========================== short test summary info ===========================
ERROR app/tests/test_auth.py::TestRegistration::test_first_registered_user_becomes_admin
ERROR app/tests/test_auth.py::TestRegistration::test_second_registered_user_is_viewer
ERROR app/tests/test_auth.py::TestRegistration::test_duplicate_email_is_rejected
ERROR app/tests/test_auth.py::TestRegistration::test_password_is_never_stored_in_plaintext
ERROR app/tests/test_auth.py::TestRegistration::test_weak_password_rejected_by_schema
ERROR app/tests/test_auth.py::TestLoginAndMe::test_login_with_correct_credentials_returns_tokens
ERROR app/tests/test_auth.py::TestLoginAndMe::test_login_with_wrong_password_fails
ERROR app/tests/test_auth.py::TestLoginAndMe::test_login_with_unknown_email_fails_same_as_wrong_password
ERROR app/tests/test_auth.py::TestLoginAndMe::test_me_without_token_is_401 - ...
ERROR app/tests/test_auth.py::TestLoginAndMe::test_me_with_garbage_token_is_401
ERROR app/tests/test_auth.py::TestLoginAndMe::test_me_with_valid_token_returns_current_user
ERROR app/tests/test_auth.py::TestRefreshTokens::test_refresh_returns_new_token_pair
ERROR app/tests/test_auth.py::TestRefreshTokens::test_new_access_token_from_refresh_works_on_protected_route
ERROR app/tests/test_auth.py::TestRefreshTokens::test_reusing_a_rotated_refresh_token_fails
ERROR app/tests/test_auth.py::TestRefreshTokens::test_reuse_detection_revokes_the_newly_issued_token_too
ERROR app/tests/test_auth.py::TestRefreshTokens::test_unknown_refresh_token_fails
ERROR app/tests/test_auth.py::TestLogout::test_logout_revokes_the_refresh_token
ERROR app/tests/test_auth.py::TestLogout::test_logout_is_idempotent_for_unknown_tokens
ERROR app/tests/test_auth.py::TestLogout::test_logout_does_not_invalidate_the_still_live_access_token
ERROR app/tests/test_auth.py::TestRequireAdminDependency::test_admin_user_passes_through
ERROR app/tests/test_auth.py::TestRequireAdminDependency::test_viewer_user_is_rejected
ERROR app/tests/test_csv_safety.py::TestFormulaPrefixesAreNeutered::test_dangerous_prefix_gets_neutralized[=cmd|' /C calc'!A0]
ERROR app/tests/test_csv_safety.py::TestFormulaPrefixesAreNeutered::test_dangerous_prefix_gets_neutralized[=HYPERLINK("http://evil.example/", "click me")]
ERROR app/tests/test_csv_safety.py::TestFormulaPrefixesAreNeutered::test_dangerous_prefix_gets_neutralized[+1+1]
ERROR app/tests/test_csv_safety.py::TestFormulaPrefixesAreNeutered::test_dangerous_prefix_gets_neutralized[-2+3]
ERROR app/tests/test_csv_safety.py::TestFormulaPrefixesAreNeutered::test_dangerous_prefix_gets_neutralized[@SUM(1+9)]
ERROR app/tests/test_csv_safety.py::TestFormulaPrefixesAreNeutered::test_dangerous_prefix_gets_neutralized[\t=1+1]
ERROR app/tests/test_csv_safety.py::TestFormulaPrefixesAreNeutered::test_dangerous_prefix_gets_neutralized[\r=1+1]
ERROR app/tests/test_csv_safety.py::TestBenignValuesAreUnchanged::test_leading_dash_is_still_escaped_but_content_preserved[api-gateway]
ERROR app/tests/test_csv_safety.py::TestBenignValuesAreUnchanged::test_leading_dash_is_still_escaped_but_content_preserved[Payments Service]
ERROR app/tests/test_csv_safety.py::TestBenignValuesAreUnchanged::test_leading_dash_is_still_escaped_but_content_preserved[-5% error budget]
ERROR app/tests/test_csv_safety.py::TestBenignValuesAreUnchanged::test_leading_dash_is_still_escaped_but_content_preserved[user@example.com]
ERROR app/tests/test_csv_safety.py::TestBenignValuesAreUnchanged::test_leading_dash_is_still_escaped_but_content_preserved[]
ERROR app/tests/test_csv_safety.py::TestNonStringInput::test_none_becomes_empty_string
ERROR app/tests/test_csv_safety.py::TestNonStringInput::test_integer_is_stringified
ERROR app/tests/test_csv_safety.py::TestNonStringInput::test_negative_number_is_stringified_and_escaped
ERROR app/tests/test_email_templates.py::TestIncidentEmail::test_created_event_mentions_title_and_severity
ERROR app/tests/test_email_templates.py::TestIncidentEmail::test_severity_changed_event_shows_both_severities
ERROR app/tests/test_email_templates.py::TestIncidentEmail::test_resolved_event_has_resolved_subject
ERROR app/tests/test_email_templates.py::TestIncidentEmail::test_every_incident_email_includes_an_unsubscribe_link
ERROR app/tests/test_email_templates.py::TestServiceEmail::test_service_down_subject
ERROR app/tests/test_email_templates.py::TestServiceEmail::test_service_recovered_subject
ERROR app/tests/test_propagation_engine.py::TestAnalyzePropagation::test_single_platform_cannot_establish_a_path
ERROR app/tests/test_propagation_engine.py::TestAnalyzePropagation::test_no_platforms_cannot_establish_a_path
ERROR app/tests/test_propagation_engine.py::TestAnalyzePropagation::test_orders_platforms_by_first_seen_ascending
ERROR app/tests/test_propagation_engine.py::TestAnalyzePropagation::test_growth_since_entry_calculated_correctly
ERROR app/tests/test_propagation_engine.py::TestAnalyzePropagation::test_zero_first_hour_mentions_does_not_divide_by_zero
ERROR app/tests/test_rate_limit.py::TestClientKeyProxyTrust::test_xff_ignored_when_not_trusted
ERROR app/tests/test_rate_limit.py::TestClientKeyProxyTrust::test_xff_used_when_trusted
ERROR app/tests/test_rate_limit.py::TestClientKeyProxyTrust::test_client_cannot_spoof_a_fresh_bucket_per_request_by_default
ERROR app/tests/test_rate_limit.py::TestCheckRateLimit::test_allows_up_to_the_limit
ERROR app/tests/test_rate_limit.py::TestCheckRateLimit::test_rejects_over_the_limit
ERROR app/tests/test_rate_limit.py::TestCheckRateLimit::test_different_keys_have_independent_buckets
ERROR app/tests/test_rate_limit.py::TestCheckRateLimit::test_fails_open_on_redis_error
ERROR app/tests/test_risk_engine.py::TestLevelForScore::test_bands - sqlalche...
ERROR app/tests/test_risk_engine.py::TestAssessRisk::test_no_signal_scores_near_zero
ERROR app/tests/test_risk_engine.py::TestAssessRisk::test_full_crisis_scores_critical
ERROR app/tests/test_risk_engine.py::TestAssessRisk::test_score_never_exceeds_100
ERROR app/tests/test_risk_engine.py::TestAssessRisk::test_drivers_are_explainable_and_capped
ERROR app/tests/test_risk_engine.py::TestAssessRisk::test_max_points_sum_to_100
ERROR app/tests/test_risk_engine.py::TestAssessRisk::test_drivers_sorted_descending_by_points
ERROR app/tests/test_risk_engine.py::TestAssessRisk::test_zero_drivers_omitted_from_list
ERROR app/tests/test_security_headers.py::TestSecurityHeaders::test_content_type_options_present
ERROR app/tests/test_security_headers.py::TestSecurityHeaders::test_frame_options_present
ERROR app/tests/test_security_headers.py::TestSecurityHeaders::test_referrer_policy_present
ERROR app/tests/test_security_headers.py::TestSecurityHeaders::test_permissions_policy_present
ERROR app/tests/test_security_headers.py::TestSecurityHeaders::test_content_security_policy_present
ERROR app/tests/test_security_headers.py::TestSecurityHeaders::test_hsts_absent_outside_production
ERROR app/tests/test_security_headers.py::TestSecurityHeaders::test_hsts_present_in_production
ERROR app/tests/test_security_headers.py::TestSecurityHeaders::test_headers_present_on_error_responses_too
ERROR app/tests/test_sentiment_engine.py::TestScoreText::test_clearly_positive_text
ERROR app/tests/test_sentiment_engine.py::TestScoreText::test_clearly_negative_text
ERROR app/tests/test_sentiment_engine.py::TestScoreText::test_neutral_text - ...
ERROR app/tests/test_sentiment_engine.py::TestScoreText::test_empty_text_is_neutral_not_an_error
ERROR app/tests/test_sentiment_engine.py::TestScoreText::test_none_text_is_neutral_not_an_error
ERROR app/tests/test_sentiment_engine.py::TestAggregateSentiment::test_empty_list_returns_zeros
ERROR app/tests/test_sentiment_engine.py::TestAggregateSentiment::test_percentages_sum_to_100
ERROR app/tests/test_sentiment_engine.py::TestAggregateSentiment::test_all_positive
ERROR app/tests/test_sentiment_engine.py::TestDetectShift::test_no_shift_when_stable
ERROR app/tests/test_sentiment_engine.py::TestDetectShift::test_shift_detected_on_large_drop
ERROR app/tests/test_sentiment_engine.py::TestDetectShift::test_single_snapshot_cannot_detect_a_shift
ERROR app/tests/test_sentiment_engine.py::TestDetectShift::test_rising_sentiment_is_not_a_shift
ERROR app/tests/test_ssrf.py::TestLiteralIPBlocking::test_blocked_ip_literals[http://127.0.0.1/]
ERROR app/tests/test_ssrf.py::TestLiteralIPBlocking::test_blocked_ip_literals[http://127.0.0.1:8080/admin]
ERROR app/tests/test_ssrf.py::TestLiteralIPBlocking::test_blocked_ip_literals[http://[::1]/]
ERROR app/tests/test_ssrf.py::TestLiteralIPBlocking::test_blocked_ip_literals[http://10.0.0.1/]
ERROR app/tests/test_ssrf.py::TestLiteralIPBlocking::test_blocked_ip_literals[http://10.255.255.255/]
ERROR app/tests/test_ssrf.py::TestLiteralIPBlocking::test_blocked_ip_literals[http://172.16.0.1/]
ERROR app/tests/test_ssrf.py::TestLiteralIPBlocking::test_blocked_ip_literals[http://172.31.255.255/]
ERROR app/tests/test_ssrf.py::TestLiteralIPBlocking::test_blocked_ip_literals[http://192.168.0.1/]
ERROR app/tests/test_ssrf.py::TestLiteralIPBlocking::test_blocked_ip_literals[http://192.168.255.255/]
ERROR app/tests/test_ssrf.py::TestLiteralIPBlocking::test_blocked_ip_literals[http://169.254.169.254/]
ERROR app/tests/test_ssrf.py::TestLiteralIPBlocking::test_blocked_ip_literals[http://169.254.0.1/]
ERROR app/tests/test_ssrf.py::TestLiteralIPBlocking::test_blocked_ip_literals[http://100.100.100.200/]
ERROR app/tests/test_ssrf.py::TestLiteralIPBlocking::test_blocked_ip_literals[http://100.64.0.1/]
ERROR app/tests/test_ssrf.py::TestLiteralIPBlocking::test_blocked_ip_literals[http://0.0.0.0/]
ERROR app/tests/test_ssrf.py::TestLiteralIPBlocking::test_blocked_ip_literals[http://224.0.0.1/]
ERROR app/tests/test_ssrf.py::TestLiteralIPBlocking::test_blocked_ip_literals[http://[fe80::1]/]
ERROR app/tests/test_ssrf.py::TestLiteralIPBlocking::test_blocked_ip_literals[http://[fc00::1]/]
ERROR app/tests/test_ssrf.py::TestLiteralIPBlocking::test_blocked_ip_literals[http://[fd00:ec2::254]/]
ERROR app/tests/test_ssrf.py::TestLiteralIPBlocking::test_obfuscated_loopback_encodings_are_still_blocked[http://2130706433/]
ERROR app/tests/test_ssrf.py::TestLiteralIPBlocking::test_obfuscated_loopback_encodings_are_still_blocked[http://0x7f000001/]
ERROR app/tests/test_ssrf.py::TestLiteralIPBlocking::test_obfuscated_loopback_encodings_are_still_blocked[http://017700000001/]
ERROR app/tests/test_ssrf.py::TestLiteralIPBlocking::test_public_ip_literal_is_allowed
ERROR app/tests/test_ssrf.py::TestSchemeValidation::test_disallowed_schemes_rejected[ftp://8.8.8.8/]
ERROR app/tests/test_ssrf.py::TestSchemeValidation::test_disallowed_schemes_rejected[file:///etc/passwd]
ERROR app/tests/test_ssrf.py::TestSchemeValidation::test_disallowed_schemes_rejected[gopher://8.8.8.8/]
ERROR app/tests/test_ssrf.py::TestSchemeValidation::test_disallowed_schemes_rejected[dict://8.8.8.8/]
ERROR app/tests/test_ssrf.py::TestSchemeValidation::test_disallowed_schemes_rejected[javascript:alert(1)]
ERROR app/tests/test_ssrf.py::TestSchemeValidation::test_disallowed_schemes_rejected[8.8.8.8]
ERROR app/tests/test_ssrf.py::TestSchemeValidation::test_https_scheme_allowed
ERROR app/tests/test_ssrf.py::TestEmbeddedCredentials::test_url_with_embedded_credentials_rejected
ERROR app/tests/test_ssrf.py::TestMalformedURLs::test_missing_hostname_rejected[http:///no-host-at-all]
ERROR app/tests/test_ssrf.py::TestMalformedURLs::test_missing_hostname_rejected[http://]
ERROR app/tests/test_ssrf.py::TestMalformedURLs::test_missing_hostname_rejected[not-a-url-at-all]
ERROR app/tests/test_ssrf.py::TestHostnameResolutionMocked::test_hostname_resolving_to_private_ip_is_blocked
ERROR app/tests/test_ssrf.py::TestHostnameResolutionMocked::test_hostname_resolving_to_metadata_ip_is_blocked
ERROR app/tests/test_ssrf.py::TestHostnameResolutionMocked::test_hostname_resolving_to_public_ip_is_allowed
ERROR app/tests/test_ssrf.py::TestHostnameResolutionMocked::test_one_bad_ip_among_multiple_resolved_ips_blocks_the_whole_url
ERROR app/tests/test_ssrf.py::TestHostnameResolutionMocked::test_dns_resolution_failure_is_rejected_not_crashed
ERROR app/tests/test_ssrf.py::TestIPv4MappedIPv6::test_ipv4_mapped_loopback_is_blocked
ERROR app/tests/test_topic_service.py::TestExtractKeywords::test_strips_stopwords
ERROR app/tests/test_topic_service.py::TestExtractKeywords::test_empty_text_returns_empty_list
ERROR app/tests/test_topic_service.py::TestJaccardSimilarity::test_identical_sets_score_one
ERROR app/tests/test_topic_service.py::TestJaccardSimilarity::test_disjoint_sets_score_zero
ERROR app/tests/test_topic_service.py::TestJaccardSimilarity::test_empty_lists_score_zero_not_error
ERROR app/tests/test_topic_service.py::TestMatchOrNewTopic::test_similar_posts_cluster_together
ERROR app/tests/test_topic_service.py::TestMatchOrNewTopic::test_unrelated_post_does_not_match
ERROR app/tests/test_topic_service.py::TestMatchOrNewTopic::test_no_existing_topics_returns_none
ERROR app/tests/test_topic_service.py::TestMatchesBrand::test_case_insensitive_substring_match
ERROR app/tests/test_topic_service.py::TestMatchesBrand::test_no_match - sqla...
ERROR app/tests/test_topic_service.py::TestMatchesBrand::test_empty_keywords_never_match
ERROR app/tests/test_topic_service.py::TestRelatedTopics::test_ranks_by_overlap_descending
ERROR app/tests/test_topic_service.py::TestRelatedTopics::test_zero_overlap_excluded
ERROR app/tests/test_topic_service.py::TestTopTerms::test_finds_most_common_terms_across_texts
ERROR app/tests/test_trend_engine.py::TestGrowthRate::test_zero_baseline_with_mentions_is_fresh_topic
ERROR app/tests/test_trend_engine.py::TestGrowthRate::test_zero_baseline_with_no_mentions_is_zero
ERROR app/tests/test_trend_engine.py::TestGrowthRate::test_standard_growth_calculation
ERROR app/tests/test_trend_engine.py::TestGrowthRate::test_decline_is_negative
ERROR app/tests/test_trend_engine.py::TestScoreTrend::test_flat_topic_scores_low
ERROR app/tests/test_trend_engine.py::TestScoreTrend::test_spiking_topic_scores_high
ERROR app/tests/test_trend_engine.py::TestScoreTrend::test_score_never_exceeds_100
ERROR app/tests/test_trend_engine.py::TestScoreTrend::test_score_never_negative
ERROR app/tests/test_trend_engine.py::TestScoreTrend::test_acceleration_reflects_growth_rate_delta
ERROR app/tests/test_trend_engine.py::TestScoreTrend::test_score_breakdown_sums_to_trend_score
ERROR app/tests/test_trend_engine.py::TestScoreTrend::test_higher_growth_always_scores_at_least_as_high
ERROR app/tests/test_websocket.py::TestConnectionManager::test_connect_accepts_and_tracks
ERROR app/tests/test_websocket.py::TestConnectionManager::test_disconnect_removes_connection
ERROR app/tests/test_websocket.py::TestConnectionManager::test_disconnecting_unknown_connection_does_not_raise
ERROR app/tests/test_websocket.py::TestConnectionManager::test_broadcast_reaches_every_connected_client
ERROR app/tests/test_websocket.py::TestConnectionManager::test_broadcast_sends_identical_message_to_all
ERROR app/tests/test_websocket.py::TestConnectionManager::test_dead_connection_is_dropped_without_affecting_others
ERROR app/tests/test_websocket.py::TestConnectionManager::test_broadcast_with_no_connections_does_not_raise
ERROR app/tests/test_websocket.py::TestRealtimeEventEnvelope::test_publish_event_builds_consistent_envelope
ERROR app/tests/test_websocket.py::TestRealtimeEventEnvelope::test_publish_event_serializes_uuids
ERROR app/tests/test_websocket.py::TestRealtimeEventEnvelope::test_publish_event_serializes_enums
ERROR app/tests/test_websocket.py::TestRealtimeEventEnvelope::test_all_required_event_types_exist
ERROR app/tests/test_websocket.py::TestWebSocketIntegration::test_connect_and_disconnect_cleanly
ERROR app/tests/test_websocket.py::TestWebSocketIntegration::test_receives_a_real_redis_published_event
ERROR app/tests/test_websocket.py::TestWebSocketIntegration::test_two_simultaneous_clients_both_receive_the_broadcast
================= 3 warnings, 160 errors in 205.43s (0:03:25) =================
